09-22 18:10:04.864  9291  9291 I chatty  : uid=10147(so.onekey.app.wallet.dev) identical 383 lines
09-22 18:10:04.864  9291  9291 I Detox   : Network is busy, with 2 in-flight calls
09-22 18:10:04.865  9291  9291 W UiControllerImpl: Waiting for: DYNAMIC_TASKS_HAVE_IDLED for 2700 iterations.
09-22 18:10:04.883  9291  9291 I Detox   : Network is busy, with 2 in-flight calls
09-22 18:10:05.933  9291  9291 I chatty  : uid=10147(so.onekey.app.wallet.dev) identical 446 lines
09-22 18:10:05.933  9291  9291 I Detox   : Network is busy, with 2 in-flight calls
09-22 18:10:05.947  9291  9291 I Detox   : Network is busy, with 2 in-flight calls
09-22 18:10:06.749  9291  9291 I chatty  : uid=10147(so.onekey.app.wallet.dev) identical 341 lines
09-22 18:10:06.749  9291  9291 I Detox   : Network is busy, with 2 in-flight calls
09-22 18:10:06.758  9291  9442 D DetoxWSClient: Received action 'currentStatus' (ID #3, params={})
09-22 18:10:06.758  9291  9441 I DetoxDispatcher: Handling action 'currentStatus' (ID #3)...
09-22 18:10:06.758  9291  9291 I Detox   : Network is busy, with 2 in-flight calls
09-22 18:10:06.760  9291  9441 I DetoxWSClient: Sending out action 'currentStatusResult' (ID #3)
09-22 18:10:06.760  9291  9441 I DetoxDispatcher: Done with action 'currentStatus'
09-22 18:10:06.763  9291  9291 I Detox   : Network is busy, with 2 in-flight calls
09-22 18:10:07.932  9291  9291 I chatty  : uid=10147(so.onekey.app.wallet.dev) identical 566 lines
09-22 18:10:07.932  9291  9291 I Detox   : Network is busy, with 2 in-flight calls
09-22 18:10:07.947  9291  9291 I Detox   : Network is busy, with 2 in-flight calls
09-22 18:10:07.980  9291  9291 I chatty  : uid=10147(so.onekey.app.wallet.dev) identical 23 lines
09-22 18:10:07.988  9291  9291 I Detox   : Network is busy, with 2 in-flight calls
09-22 18:10:07.988  9291  9291 W IdlingPolicy: These resources are not idle: [com.wix.detox.reactnative.idlingresources.NetworkIdlingResource]
09-22 18:10:07.998  9291  9291 I Detox   : Network is busy, with 2 in-flight calls
09-22 18:10:08.979  9291  9291 I chatty  : uid=10147(so.onekey.app.wallet.dev) identical 538 lines
09-22 18:10:08.979  9291  9291 I Detox   : Network is busy, with 2 in-flight calls
09-22 18:10:08.979  9291  9291 W UiControllerImpl: Waiting for: DYNAMIC_TASKS_HAVE_IDLED for 3200 iterations.
09-22 18:10:08.998  9291  9291 I Detox   : Network is busy, with 2 in-flight calls
09-22 18:10:09.950  9291  9291 I chatty  : uid=10147(so.onekey.app.wallet.dev) identical 520 lines
09-22 18:10:09.950  9291  9291 I Detox   : Network is busy, with 2 in-flight calls
09-22 18:10:09.963  9291  9291 I Detox   : Network is busy, with 2 in-flight calls
09-22 18:10:11.449  9291  9291 I chatty  : uid=10147(so.onekey.app.wallet.dev) identical 808 lines
09-22 18:10:11.449  9291  9291 I Detox   : Network is busy, with 2 in-flight calls
09-22 18:10:11.449  9291  9291 W UiControllerImpl: Waiting for: DYNAMIC_TASKS_HAVE_IDLED for 3500 iterations.
09-22 18:10:11.466  9291  9291 I Detox   : Network is busy, with 2 in-flight calls
09-22 18:10:11.965  9291  9291 I chatty  : uid=10147(so.onekey.app.wallet.dev) identical 277 lines
09-22 18:10:11.965  9291  9291 I Detox   : Network is busy, with 2 in-flight calls
09-22 18:10:11.981  9291  9291 I Detox   : Network is busy, with 2 in-flight calls
09-22 18:10:12.316  9291  9291 I chatty  : uid=10147(so.onekey.app.wallet.dev) identical 187 lines
09-22 18:10:12.316  9291  9291 I Detox   : Network is busy, with 2 in-flight calls
09-22 18:10:12.325  9291  9553 W .app.wallet.de: Accessing hidden method Lsun/misc/Unsafe;->getObject(Ljava/lang/Object;J)Ljava/lang/Object; (greylist, linking, allowed)
09-22 18:10:12.326  9291  9595 W .app.wallet.de: Accessing hidden method Lsun/misc/Unsafe;->getObject(Ljava/lang/Object;J)Ljava/lang/Object; (greylist, linking, allowed)
09-22 18:10:12.326  9291  9595 W .app.wallet.de: Accessing hidden method Lsun/misc/Unsafe;->putInt(Ljava/lang/Object;JI)V (greylist, linking, allowed)
09-22 18:10:12.327  9291  9595 W .app.wallet.de: Accessing hidden method Lsun/misc/Unsafe;->getObject(Ljava/lang/Object;J)Ljava/lang/Object; (greylist, linking, allowed)
09-22 18:10:12.330  9291  9291 I Detox   : Network is busy, with 2 in-flight calls
09-22 18:10:12.983  9291  9291 I chatty  : uid=10147(so.onekey.app.wallet.dev) identical 359 lines
09-22 18:10:12.990  9291  9291 I Detox   : Network is busy, with 2 in-flight calls
09-22 18:10:12.990  9291  9291 W IdlingPolicy: These resources are not idle: [com.wix.detox.reactnative.idlingresources.NetworkIdlingResource]
09-22 18:10:12.997  9291  9291 I Detox   : Network is busy, with 2 in-flight calls
09-22 18:10:13.963  9291  9291 I chatty  : uid=10147(so.onekey.app.wallet.dev) identical 588 lines
09-22 18:10:13.963  9291  9291 I Detox   : Network is busy, with 2 in-flight calls
09-22 18:10:13.980  9291  9291 I Detox   : Network is busy, with 2 in-flight calls
09-22 18:10:14.250  9291  9291 I chatty  : uid=10147(so.onekey.app.wallet.dev) identical 168 lines
09-22 18:10:14.250  9291  9291 I Detox   : Network is busy, with 2 in-flight calls
09-22 18:10:14.263  9291  9291 I Detox   : Network is busy, with 2 in-flight calls
09-22 18:10:14.263  9291  9291 I chatty  : uid=10147(so.onekey.app.wallet.dev) identical 8 lines
09-22 18:10:14.263  9291  9291 I Detox   : Network is busy, with 2 in-flight calls
09-22 18:10:14.279  9291  9291 I Detox   : Network is busy, with 2 in-flight calls
09-22 18:10:15.065  9291  9291 I chatty  : uid=10147(so.onekey.app.wallet.dev) identical 478 lines
09-22 18:10:15.065  9291  9291 I Detox   : Network is busy, with 2 in-flight calls
09-22 18:10:15.082  9291  9291 I Detox   : Network is busy, with 2 in-flight calls
09-22 18:10:15.280  9291  9291 I chatty  : uid=10147(so.onekey.app.wallet.dev) identical 128 lines
09-22 18:10:15.281  9291  9291 I Detox   : Network is busy, with 2 in-flight calls
09-22 18:10:15.296  9291  9291 I Detox   : Network is busy, with 2 in-flight calls
09-22 18:10:15.396  9291  9291 I chatty  : uid=10147(so.onekey.app.wallet.dev) identical 68 lines
09-22 18:10:15.396  9291  9291 I Detox   : Network is busy, with 2 in-flight calls
09-22 18:10:15.397  9291  9291 W UiControllerImpl: Waiting for: DYNAMIC_TASKS_HAVE_IDLED for 4000 iterations.
09-22 18:10:15.415  9291  9291 I Detox   : Network is busy, with 2 in-flight calls
09-22 18:10:15.981  9291  9291 I chatty  : uid=10147(so.onekey.app.wallet.dev) identical 348 lines
09-22 18:10:15.981  9291  9291 I Detox   : Network is busy, with 2 in-flight calls
09-22 18:10:15.996  9291  9291 I Detox   : Network is busy, with 2 in-flight calls
09-22 18:10:16.765  9291  9291 I chatty  : uid=10147(so.onekey.app.wallet.dev) identical 468 lines
09-22 18:10:16.765  9291  9291 I Detox   : Network is busy, with 2 in-flight calls
09-22 18:10:16.769  9291  9442 D DetoxWSClient: Received action 'currentStatus' (ID #4, params={})
09-22 18:10:16.769  9291  9441 I DetoxDispatcher: Handling action 'currentStatus' (ID #4)...
09-22 18:10:16.769  9291  9291 I Detox   : Network is busy, with 2 in-flight calls
09-22 18:10:16.771  9291  9441 I DetoxWSClient: Sending out action 'currentStatusResult' (ID #4)
09-22 18:10:16.772  9291  9441 I DetoxDispatcher: Done with action 'currentStatus'
09-22 18:10:16.781  9291  9291 I Detox   : Network is busy, with 2 in-flight calls
09-22 18:10:16.981  9291  9291 I chatty  : uid=10147(so.onekey.app.wallet.dev) identical 141 lines
09-22 18:10:16.981  9291  9291 I Detox   : Network is busy, with 2 in-flight calls
09-22 18:10:16.981  9291  9291 W UiControllerImpl: Waiting for: DYNAMIC_TASKS_HAVE_IDLED for 4200 iterations.
09-22 18:10:16.997  9291  9291 I Detox   : Network is busy, with 2 in-flight calls
09-22 18:10:17.033  9291  9291 I chatty  : uid=10147(so.onekey.app.wallet.dev) identical 31 lines
09-22 18:10:17.033  9291  9291 I Detox   : Network is busy, with 2 in-flight calls
09-22 18:10:17.039  9291  9530 W .app.wallet.de: Accessing hidden method Lsun/misc/Unsafe;->getObject(Ljava/lang/Object;J)Ljava/lang/Object; (greylist, linking, allowed)
09-22 18:10:17.039  9291  9595 W .app.wallet.de: Accessing hidden method Lsun/misc/Unsafe;->getObject(Ljava/lang/Object;J)Ljava/lang/Object; (greylist, linking, allowed)
09-22 18:10:17.039  9291  9595 W .app.wallet.de: Accessing hidden method Lsun/misc/Unsafe;->getObject(Ljava/lang/Object;J)Ljava/lang/Object; (greylist, linking, allowed)
09-22 18:10:17.046  9291  9291 I Detox   : Network is busy, with 2 in-flight calls
09-22 18:10:17.784  9291  9291 I chatty  : uid=10147(so.onekey.app.wallet.dev) identical 482 lines
09-22 18:10:17.784  9291  9291 I Detox   : Network is busy, with 2 in-flight calls
09-22 18:10:17.785  9291  9291 W UiControllerImpl: Waiting for: DYNAMIC_TASKS_HAVE_IDLED for 4300 iterations.
09-22 18:10:17.798  9291  9291 I Detox   : Network is busy, with 2 in-flight calls
09-22 18:10:17.985  9291  9291 I chatty  : uid=10147(so.onekey.app.wallet.dev) identical 131 lines
09-22 18:10:17.991  9291  9291 I Detox   : Network is busy, with 2 in-flight calls
09-22 18:10:17.991  9291  9291 W IdlingPolicy: These resources are not idle: [com.wix.detox.reactnative.idlingresources.NetworkIdlingResource]
09-22 18:10:17.996  9291  9291 I Detox   : Network is busy, with 2 in-flight calls
09-22 18:10:19.115  9291  9291 I chatty  : uid=10147(so.onekey.app.wallet.dev) identical 814 lines
09-22 18:10:19.115  9291  9291 I Detox   : Network is busy, with 2 in-flight calls
09-22 18:10:19.130  9291  9291 I Detox   : Network is busy, with 2 in-flight calls
09-22 18:10:19.414  9291  9291 I chatty  : uid=10147(so.onekey.app.wallet.dev) identical 214 lines
09-22 18:10:19.414  9291  9291 I Detox   : Network is busy, with 2 in-flight calls
09-22 18:10:19.414  9291  9291 W UiControllerImpl: Waiting for: DYNAMIC_TASKS_HAVE_IDLED for 4500 iterations.
09-22 18:10:19.431  9291  9291 I Detox   : Network is busy, with 2 in-flight calls
09-22 18:10:20.000  9291  9291 I chatty  : uid=10147(so.onekey.app.wallet.dev) identical 418 lines
09-22 18:10:20.000  9291  9291 I Detox   : Network is busy, with 2 in-flight calls
09-22 18:10:20.013  9291  9291 I Detox   : Network is busy, with 2 in-flight calls
09-22 18:10:21.047  9291  9291 I chatty  : uid=10147(so.onekey.app.wallet.dev) identical 754 lines
09-22 18:10:21.047  9291  9291 I Detox   : Network is busy, with 2 in-flight calls
09-22 18:10:21.047  9291  9291 W UiControllerImpl: Waiting for: DYNAMIC_TASKS_HAVE_IDLED for 4700 iterations.
09-22 18:10:21.063  9291  9291 I Detox   : Network is busy, with 2 in-flight calls
09-22 18:10:21.801  9291  9291 I chatty  : uid=10147(so.onekey.app.wallet.dev) identical 538 lines
09-22 18:10:21.801  9291  9291 I Detox   : Network is busy, with 2 in-flight calls
09-22 18:10:21.813  9291  9291 I Detox   : Network is busy, with 2 in-flight calls
09-22 18:10:21.997  9291  9291 I chatty  : uid=10147(so.onekey.app.wallet.dev) identical 142 lines
09-22 18:10:21.997  9291  9291 I Detox   : Network is busy, with 2 in-flight calls
09-22 18:10:22.013  9291  9291 I Detox   : Network is busy, with 2 in-flight calls
09-22 18:10:22.830  9291  9291 I chatty  : uid=10147(so.onekey.app.wallet.dev) identical 598 lines
09-22 18:10:22.830  9291  9291 I Detox   : Network is busy, with 2 in-flight calls
09-22 18:10:22.846  9291  9291 I Detox   : Network is busy, with 2 in-flight calls
09-22 18:10:22.981  9291  9291 I chatty  : uid=10147(so.onekey.app.wallet.dev) identical 107 lines
09-22 18:10:22.994  9291  9291 I Detox   : Network is busy, with 2 in-flight calls
09-22 18:10:22.994  9291  9291 W IdlingPolicy: These resources are not idle: [com.wix.detox.reactnative.idlingresources.NetworkIdlingResource]
09-22 18:10:22.996  9291  9291 I Detox   : Network is busy, with 2 in-flight calls
09-22 18:10:23.431  9291  9291 I chatty  : uid=10147(so.onekey.app.wallet.dev) identical 349 lines
09-22 18:10:23.431  9291  9291 I Detox   : Network is busy, with 2 in-flight calls
09-22 18:10:23.446  9291  9291 I Detox   : Network is busy, with 2 in-flight calls
09-22 18:10:24.015  9291  9291 I chatty  : uid=10147(so.onekey.app.wallet.dev) identical 453 lines
09-22 18:10:24.015  9291  9291 I Detox   : Network is busy, with 2 in-flight calls
09-22 18:10:24.030  9291  9291 I Detox   : Network is busy, with 2 in-flight calls
09-22 18:10:24.314  9291  9291 I chatty  : uid=10147(so.onekey.app.wallet.dev) identical 232 lines
09-22 18:10:24.314  9291  9291 I Detox   : Network is busy, with 2 in-flight calls
09-22 18:10:24.315  9291  9291 W UiControllerImpl: Waiting for: DYNAMIC_TASKS_HAVE_IDLED for 5100 iterations.
09-22 18:10:24.332  9291  9291 I Detox   : Network is busy, with 2 in-flight calls
09-22 18:10:24.547  9291  9291 I chatty  : uid=10147(so.onekey.app.wallet.dev) identical 180 lines
09-22 18:10:24.547  9291  9291 I Detox   : Network is busy, with 2 in-flight calls
09-22 18:10:24.563  9291  9291 I Detox   : Network is busy, with 2 in-flight calls
09-22 18:10:24.583  9291  9291 I chatty  : uid=10147(so.onekey.app.wallet.dev) identical 24 lines
09-22 18:10:24.583  9291  9291 I Detox   : Network is busy, with 2 in-flight calls
09-22 18:10:24.597  9291  9291 I Detox   : Network is busy, with 2 in-flight calls
09-22 18:10:24.950  9291  9291 I chatty  : uid=10147(so.onekey.app.wallet.dev) identical 284 lines
09-22 18:10:24.950  9291  9291 I Detox   : Network is busy, with 2 in-flight calls
09-22 18:10:24.966  9291  9291 I Detox   : Network is busy, with 2 in-flight calls
09-22 18:10:25.948  9291  9291 I chatty  : uid=10147(so.onekey.app.wallet.dev) identical 778 lines
09-22 18:10:25.948  9291  9291 I Detox   : Network is busy, with 2 in-flight calls
09-22 18:10:25.948  9291  9291 W UiControllerImpl: Waiting for: DYNAMIC_TASKS_HAVE_IDLED for 5300 iterations.
09-22 18:10:25.964  9291  9291 I Detox   : Network is busy, with 2 in-flight calls
09-22 18:10:26.033  9291  9291 I chatty  : uid=10147(so.onekey.app.wallet.dev) identical 63 lines
09-22 18:10:26.033  9291  9291 I Detox   : Network is busy, with 2 in-flight calls
09-22 18:10:26.047  9291  9291 I Detox   : Network is busy, with 2 in-flight calls
09-22 18:10:26.748  9291  9291 I chatty  : uid=10147(so.onekey.app.wallet.dev) identical 557 lines
09-22 18:10:26.748  9291  9291 I Detox   : Network is busy, with 2 in-flight calls
09-22 18:10:26.748  9291  9291 W UiControllerImpl: Waiting for: DYNAMIC_TASKS_HAVE_IDLED for 5400 iterations.
09-22 18:10:26.763  9291  9291 I Detox   : Network is busy, with 2 in-flight calls
09-22 18:10:26.780  9291  9291 I chatty  : uid=10147(so.onekey.app.wallet.dev) identical 24 lines
09-22 18:10:26.780  9291  9291 I Detox   : Network is busy, with 2 in-flight calls
09-22 18:10:26.781  9291  9442 D DetoxWSClient: Received action 'currentStatus' (ID #5, params={})
09-22 18:10:26.781  9291  9441 I DetoxDispatcher: Handling action 'currentStatus' (ID #5)...
09-22 18:10:26.781  9291  9291 I Detox   : Network is busy, with 2 in-flight calls
09-22 18:10:26.783  9291  9441 I DetoxWSClient: Sending out action 'currentStatusResult' (ID #5)
09-22 18:10:26.784  9291  9441 I DetoxDispatcher: Done with action 'currentStatus'
09-22 18:10:26.799  9291  9291 I Detox   : Network is busy, with 2 in-flight calls
09-22 18:10:27.531  9291  9291 I chatty  : uid=10147(so.onekey.app.wallet.dev) identical 628 lines
09-22 18:10:27.531  9291  9291 I Detox   : Network is busy, with 2 in-flight calls
09-22 18:10:27.531  9291  9291 W UiControllerImpl: Waiting for: DYNAMIC_TASKS_HAVE_IDLED for 5500 iterations.
09-22 18:10:27.548  9291  9291 I Detox   : Network is busy, with 2 in-flight calls
09-22 18:10:27.984  9291  9291 I chatty  : uid=10147(so.onekey.app.wallet.dev) identical 377 lines
09-22 18:10:27.997  9291  9291 I Detox   : Network is busy, with 2 in-flight calls
09-22 18:10:27.997  9291  9291 W IdlingPolicy: These resources are not idle: [com.wix.detox.reactnative.idlingresources.NetworkIdlingResource]
09-22 18:10:27.998  9291  9291 I Detox   : Network is busy, with 2 in-flight calls
09-22 18:10:28.047  9291  9291 I chatty  : uid=10147(so.onekey.app.wallet.dev) identical 58 lines
09-22 18:10:28.047  9291  9291 I Detox   : Network is busy, with 2 in-flight calls
09-22 18:10:28.063  9291  9291 I Detox   : Network is busy, with 2 in-flight calls
09-22 18:10:28.350  9291  9291 I chatty  : uid=10147(so.onekey.app.wallet.dev) identical 268 lines
09-22 18:10:28.350  9291  9291 I Detox   : Network is busy, with 2 in-flight calls
09-22 18:10:28.350  9291  9291 W UiControllerImpl: Waiting for: DYNAMIC_TASKS_HAVE_IDLED for 5600 iterations.
09-22 18:10:28.365  9291  9291 I Detox   : Network is busy, with 2 in-flight calls
09-22 18:10:29.983  9291  9291 I chatty  : uid=10147(so.onekey.app.wallet.dev) identical 1468 lines
09-22 18:10:29.983  9291  9291 I Detox   : Network is busy, with 2 in-flight calls
09-22 18:10:29.983  9291  9291 W UiControllerImpl: Waiting for: DYNAMIC_TASKS_HAVE_IDLED for 5800 iterations.
09-22 18:10:29.999  9291  9291 I Detox   : Network is busy, with 2 in-flight calls
09-22 18:10:30.049  9291  9291 I chatty  : uid=10147(so.onekey.app.wallet.dev) identical 59 lines
09-22 18:10:30.064  9291  9291 I Detox   : Network is busy, with 2 in-flight calls
09-22 18:10:30.064  9291  9291 I Detox   : Network is busy, with 2 in-flight calls
09-22 18:10:30.799  9291  9291 I chatty  : uid=10147(so.onekey.app.wallet.dev) identical 672 lines
09-22 18:10:30.799  9291  9291 I Detox   : Network is busy, with 2 in-flight calls
09-22 18:10:30.799  9291  9291 W UiControllerImpl: Waiting for: DYNAMIC_TASKS_HAVE_IDLED for 5900 iterations.
09-22 18:10:30.813  9291  9291 I Detox   : Network is busy, with 2 in-flight calls
09-22 18:10:32.066  9291  9291 I chatty  : uid=10147(so.onekey.app.wallet.dev) identical 1138 lines
09-22 18:10:32.066  9291  9291 I Detox   : Network is busy, with 2 in-flight calls
09-22 18:10:32.079  9291  9291 I Detox   : Network is busy, with 2 in-flight calls
09-22 18:10:32.430  9291  9291 I chatty  : uid=10147(so.onekey.app.wallet.dev) identical 328 lines
09-22 18:10:32.430  9291  9291 I Detox   : Network is busy, with 2 in-flight calls
09-22 18:10:32.431  9291  9291 W UiControllerImpl: Waiting for: DYNAMIC_TASKS_HAVE_IDLED for 6100 iterations.
09-22 18:10:32.447  9291  9291 I Detox   : Network is busy, with 2 in-flight calls
09-22 18:10:33.000  9291  9291 I chatty  : uid=10147(so.onekey.app.wallet.dev) identical 509 lines
09-22 18:10:33.000  9291  9291 I Detox   : Network is busy, with 2 in-flight calls
09-22 18:10:33.000  9291  9291 W IdlingPolicy: These resources are not idle: [com.wix.detox.reactnative.idlingresources.NetworkIdlingResource]
09-22 18:10:33.013  9291  9291 I Detox   : Network is busy, with 2 in-flight calls
09-22 18:10:33.230  9291  9291 I chatty  : uid=10147(so.onekey.app.wallet.dev) identical 222 lines
09-22 18:10:33.230  9291  9291 I Detox   : Network is busy, with 2 in-flight calls
09-22 18:10:33.230  9291  9291 W UiControllerImpl: Waiting for: DYNAMIC_TASKS_HAVE_IDLED for 6200 iterations.
09-22 18:10:33.246  9291  9291 I Detox   : Network is busy, with 2 in-flight calls
09-22 18:10:34.083  9291  9291 I chatty  : uid=10147(so.onekey.app.wallet.dev) identical 814 lines
09-22 18:10:34.083  9291  9291 I Detox   : Network is busy, with 2 in-flight calls
09-22 18:10:34.096  9291  9291 I Detox   : Network is busy, with 2 in-flight calls
09-22 18:10:35.698  9291  9291 I chatty  : uid=10147(so.onekey.app.wallet.dev) identical 1550 lines
09-22 18:10:35.698  9291  9291 I Detox   : Network is busy, with 2 in-flight calls
09-22 18:10:35.698  9291  9291 W UiControllerImpl: Waiting for: DYNAMIC_TASKS_HAVE_IDLED for 6500 iterations.
09-22 18:10:35.716  9291  9291 I Detox   : Network is busy, with 2 in-flight calls
09-22 18:10:36.096  9291  9291 I chatty  : uid=10147(so.onekey.app.wallet.dev) identical 382 lines
09-22 18:10:36.096  9291  9291 I Detox   : Network is busy, with 2 in-flight calls
09-22 18:10:36.113  9291  9291 I Detox   : Network is busy, with 2 in-flight calls
09-22 18:10:36.164  9291  9291 I chatty  : uid=10147(so.onekey.app.wallet.dev) identical 62 lines
09-22 18:10:36.164  9291  9291 I Detox   : Network is busy, with 2 in-flight calls
09-22 18:10:36.179  9291  9291 I Detox   : Network is busy, with 2 in-flight calls
09-22 18:10:36.782  9291  9291 I chatty  : uid=10147(so.onekey.app.wallet.dev) identical 590 lines
09-22 18:10:36.782  9291  9291 I Detox   : Network is busy, with 2 in-flight calls
09-22 18:10:36.791  9291  9442 D DetoxWSClient: Received action 'currentStatus' (ID #6, params={})
09-22 18:10:36.791  9291  9441 I DetoxDispatcher: Handling action 'currentStatus' (ID #6)...
09-22 18:10:36.792  9291  9291 I Detox   : Network is busy, with 2 in-flight calls
09-22 18:10:36.793  9291  9441 I DetoxWSClient: Sending out action 'currentStatusResult' (ID #6)
09-22 18:10:36.793  9291  9441 I DetoxDispatcher: Done with action 'currentStatus'
09-22 18:10:36.796  9291  9291 I Detox   : Network is busy, with 2 in-flight calls
09-22 18:10:37.281  9291  9291 I chatty  : uid=10147(so.onekey.app.wallet.dev) identical 508 lines
09-22 18:10:37.281  9291  9291 I Detox   : Network is busy, with 2 in-flight calls
09-22 18:10:37.281  9291  9291 W UiControllerImpl: Waiting for: DYNAMIC_TASKS_HAVE_IDLED for 6700 iterations.
09-22 18:10:37.299  9291  9291 I Detox   : Network is busy, with 2 in-flight calls
09-22 18:10:37.999  9291  9291 I chatty  : uid=10147(so.onekey.app.wallet.dev) identical 730 lines
09-22 18:10:38.002  9291  9291 I Detox   : Network is busy, with 2 in-flight calls
09-22 18:10:38.002  9291  9291 W IdlingPolicy: These resources are not idle: [com.wix.detox.reactnative.idlingresources.NetworkIdlingResource]
09-22 18:10:38.015  9291  9291 I Detox   : Network is busy, with 2 in-flight calls
09-22 18:10:38.098  9291  9291 I chatty  : uid=10147(so.onekey.app.wallet.dev) identical 106 lines
09-22 18:10:38.098  9291  9291 I Detox   : Network is busy, with 2 in-flight calls
09-22 18:10:38.098  9291  9291 W UiControllerImpl: Waiting for: DYNAMIC_TASKS_HAVE_IDLED for 6800 iterations.
09-22 18:10:38.113  9291  9291 I Detox   : Network is busy, with 2 in-flight calls
09-22 18:10:38.914  9291  9291 I chatty  : uid=10147(so.onekey.app.wallet.dev) identical 880 lines
09-22 18:10:38.914  9291  9291 I Detox   : Network is busy, with 2 in-flight calls
09-22 18:10:38.914  9291  9291 W UiControllerImpl: Waiting for: DYNAMIC_TASKS_HAVE_IDLED for 6900 iterations.
09-22 18:10:38.931  9291  9291 I Detox   : Network is busy, with 2 in-flight calls
09-22 18:10:39.181  9291  9291 I chatty  : uid=10147(so.onekey.app.wallet.dev) identical 286 lines
09-22 18:10:39.181  9291  9291 I Detox   : Network is busy, with 2 in-flight calls
09-22 18:10:39.196  9291  9291 I Detox   : Network is busy, with 2 in-flight calls
09-22 18:10:40.117  9291  9291 I chatty  : uid=10147(so.onekey.app.wallet.dev) identical 1006 lines
09-22 18:10:40.117  9291  9291 I Detox   : Network is busy, with 2 in-flight calls
09-22 18:10:40.130  9291  9291 I Detox   : Network is busy, with 2 in-flight calls
09-22 18:10:40.547  9291  9291 I chatty  : uid=10147(so.onekey.app.wallet.dev) identical 466 lines
09-22 18:10:40.547  9291  9291 I Detox   : Network is busy, with 2 in-flight calls
09-22 18:10:40.548  9291  9291 W UiControllerImpl: Waiting for: DYNAMIC_TASKS_HAVE_IDLED for 7100 iterations.
09-22 18:10:40.565  9291  9291 I Detox   : Network is busy, with 2 in-flight calls
09-22 18:10:42.117  9291  9291 I chatty  : uid=10147(so.onekey.app.wallet.dev) identical 1691 lines
09-22 18:10:42.129  9291  9291 I Detox   : Network is busy, with 2 in-flight calls
09-22 18:10:42.130  9291  9291 I Detox   : Network is busy, with 2 in-flight calls
09-22 18:10:42.147  9291  9291 I chatty  : uid=10147(so.onekey.app.wallet.dev) identical 33 lines
09-22 18:10:42.147  9291  9291 I Detox   : Network is busy, with 2 in-flight calls
09-22 18:10:42.147  9291  9291 W UiControllerImpl: Waiting for: DYNAMIC_TASKS_HAVE_IDLED for 7300 iterations.
09-22 18:10:42.163  9291  9291 I Detox   : Network is busy, with 2 in-flight calls
09-22 18:10:42.297  9291  9291 I chatty  : uid=10147(so.onekey.app.wallet.dev) identical 160 lines
09-22 18:10:42.297  9291  9291 I Detox   : Network is busy, with 2 in-flight calls
09-22 18:10:42.313  9291  9291 I Detox   : Network is busy, with 2 in-flight calls
09-22 18:10:42.331  9291  9291 I chatty  : uid=10147(so.onekey.app.wallet.dev) identical 34 lines
09-22 18:10:42.331  9291  9291 I Detox   : Network is busy, with 2 in-flight calls
09-22 18:10:42.332  9291  9553 W .app.wallet.de: Accessing hidden method Lsun/misc/Unsafe;->getObject(Ljava/lang/Object;J)Ljava/lang/Object; (greylist, linking, allowed)
09-22 18:10:42.333  9291  9641 W .app.wallet.de: Accessing hidden method Lsun/misc/Unsafe;->getObject(Ljava/lang/Object;J)Ljava/lang/Object; (greylist, linking, allowed)
09-22 18:10:42.333  9291  9641 W .app.wallet.de: Accessing hidden method Lsun/misc/Unsafe;->getObject(Ljava/lang/Object;J)Ljava/lang/Object; (greylist, linking, allowed)
09-22 18:10:42.347  9291  9291 I Detox   : Network is busy, with 2 in-flight calls
09-22 18:10:42.984  9291  9291 I chatty  : uid=10147(so.onekey.app.wallet.dev) identical 701 lines
09-22 18:10:42.984  9291  9291 I Detox   : Network is busy, with 2 in-flight calls
09-22 18:10:42.986  9291  9291 I Detox   : Wait is over: App is now idle!
--------- beginning of crash
09-22 18:10:42.990  9291  9439 E AndroidRuntime: FATAL EXCEPTION: detox.primary
09-22 18:10:42.990  9291  9439 E AndroidRuntime: Process: so.onekey.app.wallet.dev, PID: 9291
09-22 18:10:42.990  9291  9439 E AndroidRuntime: java.lang.RuntimeException: java.util.concurrent.ExecutionException: androidx.test.espresso.IdlingResourceTimeoutException: Wait for [com.wix.detox.reactnative.idlingresources.NetworkIdlingResource] to become idle timed out
09-22 18:10:42.990  9291  9439 E AndroidRuntime: 	at androidx.test.espresso.Espresso.onIdle(Espresso.java:15)
09-22 18:10:42.990  9291  9439 E AndroidRuntime: 	at com.wix.detox.TestEngineFacade.awaitIdle(TestEngineFacade.kt:12)
09-22 18:10:42.990  9291  9439 E AndroidRuntime: 	at com.wix.detox.adapters.server.ReadyActionHandler.handle(DetoxActionHandlers.kt:25)
09-22 18:10:42.990  9291  9439 E AndroidRuntime: 	at com.wix.detox.adapters.server.ActionsExecutor.executeAction$lambda-2$lambda-1(DetoxActionsDispatcher.kt:64)
09-22 18:10:42.990  9291  9439 E AndroidRuntime: 	at com.wix.detox.adapters.server.ActionsExecutor.$r8$lambda$nk3cF8ntnfFqbJOcVqd04vjb5nY(Unknown Source:0)
09-22 18:10:42.990  9291  9439 E AndroidRuntime: 	at com.wix.detox.adapters.server.ActionsExecutor$$ExternalSyntheticLambda0.run(Unknown Source:8)
09-22 18:10:42.990  9291  9439 E AndroidRuntime: 	at android.os.Handler.handleCallback(Handler.java:883)
09-22 18:10:42.990  9291  9439 E AndroidRuntime: 	at android.os.Handler.dispatchMessage(Handler.java:100)
09-22 18:10:42.990  9291  9439 E AndroidRuntime: 	at android.os.Looper.loop(Looper.java:214)
09-22 18:10:42.990  9291  9439 E AndroidRuntime: 	at com.wix.detox.adapters.server.ActionsExecutor._init_$lambda-0(DetoxActionsDispatcher.kt:50)
09-22 18:10:42.990  9291  9439 E AndroidRuntime: 	at com.wix.detox.adapters.server.ActionsExecutor.$r8$lambda$Hi5vyewqQiQqk57AkJy_cHqNGKY(Unknown Source:0)
09-22 18:10:42.990  9291  9439 E AndroidRuntime: 	at com.wix.detox.adapters.server.ActionsExecutor$$ExternalSyntheticLambda1.run(Unknown Source:4)
09-22 18:10:42.990  9291  9439 E AndroidRuntime: 	at java.lang.Thread.run(Thread.java:919)
09-22 18:10:42.990  9291  9439 E AndroidRuntime: Caused by: java.util.concurrent.ExecutionException: androidx.test.espresso.IdlingResourceTimeoutException: Wait for [com.wix.detox.reactnative.idlingresources.NetworkIdlingResource] to become idle timed out
09-22 18:10:42.990  9291  9439 E AndroidRuntime: 	at java.util.concurrent.FutureTask.report(FutureTask.java:123)
09-22 18:10:42.990  9291  9439 E AndroidRuntime: 	at java.util.concurrent.FutureTask.get(FutureTask.java:193)
09-22 18:10:42.990  9291  9439 E AndroidRuntime: 	at androidx.test.espresso.Espresso.onIdle(Espresso.java:10)
09-22 18:10:42.990  9291  9439 E AndroidRuntime: 	... 12 more
09-22 18:10:42.990  9291  9439 E AndroidRuntime: Caused by: androidx.test.espresso.IdlingResourceTimeoutException: Wait for [com.wix.detox.reactnative.idlingresources.NetworkIdlingResource] to become idle timed out
09-22 18:10:42.990  9291  9439 E AndroidRuntime: 	at androidx.test.espresso.IdlingPolicy.handleTimeout(IdlingPolicy.java:4)
09-22 18:10:42.990  9291  9439 E AndroidRuntime: 	at androidx.test.espresso.base.UiControllerImpl$5.resourcesHaveTimedOut(UiControllerImpl.java:1)
09-22 18:10:42.990  9291  9439 E AndroidRuntime: 	at androidx.test.espresso.base.IdlingResourceRegistry$Dispatcher.handleTimeout(IdlingResourceRegistry.java:4)
09-22 18:10:42.990  9291  9439 E AndroidRuntime: 	at androidx.test.espresso.base.IdlingResourceRegistry$Dispatcher.handleMessage(IdlingResourceRegistry.java:6)
09-22 18:10:42.990  9291  9439 E AndroidRuntime: 	at android.os.Handler.dispatchMessage(Handler.java:103)
09-22 18:10:42.990  9291  9439 E AndroidRuntime: 	at androidx.test.espresso.base.Interrogator.loopAndInterrogate(Interrogator.java:14)
09-22 18:10:42.990  9291  9439 E AndroidRuntime: 	at androidx.test.espresso.base.UiControllerImpl.loopUntil(UiControllerImpl.java:8)
09-22 18:10:42.990  9291  9439 E AndroidRuntime: 	at androidx.test.espresso.base.UiControllerImpl.loopMainThreadUntilIdle(UiControllerImpl.java:17)
09-22 18:10:42.990  9291  9439 E AndroidRuntime: 	at androidx.test.espresso.Espresso$1.run(Espresso.java:1)
09-22 18:10:42.990  9291  9439 E AndroidRuntime: 	at java.util.concurrent.Executors$RunnableAdapter.call(Executors.java:462)
09-22 18:10:42.990  9291  9439 E AndroidRuntime: 	at java.util.concurrent.FutureTask.run(FutureTask.java:266)
09-22 18:10:42.990  9291  9439 E AndroidRuntime: 	at android.os.Handler.handleCallback(Handler.java:883)
09-22 18:10:42.990  9291  9439 E AndroidRuntime: 	at android.os.Handler.dispatchMessage(Handler.java:100)
09-22 18:10:42.990  9291  9439 E AndroidRuntime: 	at android.os.Looper.loop(Looper.java:214)
09-22 18:10:42.990  9291  9439 E AndroidRuntime: 	at android.app.ActivityThread.main(ActivityThread.java:7356)
09-22 18:10:42.990  9291  9439 E AndroidRuntime: 	at java.lang.reflect.Method.invoke(Native Method)
09-22 18:10:42.990  9291  9439 E AndroidRuntime: 	at com.android.internal.os.RuntimeInit$MethodAndArgsCaller.run(RuntimeInit.java:492)
09-22 18:10:42.990  9291  9439 E AndroidRuntime: 	at com.android.internal.os.ZygoteInit.main(ZygoteInit.java:930)
09-22 18:10:42.994  9291  9642 E JIGUANG-JCore: [ReportUtils] wrap data failed
09-22 18:10:42.996  9291  9291 I Detox   : Network is busy, with 2 in-flight calls
09-22 18:10:44.134  9291  9291 I chatty  : uid=10147(so.onekey.app.wallet.dev) identical 1309 lines
09-22 18:10:44.134  9291  9291 I Detox   : Network is busy, with 2 in-flight calls
09-22 18:10:44.147  9291  9291 I Detox   : Network is busy, with 2 in-flight calls
09-22 18:10:44.981  9291  9291 I chatty  : uid=10147(so.onekey.app.wallet.dev) identical 967 lines
09-22 18:10:44.981  9291  9291 I Detox   : Network is busy, with 2 in-flight calls
09-22 18:10:44.995  9291  9439 E DetoxCrashHandler: Crash detected!!! thread=detox.primary (625)
09-22 18:10:44.995  9291  9439 E DetoxCrashHandler: java.lang.RuntimeException: java.util.concurrent.ExecutionException: androidx.test.espresso.IdlingResourceTimeoutException: Wait for [com.wix.detox.reactnative.idlingresources.NetworkIdlingResource] to become idle timed out
09-22 18:10:44.995  9291  9439 E DetoxCrashHandler: 	at androidx.test.espresso.Espresso.onIdle(Espresso.java:15)
09-22 18:10:44.995  9291  9439 E DetoxCrashHandler: 	at com.wix.detox.TestEngineFacade.awaitIdle(TestEngineFacade.kt:12)
09-22 18:10:44.995  9291  9439 E DetoxCrashHandler: 	at com.wix.detox.adapters.server.ReadyActionHandler.handle(DetoxActionHandlers.kt:25)
09-22 18:10:44.995  9291  9439 E DetoxCrashHandler: 	at com.wix.detox.adapters.server.ActionsExecutor.executeAction$lambda-2$lambda-1(DetoxActionsDispatcher.kt:64)
09-22 18:10:44.995  9291  9439 E DetoxCrashHandler: 	at com.wix.detox.adapters.server.ActionsExecutor.$r8$lambda$nk3cF8ntnfFqbJOcVqd04vjb5nY(Unknown Source:0)
09-22 18:10:44.995  9291  9439 E DetoxCrashHandler: 	at com.wix.detox.adapters.server.ActionsExecutor$$ExternalSyntheticLambda0.run(Unknown Source:8)
09-22 18:10:44.995  9291  9439 E DetoxCrashHandler: 	at android.os.Handler.handleCallback(Handler.java:883)
09-22 18:10:44.995  9291  9439 E DetoxCrashHandler: 	at android.os.Handler.dispatchMessage(Handler.java:100)
09-22 18:10:44.995  9291  9439 E DetoxCrashHandler: 	at android.os.Looper.loop(Looper.java:214)
09-22 18:10:44.995  9291  9439 E DetoxCrashHandler: 	at com.wix.detox.adapters.server.ActionsExecutor._init_$lambda-0(DetoxActionsDispatcher.kt:50)
09-22 18:10:44.995  9291  9439 E DetoxCrashHandler: 	at com.wix.detox.adapters.server.ActionsExecutor.$r8$lambda$Hi5vyewqQiQqk57AkJy_cHqNGKY(Unknown Source:0)
09-22 18:10:44.995  9291  9439 E DetoxCrashHandler: 	at com.wix.detox.adapters.server.ActionsExecutor$$ExternalSyntheticLambda1.run(Unknown Source:4)
09-22 18:10:44.995  9291  9439 E DetoxCrashHandler: 	at java.lang.Thread.run(Thread.java:919)
09-22 18:10:44.995  9291  9439 E DetoxCrashHandler: Caused by: java.util.concurrent.ExecutionException: androidx.test.espresso.IdlingResourceTimeoutException: Wait for [com.wix.detox.reactnative.idlingresources.NetworkIdlingResource] to become idle timed out
09-22 18:10:44.995  9291  9439 E DetoxCrashHandler: 	at java.util.concurrent.FutureTask.report(FutureTask.java:123)
09-22 18:10:44.995  9291  9439 E DetoxCrashHandler: 	at java.util.concurrent.FutureTask.get(FutureTask.java:193)
09-22 18:10:44.995  9291  9439 E DetoxCrashHandler: 	at androidx.test.espresso.Espresso.onIdle(Espresso.java:10)
09-22 18:10:44.995  9291  9439 E DetoxCrashHandler: 	... 12 more
09-22 18:10:44.995  9291  9439 E DetoxCrashHandler: Caused by: androidx.test.espresso.IdlingResourceTimeoutException: Wait for [com.wix.detox.reactnative.idlingresources.NetworkIdlingResource] to become idle timed out
09-22 18:10:44.995  9291  9439 E DetoxCrashHandler: 	at androidx.test.espresso.IdlingPolicy.handleTimeout(IdlingPolicy.java:4)
09-22 18:10:44.995  9291  9439 E DetoxCrashHandler: 	at androidx.test.espresso.base.UiControllerImpl$5.resourcesHaveTimedOut(UiControllerImpl.java:1)
09-22 18:10:44.995  9291  9439 E DetoxCrashHandler: 	at androidx.test.espresso.base.IdlingResourceRegistry$Dispatcher.handleTimeout(IdlingResourceRegistry.java:4)
09-22 18:10:44.995  9291  9439 E DetoxCrashHandler: 	at androidx.test.espresso.base.IdlingResourceRegistry$Dispatcher.handleMessage(IdlingResourceRegistry.java:6)
09-22 18:10:44.995  9291  9439 E DetoxCrashHandler: 	at android.os.Handler.dispatchMessage(Handler.java:103)
09-22 18:10:44.995  9291  9439 E DetoxCrashHandler: 	at androidx.test.espresso.base.Interrogator.loopAndInterrogate(Interrogator.java:14)
09-22 18:10:44.995  9291  9439 E DetoxCrashHandler: 	at androidx.test.espresso.base.UiControllerImpl.loopUntil(UiControllerImpl.java:8)
09-22 18:10:44.995  9291  9439 E DetoxCrashHandler: 	at androidx.test.espresso.base.UiControllerImpl.loopMainThreadUntilIdle(UiControllerImpl.java:17)
09-22 18:10:44.995  9291  9439 E DetoxCrashHandler: 	at androidx.test.espresso.Espresso$1.run(Espresso.java:1)
09-22 18:10:44.995  9291  9439 E DetoxCrashHandler: 	at java.util.concurrent.Executors$RunnableAdapter.call(Executors.java:462)
09-22 18:10:44.995  9291  9439 E DetoxCrashHandler: 	at java.util.concurrent.FutureTask.run(FutureTask.java:266)
09-22 18:10:44.995  9291  9439 E DetoxCrashHandler: 	at android.os.Handler.handleCallback(Handler.java:883)
09-22 18:10:44.995  9291  9439 E DetoxCrashHandler: 	at android.os.Handler.dispatchMessage(Handler.java:100)
09-22 18:10:44.995  9291  9439 E DetoxCrashHandler: 	at android.os.Looper.loop(Looper.java:214)
09-22 18:10:44.995  9291  9439 E DetoxCrashHandler: 	at android.app.ActivityThread.main(ActivityThread.java:7356)
09-22 18:10:44.995  9291  9439 E DetoxCrashHandler: 	at java.lang.reflect.Method.invoke(Native Method)
09-22 18:10:44.995  9291  9439 E DetoxCrashHandler: 	at com.android.internal.os.RuntimeInit$MethodAndArgsCaller.run(RuntimeInit.java:492)
09-22 18:10:44.995  9291  9439 E DetoxCrashHandler: 	at com.android.internal.os.ZygoteInit.main(ZygoteInit.java:930)
09-22 18:10:44.996  9291  9439 I DetoxWSClient: Sending out action 'AppWillTerminateWithError' (ID #-10000)
09-22 18:10:44.997  9291  9291 I Detox   : Network is busy, with 2 in-flight calls
09-22 18:10:45.931  9291  9291 I chatty  : uid=10147(so.onekey.app.wallet.dev) identical 1081 lines
09-22 18:10:45.931  9291  9291 I Detox   : Network is busy, with 2 in-flight calls
09-22 18:10:45.944  9291  9535 W .app.wallet.de: Accessing hidden method Lsun/misc/Unsafe;->getObject(Ljava/lang/Object;J)Ljava/lang/Object; (greylist, linking, allowed)
09-22 18:10:45.945  9291  9641 W .app.wallet.de: Accessing hidden method Lsun/misc/Unsafe;->getObject(Ljava/lang/Object;J)Ljava/lang/Object; (greylist, linking, allowed)
09-22 18:10:45.945  9291  9641 W .app.wallet.de: Accessing hidden method Lsun/misc/Unsafe;->getObject(Ljava/lang/Object;J)Ljava/lang/Object; (greylist, linking, allowed)
09-22 18:10:45.946  9291  9291 I Detox   : Network is busy, with 2 in-flight calls
09-22 18:10:46.131  9291  9291 I chatty  : uid=10147(so.onekey.app.wallet.dev) identical 226 lines
09-22 18:10:46.131  9291  9291 I Detox   : Network is busy, with 2 in-flight calls
09-22 18:10:46.148  9291  9291 I Detox   : Network is busy, with 2 in-flight calls
09-22 18:10:47.048  9291  9291 I chatty  : uid=10147(so.onekey.app.wallet.dev) identical 1043 lines
09-22 18:10:47.048  9291  9291 I Detox   : Network is busy, with 2 in-flight calls
09-22 18:10:47.052  9291  9530 W .app.wallet.de: Accessing hidden method Lsun/misc/Unsafe;->getObject(Ljava/lang/Object;J)Ljava/lang/Object; (greylist, linking, allowed)
09-22 18:10:47.052  9291  9641 W .app.wallet.de: Accessing hidden method Lsun/misc/Unsafe;->getObject(Ljava/lang/Object;J)Ljava/lang/Object; (greylist, linking, allowed)
09-22 18:10:47.053  9291  9641 W .app.wallet.de: Accessing hidden method Lsun/misc/Unsafe;->getObject(Ljava/lang/Object;J)Ljava/lang/Object; (greylist, linking, allowed)
09-22 18:10:47.063  9291  9291 I Detox   : Network is busy, with 2 in-flight calls
09-22 18:10:48.149  9291  9291 I chatty  : uid=10147(so.onekey.app.wallet.dev) identical 1252 lines
09-22 18:10:48.149  9291  9291 I Detox   : Network is busy, with 2 in-flight calls
09-22 18:10:48.163  9291  9291 I Detox   : Network is busy, with 2 in-flight calls
09-22 18:10:50.047  9291  9291 I chatty  : uid=10147(so.onekey.app.wallet.dev) .app.wallet.dev identical 2164 lines
09-22 18:10:50.047  9291  9291 I Detox   : Network is busy, with 2 in-flight calls
