09-22 18:09:40.428  9291  9450 W ReactNativeJS: The following conflicting packages were found:
09-22 18:09:40.428  9291  9450 W ReactNativeJS: 	10.8.1	@polkadot/rpc-core
09-22 18:09:40.428  9291  9450 W ReactNativeJS: 	10.8.1	@polkadot/types-known
09-22 18:09:40.428  9291  9450 W ReactNativeJS: @polkadot/rpc-augment requires direct dependencies exactly matching version 10.8.1.
09-22 18:09:40.428  9291  9450 W ReactNativeJS: Either remove and explicitly install matching versions or dedupe using your package manager.
09-22 18:09:40.428  9291  9450 W ReactNativeJS: The following conflicting packages were found:
09-22 18:09:40.428  9291  9450 W ReactNativeJS: 	10.7.1	@polkadot/types
09-22 18:09:40.452  9291  9450 W ReactNativeJS: @polkadot/rpc-core requires direct dependencies exactly matching version 10.8.1.
09-22 18:09:40.452  9291  9450 W ReactNativeJS: Either remove and explicitly install matching versions or dedupe using your package manager.
09-22 18:09:40.452  9291  9450 W ReactNativeJS: The following conflicting packages were found:
09-22 18:09:40.452  9291  9450 W ReactNativeJS: 	10.7.1	@polkadot/rpc-provider
09-22 18:09:40.452  9291  9450 W ReactNativeJS: 	10.7.1	@polkadot/types
09-22 18:09:40.452  9291  9450 W ReactNativeJS: @polkadot/types requires direct dependencies exactly matching version 10.7.1.
09-22 18:09:40.452  9291  9450 W ReactNativeJS: Either remove and explicitly install matching versions or dedupe using your package manager.
09-22 18:09:40.452  9291  9450 W ReactNativeJS: The following conflicting packages were found:
09-22 18:09:40.452  9291  9450 W ReactNativeJS: 	10.8.1	@polkadot/types-codec
09-22 18:09:40.452  9291  9450 W ReactNativeJS: 	10.8.1	@polkadot/types-create
09-22 18:09:40.465  9291  9450 W ReactNativeJS: @polkadot/types-known requires direct dependencies exactly matching version 10.8.1.
09-22 18:09:40.465  9291  9450 W ReactNativeJS: Either remove and explicitly install matching versions or dedupe using your package manager.
09-22 18:09:40.465  9291  9450 W ReactNativeJS: The following conflicting packages were found:
09-22 18:09:40.465  9291  9450 W ReactNativeJS: 	10.7.1	@polkadot/types
09-22 18:09:40.505  9291  9450 V SoLoader: libreanimated.so not found on /data/app/so.onekey.app.wallet.dev-JeVTPQ0n-yPVgz69SPA1Mg==/lib/arm64
09-22 18:09:40.518  9291  9450 D SoLoader: libreanimated.so found on /data/app/so.onekey.app.wallet.dev-JeVTPQ0n-yPVgz69SPA1Mg==/base.apk!/lib/arm64-v8a
09-22 18:09:40.620  9291  9450 I RNMMKV  : Creating MMKV instance "obsPersist"... (Path: , Encryption-Key: )
09-22 18:09:40.621  9291  9450 I MMKV    : <MemoryFile.cpp:97::open> open fd[0xb0], /data/user/0/so.onekey.app.wallet.dev/files/mmkv/obsPersist
09-22 18:09:40.621  9291  9450 I MMKV    : <MemoryFile.cpp:97::open> open fd[0xb1], /data/user/0/so.onekey.app.wallet.dev/files/mmkv/obsPersist.crc
09-22 18:09:40.621  9291  9450 I MMKV    : <MMKV_IO.cpp:81::loadFromFile> loading [obsPersist] with 0 actual size, file size 4096, InterProcess 0, meta info version:0
09-22 18:09:40.621  9291  9450 I MMKV    : <MMKV_IO.cpp:130::loadFromFile> loaded [obsPersist] with 0 key-values
09-22 18:09:40.632  9291  9450 W ReactNativeJS: `new NativeEventEmitter()` was called with a non-null argument without the required `addListener` method.
09-22 18:09:40.632  9291  9450 W ReactNativeJS: `new NativeEventEmitter()` was called with a non-null argument without the required `removeListeners` method.
09-22 18:09:40.735  9291  9450 I ReactNativeJS: Running "main
09-22 18:09:40.756  9291  9430 W .app.wallet.de: Accessing hidden method Ljava/io/ObjectStreamClass;->getConstructorId(Ljava/lang/Class;)J (greylist, reflection, allowed)
09-22 18:09:40.756  9291  9430 W .app.wallet.de: Accessing hidden field Lsun/misc/Unsafe;->theUnsafe:Lsun/misc/Unsafe; (greylist, reflection, allowed)
09-22 18:09:40.765  9291  9291 I ReactNative: [GESTURE HANDLER] Initialize gesture handler for root view com.facebook.react.ReactRootView{fb010ff V.E...... ......ID 0,0-1080,2022 #b}
09-22 18:09:40.944  9291  9450 D RNFBCrashlyticsInit: isCrashlyticsCollectionEnabled via RNFBMeta: true
09-22 18:09:40.944  9291  9450 D RNFBCrashlyticsInit: isCrashlyticsCollectionEnabled after checking crashlytics_debug_enabled: false
09-22 18:09:40.944  9291  9450 D RNFBCrashlyticsInit: isCrashlyticsCollectionEnabled final value: false
09-22 18:09:40.944  9291  9450 D RNFBCrashlyticsInit: isErrorGenerationOnJSCrashEnabled via RNFBJSON: true
09-22 18:09:40.944  9291  9450 D RNFBCrashlyticsInit: isErrorGenerationOnJSCrashEnabled final value: true
09-22 18:09:40.944  9291  9450 D RNFBCrashlyticsInit: isCrashlyticsJavascriptExceptionHandlerChainingEnabled via RNFBJSON: true
09-22 18:09:40.944  9291  9450 D RNFBCrashlyticsInit: isCrashlyticsJavascriptExceptionHandlerChainingEnabled final value: true
09-22 18:09:40.950  9291  9451 W .app.wallet.de: Accessing hidden field Landroid/app/ActivityThread;->sCurrentActivityThread:Landroid/app/ActivityThread; (greylist, reflection, allowed)
09-22 18:09:40.950  9291  9451 W .app.wallet.de: Accessing hidden method Landroid/app/ActivityThread;->getApplication()Landroid/app/Application; (greylist, reflection, allowed)
09-22 18:09:40.956  9291  9451 D ActionManager: addAction type:JPUSH,action:cn.jpush.android.helper.b
09-22 18:09:40.959  9291  9451 W .app.wallet.de: Accessing hidden method Landroid/app/ActivityThread;->currentActivityThread()Landroid/app/ActivityThread; (greylist, reflection, allowed)
09-22 18:09:40.960  9291  9451 W .app.wallet.de: Accessing hidden field Landroid/app/ActivityThread;->mActivities:Landroid/util/ArrayMap; (greylist, reflection, allowed)
09-22 18:09:40.960  9291  9451 W .app.wallet.de: Accessing hidden field Landroid/app/ActivityThread$ActivityClientRecord;->paused:Z (greylist, reflection, allowed)
09-22 18:09:40.960  9291  9451 W .app.wallet.de: Accessing hidden field Landroid/app/ActivityThread$ActivityClientRecord;->activity:Landroid/app/Activity; (greylist, reflection, allowed)
09-22 18:09:40.971  9291  9451 W .app.wallet.de: Accessing hidden method Landroid/view/Window;->getInsetsController()Landroid/view/WindowInsetsController; (blacklist, linking, denied)
09-22 18:09:40.977  9291  9451 D RNFBCrashlyticsInit: isCrashlyticsCollectionEnabled via RNFBMeta: true
09-22 18:09:40.977  9291  9451 D RNFBCrashlyticsInit: isCrashlyticsCollectionEnabled after checking crashlytics_debug_enabled: false
09-22 18:09:40.977  9291  9451 D RNFBCrashlyticsInit: isCrashlyticsCollectionEnabled final value: false
09-22 18:09:40.978  9291  9490 E JIGUANG-JOperate: [JOperateProccessHelper] The permission should be defined JO- so.onekey.app.wallet.dev.permission.JOPERATE_MESSAGE
09-22 18:09:40.979  9291  9490 E JIGUANG-JOperate: [JOperateProccessHelper] getReceiverPermission:so.onekey.app.wallet.dev.permission.JPUSH_MESSAGE
09-22 18:09:41.027  9291  9451 W unknown:ViewManagerPropertyUpdater: Could not find generated setter for class com.swmansion.rnscreens.ScreensShadowNode
09-22 18:09:41.030  9291  9507 V SoLoader: libimagepipeline.so not found on /data/app/so.onekey.app.wallet.dev-JeVTPQ0n-yPVgz69SPA1Mg==/lib/arm64
09-22 18:09:41.039  9291  9509 E JIGUANG-JCore: [CheckManifestHelper] errorcode:1008,Invalid appKey : 1, Please get your Appkey from JIGUANG web console!
09-22 18:09:41.041  9291  9507 V SoLoader: libjnigraphics.so not found on /data/app/so.onekey.app.wallet.dev-JeVTPQ0n-yPVgz69SPA1Mg==/lib/arm64
09-22 18:09:41.041  9291  9507 V SoLoader: libjnigraphics.so not found on /data/app/so.onekey.app.wallet.dev-JeVTPQ0n-yPVgz69SPA1Mg==/base.apk!/lib/arm64-v8a
09-22 18:09:41.041  9291  9507 V SoLoader: libjnigraphics.so not found on /data/app/so.onekey.app.wallet.dev.test-J2HJjZ5dow2ZXccTorL5WQ==/base.apk!/lib/arm64-v8a
09-22 18:09:41.041  9291  9507 D SoLoader: libjnigraphics.so found on /system/lib64
09-22 18:09:41.042  9291  9507 D SoLoader: libjnigraphics.so loaded implicitly
09-22 18:09:41.066  9291  9509 E JIGUANG-JCore: [CheckManifestHelper] errorcode:1008,Invalid appKey : 1, Please get your Appkey from JIGUANG web console!
09-22 18:09:41.073  9291  9509 I chatty  : uid=10147(so.onekey.app.wallet.dev) jg_mn_pool_thre identical 3 lines
09-22 18:09:41.074  9291  9509 E JIGUANG-JCore: [CheckManifestHelper] errorcode:1008,Invalid appKey : 1, Please get your Appkey from JIGUANG web console!
09-22 18:09:41.081  9291  9507 D SoLoader: libimagepipeline.so found on /data/app/so.onekey.app.wallet.dev-JeVTPQ0n-yPVgz69SPA1Mg==/base.apk!/lib/arm64-v8a
09-22 18:09:41.127  9291  9304 I .app.wallet.de: Background concurrent copying GC freed 67140(3653KB) AllocSpace objects, 11(476KB) LOS objects, 24% free, 18MB/24MB, paused 14us total 106.202ms
09-22 18:09:41.326  9291  9450 I ReactNativeJS: 'LazyRenderWhenFocus >>>>>>>>>> ', { shouldFreeze: true,
09-22 18:09:41.326  9291  9450 I ReactNativeJS:   freezeWhenBlur: undefined,
09-22 18:09:41.326  9291  9450 I ReactNativeJS:   rootTabName: 'market' }
09-22 18:09:41.347  9291  9450 I ReactNativeJS: 'LazyRenderWhenFocus >>>>>>>>>> ', { shouldFreeze: true,
09-22 18:09:41.347  9291  9450 I ReactNativeJS:   freezeWhenBlur: undefined,
09-22 18:09:41.347  9291  9450 I ReactNativeJS:   rootTabName: 'swap' }
09-22 18:09:41.368  9291  9450 I ReactNativeJS: 'LazyRenderWhenFocus >>>>>>>>>> ', { shouldFreeze: true,
09-22 18:09:41.368  9291  9450 I ReactNativeJS:   freezeWhenBlur: undefined,
09-22 18:09:41.368  9291  9450 I ReactNativeJS:   rootTabName: 'discover' }
09-22 18:09:41.399  9291  9450 I ReactNativeJS: 'LazyRenderWhenFocus >>>>>>>>>> ', { shouldFreeze: true,
09-22 18:09:41.399  9291  9450 I ReactNativeJS:   freezeWhenBlur: undefined,
09-22 18:09:41.399  9291  9450 I ReactNativeJS:   rootTabName: 'me' }
09-22 18:09:41.473  9291  9450 W ReactNativeJS: `new NativeEventEmitter()` was called with a non-null argument without the required `addListener` method.
09-22 18:09:41.473  9291  9450 W ReactNativeJS: `new NativeEventEmitter()` was called with a non-null argument without the required `removeListeners` method.
09-22 18:09:41.542  9291  9451 D RNFBCrashlyticsInit: isCrashlyticsCollectionEnabled via RNFBMeta: true
09-22 18:09:41.542  9291  9451 D RNFBCrashlyticsInit: isCrashlyticsCollectionEnabled after checking crashlytics_debug_enabled: false
09-22 18:09:41.542  9291  9451 D RNFBCrashlyticsInit: isCrashlyticsCollectionEnabled final value: false
09-22 18:09:41.577  9291  9291 I Choreographer: Skipped 34 frames!  The application may be doing too much work on its main thread.
09-22 18:09:41.578  9291  9451 D RNFBCrashlyticsInit: isCrashlyticsCollectionEnabled via RNFBMeta: true
09-22 18:09:41.579  9291  9451 D RNFBCrashlyticsInit: isCrashlyticsCollectionEnabled after checking crashlytics_debug_enabled: false
09-22 18:09:41.579  9291  9451 D RNFBCrashlyticsInit: isCrashlyticsCollectionEnabled final value: false
09-22 18:09:41.595  9291  9291 W .app.wallet.de: Accessing hidden method Lsun/misc/Unsafe;->getObject(Ljava/lang/Object;J)Ljava/lang/Object; (greylist, linking, allowed)
09-22 18:09:41.597  9291  9423 W .app.wallet.de: Accessing hidden method Lsun/misc/Unsafe;->getInt(Ljava/lang/Object;J)I (greylist, linking, allowed)
09-22 18:09:41.597  9291  9423 W .app.wallet.de: Accessing hidden method Lsun/misc/Unsafe;->getObject(Ljava/lang/Object;J)Ljava/lang/Object; (greylist, linking, allowed)
09-22 18:09:41.597  9291  9423 I chatty  : uid=10147(so.onekey.app.wallet.dev) pool-3-thread-1 identical 1 line
09-22 18:09:41.604  9291  9423 W .app.wallet.de: Accessing hidden method Lsun/misc/Unsafe;->getObject(Ljava/lang/Object;J)Ljava/lang/Object; (greylist, linking, allowed)
09-22 18:09:41.605  9291  9423 W .app.wallet.de: Accessing hidden method Lsun/misc/Unsafe;->getLong(Ljava/lang/Object;J)J (greylist,core-platform-api, linking, allowed)
09-22 18:09:41.606  9291  9423 W .app.wallet.de: Accessing hidden method Lsun/misc/Unsafe;->getObject(Ljava/lang/Object;J)Ljava/lang/Object; (greylist, linking, allowed)
09-22 18:09:41.606  9291  9423 W .app.wallet.de: Accessing hidden method Lsun/misc/Unsafe;->putInt(Ljava/lang/Object;JI)V (greylist, linking, allowed)
09-22 18:09:42.054  9291  9537 D ProfileInstaller: Installing profile for so.onekey.app.wallet.dev
09-22 18:09:42.085  9291  9291 D RenderScript HIDL Adaptation: IRenderScriptDevice::getService()
09-22 18:09:42.086  9291  9291 D RenderScript HIDL Adaptation: IRenderScriptDevice::getService() returned 0x0
09-22 18:09:42.086  9291  9291 D RenderScript HIDL Adaptation: Using Fallback Path.
09-22 18:09:42.099  9291  9291 D         : Successfully queried cache dir: /data/user_de/0/so.onekey.app.wallet.dev/code_cache
09-22 18:09:42.099  9291  9291 D RenderScript: Setting cache dir: /data/user_de/0/so.onekey.app.wallet.dev/code_cache
09-22 18:09:42.145  9291  9291 W .app.wallet.de: Accessing hidden field Landroid/widget/ScrollView;->mScroller:Landroid/widget/OverScroller; (greylist, reflection, allowed)
09-22 18:09:42.218  9291  9291 I ReactNative: [GESTURE HANDLER] Gesture handler is already enabled for a parent view
09-22 18:09:42.229  9291  9291 W .app.wallet.de: Accessing hidden method Lsun/misc/Unsafe;->getObject(Ljava/lang/Object;J)Ljava/lang/Object; (greylist, linking, allowed)
09-22 18:09:42.229  9291  9291 W .app.wallet.de: Accessing hidden method Lsun/misc/Unsafe;->getObject(Ljava/lang/Object;J)Ljava/lang/Object; (greylist, linking, allowed)
09-22 18:09:42.229  9291  9423 W .app.wallet.de: Accessing hidden method Lsun/misc/Unsafe;->getInt(Ljava/lang/Object;J)I (greylist, linking, allowed)
09-22 18:09:42.229  9291  9423 W .app.wallet.de: Accessing hidden method Lsun/misc/Unsafe;->getObject(Ljava/lang/Object;J)Ljava/lang/Object; (greylist, linking, allowed)
09-22 18:09:42.229  9291  9423 W .app.wallet.de: Accessing hidden method Lsun/misc/Unsafe;->putInt(Ljava/lang/Object;JI)V (greylist, linking, allowed)
09-22 18:09:42.229  9291  9423 W .app.wallet.de: Accessing hidden method Lsun/misc/Unsafe;->getObject(Ljava/lang/Object;J)Ljava/lang/Object; (greylist, linking, allowed)
09-22 18:09:42.230  9291  9291 W .app.wallet.de: Accessing hidden method Lsun/misc/Unsafe;->getObject(Ljava/lang/Object;J)Ljava/lang/Object; (greylist, linking, allowed)
09-22 18:09:42.230  9291  9291 W .app.wallet.de: Accessing hidden method Lsun/misc/Unsafe;->getObject(Ljava/lang/Object;J)Ljava/lang/Object; (greylist, linking, allowed)
09-22 18:09:42.230  9291  9423 W .app.wallet.de: Accessing hidden method Lsun/misc/Unsafe;->getInt(Ljava/lang/Object;J)I (greylist, linking, allowed)
09-22 18:09:42.230  9291  9423 W .app.wallet.de: Accessing hidden method Lsun/misc/Unsafe;->getObject(Ljava/lang/Object;J)Ljava/lang/Object; (greylist, linking, allowed)
09-22 18:09:42.231  9291  9423 I chatty  : uid=10147(so.onekey.app.wallet.dev) pool-3-thread-1 identical 4 lines
09-22 18:09:42.231  9291  9423 W .app.wallet.de: Accessing hidden method Lsun/misc/Unsafe;->getObject(Ljava/lang/Object;J)Ljava/lang/Object; (greylist, linking, allowed)
09-22 18:09:42.254  9291  9451 W JIGUANG-JPush: [AndroidUtil] AndroidManifest.xml missing FileProvider: cn.jiguang.union.ads.service.JAdFileProvider, it necessary for inapp message
09-22 18:09:42.254  9291  9451 W JIGUANG-JPush: [AndroidUtil] The fileprovider required for inapp-message is incorrectly configured, please check AndroidManifest.xml
09-22 18:09:42.255  9291  9451 W JIGUANG-JCore: [JCoreManager] [requestPermission] context must instanceof Activity
09-22 18:09:42.257  9291  9509 E JIGUANG-JCore: [CheckManifestHelper] errorcode:1008,Invalid appKey : 1, Please get your Appkey from JIGUANG web console!
09-22 18:09:42.258  9291  9509 I chatty  : uid=10147(so.onekey.app.wallet.dev) jg_mn_pool_thre identical 1 line
09-22 18:09:42.259  9291  9509 E JIGUANG-JCore: [CheckManifestHelper] errorcode:1008,Invalid appKey : 1, Please get your Appkey from JIGUANG web console!
09-22 18:09:42.259  9291  9503 W JIGUANG-JPush: [AndroidUtil] AndroidManifest.xml missing FileProvider: cn.jiguang.union.ads.service.JAdFileProvider, it necessary for inapp message
09-22 18:09:42.259  9291  9503 W JIGUANG-JPush: [AndroidUtil] The fileprovider required for inapp-message is incorrectly configured, please check AndroidManifest.xml
09-22 18:09:42.264  9291  9503 W JIGUANG-JUnionAd: [InAppHelper] not allowed install apk by system
09-22 18:09:42.265  9291  9509 E JIGUANG-JCore: [CheckManifestHelper] errorcode:1008,Invalid appKey : 1, Please get your Appkey from JIGUANG web console!
09-22 18:09:42.294  9291  9503 W JIGUANG-JPush: [AsusPushHelper] AndroidManifest.xml missing receiver extends asus's AsusPushMessageReceiver
09-22 18:09:42.322  9291  9347 W System  : Ignoring header If-None-Match because its value was null.
09-22 18:09:42.661  9291  9533 W .app.wallet.de: Accessing hidden method Lsun/misc/Unsafe;->getObject(Ljava/lang/Object;J)Ljava/lang/Object; (greylist, linking, allowed)
09-22 18:09:42.661  9291  9423 W .app.wallet.de: Accessing hidden method Lsun/misc/Unsafe;->getObject(Ljava/lang/Object;J)Ljava/lang/Object; (greylist, linking, allowed)
09-22 18:09:42.661  9291  9423 I chatty  : uid=10147(so.onekey.app.wallet.dev) pool-3-thread-1 identical 1 line
09-22 18:09:42.662  9291  9423 W .app.wallet.de: Accessing hidden method Lsun/misc/Unsafe;->getObject(Ljava/lang/Object;J)Ljava/lang/Object; (greylist, linking, allowed)
09-22 18:09:42.662  9291  9423 W .app.wallet.de: Accessing hidden method Lsun/misc/Unsafe;->getLong(Ljava/lang/Object;J)J (greylist,core-platform-api, linking, allowed)
09-22 18:09:42.662  9291  9423 W .app.wallet.de: Accessing hidden method Lsun/misc/Unsafe;->getObject(Ljava/lang/Object;J)Ljava/lang/Object; (greylist, linking, allowed)
09-22 18:09:42.662  9291  9423 W .app.wallet.de: Accessing hidden method Lsun/misc/Unsafe;->getLong(Ljava/lang/Object;J)J (greylist,core-platform-api, linking, allowed)
09-22 18:09:42.662  9291  9423 W .app.wallet.de: Accessing hidden method Lsun/misc/Unsafe;->putInt(Ljava/lang/Object;JI)V (greylist, linking, allowed)
09-22 18:09:42.714  9291  9291 W UiControllerImpl: Waiting for: DYNAMIC_TASKS_HAVE_IDLED for 400 iterations.
09-22 18:09:42.983  9291  9291 I Detox   : Network is busy, with 4 in-flight calls
09-22 18:09:43.047  9291  9291 I chatty  : uid=10147(so.onekey.app.wallet.dev) identical 4 lines
09-22 18:09:43.064  9291  9291 I Detox   : Network is busy, with 4 in-flight calls
09-22 18:09:43.072  9291  9535 W .app.wallet.de: Accessing hidden method Lsun/misc/Unsafe;->getObject(Ljava/lang/Object;J)Ljava/lang/Object; (greylist, linking, allowed)
09-22 18:09:43.072  9291  9423 W .app.wallet.de: Accessing hidden method Lsun/misc/Unsafe;->getObject(Ljava/lang/Object;J)Ljava/lang/Object; (greylist, linking, allowed)
09-22 18:09:43.072  9291  9423 W .app.wallet.de: Accessing hidden method Lsun/misc/Unsafe;->putInt(Ljava/lang/Object;JI)V (greylist, linking, allowed)
09-22 18:09:43.073  9291  9423 W .app.wallet.de: Accessing hidden method Lsun/misc/Unsafe;->getObject(Ljava/lang/Object;J)Ljava/lang/Object; (greylist, linking, allowed)
09-22 18:09:43.073  9291  9423 W .app.wallet.de: Accessing hidden method Lsun/misc/Unsafe;->getObject(Ljava/lang/Object;J)Ljava/lang/Object; (greylist, linking, allowed)
09-22 18:09:43.073  9291  9423 W .app.wallet.de: Accessing hidden method Lsun/misc/Unsafe;->getLong(Ljava/lang/Object;J)J (greylist,core-platform-api, linking, allowed)
09-22 18:09:43.073  9291  9423 W .app.wallet.de: Accessing hidden method Lsun/misc/Unsafe;->getObject(Ljava/lang/Object;J)Ljava/lang/Object; (greylist, linking, allowed)
09-22 18:09:43.073  9291  9423 W .app.wallet.de: Accessing hidden method Lsun/misc/Unsafe;->putInt(Ljava/lang/Object;JI)V (greylist, linking, allowed)
09-22 18:09:43.081  9291  9291 I Detox   : Network is busy, with 3 in-flight calls
09-22 18:09:43.630  9291  9291 I chatty  : uid=10147(so.onekey.app.wallet.dev) identical 33 lines
09-22 18:09:43.648  9291  9291 I Detox   : Network is busy, with 3 in-flight calls
09-22 18:09:43.664  9291  9291 I Detox   : Network is busy, with 3 in-flight calls
09-22 18:09:43.731  9291  9291 I chatty  : uid=10147(so.onekey.app.wallet.dev) identical 4 lines
09-22 18:09:43.748  9291  9291 I Detox   : Network is busy, with 3 in-flight calls
09-22 18:09:43.761  9291  9450 E ReactNativeJS: { context: 'core' }, { context: 'core/relayer' }, [Error: WebSocket connection failed for URL: wss://relay.walletconnect.com?auth=eyJhbGciOiJFZERTQSIsInR5cCI6IkpXVCJ9.eyJpc3MiOiJkaWQ6a2V5Ono2TWtxemJOQWY4b3RDMnh5UVhjenhqdlhiYVMzQXlGS01GRFFENE5Sakx4dWUyTiIsInN1YiI6ImYyMWM0YTY1NzJkNDRmOTQzYTUzY2YyNzJlYzI4NDA4OWE3ZmE2YmQwOWI4ZDdmNGNhNmRiN2Q3NjE1YzI2N2MiLCJhdWQiOiJ3c3M6Ly9yZWxheS53YWxsZXRjb25uZWN0LmNvbSIsImlhdCI6MTY5NTM3NzM4MywiZXhwIjoxNjk1NDYzNzgzfQ.EebQOv5Hw2mUiuqFjl0FgWYR3Ul9DIxU0FMjp78c-r25IXKvJsLH4dtk3ur6JVuxst-JM5Ib_0pET19M6NT4Dw&projectId=5e21f5018bfdeb78af03187a432a301d&ua=wc-2%2Fjs-2.7.3%2Funknown-%2Freact-native&useOnCloseEvent=true]
09-22 18:09:43.765  9291  9291 I Detox   : Network is busy, with 3 in-flight calls
09-22 18:09:43.765  9291  9450 E ReactNativeJS: { context: 'core' }, 'WebSocket connection failed for URL: wss://relay.walletconnect.com?auth=eyJhbGciOiJFZERTQSIsInR5cCI6IkpXVCJ9.eyJpc3MiOiJkaWQ6a2V5Ono2TWtxemJOQWY4b3RDMnh5UVhjenhqdlhiYVMzQXlGS01GRFFENE5Sakx4dWUyTiIsInN1YiI6ImYyMWM0YTY1NzJkNDRmOTQzYTUzY2YyNzJlYzI4NDA4OWE3ZmE2YmQwOWI4ZDdmNGNhNmRiN2Q3NjE1YzI2N2MiLCJhdWQiOiJ3c3M6Ly9yZWxheS53YWxsZXRjb25uZWN0LmNvbSIsImlhdCI6MTY5NTM3NzM4MywiZXhwIjoxNjk1NDYzNzgzfQ.EebQOv5Hw2mUiuqFjl0FgWYR3Ul9DIxU0FMjp78c-r25IXKvJsLH4dtk3ur6JVuxst-JM5Ib_0pET19M6NT4Dw&projectId=5e21f5018bfdeb78af03187a432a301d&ua=wc-2%2Fjs-2.7.3%2Funknown-%2Freact-native&useOnCloseEvent=true'
09-22 18:09:43.767  9291  9450 E ReactNativeJS: { context: 'client' }, 'WebSocket connection failed for URL: wss://relay.walletconnect.com?auth=eyJhbGciOiJFZERTQSIsInR5cCI6IkpXVCJ9.eyJpc3MiOiJkaWQ6a2V5Ono2TWtxemJOQWY4b3RDMnh5UVhjenhqdlhiYVMzQXlGS01GRFFENE5Sakx4dWUyTiIsInN1YiI6ImYyMWM0YTY1NzJkNDRmOTQzYTUzY2YyNzJlYzI4NDA4OWE3ZmE2YmQwOWI4ZDdmNGNhNmRiN2Q3NjE1YzI2N2MiLCJhdWQiOiJ3c3M6Ly9yZWxheS53YWxsZXRjb25uZWN0LmNvbSIsImlhdCI6MTY5NTM3NzM4MywiZXhwIjoxNjk1NDYzNzgzfQ.EebQOv5Hw2mUiuqFjl0FgWYR3Ul9DIxU0FMjp78c-r25IXKvJsLH4dtk3ur6JVuxst-JM5Ib_0pET19M6NT4Dw&projectId=5e21f5018bfdeb78af03187a432a301d&ua=wc-2%2Fjs-2.7.3%2Funknown-%2Freact-native&useOnCloseEvent=true'
09-22 18:09:43.767  9291  9450 E ReactNativeJS: { context: 'core' }, 'WebSocket connection failed for URL: wss://relay.walletconnect.com?auth=eyJhbGciOiJFZERTQSIsInR5cCI6IkpXVCJ9.eyJpc3MiOiJkaWQ6a2V5Ono2TWtxemJOQWY4b3RDMnh5UVhjenhqdlhiYVMzQXlGS01GRFFENE5Sakx4dWUyTiIsInN1YiI6ImYyMWM0YTY1NzJkNDRmOTQzYTUzY2YyNzJlYzI4NDA4OWE3ZmE2YmQwOWI4ZDdmNGNhNmRiN2Q3NjE1YzI2N2MiLCJhdWQiOiJ3c3M6Ly9yZWxheS53YWxsZXRjb25uZWN0LmNvbSIsImlhdCI6MTY5NTM3NzM4MywiZXhwIjoxNjk1NDYzNzgzfQ.EebQOv5Hw2mUiuqFjl0FgWYR3Ul9DIxU0FMjp78c-r25IXKvJsLH4dtk3ur6JVuxst-JM5Ib_0pET19M6NT4Dw&projectId=5e21f5018bfdeb78af03187a432a301d&ua=wc-2%2Fjs-2.7.3%2Funknown-%2Freact-native&useOnCloseEvent=true'
09-22 18:09:43.768  9291  9450 E ReactNativeJS: 'createWeb3WalletV2 ERROR:', [Error: WebSocket connection failed for URL: wss://relay.walletconnect.com?auth=eyJhbGciOiJFZERTQSIsInR5cCI6IkpXVCJ9.eyJpc3MiOiJkaWQ6a2V5Ono2TWtxemJOQWY4b3RDMnh5UVhjenhqdlhiYVMzQXlGS01GRFFENE5Sakx4dWUyTiIsInN1YiI6ImYyMWM0YTY1NzJkNDRmOTQzYTUzY2YyNzJlYzI4NDA4OWE3ZmE2YmQwOWI4ZDdmNGNhNmRiN2Q3NjE1YzI2N2MiLCJhdWQiOiJ3c3M6Ly9yZWxheS53YWxsZXRjb25uZWN0LmNvbSIsImlhdCI6MTY5NTM3NzM4MywiZXhwIjoxNjk1NDYzNzgzfQ.EebQOv5Hw2mUiuqFjl0FgWYR3Ul9DIxU0FMjp78c-r25IXKvJsLH4dtk3ur6JVuxst-JM5Ib_0pET19M6NT4Dw&projectId=5e21f5018bfdeb78af03187a432a301d&ua=wc-2%2Fjs-2.7.3%2Funknown-%2Freact-native&useOnCloseEvent=true]
09-22 18:09:43.769  9291  9451 E unknown:ReactNative: console.error: {"context":"core"} {"context":"core/relayer"} Error: WebSocket connection failed for URL: wss://relay.walletconnect.com?auth=eyJhbGciOiJFZERTQSIsInR5cCI6IkpXVCJ9.eyJpc3MiOiJkaWQ6a2V5Ono2TWtxemJOQWY4b3RDMnh5UVhjenhqdlhiYVMzQXlGS01GRFFENE5Sakx4dWUyTiIsInN1YiI6ImYyMWM0YTY1NzJkNDRmOTQzYTUzY2YyNzJlYzI4NDA4OWE3ZmE2YmQwOWI4ZDdmNGNhNmRiN2Q3NjE1YzI2N2MiLCJhdWQiOiJ3c3M6Ly9yZWxheS53YWxsZXRjb25uZWN0LmNvbSIsImlhdCI6MTY5NTM3NzM4MywiZXhwIjoxNjk1NDYzNzgzfQ.EebQOv5Hw2mUiuqFjl0FgWYR3Ul9DIxU0FMjp78c-r25IXKvJsLH4dtk3ur6JVuxst-JM5Ib_0pET19M6NT4Dw&projectId=5e21f5018bfdeb78af03187a432a301d&ua=wc-2%2Fjs-2.7.3%2Funknown-%2Freact-native&useOnCloseEvent=true, js engine: v8, stack:
09-22 18:09:43.769  9291  9451 E unknown:ReactNative: p@50:240
09-22 18:09:43.769  9291  9451 E unknown:ReactNative: p@50:355
09-22 18:09:43.769  9291  9451 E unknown:ReactNative: new s@48:362
09-22 18:09:43.769  9291  9451 E unknown:ReactNative: f.<anonymous>@42:1043
09-22 18:09:43.769  9291  9451 E unknown:ReactNative: new f@42:1221
09-22 18:09:43.769  9291  9451 E unknown:ReactNative: b@42:2420
09-22 18:09:43.769  9291  9451 E unknown:ReactNative: Object.error@512:1745
09-22 18:09:43.769  9291  9451 E unknown:ReactNative: Object.error@8067:3297
09-22 18:09:43.769  9291  9451 E unknown:ReactNative: Object.error@8067:4311
09-22 18:09:43.769  9291  9451 E unknown:ReactNative: Object.error@8067:4311
09-22 18:09:43.772  9291  9451 E unknown:ReactNative: console.error: {"context":"core"} WebSocket connection failed for URL: wss://relay.walletconnect.com?auth=eyJhbGciOiJFZERTQSIsInR5cCI6IkpXVCJ9.eyJpc3MiOiJkaWQ6a2V5Ono2TWtxemJOQWY4b3RDMnh5UVhjenhqdlhiYVMzQXlGS01GRFFENE5Sakx4dWUyTiIsInN1YiI6ImYyMWM0YTY1NzJkNDRmOTQzYTUzY2YyNzJlYzI4NDA4OWE3ZmE2YmQwOWI4ZDdmNGNhNmRiN2Q3NjE1YzI2N2MiLCJhdWQiOiJ3c3M6Ly9yZWxheS53YWxsZXRjb25uZWN0LmNvbSIsImlhdCI6MTY5NTM3NzM4MywiZXhwIjoxNjk1NDYzNzgzfQ.EebQOv5Hw2mUiuqFjl0FgWYR3Ul9DIxU0FMjp78c-r25IXKvJsLH4dtk3ur6JVuxst-JM5Ib_0pET19M6NT4Dw&projectId=5e21f5018bfdeb78af03187a432a301d&ua=wc-2%2Fjs-2.7.3%2Funknown-%2Freact-native&useOnCloseEvent=true, js engine: v8, stack:
09-22 18:09:43.772  9291  9451 E unknown:ReactNative: p@50:240
09-22 18:09:43.772  9291  9451 E unknown:ReactNative: p@50:355
09-22 18:09:43.772  9291  9451 E unknown:ReactNative: new s@48:362
09-22 18:09:43.772  9291  9451 E unknown:ReactNative: f.<anonymous>@42:1043
09-22 18:09:43.772  9291  9451 E unknown:ReactNative: new f@42:1221
09-22 18:09:43.772  9291  9451 E unknown:ReactNative: b@42:2420
09-22 18:09:43.772  9291  9451 E unknown:ReactNative: Object.error@512:1745
09-22 18:09:43.772  9291  9451 E unknown:ReactNative: Object.error@8067:3297
09-22 18:09:43.772  9291  9451 E unknown:ReactNative: Object.error@8067:4311
09-22 18:09:43.772  9291  9451 E unknown:ReactNative: s.<anonymous>@8052:68629
09-22 18:09:43.773  9291  9451 E unknown:ReactNative: console.error: {"context":"client"} WebSocket connection failed for URL: wss://relay.walletconnect.com?auth=eyJhbGciOiJFZERTQSIsInR5cCI6IkpXVCJ9.eyJpc3MiOiJkaWQ6a2V5Ono2TWtxemJOQWY4b3RDMnh5UVhjenhqdlhiYVMzQXlGS01GRFFENE5Sakx4dWUyTiIsInN1YiI6ImYyMWM0YTY1NzJkNDRmOTQzYTUzY2YyNzJlYzI4NDA4OWE3ZmE2YmQwOWI4ZDdmNGNhNmRiN2Q3NjE1YzI2N2MiLCJhdWQiOiJ3c3M6Ly9yZWxheS53YWxsZXRjb25uZWN0LmNvbSIsImlhdCI6MTY5NTM3NzM4MywiZXhwIjoxNjk1NDYzNzgzfQ.EebQOv5Hw2mUiuqFjl0FgWYR3Ul9DIxU0FMjp78c-r25IXKvJsLH4dtk3ur6JVuxst-JM5Ib_0pET19M6NT4Dw&projectId=5e21f5018bfdeb78af03187a432a301d&ua=wc-2%2Fjs-2.7.3%2Funknown-%2Freact-native&useOnCloseEvent=true, js engine: v8, stack:
09-22 18:09:43.773  9291  9451 E unknown:ReactNative: p@50:240
09-22 18:09:43.773  9291  9451 E unknown:ReactNative: p@50:355
09-22 18:09:43.773  9291  9451 E unknown:ReactNative: new s@48:362
09-22 18:09:43.773  9291  9451 E unknown:ReactNative: f.<anonymous>@42:1043
09-22 18:09:43.773  9291  9451 E unknown:ReactNative: new f@42:1221
09-22 18:09:43.773  9291  9451 E unknown:ReactNative: b@42:2420
09-22 18:09:43.773  9291  9451 E unknown:ReactNative: Object.error@512:1745
09-22 18:09:43.773  9291  9451 E unknown:ReactNative: Object.error@8067:3297
09-22 18:09:43.773  9291  9451 E unknown:ReactNative: Object.error@8067:4311
09-22 18:09:43.773  9291  9451 E unknown:ReactNative: d.<anonymous>@8113:32589
09-22 18:09:43.775  9291  9451 E unknown:ReactNative: console.error: {"context":"core"} WebSocket connection failed for URL: wss://relay.walletconnect.com?auth=eyJhbGciOiJFZERTQSIsInR5cCI6IkpXVCJ9.eyJpc3MiOiJkaWQ6a2V5Ono2TWtxemJOQWY4b3RDMnh5UVhjenhqdlhiYVMzQXlGS01GRFFENE5Sakx4dWUyTiIsInN1YiI6ImYyMWM0YTY1NzJkNDRmOTQzYTUzY2YyNzJlYzI4NDA4OWE3ZmE2YmQwOWI4ZDdmNGNhNmRiN2Q3NjE1YzI2N2MiLCJhdWQiOiJ3c3M6Ly9yZWxheS53YWxsZXRjb25uZWN0LmNvbSIsImlhdCI6MTY5NTM3NzM4MywiZXhwIjoxNjk1NDYzNzgzfQ.EebQOv5Hw2mUiuqFjl0FgWYR3Ul9DIxU0FMjp78c-r25IXKvJsLH4dtk3ur6JVuxst-JM5Ib_0pET19M6NT4Dw&projectId=5e21f5018bfdeb78af03187a432a301d&ua=wc-2%2Fjs-2.7.3%2Funknown-%2Freact-native&useOnCloseEvent=true, js engine: v8, stack:
09-22 18:09:43.775  9291  9451 E unknown:ReactNative: p@50:240
09-22 18:09:43.775  9291  9451 E unknown:ReactNative: p@50:355
09-22 18:09:43.775  9291  9451 E unknown:ReactNative: new s@48:362
09-22 18:09:43.775  9291  9451 E unknown:ReactNative: f.<anonymous>@42:1043
09-22 18:09:43.775  9291  9451 E unknown:ReactNative: new f@42:1221
09-22 18:09:43.775  9291  9451 E unknown:ReactNative: b@42:2420
09-22 18:09:43.775  9291  9451 E unknown:ReactNative: Object.error@512:1745
09-22 18:09:43.775  9291  9451 E unknown:ReactNative: Object.error@8067:3297
09-22 18:09:43.775  9291  9451 E unknown:ReactNative: Object.error@8067:4311
09-22 18:09:43.775  9291  9451 E unknown:ReactNative: l.<anonymous>@8106:12485
09-22 18:09:43.777  9291  9451 E unknown:ReactNative: console.error: createWeb3WalletV2 ERROR: Error: WebSocket connection failed for URL: wss://relay.walletconnect.com?auth=eyJhbGciOiJFZERTQSIsInR5cCI6IkpXVCJ9.eyJpc3MiOiJkaWQ6a2V5Ono2TWtxemJOQWY4b3RDMnh5UVhjenhqdlhiYVMzQXlGS01GRFFENE5Sakx4dWUyTiIsInN1YiI6ImYyMWM0YTY1NzJkNDRmOTQzYTUzY2YyNzJlYzI4NDA4OWE3ZmE2YmQwOWI4ZDdmNGNhNmRiN2Q3NjE1YzI2N2MiLCJhdWQiOiJ3c3M6Ly9yZWxheS53YWxsZXRjb25uZWN0LmNvbSIsImlhdCI6MTY5NTM3NzM4MywiZXhwIjoxNjk1NDYzNzgzfQ.EebQOv5Hw2mUiuqFjl0FgWYR3Ul9DIxU0FMjp78c-r25IXKvJsLH4dtk3ur6JVuxst-JM5Ib_0pET19M6NT4Dw&projectId=5e21f5018bfdeb78af03187a432a301d&ua=wc-2%2Fjs-2.7.3%2Funknown-%2Freact-native&useOnCloseEvent=true, js engine: v8, stack:
09-22 18:09:43.777  9291  9451 E unknown:ReactNative: p@50:240
09-22 18:09:43.777  9291  9451 E unknown:ReactNative: p@50:355
09-22 18:09:43.777  9291  9451 E unknown:ReactNative: new s@48:362
09-22 18:09:43.777  9291  9451 E unknown:ReactNative: f.<anonymous>@42:1043
09-22 18:09:43.777  9291  9451 E unknown:ReactNative: new f@42:1221
09-22 18:09:43.777  9291  9451 E unknown:ReactNative: b@42:2420
09-22 18:09:43.777  9291  9451 E unknown:ReactNative: Object.error@512:1745
09-22 18:09:43.777  9291  9451 E unknown:ReactNative: s.<anonymous>@8050:1585
09-22 18:09:43.777  9291  9451 E unknown:ReactNative: Generator.throw@-1
09-22 18:09:43.777  9291  9451 E unknown:ReactNative: n@353:69
09-22 18:09:43.780  9291  9291 I Detox   : Network is busy, with 3 in-flight calls
09-22 18:09:43.797  9291  9291 I chatty  : uid=10147(so.onekey.app.wallet.dev) identical 1 line
09-22 18:09:43.815  9291  9291 I Detox   : Network is busy, with 3 in-flight calls
09-22 18:09:43.824  9291  9291 W UiControllerImpl: Waiting for: DYNAMIC_TASKS_HAVE_IDLED for 100 iterations.
09-22 18:09:43.832  9291  9291 I Detox   : Network is busy, with 3 in-flight calls
09-22 18:09:43.847  9291  9291 I Detox   : Network is busy, with 3 in-flight calls
09-22 18:09:43.898  9291  9291 I chatty  : uid=10147(so.onekey.app.wallet.dev) identical 3 lines
09-22 18:09:43.914  9291  9291 I Detox   : Network is busy, with 3 in-flight calls
09-22 18:09:43.921  9291  9530 W .app.wallet.de: Accessing hidden method Lsun/misc/Unsafe;->getObject(Ljava/lang/Object;J)Ljava/lang/Object; (greylist, linking, allowed)
09-22 18:09:43.922  9291  9423 W .app.wallet.de: Accessing hidden method Lsun/misc/Unsafe;->getObject(Ljava/lang/Object;J)Ljava/lang/Object; (greylist, linking, allowed)
09-22 18:09:43.922  9291  9423 W .app.wallet.de: Accessing hidden method Lsun/misc/Unsafe;->putInt(Ljava/lang/Object;JI)V (greylist, linking, allowed)
09-22 18:09:43.922  9291  9423 W .app.wallet.de: Accessing hidden method Lsun/misc/Unsafe;->getObject(Ljava/lang/Object;J)Ljava/lang/Object; (greylist, linking, allowed)
09-22 18:09:43.922  9291  9423 W .app.wallet.de: Accessing hidden method Lsun/misc/Unsafe;->getObject(Ljava/lang/Object;J)Ljava/lang/Object; (greylist, linking, allowed)
09-22 18:09:43.923  9291  9423 W .app.wallet.de: Accessing hidden method Lsun/misc/Unsafe;->getLong(Ljava/lang/Object;J)J (greylist,core-platform-api, linking, allowed)
09-22 18:09:43.923  9291  9423 W .app.wallet.de: Accessing hidden method Lsun/misc/Unsafe;->getObject(Ljava/lang/Object;J)Ljava/lang/Object; (greylist, linking, allowed)
09-22 18:09:43.923  9291  9423 W .app.wallet.de: Accessing hidden method Lsun/misc/Unsafe;->putInt(Ljava/lang/Object;JI)V (greylist, linking, allowed)
09-22 18:09:43.930  9291  9291 I Detox   : Network is busy, with 3 in-flight calls
09-22 18:09:43.947  9291  9291 I Detox   : Network is busy, with 3 in-flight calls
09-22 18:09:43.965  9291  9291 I Detox   : Network is busy, with 2 in-flight calls
09-22 18:09:44.000  9291  9291 I chatty  : uid=10147(so.onekey.app.wallet.dev) identical 2 lines
09-22 18:09:44.014  9291  9291 I Detox   : Network is busy, with 2 in-flight calls
09-22 18:09:44.021  9291  9306 W System  : A resource failed to call destroy. 
09-22 18:09:44.021  9291  9306 W System  : A resource failed to call destroy. 
09-22 18:09:44.031  9291  9291 I Detox   : Network is busy, with 2 in-flight calls
09-22 18:09:44.130  9291  9291 I chatty  : uid=10147(so.onekey.app.wallet.dev) identical 6 lines
09-22 18:09:44.148  9291  9291 I Detox   : Network is busy, with 2 in-flight calls
09-22 18:09:44.164  9291  9291 I Detox   : Network is busy, with 2 in-flight calls
09-22 18:09:44.515  9291  9291 I chatty  : uid=10147(so.onekey.app.wallet.dev) identical 21 lines
09-22 18:09:44.531  9291  9291 I Detox   : Network is busy, with 2 in-flight calls
09-22 18:09:44.531  9291  9291 W UiControllerImpl: Waiting for: DYNAMIC_TASKS_HAVE_IDLED for 200 iterations.
09-22 18:09:44.549  9291  9291 I Detox   : Network is busy, with 2 in-flight calls
09-22 18:09:45.836  9291  9291 I chatty  : uid=10147(so.onekey.app.wallet.dev) identical 77 lines
09-22 18:09:45.848  9291  9291 I Detox   : Network is busy, with 2 in-flight calls
09-22 18:09:45.864  9291  9291 I Detox   : Network is busy, with 2 in-flight calls
09-22 18:09:46.582  9291  9291 I chatty  : uid=10147(so.onekey.app.wallet.dev) identical 43 lines
09-22 18:09:46.597  9291  9291 I Detox   : Network is busy, with 2 in-flight calls
09-22 18:09:46.613  9291  9291 I Detox   : Network is busy, with 2 in-flight calls
09-22 18:09:46.630  9291  9291 I Detox   : Network is busy, with 2 in-flight calls
09-22 18:09:46.647  9291  9291 I Detox   : Network is busy, with 2 in-flight calls
09-22 18:09:46.663  9291  9291 I Detox   : Network is busy, with 2 in-flight calls
09-22 18:09:46.680  9291  9291 I Detox   : Network is busy, with 2 in-flight calls
09-22 18:09:46.697  9291  9291 I Detox   : Network is busy, with 2 in-flight calls
09-22 18:09:46.713  9291  9291 I Detox   : Network is busy, with 2 in-flight calls
09-22 18:09:46.729  9291  9442 D DetoxWSClient: Received action 'currentStatus' (ID #1, params={})
09-22 18:09:46.730  9291  9441 I DetoxDispatcher: Handling action 'currentStatus' (ID #1)...
09-22 18:09:46.730  9291  9291 I Detox   : Network is busy, with 2 in-flight calls
09-22 18:09:46.731  9291  9291 I Detox   : Network is busy, with 2 in-flight calls
09-22 18:09:46.732  9291  9441 I DetoxWSClient: Sending out action 'currentStatusResult' (ID #1)
09-22 18:09:46.732  9291  9441 I DetoxDispatcher: Done with action 'currentStatus'
09-22 18:09:46.747  9291  9291 I Detox   : Network is busy, with 2 in-flight calls
09-22 18:09:46.747  9291  9291 I Detox   : Network is busy, with 2 in-flight calls
09-22 18:09:46.763  9291  9291 I Detox   : Network is busy, with 2 in-flight calls
09-22 18:09:46.899  9291  9291 I chatty  : uid=10147(so.onekey.app.wallet.dev) identical 16 lines
09-22 18:09:46.899  9291  9291 I Detox   : Network is busy, with 2 in-flight calls
09-22 18:09:46.913  9291  9291 I Detox   : Network is busy, with 2 in-flight calls
09-22 18:09:46.930  9291  9291 I chatty  : uid=10147(so.onekey.app.wallet.dev) identical 2 lines
09-22 18:09:46.930  9291  9291 I Detox   : Network is busy, with 2 in-flight calls
09-22 18:09:46.930  9291  9291 W UiControllerImpl: Waiting for: DYNAMIC_TASKS_HAVE_IDLED for 500 iterations.
09-22 18:09:46.947  9291  9291 I Detox   : Network is busy, with 2 in-flight calls
09-22 18:09:47.715  9291  9291 I chatty  : uid=10147(so.onekey.app.wallet.dev) identical 92 lines
09-22 18:09:47.715  9291  9291 I Detox   : Network is busy, with 2 in-flight calls
09-22 18:09:47.715  9291  9291 W UiControllerImpl: Waiting for: DYNAMIC_TASKS_HAVE_IDLED for 600 iterations.
09-22 18:09:47.730  9291  9291 I Detox   : Network is busy, with 2 in-flight calls
09-22 18:09:47.848  9291  9291 I chatty  : uid=10147(so.onekey.app.wallet.dev) identical 14 lines
09-22 18:09:47.848  9291  9291 I Detox   : Network is busy, with 2 in-flight calls
09-22 18:09:47.864  9291  9291 I Detox   : Network is busy, with 2 in-flight calls
09-22 18:09:47.980  9291  9291 I chatty  : uid=10147(so.onekey.app.wallet.dev) identical 15 lines
09-22 18:09:47.983  9291  9291 I Detox   : Network is busy, with 2 in-flight calls
09-22 18:09:47.984  9291  9291 W IdlingPolicy: These resources are not idle: [com.wix.detox.reactnative.idlingresources.NetworkIdlingResource]
09-22 18:09:47.997  9291  9291 I Detox   : Network is busy, with 2 in-flight calls
09-22 18:09:48.414  9291  9291 I chatty  : uid=10147(so.onekey.app.wallet.dev) identical 76 lines
09-22 18:09:48.414  9291  9291 I Detox   : Network is busy, with 2 in-flight calls
09-22 18:09:48.431  9291  9291 I Detox   : Network is busy, with 2 in-flight calls
09-22 18:09:48.431  9291  9291 I chatty  : uid=10147(so.onekey.app.wallet.dev) identical 1 line
09-22 18:09:48.431  9291  9291 I Detox   : Network is busy, with 2 in-flight calls
09-22 18:09:48.447  9291  9291 I Detox   : Network is busy, with 2 in-flight calls
09-22 18:09:48.514  9291  9291 I chatty  : uid=10147(so.onekey.app.wallet.dev) identical 13 lines
09-22 18:09:48.514  9291  9291 I Detox   : Network is busy, with 2 in-flight calls
09-22 18:09:48.514  9291  9291 W UiControllerImpl: Waiting for: DYNAMIC_TASKS_HAVE_IDLED for 700 iterations.
09-22 18:09:48.530  9291  9291 I Detox   : Network is busy, with 2 in-flight calls
09-22 18:09:49.347  9291  9291 I chatty  : uid=10147(so.onekey.app.wallet.dev) identical 148 lines
09-22 18:09:49.347  9291  9291 I Detox   : Network is busy, with 2 in-flight calls
09-22 18:09:49.348  9291  9291 W UiControllerImpl: Waiting for: DYNAMIC_TASKS_HAVE_IDLED for 800 iterations.
09-22 18:09:49.363  9291  9291 I Detox   : Network is busy, with 2 in-flight calls
09-22 18:09:49.647  9291  9291 I chatty  : uid=10147(so.onekey.app.wallet.dev) identical 52 lines
09-22 18:09:49.647  9291  9291 I Detox   : Network is busy, with 2 in-flight calls
09-22 18:09:49.664  9291  9291 I Detox   : Network is busy, with 2 in-flight calls
09-22 18:09:49.864  9291  9291 I chatty  : uid=10147(so.onekey.app.wallet.dev) identical 37 lines
09-22 18:09:49.864  9291  9291 I Detox   : Network is busy, with 2 in-flight calls
09-22 18:09:49.880  9291  9291 I Detox   : Network is busy, with 2 in-flight calls
09-22 18:09:50.980  9291  9291 I chatty  : uid=10147(so.onekey.app.wallet.dev) identical 199 lines
09-22 18:09:50.980  9291  9291 I Detox   : Network is busy, with 2 in-flight calls
09-22 18:09:50.981  9291  9291 W UiControllerImpl: Waiting for: DYNAMIC_TASKS_HAVE_IDLED for 1000 iterations.
09-22 18:09:50.999  9291  9291 I Detox   : Network is busy, with 2 in-flight calls
09-22 18:09:51.032  9291  9291 I chatty  : uid=10147(so.onekey.app.wallet.dev) identical 7 lines
09-22 18:09:51.032  9291  9291 I Detox   : Network is busy, with 2 in-flight calls
09-22 18:09:51.047  9291  9291 I Detox   : Network is busy, with 2 in-flight calls
09-22 18:09:51.047  9291  9291 I chatty  : uid=10147(so.onekey.app.wallet.dev) identical 1 line
09-22 18:09:51.047  9291  9291 I Detox   : Network is busy, with 2 in-flight calls
09-22 18:09:51.063  9291  9291 I Detox   : Network is busy, with 2 in-flight calls
09-22 18:09:51.864  9291  9291 I chatty  : uid=10147(so.onekey.app.wallet.dev) identical 145 lines
09-22 18:09:51.864  9291  9291 I Detox   : Network is busy, with 2 in-flight calls
09-22 18:09:51.879  9291  9291 I Detox   : Network is busy, with 2 in-flight calls
09-22 18:09:52.580  9291  9291 I chatty  : uid=10147(so.onekey.app.wallet.dev) identical 127 lines
09-22 18:09:52.580  9291  9291 I Detox   : Network is busy, with 2 in-flight calls
09-22 18:09:52.580  9291  9291 W UiControllerImpl: Waiting for: DYNAMIC_TASKS_HAVE_IDLED for 1200 iterations.
09-22 18:09:52.597  9291  9291 I Detox   : Network is busy, with 2 in-flight calls
09-22 18:09:52.981  9291  9291 I chatty  : uid=10147(so.onekey.app.wallet.dev) identical 71 lines
09-22 18:09:52.984  9291  9291 I Detox   : Network is busy, with 2 in-flight calls
09-22 18:09:52.985  9291  9291 W IdlingPolicy: These resources are not idle: [com.wix.detox.reactnative.idlingresources.NetworkIdlingResource]
09-22 18:09:52.996  9291  9291 I Detox   : Network is busy, with 2 in-flight calls
09-22 18:09:53.031  9291  9291 I chatty  : uid=10147(so.onekey.app.wallet.dev) identical 10 lines
09-22 18:09:53.031  9291  9291 I Detox   : Network is busy, with 2 in-flight calls
09-22 18:09:53.046  9291  9291 I Detox   : Network is busy, with 2 in-flight calls
09-22 18:09:53.397  9291  9291 I chatty  : uid=10147(so.onekey.app.wallet.dev) identical 86 lines
09-22 18:09:53.397  9291  9291 I Detox   : Network is busy, with 2 in-flight calls
09-22 18:09:53.397  9291  9291 W UiControllerImpl: Waiting for: DYNAMIC_TASKS_HAVE_IDLED for 1300 iterations.
09-22 18:09:53.413  9291  9291 I Detox   : Network is busy, with 2 in-flight calls
09-22 18:09:53.881  9291  9291 I chatty  : uid=10147(so.onekey.app.wallet.dev) identical 114 lines
09-22 18:09:53.881  9291  9291 I Detox   : Network is busy, with 2 in-flight calls
09-22 18:09:53.896  9291  9291 I Detox   : Network is busy, with 2 in-flight calls
09-22 18:09:54.217  9291  9291 I chatty  : uid=10147(so.onekey.app.wallet.dev) identical 78 lines
09-22 18:09:54.217  9291  9291 I Detox   : Network is busy, with 2 in-flight calls
09-22 18:09:54.217  9291  9291 W UiControllerImpl: Waiting for: DYNAMIC_TASKS_HAVE_IDLED for 1400 iterations.
09-22 18:09:54.232  9291  9291 I Detox   : Network is busy, with 2 in-flight calls
09-22 18:09:54.699  9291  9291 I chatty  : uid=10147(so.onekey.app.wallet.dev) identical 112 lines
09-22 18:09:54.699  9291  9291 I Detox   : Network is busy, with 2 in-flight calls
09-22 18:09:54.699  9291  9291 I Detox   : Network is busy, with 2 in-flight calls
09-22 18:09:54.699  9291  9291 I Detox   : Network is busy, with 2 in-flight calls
09-22 18:09:55.848  9291  9291 I chatty  : uid=10147(so.onekey.app.wallet.dev) identical 275 lines
09-22 18:09:55.848  9291  9291 I Detox   : Network is busy, with 2 in-flight calls
09-22 18:09:55.848  9291  9291 W UiControllerImpl: Waiting for: DYNAMIC_TASKS_HAVE_IDLED for 1600 iterations.
09-22 18:09:55.864  9291  9291 I Detox   : Network is busy, with 2 in-flight calls
09-22 18:09:55.884  9291  9291 I chatty  : uid=10147(so.onekey.app.wallet.dev) identical 6 lines
09-22 18:09:55.884  9291  9291 I Detox   : Network is busy, with 2 in-flight calls
09-22 18:09:55.896  9291  9291 I Detox   : Network is busy, with 2 in-flight calls
09-22 18:09:56.732  9291  9291 I chatty  : uid=10147(so.onekey.app.wallet.dev) identical 202 lines
09-22 18:09:56.732  9291  9291 I Detox   : Network is busy, with 2 in-flight calls
09-22 18:09:56.747  9291  9442 D DetoxWSClient: Received action 'currentStatus' (ID #2, params={})
09-22 18:09:56.747  9291  9441 I DetoxDispatcher: Handling action 'currentStatus' (ID #2)...
09-22 18:09:56.748  9291  9291 I Detox   : Network is busy, with 2 in-flight calls
09-22 18:09:56.749  9291  9441 I DetoxWSClient: Sending out action 'currentStatusResult' (ID #2)
09-22 18:09:56.750  9291  9441 I DetoxDispatcher: Done with action 'currentStatus'
09-22 18:09:56.750  9291  9291 I Detox   : Network is busy, with 2 in-flight calls
09-22 18:09:57.431  9291  9291 I chatty  : uid=10147(so.onekey.app.wallet.dev) identical 208 lines
09-22 18:09:57.431  9291  9291 I Detox   : Network is busy, with 2 in-flight calls
09-22 18:09:57.431  9291  9291 W UiControllerImpl: Waiting for: DYNAMIC_TASKS_HAVE_IDLED for 1800 iterations.
09-22 18:09:57.448  9291  9291 I Detox   : Network is busy, with 2 in-flight calls
09-22 18:09:57.898  9291  9291 I chatty  : uid=10147(so.onekey.app.wallet.dev) identical 138 lines
09-22 18:09:57.898  9291  9291 I Detox   : Network is busy, with 2 in-flight calls
09-22 18:09:57.913  9291  9291 I Detox   : Network is busy, with 2 in-flight calls
09-22 18:09:57.981  9291  9291 I chatty  : uid=10147(so.onekey.app.wallet.dev) identical 24 lines
09-22 18:09:57.985  9291  9291 I Detox   : Network is busy, with 2 in-flight calls
09-22 18:09:57.986  9291  9291 W IdlingPolicy: These resources are not idle: [com.wix.detox.reactnative.idlingresources.NetworkIdlingResource]
09-22 18:09:57.997  9291  9291 I Detox   : Network is busy, with 2 in-flight calls
09-22 18:09:58.048  9291  9291 I chatty  : uid=10147(so.onekey.app.wallet.dev) identical 22 lines
09-22 18:09:58.048  9291  9291 I Detox   : Network is busy, with 2 in-flight calls
09-22 18:09:58.063  9291  9291 I Detox   : Network is busy, with 2 in-flight calls
09-22 18:09:58.063  9291  9291 I chatty  : uid=10147(so.onekey.app.wallet.dev) identical 4 lines
09-22 18:09:58.063  9291  9291 I Detox   : Network is busy, with 2 in-flight calls
09-22 18:09:58.080  9291  9291 I Detox   : Network is busy, with 2 in-flight calls
09-22 18:09:58.080  9291  9291 I chatty  : uid=10147(so.onekey.app.wallet.dev) identical 4 lines
09-22 18:09:58.080  9291  9291 I Detox   : Network is busy, with 2 in-flight calls
09-22 18:09:58.096  9291  9291 I Detox   : Network is busy, with 2 in-flight calls
09-22 18:09:58.248  9291  9291 I chatty  : uid=10147(so.onekey.app.wallet.dev) identical 58 lines
09-22 18:09:58.248  9291  9291 I Detox   : Network is busy, with 2 in-flight calls
09-22 18:09:58.248  9291  9291 W UiControllerImpl: Waiting for: DYNAMIC_TASKS_HAVE_IDLED for 1900 iterations.
09-22 18:09:58.266  9291  9291 I Detox   : Network is busy, with 2 in-flight calls
09-22 18:09:59.213  9291  9291 I chatty  : uid=10147(so.onekey.app.wallet.dev) identical 346 lines
09-22 18:09:59.213  9291  9291 I Detox   : Network is busy, with 2 in-flight calls
09-22 18:09:59.229  9291  9291 I Detox   : Network is busy, with 2 in-flight calls
09-22 18:09:59.880  9291  9291 I chatty  : uid=10147(so.onekey.app.wallet.dev) identical 238 lines
09-22 18:09:59.880  9291  9291 I Detox   : Network is busy, with 2 in-flight calls
09-22 18:09:59.881  9291  9291 W UiControllerImpl: Waiting for: DYNAMIC_TASKS_HAVE_IDLED for 2100 iterations.
09-22 18:09:59.896  9291  9291 I Detox   : Network is busy, with 2 in-flight calls
09-22 18:09:59.897  9291  9291 I chatty  : uid=10147(so.onekey.app.wallet.dev) identical 4 lines
09-22 18:09:59.897  9291  9291 I Detox   : Network is busy, with 2 in-flight calls
09-22 18:09:59.913  9291  9291 I Detox   : Network is busy, with 2 in-flight calls
09-22 18:10:00.063  9291  9291 I chatty  : uid=10147(so.onekey.app.wallet.dev) identical 58 lines
09-22 18:10:00.063  9291  9291 I Detox   : Network is busy, with 2 in-flight calls
09-22 18:10:00.080  9291  9291 I Detox   : Network is busy, with 2 in-flight calls
09-22 18:10:00.480  9291  9291 I chatty  : uid=10147(so.onekey.app.wallet.dev) identical 148 lines
09-22 18:10:00.480  9291  9291 I Detox   : Network is busy, with 2 in-flight calls
09-22 18:10:00.496  9291  9291 I Detox   : Network is busy, with 2 in-flight calls
09-22 18:10:01.533  9291  9291 I chatty  : uid=10147(so.onekey.app.wallet.dev) identical 376 lines
09-22 18:10:01.533  9291  9291 I Detox   : Network is busy, with 2 in-flight calls
09-22 18:10:01.533  9291  9291 W UiControllerImpl: Waiting for: DYNAMIC_TASKS_HAVE_IDLED for 2300 iterations.
09-22 18:10:01.549  9291  9291 I Detox   : Network is busy, with 2 in-flight calls
09-22 18:10:01.916  9291  9291 I chatty  : uid=10147(so.onekey.app.wallet.dev) identical 136 lines
09-22 18:10:01.916  9291  9291 I Detox   : Network is busy, with 2 in-flight calls
09-22 18:10:01.930  9291  9291 I Detox   : Network is busy, with 2 in-flight calls
09-22 18:10:02.333  9291  9291 I chatty  : uid=10147(so.onekey.app.wallet.dev) identical 148 lines
09-22 18:10:02.333  9291  9291 I Detox   : Network is busy, with 2 in-flight calls
09-22 18:10:02.333  9291  9291 W UiControllerImpl: Waiting for: DYNAMIC_TASKS_HAVE_IDLED for 2400 iterations.
09-22 18:10:02.350  9291  9291 I Detox   : Network is busy, with 2 in-flight calls
09-22 18:10:02.981  9291  9291 I chatty  : uid=10147(so.onekey.app.wallet.dev) identical 233 lines
09-22 18:10:02.987  9291  9291 I Detox   : Network is busy, with 2 in-flight calls
09-22 18:10:02.987  9291  9291 W IdlingPolicy: These resources are not idle: [com.wix.detox.reactnative.idlingresources.NetworkIdlingResource]
09-22 18:10:02.997  9291  9291 I Detox   : Network is busy, with 2 in-flight calls
09-22 18:10:03.134  9291  9291 I chatty  : uid=10147(so.onekey.app.wallet.dev) identical 61 lines
09-22 18:10:03.134  9291  9291 I Detox   : Network is busy, with 2 in-flight calls
09-22 18:10:03.135  9291  9291 W UiControllerImpl: Waiting for: DYNAMIC_TASKS_HAVE_IDLED for 2500 iterations.
09-22 18:10:03.148  9291  9291 I Detox   : Network is busy, with 2 in-flight calls
09-22 18:10:03.930  9291  9291 I chatty  : uid=10147(so.onekey.app.wallet.dev) identical 334 lines
09-22 18:10:03.930  9291  9291 I Detox   : Network is busy, with 2 in-flight calls
09-22 18:10:03.947  9291  9291 I Detox   : Network is busy, with 2 in-flight calls
