09-22 19:39:50.299 13946 13946 I Detox   : Network is busy, with 4 in-flight calls
09-22 19:39:50.303 13946 13946 I Detox   : UIManagerModule is busy
09-22 19:39:50.304 13946 13946 I Detox   : AnimatedModule is busy.
09-22 19:39:50.308 13946 14095 I DetoxWSClient: Sending out action 'currentStatusResult' (ID #1)
09-22 19:39:50.310 13946 14095 I DetoxDispatcher: Done with action 'currentStatus'
09-22 19:39:50.341 13946 14161 W JIGUANG-JUnionAd: [InAppHelper] not allowed install apk by system
09-22 19:39:50.342 13946 14189 E JIGUANG-JCore: [CheckManifestHelper] errorcode:1008,Invalid appKey : 1, Please get your Appkey from JIGUANG web console!
09-22 19:39:50.351 13946 14204 W .app.wallet.de: Accessing hidden method Lsun/misc/Unsafe;->getObject(Ljava/lang/Object;J)Ljava/lang/Object; (greylist, linking, allowed)
09-22 19:39:50.351 13946 14080 W .app.wallet.de: Accessing hidden method Lsun/misc/Unsafe;->getObject(Ljava/lang/Object;J)Ljava/lang/Object; (greylist, linking, allowed)
09-22 19:39:50.351 13946 14080 I chatty  : uid=10159(so.onekey.app.wallet.dev) pool-3-thread-1 identical 1 line
09-22 19:39:50.352 13946 14080 W .app.wallet.de: Accessing hidden method Lsun/misc/Unsafe;->getObject(Ljava/lang/Object;J)Ljava/lang/Object; (greylist, linking, allowed)
09-22 19:39:50.352 13946 14080 W .app.wallet.de: Accessing hidden method Lsun/misc/Unsafe;->getLong(Ljava/lang/Object;J)J (greylist,core-platform-api, linking, allowed)
09-22 19:39:50.352 13946 14080 W .app.wallet.de: Accessing hidden method Lsun/misc/Unsafe;->getObject(Ljava/lang/Object;J)Ljava/lang/Object; (greylist, linking, allowed)
09-22 19:39:50.353 13946 14080 W .app.wallet.de: Accessing hidden method Lsun/misc/Unsafe;->getLong(Ljava/lang/Object;J)J (greylist,core-platform-api, linking, allowed)
09-22 19:39:50.353 13946 14080 W .app.wallet.de: Accessing hidden method Lsun/misc/Unsafe;->putInt(Ljava/lang/Object;JI)V (greylist, linking, allowed)
09-22 19:39:50.360 13946 13946 I Detox   : Network is busy, with 3 in-flight calls
09-22 19:39:50.360 13946 13946 I Detox   : UIManagerModule is busy
09-22 19:39:50.436 13946 14161 W JIGUANG-JPush: [AsusPushHelper] AndroidManifest.xml missing receiver extends asus's AsusPushMessageReceiver
09-22 19:39:50.449 13946 13946 I Detox   : Network is busy, with 4 in-flight calls
09-22 19:39:50.493 13946 13946 I Detox   : Network is busy, with 4 in-flight calls
09-22 19:39:50.561 13946 13946 I Detox   : Network is busy, with 4 in-flight calls
09-22 19:39:50.565 13946 13946 I chatty  : uid=10159(so.onekey.app.wallet.dev) identical 1 line
09-22 19:39:50.567 13946 13946 I Detox   : Network is busy, with 4 in-flight calls
09-22 19:39:50.586 13946 13946 I Detox   : Network is busy, with 4 in-flight calls
09-22 19:39:50.616 13946 13946 I chatty  : uid=10159(so.onekey.app.wallet.dev) identical 4 lines
09-22 19:39:50.616 13946 13946 I Detox   : Network is busy, with 4 in-flight calls
09-22 19:39:50.625 13946 13959 I .app.wallet.de: Background concurrent copying GC freed 60461(2911KB) AllocSpace objects, 23(1228KB) LOS objects, 22% free, 21MB/27MB, paused 249us total 188.899ms
09-22 19:39:50.627 13946 13961 W System  : A resource failed to call destroy. 
09-22 19:39:50.631 13946 13946 I Detox   : Network is busy, with 4 in-flight calls
09-22 19:39:50.997 13946 13946 I chatty  : uid=10159(so.onekey.app.wallet.dev) identical 44 lines
09-22 19:39:50.997 13946 13946 I Detox   : Network is busy, with 4 in-flight calls
09-22 19:39:50.997 13946 14207 W .app.wallet.de: Accessing hidden method Lsun/misc/Unsafe;->getObject(Ljava/lang/Object;J)Ljava/lang/Object; (greylist, linking, allowed)
09-22 19:39:50.999 13946 14080 W .app.wallet.de: Accessing hidden method Lsun/misc/Unsafe;->getObject(Ljava/lang/Object;J)Ljava/lang/Object; (greylist, linking, allowed)
09-22 19:39:50.999 13946 14080 W .app.wallet.de: Accessing hidden method Lsun/misc/Unsafe;->putInt(Ljava/lang/Object;JI)V (greylist, linking, allowed)
09-22 19:39:50.999 13946 14080 W .app.wallet.de: Accessing hidden method Lsun/misc/Unsafe;->getObject(Ljava/lang/Object;J)Ljava/lang/Object; (greylist, linking, allowed)
09-22 19:39:50.999 13946 14080 W .app.wallet.de: Accessing hidden method Lsun/misc/Unsafe;->getObject(Ljava/lang/Object;J)Ljava/lang/Object; (greylist, linking, allowed)
09-22 19:39:51.000 13946 14080 W .app.wallet.de: Accessing hidden method Lsun/misc/Unsafe;->getLong(Ljava/lang/Object;J)J (greylist,core-platform-api, linking, allowed)
09-22 19:39:51.000 13946 14080 W .app.wallet.de: Accessing hidden method Lsun/misc/Unsafe;->getObject(Ljava/lang/Object;J)Ljava/lang/Object; (greylist, linking, allowed)
09-22 19:39:51.000 13946 14080 W .app.wallet.de: Accessing hidden method Lsun/misc/Unsafe;->putInt(Ljava/lang/Object;JI)V (greylist, linking, allowed)
09-22 19:39:51.013 13946 13946 I Detox   : Network is busy, with 3 in-flight calls
09-22 19:39:51.047 13946 13946 I chatty  : uid=10159(so.onekey.app.wallet.dev) identical 4 lines
09-22 19:39:51.047 13946 13946 I Detox   : Network is busy, with 3 in-flight calls
09-22 19:39:51.064 13946 13998 W System  : Ignoring header If-None-Match because its value was null.
09-22 19:39:51.064 13946 13946 I Detox   : Network is busy, with 3 in-flight calls
09-22 19:39:51.081 13946 13946 I chatty  : uid=10159(so.onekey.app.wallet.dev) identical 2 lines
09-22 19:39:51.081 13946 13946 I Detox   : Network is busy, with 3 in-flight calls
09-22 19:39:51.098 13946 13946 I Detox   : Network is busy, with 3 in-flight calls
09-22 19:39:51.231 13946 13946 I chatty  : uid=10159(so.onekey.app.wallet.dev) identical 16 lines
09-22 19:39:51.231 13946 13946 I Detox   : Network is busy, with 3 in-flight calls
09-22 19:39:51.231 13946 13946 W UiControllerImpl: Waiting for: DYNAMIC_TASKS_HAVE_IDLED for 100 iterations.
09-22 19:39:51.247 13946 13946 I Detox   : Network is busy, with 3 in-flight calls
09-22 19:39:51.347 13946 13946 I chatty  : uid=10159(so.onekey.app.wallet.dev) identical 12 lines
09-22 19:39:51.347 13946 13946 I Detox   : Network is busy, with 3 in-flight calls
09-22 19:39:51.356 13946 14203 W .app.wallet.de: Accessing hidden method Lsun/misc/Unsafe;->getObject(Ljava/lang/Object;J)Ljava/lang/Object; (greylist, linking, allowed)
09-22 19:39:51.359 13946 14080 W .app.wallet.de: Accessing hidden method Lsun/misc/Unsafe;->getObject(Ljava/lang/Object;J)Ljava/lang/Object; (greylist, linking, allowed)
09-22 19:39:51.359 13946 14080 W .app.wallet.de: Accessing hidden method Lsun/misc/Unsafe;->putInt(Ljava/lang/Object;JI)V (greylist, linking, allowed)
09-22 19:39:51.359 13946 14080 W .app.wallet.de: Accessing hidden method Lsun/misc/Unsafe;->getObject(Ljava/lang/Object;J)Ljava/lang/Object; (greylist, linking, allowed)
09-22 19:39:51.361 13946 14080 W .app.wallet.de: Accessing hidden method Lsun/misc/Unsafe;->getObject(Ljava/lang/Object;J)Ljava/lang/Object; (greylist, linking, allowed)
09-22 19:39:51.361 13946 14080 W .app.wallet.de: Accessing hidden method Lsun/misc/Unsafe;->getLong(Ljava/lang/Object;J)J (greylist,core-platform-api, linking, allowed)
09-22 19:39:51.361 13946 14080 W .app.wallet.de: Accessing hidden method Lsun/misc/Unsafe;->getObject(Ljava/lang/Object;J)Ljava/lang/Object; (greylist, linking, allowed)
09-22 19:39:51.361 13946 14080 W .app.wallet.de: Accessing hidden method Lsun/misc/Unsafe;->putInt(Ljava/lang/Object;JI)V (greylist, linking, allowed)
09-22 19:39:51.364 13946 13946 I Detox   : Network is busy, with 3 in-flight calls
09-22 19:39:51.381 13946 13946 I chatty  : uid=10159(so.onekey.app.wallet.dev) identical 2 lines
09-22 19:39:51.381 13946 13946 I Detox   : Network is busy, with 3 in-flight calls
09-22 19:39:51.397 13946 13946 I Detox   : Network is busy, with 2 in-flight calls
09-22 19:39:52.330 13946 13946 I chatty  : uid=10159(so.onekey.app.wallet.dev) identical 108 lines
09-22 19:39:52.330 13946 13946 I Detox   : Network is busy, with 2 in-flight calls
09-22 19:39:52.342 13946 14110 E ReactNativeJS: { context: 'core' }, { context: 'core/relayer' }, [Error: WebSocket connection failed for URL: wss://relay.walletconnect.com?auth=eyJhbGciOiJFZERTQSIsInR5cCI6IkpXVCJ9.eyJpc3MiOiJkaWQ6a2V5Ono2TWtmaHR5S2pManZxZkxOeGZMYXNLeTRpSk51OXFLemdlV3R4NUdGOTVFMUFQdyIsInN1YiI6IjJlNmRhZDQ4NmQ2YWFlYzFlOTA2OTFhMjQ1NGNjMjk5NDU0Y2NiOTE1Y2IwN2MzOWNiNGVhZDE2ODMxZGM2NDUiLCJhdWQiOiJ3c3M6Ly9yZWxheS53YWxsZXRjb25uZWN0LmNvbSIsImlhdCI6MTY5NTM4Mjc5MCwiZXhwIjoxNjk1NDY5MTkwfQ.7qr8BhkdvV7FFG2lhmBRfnFLLndQBNman1W2hUSngpCHJl8XHDVSJUZk3EBcIpBs11-fHsFkvuH8IDSmoJRJAQ&projectId=5e21f5018bfdeb78af03187a432a301d&ua=wc-2%2Fjs-2.7.3%2Funknown-%2Freact-native&useOnCloseEvent=true]
09-22 19:39:52.347 13946 13946 I Detox   : Network is busy, with 2 in-flight calls
09-22 19:39:52.347 13946 13946 I Detox   : Network is busy, with 2 in-flight calls
09-22 19:39:52.350 13946 14110 E ReactNativeJS: { context: 'core' }, 'WebSocket connection failed for URL: wss://relay.walletconnect.com?auth=eyJhbGciOiJFZERTQSIsInR5cCI6IkpXVCJ9.eyJpc3MiOiJkaWQ6a2V5Ono2TWtmaHR5S2pManZxZkxOeGZMYXNLeTRpSk51OXFLemdlV3R4NUdGOTVFMUFQdyIsInN1YiI6IjJlNmRhZDQ4NmQ2YWFlYzFlOTA2OTFhMjQ1NGNjMjk5NDU0Y2NiOTE1Y2IwN2MzOWNiNGVhZDE2ODMxZGM2NDUiLCJhdWQiOiJ3c3M6Ly9yZWxheS53YWxsZXRjb25uZWN0LmNvbSIsImlhdCI6MTY5NTM4Mjc5MCwiZXhwIjoxNjk1NDY5MTkwfQ.7qr8BhkdvV7FFG2lhmBRfnFLLndQBNman1W2hUSngpCHJl8XHDVSJUZk3EBcIpBs11-fHsFkvuH8IDSmoJRJAQ&projectId=5e21f5018bfdeb78af03187a432a301d&ua=wc-2%2Fjs-2.7.3%2Funknown-%2Freact-native&useOnCloseEvent=true'
09-22 19:39:52.352 13946 14110 E ReactNativeJS: { context: 'client' }, 'WebSocket connection failed for URL: wss://relay.walletconnect.com?auth=eyJhbGciOiJFZERTQSIsInR5cCI6IkpXVCJ9.eyJpc3MiOiJkaWQ6a2V5Ono2TWtmaHR5S2pManZxZkxOeGZMYXNLeTRpSk51OXFLemdlV3R4NUdGOTVFMUFQdyIsInN1YiI6IjJlNmRhZDQ4NmQ2YWFlYzFlOTA2OTFhMjQ1NGNjMjk5NDU0Y2NiOTE1Y2IwN2MzOWNiNGVhZDE2ODMxZGM2NDUiLCJhdWQiOiJ3c3M6Ly9yZWxheS53YWxsZXRjb25uZWN0LmNvbSIsImlhdCI6MTY5NTM4Mjc5MCwiZXhwIjoxNjk1NDY5MTkwfQ.7qr8BhkdvV7FFG2lhmBRfnFLLndQBNman1W2hUSngpCHJl8XHDVSJUZk3EBcIpBs11-fHsFkvuH8IDSmoJRJAQ&projectId=5e21f5018bfdeb78af03187a432a301d&ua=wc-2%2Fjs-2.7.3%2Funknown-%2Freact-native&useOnCloseEvent=true'
09-22 19:39:52.352 13946 14110 E ReactNativeJS: { context: 'core' }, 'WebSocket connection failed for URL: wss://relay.walletconnect.com?auth=eyJhbGciOiJFZERTQSIsInR5cCI6IkpXVCJ9.eyJpc3MiOiJkaWQ6a2V5Ono2TWtmaHR5S2pManZxZkxOeGZMYXNLeTRpSk51OXFLemdlV3R4NUdGOTVFMUFQdyIsInN1YiI6IjJlNmRhZDQ4NmQ2YWFlYzFlOTA2OTFhMjQ1NGNjMjk5NDU0Y2NiOTE1Y2IwN2MzOWNiNGVhZDE2ODMxZGM2NDUiLCJhdWQiOiJ3c3M6Ly9yZWxheS53YWxsZXRjb25uZWN0LmNvbSIsImlhdCI6MTY5NTM4Mjc5MCwiZXhwIjoxNjk1NDY5MTkwfQ.7qr8BhkdvV7FFG2lhmBRfnFLLndQBNman1W2hUSngpCHJl8XHDVSJUZk3EBcIpBs11-fHsFkvuH8IDSmoJRJAQ&projectId=5e21f5018bfdeb78af03187a432a301d&ua=wc-2%2Fjs-2.7.3%2Funknown-%2Freact-native&useOnCloseEvent=true'
09-22 19:39:52.353 13946 14110 E ReactNativeJS: 'createWeb3WalletV2 ERROR:', [Error: WebSocket connection failed for URL: wss://relay.walletconnect.com?auth=eyJhbGciOiJFZERTQSIsInR5cCI6IkpXVCJ9.eyJpc3MiOiJkaWQ6a2V5Ono2TWtmaHR5S2pManZxZkxOeGZMYXNLeTRpSk51OXFLemdlV3R4NUdGOTVFMUFQdyIsInN1YiI6IjJlNmRhZDQ4NmQ2YWFlYzFlOTA2OTFhMjQ1NGNjMjk5NDU0Y2NiOTE1Y2IwN2MzOWNiNGVhZDE2ODMxZGM2NDUiLCJhdWQiOiJ3c3M6Ly9yZWxheS53YWxsZXRjb25uZWN0LmNvbSIsImlhdCI6MTY5NTM4Mjc5MCwiZXhwIjoxNjk1NDY5MTkwfQ.7qr8BhkdvV7FFG2lhmBRfnFLLndQBNman1W2hUSngpCHJl8XHDVSJUZk3EBcIpBs11-fHsFkvuH8IDSmoJRJAQ&projectId=5e21f5018bfdeb78af03187a432a301d&ua=wc-2%2Fjs-2.7.3%2Funknown-%2Freact-native&useOnCloseEvent=true]
09-22 19:39:52.355 13946 14111 E unknown:ReactNative: console.error: {"context":"core"} {"context":"core/relayer"} Error: WebSocket connection failed for URL: wss://relay.walletconnect.com?auth=eyJhbGciOiJFZERTQSIsInR5cCI6IkpXVCJ9.eyJpc3MiOiJkaWQ6a2V5Ono2TWtmaHR5S2pManZxZkxOeGZMYXNLeTRpSk51OXFLemdlV3R4NUdGOTVFMUFQdyIsInN1YiI6IjJlNmRhZDQ4NmQ2YWFlYzFlOTA2OTFhMjQ1NGNjMjk5NDU0Y2NiOTE1Y2IwN2MzOWNiNGVhZDE2ODMxZGM2NDUiLCJhdWQiOiJ3c3M6Ly9yZWxheS53YWxsZXRjb25uZWN0LmNvbSIsImlhdCI6MTY5NTM4Mjc5MCwiZXhwIjoxNjk1NDY5MTkwfQ.7qr8BhkdvV7FFG2lhmBRfnFLLndQBNman1W2hUSngpCHJl8XHDVSJUZk3EBcIpBs11-fHsFkvuH8IDSmoJRJAQ&projectId=5e21f5018bfdeb78af03187a432a301d&ua=wc-2%2Fjs-2.7.3%2Funknown-%2Freact-native&useOnCloseEvent=true, js engine: v8, stack:
09-22 19:39:52.355 13946 14111 E unknown:ReactNative: p@50:240
09-22 19:39:52.355 13946 14111 E unknown:ReactNative: p@50:355
09-22 19:39:52.355 13946 14111 E unknown:ReactNative: new s@48:362
09-22 19:39:52.355 13946 14111 E unknown:ReactNative: f.<anonymous>@42:1043
09-22 19:39:52.355 13946 14111 E unknown:ReactNative: new f@42:1221
09-22 19:39:52.355 13946 14111 E unknown:ReactNative: b@42:2420
09-22 19:39:52.355 13946 14111 E unknown:ReactNative: Object.error@512:1745
09-22 19:39:52.355 13946 14111 E unknown:ReactNative: Object.error@8067:3297
09-22 19:39:52.355 13946 14111 E unknown:ReactNative: Object.error@8067:4311
09-22 19:39:52.355 13946 14111 E unknown:ReactNative: Object.error@8067:4311
09-22 19:39:52.363 13946 13946 I Detox   : Network is busy, with 2 in-flight calls
09-22 19:39:52.363 13946 13946 I Detox   : Network is busy, with 2 in-flight calls
09-22 19:39:52.367 13946 14111 E unknown:ReactNative: console.error: {"context":"core"} WebSocket connection failed for URL: wss://relay.walletconnect.com?auth=eyJhbGciOiJFZERTQSIsInR5cCI6IkpXVCJ9.eyJpc3MiOiJkaWQ6a2V5Ono2TWtmaHR5S2pManZxZkxOeGZMYXNLeTRpSk51OXFLemdlV3R4NUdGOTVFMUFQdyIsInN1YiI6IjJlNmRhZDQ4NmQ2YWFlYzFlOTA2OTFhMjQ1NGNjMjk5NDU0Y2NiOTE1Y2IwN2MzOWNiNGVhZDE2ODMxZGM2NDUiLCJhdWQiOiJ3c3M6Ly9yZWxheS53YWxsZXRjb25uZWN0LmNvbSIsImlhdCI6MTY5NTM4Mjc5MCwiZXhwIjoxNjk1NDY5MTkwfQ.7qr8BhkdvV7FFG2lhmBRfnFLLndQBNman1W2hUSngpCHJl8XHDVSJUZk3EBcIpBs11-fHsFkvuH8IDSmoJRJAQ&projectId=5e21f5018bfdeb78af03187a432a301d&ua=wc-2%2Fjs-2.7.3%2Funknown-%2Freact-native&useOnCloseEvent=true, js engine: v8, stack:
09-22 19:39:52.367 13946 14111 E unknown:ReactNative: p@50:240
09-22 19:39:52.367 13946 14111 E unknown:ReactNative: p@50:355
09-22 19:39:52.367 13946 14111 E unknown:ReactNative: new s@48:362
09-22 19:39:52.367 13946 14111 E unknown:ReactNative: f.<anonymous>@42:1043
09-22 19:39:52.367 13946 14111 E unknown:ReactNative: new f@42:1221
09-22 19:39:52.367 13946 14111 E unknown:ReactNative: b@42:2420
09-22 19:39:52.367 13946 14111 E unknown:ReactNative: Object.error@512:1745
09-22 19:39:52.367 13946 14111 E unknown:ReactNative: Object.error@8067:3297
09-22 19:39:52.367 13946 14111 E unknown:ReactNative: Object.error@8067:4311
09-22 19:39:52.367 13946 14111 E unknown:ReactNative: s.<anonymous>@8052:68629
09-22 19:39:52.371 13946 14111 E unknown:ReactNative: console.error: {"context":"client"} WebSocket connection failed for URL: wss://relay.walletconnect.com?auth=eyJhbGciOiJFZERTQSIsInR5cCI6IkpXVCJ9.eyJpc3MiOiJkaWQ6a2V5Ono2TWtmaHR5S2pManZxZkxOeGZMYXNLeTRpSk51OXFLemdlV3R4NUdGOTVFMUFQdyIsInN1YiI6IjJlNmRhZDQ4NmQ2YWFlYzFlOTA2OTFhMjQ1NGNjMjk5NDU0Y2NiOTE1Y2IwN2MzOWNiNGVhZDE2ODMxZGM2NDUiLCJhdWQiOiJ3c3M6Ly9yZWxheS53YWxsZXRjb25uZWN0LmNvbSIsImlhdCI6MTY5NTM4Mjc5MCwiZXhwIjoxNjk1NDY5MTkwfQ.7qr8BhkdvV7FFG2lhmBRfnFLLndQBNman1W2hUSngpCHJl8XHDVSJUZk3EBcIpBs11-fHsFkvuH8IDSmoJRJAQ&projectId=5e21f5018bfdeb78af03187a432a301d&ua=wc-2%2Fjs-2.7.3%2Funknown-%2Freact-native&useOnCloseEvent=true, js engine: v8, stack:
09-22 19:39:52.371 13946 14111 E unknown:ReactNative: p@50:240
09-22 19:39:52.371 13946 14111 E unknown:ReactNative: p@50:355
09-22 19:39:52.371 13946 14111 E unknown:ReactNative: new s@48:362
09-22 19:39:52.371 13946 14111 E unknown:ReactNative: f.<anonymous>@42:1043
09-22 19:39:52.371 13946 14111 E unknown:ReactNative: new f@42:1221
09-22 19:39:52.371 13946 14111 E unknown:ReactNative: b@42:2420
09-22 19:39:52.371 13946 14111 E unknown:ReactNative: Object.error@512:1745
09-22 19:39:52.371 13946 14111 E unknown:ReactNative: Object.error@8067:3297
09-22 19:39:52.371 13946 14111 E unknown:ReactNative: Object.error@8067:4311
09-22 19:39:52.371 13946 14111 E unknown:ReactNative: d.<anonymous>@8113:32589
09-22 19:39:52.373 13946 14111 E unknown:ReactNative: console.error: {"context":"core"} WebSocket connection failed for URL: wss://relay.walletconnect.com?auth=eyJhbGciOiJFZERTQSIsInR5cCI6IkpXVCJ9.eyJpc3MiOiJkaWQ6a2V5Ono2TWtmaHR5S2pManZxZkxOeGZMYXNLeTRpSk51OXFLemdlV3R4NUdGOTVFMUFQdyIsInN1YiI6IjJlNmRhZDQ4NmQ2YWFlYzFlOTA2OTFhMjQ1NGNjMjk5NDU0Y2NiOTE1Y2IwN2MzOWNiNGVhZDE2ODMxZGM2NDUiLCJhdWQiOiJ3c3M6Ly9yZWxheS53YWxsZXRjb25uZWN0LmNvbSIsImlhdCI6MTY5NTM4Mjc5MCwiZXhwIjoxNjk1NDY5MTkwfQ.7qr8BhkdvV7FFG2lhmBRfnFLLndQBNman1W2hUSngpCHJl8XHDVSJUZk3EBcIpBs11-fHsFkvuH8IDSmoJRJAQ&projectId=5e21f5018bfdeb78af03187a432a301d&ua=wc-2%2Fjs-2.7.3%2Funknown-%2Freact-native&useOnCloseEvent=true, js engine: v8, stack:
09-22 19:39:52.373 13946 14111 E unknown:ReactNative: p@50:240
09-22 19:39:52.373 13946 14111 E unknown:ReactNative: p@50:355
09-22 19:39:52.373 13946 14111 E unknown:ReactNative: new s@48:362
09-22 19:39:52.373 13946 14111 E unknown:ReactNative: f.<anonymous>@42:1043
09-22 19:39:52.373 13946 14111 E unknown:ReactNative: new f@42:1221
09-22 19:39:52.373 13946 14111 E unknown:ReactNative: b@42:2420
09-22 19:39:52.373 13946 14111 E unknown:ReactNative: Object.error@512:1745
09-22 19:39:52.373 13946 14111 E unknown:ReactNative: Object.error@8067:3297
09-22 19:39:52.373 13946 14111 E unknown:ReactNative: Object.error@8067:4311
09-22 19:39:52.373 13946 14111 E unknown:ReactNative: l.<anonymous>@8106:12485
09-22 19:39:52.375 13946 14111 E unknown:ReactNative: console.error: createWeb3WalletV2 ERROR: Error: WebSocket connection failed for URL: wss://relay.walletconnect.com?auth=eyJhbGciOiJFZERTQSIsInR5cCI6IkpXVCJ9.eyJpc3MiOiJkaWQ6a2V5Ono2TWtmaHR5S2pManZxZkxOeGZMYXNLeTRpSk51OXFLemdlV3R4NUdGOTVFMUFQdyIsInN1YiI6IjJlNmRhZDQ4NmQ2YWFlYzFlOTA2OTFhMjQ1NGNjMjk5NDU0Y2NiOTE1Y2IwN2MzOWNiNGVhZDE2ODMxZGM2NDUiLCJhdWQiOiJ3c3M6Ly9yZWxheS53YWxsZXRjb25uZWN0LmNvbSIsImlhdCI6MTY5NTM4Mjc5MCwiZXhwIjoxNjk1NDY5MTkwfQ.7qr8BhkdvV7FFG2lhmBRfnFLLndQBNman1W2hUSngpCHJl8XHDVSJUZk3EBcIpBs11-fHsFkvuH8IDSmoJRJAQ&projectId=5e21f5018bfdeb78af03187a432a301d&ua=wc-2%2Fjs-2.7.3%2Funknown-%2Freact-native&useOnCloseEvent=true, js engine: v8, stack:
09-22 19:39:52.375 13946 14111 E unknown:ReactNative: p@50:240
09-22 19:39:52.375 13946 14111 E unknown:ReactNative: p@50:355
09-22 19:39:52.375 13946 14111 E unknown:ReactNative: new s@48:362
09-22 19:39:52.375 13946 14111 E unknown:ReactNative: f.<anonymous>@42:1043
09-22 19:39:52.375 13946 14111 E unknown:ReactNative: new f@42:1221
09-22 19:39:52.375 13946 14111 E unknown:ReactNative: b@42:2420
09-22 19:39:52.375 13946 14111 E unknown:ReactNative: Object.error@512:1745
09-22 19:39:52.375 13946 14111 E unknown:ReactNative: s.<anonymous>@8050:1585
09-22 19:39:52.375 13946 14111 E unknown:ReactNative: Generator.throw@-1
09-22 19:39:52.375 13946 14111 E unknown:ReactNative: n@353:69
09-22 19:39:52.380 13946 13946 I Detox   : Network is busy, with 2 in-flight calls
09-22 19:39:52.396 13946 13946 I chatty  : uid=10159(so.onekey.app.wallet.dev) identical 2 lines
09-22 19:39:52.396 13946 13946 I Detox   : Network is busy, with 2 in-flight calls
09-22 19:39:52.397 13946 13946 W UiControllerImpl: Waiting for: DYNAMIC_TASKS_HAVE_IDLED for 200 iterations.
09-22 19:39:52.415 13946 13946 I Detox   : Network is busy, with 2 in-flight calls
09-22 19:39:52.580 13946 13946 I chatty  : uid=10159(so.onekey.app.wallet.dev) identical 20 lines
09-22 19:39:52.580 13946 13946 I Detox   : Network is busy, with 2 in-flight calls
09-22 19:39:52.596 13946 13946 I Detox   : Network is busy, with 2 in-flight calls
09-22 19:39:53.214 13946 13946 I chatty  : uid=10159(so.onekey.app.wallet.dev) identical 74 lines
09-22 19:39:53.214 13946 13946 I Detox   : Network is busy, with 2 in-flight calls
09-22 19:39:53.214 13946 13946 W UiControllerImpl: Waiting for: DYNAMIC_TASKS_HAVE_IDLED for 300 iterations.
09-22 19:39:53.230 13946 13946 I Detox   : Network is busy, with 2 in-flight calls
09-22 19:39:54.029 13946 13946 I chatty  : uid=10159(so.onekey.app.wallet.dev) identical 96 lines
09-22 19:39:54.030 13946 13946 I Detox   : Network is busy, with 2 in-flight calls
09-22 19:39:54.030 13946 13946 W UiControllerImpl: Waiting for: DYNAMIC_TASKS_HAVE_IDLED for 400 iterations.
09-22 19:39:54.047 13946 13946 I Detox   : Network is busy, with 2 in-flight calls
09-22 19:39:54.580 13946 13946 I chatty  : uid=10159(so.onekey.app.wallet.dev) identical 64 lines
09-22 19:39:54.580 13946 13946 I Detox   : Network is busy, with 2 in-flight calls
09-22 19:39:54.596 13946 13946 I Detox   : Network is busy, with 2 in-flight calls
09-22 19:39:54.816 13946 13946 I chatty  : uid=10159(so.onekey.app.wallet.dev) identical 26 lines
09-22 19:39:54.816 13946 13946 I Detox   : Network is busy, with 2 in-flight calls
09-22 19:39:54.816 13946 13946 W UiControllerImpl: Waiting for: DYNAMIC_TASKS_HAVE_IDLED for 500 iterations.
09-22 19:39:54.830 13946 13946 I Detox   : Network is busy, with 2 in-flight calls
09-22 19:39:55.183 13946 13946 I chatty  : uid=10159(so.onekey.app.wallet.dev) identical 42 lines
09-22 19:39:55.183 13946 13946 I Detox   : Network is busy, with 2 in-flight calls
09-22 19:39:55.196 13946 13946 I Detox   : Network is busy, with 2 in-flight calls
09-22 19:39:55.566 13946 13946 I chatty  : uid=10159(so.onekey.app.wallet.dev) identical 45 lines
09-22 19:39:55.568 13946 13946 I Detox   : Network is busy, with 2 in-flight calls
09-22 19:39:55.568 13946 13946 W IdlingPolicy: These resources are not idle: [com.wix.detox.reactnative.idlingresources.NetworkIdlingResource]
09-22 19:39:55.583 13946 13946 I Detox   : Network is busy, with 2 in-flight calls
09-22 19:39:55.597 13946 13946 I chatty  : uid=10159(so.onekey.app.wallet.dev) identical 4 lines
09-22 19:39:55.597 13946 13946 I Detox   : Network is busy, with 2 in-flight calls
09-22 19:39:55.598 13946 13946 W UiControllerImpl: Waiting for: DYNAMIC_TASKS_HAVE_IDLED for 600 iterations.
09-22 19:39:55.613 13946 13946 I Detox   : Network is busy, with 2 in-flight calls
09-22 19:39:56.431 13946 13946 I chatty  : uid=10159(so.onekey.app.wallet.dev) identical 148 lines
09-22 19:39:56.431 13946 13946 I Detox   : Network is busy, with 2 in-flight calls
09-22 19:39:56.431 13946 13946 W UiControllerImpl: Waiting for: DYNAMIC_TASKS_HAVE_IDLED for 700 iterations.
09-22 19:39:56.447 13946 13946 I Detox   : Network is busy, with 2 in-flight calls
09-22 19:39:56.596 13946 13946 I chatty  : uid=10159(so.onekey.app.wallet.dev) identical 28 lines
09-22 19:39:56.596 13946 13946 I Detox   : Network is busy, with 2 in-flight calls
09-22 19:39:56.613 13946 13946 I Detox   : Network is busy, with 2 in-flight calls
09-22 19:39:57.230 13946 13946 I chatty  : uid=10159(so.onekey.app.wallet.dev) identical 112 lines
09-22 19:39:57.230 13946 13946 I Detox   : Network is busy, with 2 in-flight calls
09-22 19:39:57.230 13946 13946 W UiControllerImpl: Waiting for: DYNAMIC_TASKS_HAVE_IDLED for 800 iterations.
09-22 19:39:57.247 13946 13946 I Detox   : Network is busy, with 2 in-flight calls
09-22 19:39:58.066 13946 13946 I chatty  : uid=10159(so.onekey.app.wallet.dev) identical 148 lines
09-22 19:39:58.066 13946 13946 I Detox   : Network is busy, with 2 in-flight calls
09-22 19:39:58.067 13946 13946 W UiControllerImpl: Waiting for: DYNAMIC_TASKS_HAVE_IDLED for 900 iterations.
09-22 19:39:58.080 13946 13946 I Detox   : Network is busy, with 2 in-flight calls
09-22 19:39:58.612 13946 13946 I chatty  : uid=10159(so.onekey.app.wallet.dev) identical 97 lines
09-22 19:39:58.612 13946 13946 I Detox   : Network is busy, with 2 in-flight calls
09-22 19:39:58.630 13946 13946 I Detox   : Network is busy, with 2 in-flight calls
09-22 19:39:58.900 13946 13946 I chatty  : uid=10159(so.onekey.app.wallet.dev) identical 49 lines
09-22 19:39:58.900 13946 13946 I Detox   : Network is busy, with 2 in-flight calls
09-22 19:39:58.900 13946 13946 W UiControllerImpl: Waiting for: DYNAMIC_TASKS_HAVE_IDLED for 1000 iterations.
09-22 19:39:58.913 13946 13946 I Detox   : Network is busy, with 2 in-flight calls
09-22 19:39:59.130 13946 13946 I chatty  : uid=10159(so.onekey.app.wallet.dev) identical 40 lines
09-22 19:39:59.130 13946 13946 I Detox   : Network is busy, with 2 in-flight calls
09-22 19:39:59.146 13946 13946 I Detox   : Network is busy, with 2 in-flight calls
09-22 19:39:59.163 13946 13946 I chatty  : uid=10159(so.onekey.app.wallet.dev) identical 4 lines
09-22 19:39:59.163 13946 13946 I Detox   : Network is busy, with 2 in-flight calls
09-22 19:39:59.179 13946 13946 I Detox   : Network is busy, with 2 in-flight calls
09-22 19:39:59.350 13946 13946 I chatty  : uid=10159(so.onekey.app.wallet.dev) identical 31 lines
09-22 19:39:59.350 13946 13946 I Detox   : Network is busy, with 2 in-flight calls
09-22 19:39:59.363 13946 13946 I Detox   : Network is busy, with 2 in-flight calls
09-22 19:39:59.733 13946 13946 I chatty  : uid=10159(so.onekey.app.wallet.dev) identical 64 lines
09-22 19:39:59.733 13946 13946 I Detox   : Network is busy, with 2 in-flight calls
09-22 19:39:59.733 13946 13946 W UiControllerImpl: Waiting for: DYNAMIC_TASKS_HAVE_IDLED for 1100 iterations.
09-22 19:39:59.749 13946 13946 I Detox   : Network is busy, with 2 in-flight calls
09-22 19:39:59.864 13946 13946 I chatty  : uid=10159(so.onekey.app.wallet.dev) identical 22 lines
09-22 19:39:59.864 13946 13946 I Detox   : Network is busy, with 2 in-flight calls
09-22 19:39:59.879 13946 13946 I Detox   : Network is busy, with 2 in-flight calls
09-22 19:40:00.549 13946 13946 I chatty  : uid=10159(so.onekey.app.wallet.dev) identical 121 lines
09-22 19:40:00.549 13946 13946 I Detox   : Network is busy, with 2 in-flight calls
09-22 19:40:00.549 13946 13946 W UiControllerImpl: Waiting for: DYNAMIC_TASKS_HAVE_IDLED for 1200 iterations.
09-22 19:40:00.566 13946 13946 I Detox   : Network is busy, with 2 in-flight calls
09-22 19:40:00.567 13946 13946 I chatty  : uid=10159(so.onekey.app.wallet.dev) identical 2 lines
09-22 19:40:00.567 13946 13946 I Detox   : Network is busy, with 2 in-flight calls
09-22 19:40:00.567 13946 13946 W IdlingPolicy: These resources are not idle: [com.wix.detox.reactnative.idlingresources.NetworkIdlingResource]
09-22 19:40:00.580 13946 13946 I Detox   : Network is busy, with 2 in-flight calls
09-22 19:40:00.613 13946 13946 I chatty  : uid=10159(so.onekey.app.wallet.dev) identical 10 lines
09-22 19:40:00.613 13946 13946 I Detox   : Network is busy, with 2 in-flight calls
09-22 19:40:00.630 13946 13946 I Detox   : Network is busy, with 2 in-flight calls
09-22 19:40:01.346 13946 13946 I chatty  : uid=10159(so.onekey.app.wallet.dev) identical 174 lines
09-22 19:40:01.346 13946 13946 I Detox   : Network is busy, with 2 in-flight calls
09-22 19:40:01.346 13946 13946 W UiControllerImpl: Waiting for: DYNAMIC_TASKS_HAVE_IDLED for 1300 iterations.
09-22 19:40:01.366 13946 13946 I Detox   : Network is busy, with 2 in-flight calls
09-22 19:40:02.163 13946 13946 I chatty  : uid=10159(so.onekey.app.wallet.dev) identical 194 lines
09-22 19:40:02.163 13946 13946 I Detox   : Network is busy, with 2 in-flight calls
09-22 19:40:02.164 13946 13946 W UiControllerImpl: Waiting for: DYNAMIC_TASKS_HAVE_IDLED for 1400 iterations.
09-22 19:40:02.179 13946 13946 I Detox   : Network is busy, with 2 in-flight calls
09-22 19:40:02.630 13946 13946 I chatty  : uid=10159(so.onekey.app.wallet.dev) identical 110 lines
09-22 19:40:02.630 13946 13946 I Detox   : Network is busy, with 2 in-flight calls
09-22 19:40:02.646 13946 13946 I Detox   : Network is busy, with 2 in-flight calls
09-22 19:40:02.898 13946 13946 I chatty  : uid=10159(so.onekey.app.wallet.dev) identical 62 lines
09-22 19:40:02.898 13946 13946 I Detox   : Network is busy, with 2 in-flight calls
09-22 19:40:02.913 13946 13946 I Detox   : Network is busy, with 2 in-flight calls
09-22 19:40:02.999 13946 13946 I chatty  : uid=10159(so.onekey.app.wallet.dev) identical 22 lines
09-22 19:40:02.999 13946 13946 I Detox   : Network is busy, with 2 in-flight calls
09-22 19:40:02.999 13946 13946 W UiControllerImpl: Waiting for: DYNAMIC_TASKS_HAVE_IDLED for 1500 iterations.
09-22 19:40:03.013 13946 13946 I Detox   : Network is busy, with 2 in-flight calls
09-22 19:40:03.814 13946 13946 I chatty  : uid=10159(so.onekey.app.wallet.dev) identical 194 lines
09-22 19:40:03.814 13946 13946 I Detox   : Network is busy, with 2 in-flight calls
09-22 19:40:03.814 13946 13946 W UiControllerImpl: Waiting for: DYNAMIC_TASKS_HAVE_IDLED for 1600 iterations.
09-22 19:40:03.831 13946 13946 I Detox   : Network is busy, with 2 in-flight calls
09-22 19:40:04.630 13946 13946 I chatty  : uid=10159(so.onekey.app.wallet.dev) identical 194 lines
09-22 19:40:04.630 13946 13946 I Detox   : Network is busy, with 2 in-flight calls
09-22 19:40:04.646 13946 13946 I Detox   : Network is busy, with 2 in-flight calls
09-22 19:40:04.646 13946 13946 I chatty  : uid=10159(so.onekey.app.wallet.dev) identical 2 lines
09-22 19:40:04.646 13946 13946 I Detox   : Network is busy, with 2 in-flight calls
09-22 19:40:04.647 13946 13946 W UiControllerImpl: Waiting for: DYNAMIC_TASKS_HAVE_IDLED for 1700 iterations.
09-22 19:40:04.663 13946 13946 I Detox   : Network is busy, with 2 in-flight calls
09-22 19:40:05.447 13946 13946 I chatty  : uid=10159(so.onekey.app.wallet.dev) identical 190 lines
09-22 19:40:05.447 13946 13946 I Detox   : Network is busy, with 2 in-flight calls
09-22 19:40:05.448 13946 13946 W UiControllerImpl: Waiting for: DYNAMIC_TASKS_HAVE_IDLED for 1800 iterations.
09-22 19:40:05.464 13946 13946 I Detox   : Network is busy, with 2 in-flight calls
09-22 19:40:05.566 13946 13946 I chatty  : uid=10159(so.onekey.app.wallet.dev) identical 27 lines
09-22 19:40:05.568 13946 13946 I Detox   : Network is busy, with 2 in-flight calls
09-22 19:40:05.568 13946 13946 W IdlingPolicy: These resources are not idle: [com.wix.detox.reactnative.idlingresources.NetworkIdlingResource]
09-22 19:40:05.580 13946 13946 I Detox   : Network is busy, with 2 in-flight calls
09-22 19:40:06.265 13946 13946 I chatty  : uid=10159(so.onekey.app.wallet.dev) identical 208 lines
09-22 19:40:06.265 13946 13946 I Detox   : Network is busy, with 2 in-flight calls
09-22 19:40:06.266 13946 13946 W UiControllerImpl: Waiting for: DYNAMIC_TASKS_HAVE_IDLED for 1900 iterations.
09-22 19:40:06.279 13946 13946 I Detox   : Network is busy, with 2 in-flight calls
09-22 19:40:06.647 13946 13946 I chatty  : uid=10159(so.onekey.app.wallet.dev) identical 113 lines
09-22 19:40:06.647 13946 13946 I Detox   : Network is busy, with 2 in-flight calls
09-22 19:40:06.663 13946 13946 I Detox   : Network is busy, with 2 in-flight calls
09-22 19:40:07.099 13946 13946 I chatty  : uid=10159(so.onekey.app.wallet.dev) identical 133 lines
09-22 19:40:07.099 13946 13946 I Detox   : Network is busy, with 2 in-flight calls
09-22 19:40:07.099 13946 13946 W UiControllerImpl: Waiting for: DYNAMIC_TASKS_HAVE_IDLED for 2000 iterations.
09-22 19:40:07.113 13946 13946 I Detox   : Network is busy, with 2 in-flight calls
09-22 19:40:07.913 13946 13946 I chatty  : uid=10159(so.onekey.app.wallet.dev) identical 243 lines
09-22 19:40:07.913 13946 13946 I Detox   : Network is busy, with 2 in-flight calls
09-22 19:40:07.913 13946 13946 W UiControllerImpl: Waiting for: DYNAMIC_TASKS_HAVE_IDLED for 2100 iterations.
09-22 19:40:07.930 13946 13946 I Detox   : Network is busy, with 2 in-flight calls
09-22 19:40:08.646 13946 13946 I chatty  : uid=10159(so.onekey.app.wallet.dev) identical 213 lines
09-22 19:40:08.646 13946 13946 I Detox   : Network is busy, with 2 in-flight calls
09-22 19:40:08.663 13946 13946 I Detox   : Network is busy, with 2 in-flight calls
09-22 19:40:08.763 13946 13946 I chatty  : uid=10159(so.onekey.app.wallet.dev) identical 33 lines
09-22 19:40:08.763 13946 13946 I Detox   : Network is busy, with 2 in-flight calls
09-22 19:40:08.763 13946 13946 W UiControllerImpl: Waiting for: DYNAMIC_TASKS_HAVE_IDLED for 2200 iterations.
09-22 19:40:08.780 13946 13946 I Detox   : Network is busy, with 2 in-flight calls
09-22 19:40:09.582 13946 13946 I chatty  : uid=10159(so.onekey.app.wallet.dev) identical 243 lines
09-22 19:40:09.582 13946 13946 I Detox   : Network is busy, with 2 in-flight calls
09-22 19:40:09.583 13946 13946 W UiControllerImpl: Waiting for: DYNAMIC_TASKS_HAVE_IDLED for 2300 iterations.
09-22 19:40:09.599 13946 13946 I Detox   : Network is busy, with 2 in-flight calls
09-22 19:40:10.399 13946 13946 I chatty  : uid=10159(so.onekey.app.wallet.dev) identical 243 lines
09-22 19:40:10.399 13946 13946 I Detox   : Network is busy, with 2 in-flight calls
09-22 19:40:10.400 13946 13946 W UiControllerImpl: Waiting for: DYNAMIC_TASKS_HAVE_IDLED for 2400 iterations.
09-22 19:40:10.416 13946 13946 I Detox   : Network is busy, with 2 in-flight calls
09-22 19:40:10.568 13946 13946 I chatty  : uid=10159(so.onekey.app.wallet.dev) identical 49 lines
09-22 19:40:10.568 13946 13946 I Detox   : Network is busy, with 2 in-flight calls
09-22 19:40:10.568 13946 13946 W IdlingPolicy: These resources are not idle: [com.wix.detox.reactnative.idlingresources.NetworkIdlingResource]
09-22 19:40:10.581 13946 13946 I Detox   : Network is busy, with 2 in-flight calls
09-22 19:40:10.664 13946 13946 I chatty  : uid=10159(so.onekey.app.wallet.dev) identical 34 lines
09-22 19:40:10.664 13946 13946 I Detox   : Network is busy, with 2 in-flight calls
09-22 19:40:10.679 13946 13946 I Detox   : Network is busy, with 2 in-flight calls
09-22 19:40:11.231 13946 13946 I chatty  : uid=10159(so.onekey.app.wallet.dev) identical 202 lines
09-22 19:40:11.231 13946 13946 I Detox   : Network is busy, with 2 in-flight calls
09-22 19:40:11.231 13946 13946 W UiControllerImpl: Waiting for: DYNAMIC_TASKS_HAVE_IDLED for 2500 iterations.
09-22 19:40:11.246 13946 13946 I Detox   : Network is busy, with 2 in-flight calls
09-22 19:40:12.047 13946 13946 I chatty  : uid=10159(so.onekey.app.wallet.dev) identical 292 lines
09-22 19:40:12.047 13946 13946 I Detox   : Network is busy, with 2 in-flight calls
09-22 19:40:12.047 13946 13946 W UiControllerImpl: Waiting for: DYNAMIC_TASKS_HAVE_IDLED for 2600 iterations.
09-22 19:40:12.063 13946 13946 I Detox   : Network is busy, with 2 in-flight calls
09-22 19:40:12.680 13946 13946 I chatty  : uid=10159(so.onekey.app.wallet.dev) identical 226 lines
09-22 19:40:12.680 13946 13946 I Detox   : Network is busy, with 2 in-flight calls
09-22 19:40:12.696 13946 13946 I Detox   : Network is busy, with 2 in-flight calls
09-22 19:40:13.697 13946 13946 I chatty  : uid=10159(so.onekey.app.wallet.dev) identical 364 lines
09-22 19:40:13.698 13946 13946 I Detox   : Network is busy, with 2 in-flight calls
09-22 19:40:13.698 13946 13946 W UiControllerImpl: Waiting for: DYNAMIC_TASKS_HAVE_IDLED for 2800 iterations.
09-22 19:40:13.713 13946 13946 I Detox   : Network is busy, with 2 in-flight calls
09-22 19:40:14.533 13946 13946 I chatty  : uid=10159(so.onekey.app.wallet.dev) identical 298 lines
09-22 19:40:14.533 13946 13946 I Detox   : Network is busy, with 2 in-flight calls
09-22 19:40:14.533 13946 13946 W UiControllerImpl: Waiting for: DYNAMIC_TASKS_HAVE_IDLED for 2900 iterations.
09-22 19:40:14.547 13946 13946 I Detox   : Network is busy, with 2 in-flight calls
09-22 19:40:14.680 13946 13946 I chatty  : uid=10159(so.onekey.app.wallet.dev) identical 52 lines
09-22 19:40:14.680 13946 13946 I Detox   : Network is busy, with 2 in-flight calls
09-22 19:40:14.696 13946 13946 I Detox   : Network is busy, with 2 in-flight calls
09-22 19:40:15.214 13946 13946 I chatty  : uid=10159(so.onekey.app.wallet.dev) identical 190 lines
09-22 19:40:15.214 13946 13946 I Detox   : Network is busy, with 2 in-flight calls
09-22 19:40:15.230 13946 13946 I Detox   : Network is busy, with 2 in-flight calls
09-22 19:40:15.332 13946 13946 I chatty  : uid=10159(so.onekey.app.wallet.dev) identical 40 lines
09-22 19:40:15.332 13946 13946 I Detox   : Network is busy, with 2 in-flight calls
09-22 19:40:15.332 13946 13946 W UiControllerImpl: Waiting for: DYNAMIC_TASKS_HAVE_IDLED for 3000 iterations.
09-22 19:40:15.349 13946 13946 I Detox   : Network is busy, with 2 in-flight calls
09-22 19:40:15.565 13946 13946 I chatty  : uid=10159(so.onekey.app.wallet.dev) identical 83 lines
09-22 19:40:15.570 13946 13946 I Detox   : Network is busy, with 2 in-flight calls
09-22 19:40:15.570 13946 13946 W IdlingPolicy: These resources are not idle: [com.wix.detox.reactnative.idlingresources.NetworkIdlingResource]
09-22 19:40:15.581 13946 13946 I Detox   : Network is busy, with 2 in-flight calls
09-22 19:40:16.146 13946 13946 I chatty  : uid=10159(so.onekey.app.wallet.dev) identical 243 lines
09-22 19:40:16.146 13946 13946 I Detox   : Network is busy, with 2 in-flight calls
09-22 19:40:16.147 13946 13946 W UiControllerImpl: Waiting for: DYNAMIC_TASKS_HAVE_IDLED for 3100 iterations.
09-22 19:40:16.164 13946 13946 I Detox   : Network is busy, with 2 in-flight calls
09-22 19:40:16.698 13946 13946 I chatty  : uid=10159(so.onekey.app.wallet.dev) identical 229 lines
09-22 19:40:16.698 13946 13946 I Detox   : Network is busy, with 2 in-flight calls
09-22 19:40:16.713 13946 13946 I Detox   : Network is busy, with 2 in-flight calls
09-22 19:40:16.982 13946 13946 I chatty  : uid=10159(so.onekey.app.wallet.dev) identical 117 lines
09-22 19:40:16.982 13946 13946 I Detox   : Network is busy, with 2 in-flight calls
09-22 19:40:16.982 13946 13946 W UiControllerImpl: Waiting for: DYNAMIC_TASKS_HAVE_IDLED for 3200 iterations.
09-22 19:40:16.996 13946 13946 I Detox   : Network is busy, with 2 in-flight calls
09-22 19:40:17.800 13946 13946 I chatty  : uid=10159(so.onekey.app.wallet.dev) identical 341 lines
09-22 19:40:17.800 13946 13946 I Detox   : Network is busy, with 2 in-flight calls
09-22 19:40:17.800 13946 13946 W UiControllerImpl: Waiting for: DYNAMIC_TASKS_HAVE_IDLED for 3300 iterations.
09-22 19:40:17.813 13946 13946 I Detox   : Network is busy, with 2 in-flight calls
09-22 19:40:18.600 13946 13946 I chatty  : uid=10159(so.onekey.app.wallet.dev) identical 334 lines
09-22 19:40:18.600 13946 13946 I Detox   : Network is busy, with 2 in-flight calls
09-22 19:40:18.613 13946 13946 I Detox   : Network is busy, with 2 in-flight calls
09-22 19:40:18.630 13946 13946 I chatty  : uid=10159(so.onekey.app.wallet.dev) identical 12 lines
09-22 19:40:18.630 13946 13946 I Detox   : Network is busy, with 2 in-flight calls
09-22 19:40:18.631 13946 13946 W UiControllerImpl: Waiting for: DYNAMIC_TASKS_HAVE_IDLED for 3400 iterations.
09-22 19:40:18.647 13946 13946 I Detox   : Network is busy, with 2 in-flight calls
09-22 19:40:18.714 13946 13946 I chatty  : uid=10159(so.onekey.app.wallet.dev) identical 33 lines
09-22 19:40:18.714 13946 13946 I Detox   : Network is busy, with 2 in-flight calls
09-22 19:40:18.730 13946 13946 I Detox   : Network is busy, with 2 in-flight calls
09-22 19:40:19.449 13946 13946 I chatty  : uid=10159(so.onekey.app.wallet.dev) identical 306 lines
09-22 19:40:19.449 13946 13946 I Detox   : Network is busy, with 2 in-flight calls
09-22 19:40:19.449 13946 13946 W UiControllerImpl: Waiting for: DYNAMIC_TASKS_HAVE_IDLED for 3500 iterations.
09-22 19:40:19.466 13946 13946 I Detox   : Network is busy, with 2 in-flight calls
09-22 19:40:19.581 13946 13946 I chatty  : uid=10159(so.onekey.app.wallet.dev) identical 54 lines
09-22 19:40:19.581 13946 13946 I Detox   : Network is busy, with 2 in-flight calls
09-22 19:40:19.598 13946 13946 I Detox   : Network is busy, with 2 in-flight calls
09-22 19:40:20.216 13946 13946 I chatty  : uid=10159(so.onekey.app.wallet.dev) identical 264 lines
09-22 19:40:20.216 13946 13946 I Detox   : Network is busy, with 2 in-flight calls
09-22 19:40:20.216 13946 13946 W UiControllerImpl: Waiting for: DYNAMIC_TASKS_HAVE_IDLED for 3600 iterations.
09-22 19:40:20.229 13946 13946 I Detox   : Network is busy, with 2 in-flight calls
09-22 19:40:20.250 13946 13946 I chatty  : uid=10159(so.onekey.app.wallet.dev) identical 12 lines
09-22 19:40:20.250 13946 13946 I Detox   : Network is busy, with 2 in-flight calls
09-22 19:40:20.263 13946 13946 I Detox   : Network is busy, with 2 in-flight calls
09-22 19:40:20.414 13946 13946 I chatty  : uid=10159(so.onekey.app.wallet.dev) identical 68 lines
09-22 19:40:20.414 13946 13946 I Detox   : Network is busy, with 2 in-flight calls
09-22 19:40:20.420 13946 14204 W .app.wallet.de: Accessing hidden method Lsun/misc/Unsafe;->getObject(Ljava/lang/Object;J)Ljava/lang/Object; (greylist, linking, allowed)
09-22 19:40:20.422 13946 14268 W .app.wallet.de: Accessing hidden method Lsun/misc/Unsafe;->getObject(Ljava/lang/Object;J)Ljava/lang/Object; (greylist, linking, allowed)
09-22 19:40:20.422 13946 14268 W .app.wallet.de: Accessing hidden method Lsun/misc/Unsafe;->putInt(Ljava/lang/Object;JI)V (greylist, linking, allowed)
09-22 19:40:20.422 13946 14268 W .app.wallet.de: Accessing hidden method Lsun/misc/Unsafe;->getObject(Ljava/lang/Object;J)Ljava/lang/Object; (greylist, linking, allowed)
09-22 19:40:20.429 13946 13946 I Detox   : Network is busy, with 2 in-flight calls
09-22 19:40:20.565 13946 13946 I chatty  : uid=10159(so.onekey.app.wallet.dev) identical 62 lines
09-22 19:40:20.571 13946 13946 I Detox   : Network is busy, with 2 in-flight calls
09-22 19:40:20.571 13946 13946 W IdlingPolicy: These resources are not idle: [com.wix.detox.reactnative.idlingresources.NetworkIdlingResource]
09-22 19:40:20.579 13946 13946 I Detox   : Network is busy, with 2 in-flight calls
09-22 19:40:20.730 13946 13946 I chatty  : uid=10159(so.onekey.app.wallet.dev) identical 78 lines
09-22 19:40:20.730 13946 13946 I Detox   : Network is busy, with 2 in-flight calls
09-22 19:40:20.747 13946 13946 I Detox   : Network is busy, with 2 in-flight calls
09-22 19:40:20.996 13946 13946 I chatty  : uid=10159(so.onekey.app.wallet.dev) identical 126 lines
09-22 19:40:20.996 13946 13946 I Detox   : Network is busy, with 2 in-flight calls
09-22 19:40:20.997 13946 13946 W UiControllerImpl: Waiting for: DYNAMIC_TASKS_HAVE_IDLED for 3700 iterations.
09-22 19:40:21.014 13946 13946 I Detox   : Network is busy, with 2 in-flight calls
09-22 19:40:21.815 13946 13946 I chatty  : uid=10159(so.onekey.app.wallet.dev) identical 390 lines
09-22 19:40:21.815 13946 13946 I Detox   : Network is busy, with 2 in-flight calls
09-22 19:40:21.815 13946 13946 W UiControllerImpl: Waiting for: DYNAMIC_TASKS_HAVE_IDLED for 3800 iterations.
09-22 19:40:21.830 13946 13946 I Detox   : Network is busy, with 2 in-flight calls
09-22 19:40:22.650 13946 13946 I chatty  : uid=10159(so.onekey.app.wallet.dev) identical 398 lines
09-22 19:40:22.650 13946 13946 I Detox   : Network is busy, with 2 in-flight calls
09-22 19:40:22.650 13946 13946 W UiControllerImpl: Waiting for: DYNAMIC_TASKS_HAVE_IDLED for 3900 iterations.
09-22 19:40:22.663 13946 13946 I Detox   : Network is busy, with 2 in-flight calls
09-22 19:40:22.730 13946 13946 I chatty  : uid=10159(so.onekey.app.wallet.dev) identical 38 lines
09-22 19:40:22.730 13946 13946 I Detox   : Network is busy, with 2 in-flight calls
09-22 19:40:22.746 13946 13946 I Detox   : Network is busy, with 2 in-flight calls
09-22 19:40:23.464 13946 13946 I chatty  : uid=10159(so.onekey.app.wallet.dev) identical 350 lines
09-22 19:40:23.464 13946 13946 I Detox   : Network is busy, with 2 in-flight calls
09-22 19:40:23.464 13946 13946 W UiControllerImpl: Waiting for: DYNAMIC_TASKS_HAVE_IDLED for 4000 iterations.
09-22 19:40:23.481 13946 13946 I Detox   : Network is busy, with 2 in-flight calls
09-22 19:40:24.297 13946 13946 I chatty  : uid=10159(so.onekey.app.wallet.dev) identical 398 lines
09-22 19:40:24.297 13946 13946 I Detox   : Network is busy, with 2 in-flight calls
09-22 19:40:24.297 13946 13946 W UiControllerImpl: Waiting for: DYNAMIC_TASKS_HAVE_IDLED for 4100 iterations.
09-22 19:40:24.313 13946 13946 I Detox   : Network is busy, with 2 in-flight calls
09-22 19:40:24.666 13946 13946 I chatty  : uid=10159(so.onekey.app.wallet.dev) identical 174 lines
09-22 19:40:24.666 13946 13946 I Detox   : Network is busy, with 2 in-flight calls
09-22 19:40:24.673 13946 14203 W .app.wallet.de: Accessing hidden method Lsun/misc/Unsafe;->getObject(Ljava/lang/Object;J)Ljava/lang/Object; (greylist, linking, allowed)
09-22 19:40:24.675 13946 14268 W .app.wallet.de: Accessing hidden method Lsun/misc/Unsafe;->getObject(Ljava/lang/Object;J)Ljava/lang/Object; (greylist, linking, allowed)
09-22 19:40:24.675 13946 14268 W .app.wallet.de: Accessing hidden method Lsun/misc/Unsafe;->getObject(Ljava/lang/Object;J)Ljava/lang/Object; (greylist, linking, allowed)
09-22 19:40:24.679 13946 13946 I Detox   : Network is busy, with 2 in-flight calls
09-22 19:40:24.748 13946 13946 I chatty  : uid=10159(so.onekey.app.wallet.dev) identical 38 lines
09-22 19:40:24.748 13946 13946 I Detox   : Network is busy, with 2 in-flight calls
09-22 19:40:24.764 13946 13946 I Detox   : Network is busy, with 2 in-flight calls
09-22 19:40:25.097 13946 13946 I chatty  : uid=10159(so.onekey.app.wallet.dev) identical 166 lines
09-22 19:40:25.097 13946 13946 I Detox   : Network is busy, with 2 in-flight calls
09-22 19:40:25.097 13946 13946 W UiControllerImpl: Waiting for: DYNAMIC_TASKS_HAVE_IDLED for 4200 iterations.
09-22 19:40:25.113 13946 13946 I Detox   : Network is busy, with 2 in-flight calls
09-22 19:40:25.564 13946 13946 I chatty  : uid=10159(so.onekey.app.wallet.dev) identical 223 lines
09-22 19:40:25.573 13946 13946 I Detox   : Network is busy, with 2 in-flight calls
09-22 19:40:25.573 13946 13946 W IdlingPolicy: These resources are not idle: [com.wix.detox.reactnative.idlingresources.NetworkIdlingResource]
09-22 19:40:25.580 13946 13946 I Detox   : Network is busy, with 2 in-flight calls
09-22 19:40:25.898 13946 13946 I chatty  : uid=10159(so.onekey.app.wallet.dev) identical 178 lines
09-22 19:40:25.898 13946 13946 I Detox   : Network is busy, with 2 in-flight calls
09-22 19:40:25.898 13946 13946 W UiControllerImpl: Waiting for: DYNAMIC_TASKS_HAVE_IDLED for 4300 iterations.
09-22 19:40:25.913 13946 13946 I Detox   : Network is busy, with 2 in-flight calls
09-22 19:40:26.731 13946 13946 I chatty  : uid=10159(so.onekey.app.wallet.dev) identical 448 lines
09-22 19:40:26.731 13946 13946 I Detox   : Network is busy, with 2 in-flight calls
09-22 19:40:26.731 13946 13946 W UiControllerImpl: Waiting for: DYNAMIC_TASKS_HAVE_IDLED for 4400 iterations.
09-22 19:40:26.746 13946 13946 I Detox   : Network is busy, with 2 in-flight calls
09-22 19:40:26.763 13946 13946 I chatty  : uid=10159(so.onekey.app.wallet.dev) identical 16 lines
09-22 19:40:26.763 13946 13946 I Detox   : Network is busy, with 2 in-flight calls
09-22 19:40:26.779 13946 13946 I Detox   : Network is busy, with 2 in-flight calls
09-22 19:40:27.548 13946 13946 I chatty  : uid=10159(so.onekey.app.wallet.dev) identical 421 lines
09-22 19:40:27.548 13946 13946 I Detox   : Network is busy, with 2 in-flight calls
09-22 19:40:27.548 13946 13946 W UiControllerImpl: Waiting for: DYNAMIC_TASKS_HAVE_IDLED for 4500 iterations.
09-22 19:40:27.564 13946 13946 I Detox   : Network is busy, with 2 in-flight calls
09-22 19:40:28.763 13946 13946 I chatty  : uid=10159(so.onekey.app.wallet.dev) identical 655 lines
09-22 19:40:28.763 13946 13946 I Detox   : Network is busy, with 2 in-flight calls
09-22 19:40:28.780 13946 13946 I Detox   : Network is busy, with 2 in-flight calls
09-22 19:40:30.563 13946 13946 I chatty  : uid=10159(so.onekey.app.wallet.dev) identical 962 lines
09-22 19:40:30.576 13946 13946 I Detox   : Network is busy, with 2 in-flight calls
09-22 19:40:30.576 13946 13946 W IdlingPolicy: These resources are not idle: [com.wix.detox.reactnative.idlingresources.NetworkIdlingResource]
09-22 19:40:30.580 13946 13946 I Detox   : Network is busy, with 2 in-flight calls
09-22 19:40:30.766 13946 13946 I chatty  : uid=10159(so.onekey.app.wallet.dev) identical 118 lines
09-22 19:40:30.766 13946 13946 I Detox   : Network is busy, with 2 in-flight calls
09-22 19:40:30.779 13946 13946 I Detox   : Network is busy, with 2 in-flight calls
09-22 19:40:30.980 13946 13946 I chatty  : uid=10159(so.onekey.app.wallet.dev) identical 128 lines
09-22 19:40:30.980 13946 13946 I Detox   : Network is busy, with 2 in-flight calls
09-22 19:40:30.980 13946 13946 W UiControllerImpl: Waiting for: DYNAMIC_TASKS_HAVE_IDLED for 4900 iterations.
09-22 19:40:30.996 13946 13946 I Detox   : Network is busy, with 2 in-flight calls
09-22 19:40:32.616 13946 13946 I chatty  : uid=10159(so.onekey.app.wallet.dev) identical 978 lines
09-22 19:40:32.616 13946 13946 I Detox   : Network is busy, with 2 in-flight calls
09-22 19:40:32.617 13946 13946 W UiControllerImpl: Waiting for: DYNAMIC_TASKS_HAVE_IDLED for 5100 iterations.
09-22 19:40:32.630 13946 13946 I Detox   : Network is busy, with 2 in-flight calls
09-22 19:40:32.781 13946 13946 I chatty  : uid=10159(so.onekey.app.wallet.dev) identical 98 lines
09-22 19:40:32.781 13946 13946 I Detox   : Network is busy, with 2 in-flight calls
09-22 19:40:32.796 13946 13946 I Detox   : Network is busy, with 2 in-flight calls
09-22 19:40:34.246 13946 13946 I chatty  : uid=10159(so.onekey.app.wallet.dev) identical 878 lines
09-22 19:40:34.246 13946 13946 I Detox   : Network is busy, with 2 in-flight calls
09-22 19:40:34.246 13946 13946 W UiControllerImpl: Waiting for: DYNAMIC_TASKS_HAVE_IDLED for 5300 iterations.
09-22 19:40:34.264 13946 13946 I Detox   : Network is busy, with 2 in-flight calls
09-22 19:40:34.800 13946 13946 I chatty  : uid=10159(so.onekey.app.wallet.dev) identical 328 lines
09-22 19:40:34.800 13946 13946 I Detox   : Network is busy, with 2 in-flight calls
09-22 19:40:34.813 13946 13946 I Detox   : Network is busy, with 2 in-flight calls
09-22 19:40:35.064 13946 13946 I chatty  : uid=10159(so.onekey.app.wallet.dev) identical 158 lines
09-22 19:40:35.064 13946 13946 I Detox   : Network is busy, with 2 in-flight calls
09-22 19:40:35.065 13946 13946 W UiControllerImpl: Waiting for: DYNAMIC_TASKS_HAVE_IDLED for 5400 iterations.
09-22 19:40:35.080 13946 13946 I Detox   : Network is busy, with 2 in-flight calls
09-22 19:40:35.564 13946 13946 I chatty  : uid=10159(so.onekey.app.wallet.dev) identical 299 lines
09-22 19:40:35.581 13946 13946 I Detox   : Network is busy, with 2 in-flight calls
