--------- beginning of main
09-22 19:39:35.486 13946 13946 I .app.wallet.de: Late-enabling -Xcheck:jni
09-22 19:39:35.520 13946 13946 E .app.wallet.de: Unknown bits set in runtime_flags: 0x8000
--------- beginning of system
09-22 19:39:35.584 13946 13946 W ActivityThread: Package uses different ABI(s) than its instrumentation: package[so.onekey.app.wallet.dev]: arm64-v8a, null instrumentation[so.onekey.app.wallet.dev.test]: null, null
09-22 19:39:35.587 13946 13946 I .app.wallet.de: The ClassLoaderContext is a special shared library.
09-22 19:39:35.589 13946 13946 I .app.wallet.de: The ClassLoaderContext is a special shared library.
09-22 19:39:36.825 13946 13946 I .app.wallet.de: The ClassLoaderContext is a special shared library.
09-22 19:39:36.825 13946 13946 I .app.wallet.de: The ClassLoaderContext is a special shared library.
09-22 19:39:37.994 13946 13946 W .app.wallet.de: Accessing hidden method Landroid/app/Instrumentation;->execStartActivity(Landroid/content/Context;Landroid/os/IBinder;Landroid/os/IBinder;Landroid/app/Activity;Landroid/content/Intent;ILandroid/os/Bundle;)Landroid/app/Instrumentation$ActivityResult; (greylist, linking, allowed)
09-22 19:39:37.994 13946 13946 W .app.wallet.de: Accessing hidden method Landroid/app/Instrumentation;->execStartActivity(Landroid/content/Context;Landroid/os/IBinder;Landroid/os/IBinder;Ljava/lang/String;Landroid/content/Intent;ILandroid/os/Bundle;)Landroid/app/Instrumentation$ActivityResult; (greylist, linking, allowed)
09-22 19:39:37.997 13946 13946 I MonitoringInstr: newApplication called!
09-22 19:39:38.069 13946 13946 I FirebaseApp: Device unlocked: initializing all Firebase APIs for app [DEFAULT]
09-22 19:39:38.104 13946 13946 I FirebaseCrashlytics: Initializing Firebase Crashlytics 18.3.6 for so.onekey.app.wallet.dev
09-22 19:39:38.126 13946 13980 I DynamiteModule: Considering local module com.google.android.gms.measurement.dynamite:88 and remote module com.google.android.gms.measurement.dynamite:15
09-22 19:39:38.126 13946 13980 I DynamiteModule: Selected local version of com.google.android.gms.measurement.dynamite
09-22 19:39:38.151 13946 13982 D libcrashlytics: Initializing libcrashlytics version 3.2.0
09-22 19:39:38.171 13946 13946 I FirebaseInitProvider: FirebaseApp initialization successful
09-22 19:39:38.173 13946 13946 D ReactNativeFirebaseApp: received application context.
09-22 19:39:38.222 13946 13982 D libcrashlytics: Initializing native crash handling successful.
09-22 19:39:38.225 13946 13946 D RNFBCrashlyticsInit: isCrashlyticsCollectionEnabled via RNFBMeta: true
09-22 19:39:38.225 13946 13946 D RNFBCrashlyticsInit: isCrashlyticsCollectionEnabled after checking crashlytics_debug_enabled: false
09-22 19:39:38.225 13946 13946 D RNFBCrashlyticsInit: isCrashlyticsCollectionEnabled final value: false
09-22 19:39:38.225 13946 13946 I RNFBCrashlyticsInit: initialization successful
09-22 19:39:38.244 13946 13998 D NetworkSecurityConfig: Using Network Security Config from resource network_security_config debugBuild: true
09-22 19:39:38.260 13946 13946 I MonitoringInstr: Instrumentation started!
09-22 19:39:38.270 13946 13946 I AndroidJUnitRunner: onCreate Bundle[{debug=false, detoxServer=ws://localhost:64389, detoxSessionId=632e7ea6-2bd6-db9b-88a6-dac37fae2467}]
09-22 19:39:38.271 13946 13946 V TestEventClient: No service name argument was given (testDiscoveryService, testRunEventService or orchestratorService)
09-22 19:39:38.273 13946 13946 W .app.wallet.de: Accessing hidden field Landroid/database/CursorWindow;->sCursorWindowSize:I (greylist, reflection, allowed)
09-22 19:39:38.273 13946 14006 D AndroidJUnitRunner: onStart is called.
09-22 19:39:38.276 13946 13946 W .app.wallet.de: Accessing hidden method Ldalvik/system/BaseDexClassLoader;->getLdLibraryPath()Ljava/lang/String; (greylist,core-platform-api, reflection, allowed)
09-22 19:39:38.308 13946 13988 I FA      : App measurement initialized, version: 76003
09-22 19:39:38.308 13946 13988 I FA      : To enable debug logging run: adb shell setprop log.tag.FA VERBOSE
09-22 19:39:38.308 13946 13988 I FA      : To enable faster debug mode event logging run:
09-22 19:39:38.308 13946 13988 I FA      :   adb shell setprop debug.firebase.analytics.app so.onekey.app.wallet.dev
09-22 19:39:38.406 13946 14014 V SoLoader: libfbjni.so not found on /data/app/so.onekey.app.wallet.dev-svePwZJ_pjPY078mtqX-3g==/lib/arm64
09-22 19:39:38.409 13946 14014 V SoLoader: libandroid.so not found on /data/app/so.onekey.app.wallet.dev-svePwZJ_pjPY078mtqX-3g==/lib/arm64
09-22 19:39:38.409 13946 14014 V SoLoader: libandroid.so not found on /data/app/so.onekey.app.wallet.dev.test-WLKVVWr4C69kDpwdXfjVSQ==/base.apk!/lib/arm64-v8a
09-22 19:39:38.409 13946 14014 V SoLoader: libandroid.so not found on /data/app/so.onekey.app.wallet.dev-svePwZJ_pjPY078mtqX-3g==/base.apk!/lib/arm64-v8a
09-22 19:39:38.409 13946 14014 D SoLoader: libandroid.so found on /system/lib64
09-22 19:39:38.409 13946 14014 D SoLoader: libandroid.so loaded implicitly
09-22 19:39:38.409 13946 14014 V SoLoader: liblog.so not found on /data/app/so.onekey.app.wallet.dev-svePwZJ_pjPY078mtqX-3g==/lib/arm64
09-22 19:39:38.409 13946 14014 V SoLoader: liblog.so not found on /data/app/so.onekey.app.wallet.dev.test-WLKVVWr4C69kDpwdXfjVSQ==/base.apk!/lib/arm64-v8a
09-22 19:39:38.409 13946 14014 V SoLoader: liblog.so not found on /data/app/so.onekey.app.wallet.dev-svePwZJ_pjPY078mtqX-3g==/base.apk!/lib/arm64-v8a
09-22 19:39:38.409 13946 14014 D SoLoader: liblog.so found on /system/lib64
09-22 19:39:38.409 13946 14014 D SoLoader: liblog.so loaded implicitly
09-22 19:39:38.409 13946 14014 V SoLoader: libm.so not found on /data/app/so.onekey.app.wallet.dev-svePwZJ_pjPY078mtqX-3g==/lib/arm64
09-22 19:39:38.409 13946 14014 V SoLoader: libm.so not found on /data/app/so.onekey.app.wallet.dev.test-WLKVVWr4C69kDpwdXfjVSQ==/base.apk!/lib/arm64-v8a
09-22 19:39:38.409 13946 14014 V SoLoader: libm.so not found on /data/app/so.onekey.app.wallet.dev-svePwZJ_pjPY078mtqX-3g==/base.apk!/lib/arm64-v8a
09-22 19:39:38.409 13946 14014 D SoLoader: libm.so found on /system/lib64
09-22 19:39:38.409 13946 14014 D SoLoader: libm.so loaded implicitly
09-22 19:39:38.409 13946 14014 V SoLoader: libdl.so not found on /data/app/so.onekey.app.wallet.dev-svePwZJ_pjPY078mtqX-3g==/lib/arm64
09-22 19:39:38.409 13946 14014 V SoLoader: libdl.so not found on /data/app/so.onekey.app.wallet.dev.test-WLKVVWr4C69kDpwdXfjVSQ==/base.apk!/lib/arm64-v8a
09-22 19:39:38.409 13946 14014 V SoLoader: libdl.so not found on /data/app/so.onekey.app.wallet.dev-svePwZJ_pjPY078mtqX-3g==/base.apk!/lib/arm64-v8a
09-22 19:39:38.409 13946 14014 D SoLoader: libdl.so found on /system/lib64
09-22 19:39:38.409 13946 14014 D SoLoader: libdl.so loaded implicitly
09-22 19:39:38.409 13946 14014 V SoLoader: libc.so not found on /data/app/so.onekey.app.wallet.dev-svePwZJ_pjPY078mtqX-3g==/lib/arm64
09-22 19:39:38.409 13946 14014 V SoLoader: libc.so not found on /data/app/so.onekey.app.wallet.dev.test-WLKVVWr4C69kDpwdXfjVSQ==/base.apk!/lib/arm64-v8a
09-22 19:39:38.409 13946 14014 V SoLoader: libc.so not found on /data/app/so.onekey.app.wallet.dev-svePwZJ_pjPY078mtqX-3g==/base.apk!/lib/arm64-v8a
09-22 19:39:38.409 13946 14014 D SoLoader: libc.so found on /system/lib64
09-22 19:39:38.409 13946 14014 D SoLoader: libc.so loaded implicitly
09-22 19:39:38.411 13946 14014 W SoLoader: libfbjni.so not found on /data/app/so.onekey.app.wallet.dev.test-WLKVVWr4C69kDpwdXfjVSQ==/base.apk!/lib/arm64-v8a flag: 4
09-22 19:39:38.411 13946 14014 W SoLoader: java.lang.UnsatisfiedLinkError: dlopen failed: library "/data/app/so.onekey.app.wallet.dev.test-WLKVVWr4C69kDpwdXfjVSQ==/base.apk!/lib/arm64-v8a/libfbjni.so" not found
09-22 19:39:38.411 13946 14014 W SoLoader: 	at java.lang.Runtime.load0(Runtime.java:938)
09-22 19:39:38.411 13946 14014 W SoLoader: 	at java.lang.System.load(System.java:1631)
09-22 19:39:38.411 13946 14014 W SoLoader: 	at com.facebook.soloader.SoLoader$1.load(SoLoader.java:558)
09-22 19:39:38.411 13946 14014 W SoLoader: 	at com.facebook.soloader.DirectApkSoSource.loadLibrary(DirectApkSoSource.java:81)
09-22 19:39:38.411 13946 14014 W SoLoader: 	at com.facebook.soloader.SoLoader.doLoadLibraryBySoName(SoLoader.java:1067)
09-22 19:39:38.411 13946 14014 W SoLoader: 	at com.facebook.soloader.SoLoader.loadLibraryBySoNameImpl(SoLoader.java:943)
09-22 19:39:38.411 13946 14014 W SoLoader: 	at com.facebook.soloader.SoLoader.loadLibraryBySoName(SoLoader.java:855)
09-22 19:39:38.411 13946 14014 W SoLoader: 	at com.facebook.soloader.SoLoader.loadLibrary(SoLoader.java:802)
09-22 19:39:38.411 13946 14014 W SoLoader: 	at com.facebook.soloader.NativeLoaderToSoLoaderDelegate.loadLibrary(NativeLoaderToSoLoaderDelegate.java:29)
09-22 19:39:38.411 13946 14014 W SoLoader: 	at com.facebook.soloader.nativeloader.NativeLoader.loadLibrary(NativeLoader.java:51)
09-22 19:39:38.411 13946 14014 W SoLoader: 	at com.facebook.soloader.nativeloader.NativeLoader.loadLibrary(NativeLoader.java:30)
09-22 19:39:38.411 13946 14014 W SoLoader: 	at com.facebook.jni.HybridData.<clinit>(HybridData.java:34)
09-22 19:39:38.411 13946 14014 W SoLoader: 	at com.facebook.flipper.android.FlipperThread.run(FlipperThread.java:25)
09-22 19:39:38.414 13946 14014 W linker  : Warning: "/data/app/so.onekey.app.wallet.dev-svePwZJ_pjPY078mtqX-3g==/base.apk!/lib/arm64-v8a/libc++_shared.so" unused DT entry: unknown processor-specific (type 0x70000001 arg 0x0) (ignoring)
09-22 19:39:38.417 13946 14014 D SoLoader: libfbjni.so found on /data/app/so.onekey.app.wallet.dev-svePwZJ_pjPY078mtqX-3g==/base.apk!/lib/arm64-v8a
09-22 19:39:38.418 13946 14014 V SoLoader: libflipper.so not found on /data/app/so.onekey.app.wallet.dev-svePwZJ_pjPY078mtqX-3g==/lib/arm64
09-22 19:39:38.423 13946 14014 W SoLoader: libflipper.so not found on /data/app/so.onekey.app.wallet.dev.test-WLKVVWr4C69kDpwdXfjVSQ==/base.apk!/lib/arm64-v8a flag: 4
09-22 19:39:38.423 13946 14014 W SoLoader: java.lang.UnsatisfiedLinkError: dlopen failed: library "/data/app/so.onekey.app.wallet.dev.test-WLKVVWr4C69kDpwdXfjVSQ==/base.apk!/lib/arm64-v8a/libflipper.so" not found
09-22 19:39:38.423 13946 14014 W SoLoader: 	at java.lang.Runtime.load0(Runtime.java:938)
09-22 19:39:38.423 13946 14014 W SoLoader: 	at java.lang.System.load(System.java:1631)
09-22 19:39:38.423 13946 14014 W SoLoader: 	at com.facebook.soloader.SoLoader$1.load(SoLoader.java:558)
09-22 19:39:38.423 13946 14014 W SoLoader: 	at com.facebook.soloader.DirectApkSoSource.loadLibrary(DirectApkSoSource.java:81)
09-22 19:39:38.423 13946 14014 W SoLoader: 	at com.facebook.soloader.SoLoader.doLoadLibraryBySoName(SoLoader.java:1067)
09-22 19:39:38.423 13946 14014 W SoLoader: 	at com.facebook.soloader.SoLoader.loadLibraryBySoNameImpl(SoLoader.java:943)
09-22 19:39:38.423 13946 14014 W SoLoader: 	at com.facebook.soloader.SoLoader.loadLibraryBySoName(SoLoader.java:855)
09-22 19:39:38.423 13946 14014 W SoLoader: 	at com.facebook.soloader.SoLoader.loadLibrary(SoLoader.java:802)
09-22 19:39:38.423 13946 14014 W SoLoader: 	at com.facebook.soloader.SoLoader.loadLibrary(SoLoader.java:772)
09-22 19:39:38.423 13946 14014 W SoLoader: 	at com.facebook.flipper.android.EventBase.<clinit>(EventBase.java:19)
09-22 19:39:38.423 13946 14014 W SoLoader: 	at com.facebook.flipper.android.FlipperThread.run(FlipperThread.java:25)
09-22 19:39:38.447 13946 14016 W unknown:ReconnectingWebSocket: Couldn't connect to "ws://localhost:8081/message?device=Android%20SDK%20built%20for%20arm64%20-%2010%20-%20API%2029&app=so.onekey.app.wallet.dev&clientid=BridgeDevSupportManager", will silently retry
09-22 19:39:38.447 13946 14014 D SoLoader: libflipper.so found on /data/app/so.onekey.app.wallet.dev-svePwZJ_pjPY078mtqX-3g==/base.apk!/lib/arm64-v8a
09-22 19:39:38.448 13946 14017 W unknown:InspectorPackagerConnection: Couldn't connect to packager, will silently retry
09-22 19:39:38.460 13946 13946 W .app.wallet.de: Accessing hidden field Landroid/view/View;->mKeyedTags:Landroid/util/SparseArray; (greylist, reflection, allowed)
09-22 19:39:38.460 13946 13946 W .app.wallet.de: Accessing hidden field Landroid/view/View;->mListenerInfo:Landroid/view/View$ListenerInfo; (greylist, reflection, allowed)
09-22 19:39:38.461 13946 13946 W .app.wallet.de: Accessing hidden field Landroid/view/View$ListenerInfo;->mOnClickListener:Landroid/view/View$OnClickListener; (greylist, reflection, allowed)
09-22 19:39:38.463 13946 13946 I flipper : flipper: FlipperClient::addPlugin Inspector
09-22 19:39:38.465 13946 13946 I flipper : flipper: FlipperClient::addPlugin Databases
09-22 19:39:38.466 13946 13946 I flipper : flipper: FlipperClient::addPlugin Preferences
09-22 19:39:38.466 13946 13946 I flipper : flipper: FlipperClient::addPlugin rn-perf-monitor
09-22 19:39:38.466 13946 13946 I flipper : flipper: FlipperClient::addPlugin CrashReporter
09-22 19:39:38.468 13946 13946 I flipper : flipper: FlipperClient::addPlugin Network
09-22 19:39:38.472 13946 13946 I WebViewFactory: Loading com.google.android.webview version 91.0.4472.114 (code 447211484)
09-22 19:39:38.476 13946 13946 I .app.wallet.de: The ClassLoaderContext is a special shared library.
09-22 19:39:38.478 13946 14014 W .app.wallet.de: Accessing hidden method Landroid/app/AppGlobals;->getInitialApplication()Landroid/app/Application; (greylist, reflection, allowed)
09-22 19:39:38.480 13946 13946 I .app.wallet.de: The ClassLoaderContext is a special shared library.
09-22 19:39:38.532 13946 13946 W .app.wallet.de: Accessing hidden method Landroid/os/Trace;->isTagEnabled(J)Z (greylist, reflection, allowed)
09-22 19:39:38.532 13946 13946 W .app.wallet.de: Accessing hidden method Landroid/os/Trace;->traceBegin(JLjava/lang/String;)V (greylist, reflection, allowed)
09-22 19:39:38.532 13946 13946 W .app.wallet.de: Accessing hidden method Landroid/os/Trace;->traceEnd(J)V (greylist, reflection, allowed)
09-22 19:39:38.532 13946 13946 W .app.wallet.de: Accessing hidden method Landroid/os/Trace;->asyncTraceBegin(JLjava/lang/String;I)V (greylist, reflection, allowed)
09-22 19:39:38.532 13946 13946 W .app.wallet.de: Accessing hidden method Landroid/os/Trace;->asyncTraceEnd(JLjava/lang/String;I)V (greylist, reflection, allowed)
09-22 19:39:38.546 13946 13946 I cr_LibraryLoader: Loaded native library version number "91.0.4472.114"
09-22 19:39:38.547 13946 13946 I cr_CachingUmaRecorder: Flushed 6 samples from 6 histograms.
09-22 19:39:38.685 13946 14056 W .app.wallet.de: Accessing hidden method Llibcore/io/Memory;->peekLong(JZ)J (greylist, reflection, allowed)
09-22 19:39:38.685 13946 14056 W .app.wallet.de: Accessing hidden method Llibcore/io/Memory;->pokeLong(JJZ)V (greylist, reflection, allowed)
09-22 19:39:38.685 13946 14056 W .app.wallet.de: Accessing hidden method Llibcore/io/Memory;->pokeInt(JIZ)V (greylist, reflection, allowed)
09-22 19:39:38.685 13946 14056 W .app.wallet.de: Accessing hidden method Llibcore/io/Memory;->peekInt(JZ)I (greylist, reflection, allowed)
09-22 19:39:38.685 13946 14056 W .app.wallet.de: Accessing hidden method Llibcore/io/Memory;->pokeByte(JB)V (greylist, reflection, allowed)
09-22 19:39:38.685 13946 14056 W .app.wallet.de: Accessing hidden method Llibcore/io/Memory;->peekByte(J)B (greylist, reflection, allowed)
09-22 19:39:38.686 13946 14056 W .app.wallet.de: Accessing hidden method Llibcore/io/Memory;->pokeByteArray(J[BII)V (greylist, reflection, allowed)
09-22 19:39:38.686 13946 14056 W .app.wallet.de: Accessing hidden method Llibcore/io/Memory;->peekByteArray(J[BII)V (greylist, reflection, allowed)
09-22 19:39:38.686 13946 14056 W .app.wallet.de: Accessing hidden method Lsun/misc/Unsafe;->objectFieldOffset(Ljava/lang/reflect/Field;)J (greylist,core-platform-api, reflection, allowed)
09-22 19:39:38.686 13946 14056 W .app.wallet.de: Accessing hidden method Lsun/misc/Unsafe;->getLong(Ljava/lang/Object;J)J (greylist,core-platform-api, reflection, allowed)
09-22 19:39:38.686 13946 14056 W .app.wallet.de: Accessing hidden field Ljava/nio/Buffer;->address:J (greylist, reflection, allowed)
09-22 19:39:38.686 13946 14056 W .app.wallet.de: Accessing hidden method Lsun/misc/Unsafe;->arrayBaseOffset(Ljava/lang/Class;)I (greylist,core-platform-api, reflection, allowed)
09-22 19:39:38.687 13946 14056 W .app.wallet.de: Accessing hidden method Lsun/misc/Unsafe;->arrayIndexScale(Ljava/lang/Class;)I (greylist, reflection, allowed)
09-22 19:39:38.687 13946 14056 W .app.wallet.de: Accessing hidden method Lsun/misc/Unsafe;->getInt(Ljava/lang/Object;J)I (greylist, reflection, allowed)
09-22 19:39:38.687 13946 14056 W .app.wallet.de: Accessing hidden method Lsun/misc/Unsafe;->putInt(Ljava/lang/Object;JI)V (greylist, reflection, allowed)
09-22 19:39:38.687 13946 14056 W .app.wallet.de: Accessing hidden method Lsun/misc/Unsafe;->getLong(Ljava/lang/Object;J)J (greylist,core-platform-api, reflection, allowed)
09-22 19:39:38.687 13946 14056 W .app.wallet.de: Accessing hidden method Lsun/misc/Unsafe;->putLong(Ljava/lang/Object;JJ)V (greylist, reflection, allowed)
09-22 19:39:38.687 13946 14056 W .app.wallet.de: Accessing hidden method Lsun/misc/Unsafe;->getObject(Ljava/lang/Object;J)Ljava/lang/Object; (greylist, reflection, allowed)
09-22 19:39:38.687 13946 14056 W .app.wallet.de: Accessing hidden method Lsun/misc/Unsafe;->putObject(Ljava/lang/Object;JLjava/lang/Object;)V (greylist, reflection, allowed)
09-22 19:39:38.705 13946 14006 D TestRequestBuilder: Using class path scanning to discover tests
09-22 19:39:38.705 13946 14006 I TestRequestBuilder: Scanning classpath to find tests in paths [/data/app/so.onekey.app.wallet.dev.test-WLKVVWr4C69kDpwdXfjVSQ==/base.apk]
09-22 19:39:38.707 13946 14006 W .app.wallet.de: Opening an oat file without a class loader. Are you using the deprecated DexFile APIs?
09-22 19:39:39.219 13946 14006 D AndroidJUnitRunner: Use the raw file system for managing file I/O.
09-22 19:39:39.221 13946 14006 D TestExecutor: Adding listener androidx.test.internal.runner.listener.LogRunListener
09-22 19:39:39.221 13946 14006 D TestExecutor: Adding listener androidx.test.internal.runner.listener.InstrumentationResultPrinter
09-22 19:39:39.221 13946 14006 D TestExecutor: Adding listener androidx.test.internal.runner.listener.ActivityFinisherRunListener
09-22 19:39:39.221 13946 14006 D TestExecutor: Adding listener androidx.test.internal.runner.listener.TraceRunListener
09-22 19:39:39.223 13946 14006 I TestRunner: run started: 1 tests
09-22 19:39:39.223 13946 14006 I TestRunner: started: runDetoxTests(so.onekey.app.wallet.DetoxTest)
09-22 19:39:39.237 13946 14006 D EventInjectionStrategy: Creating injection strategy with input manager.
09-22 19:39:39.237 13946 14006 W .app.wallet.de: Accessing hidden method Landroid/hardware/input/InputManager;->getInstance()Landroid/hardware/input/InputManager; (greylist, reflection, allowed)
09-22 19:39:39.238 13946 14006 W .app.wallet.de: Accessing hidden method Landroid/hardware/input/InputManager;->injectInputEvent(Landroid/view/InputEvent;I)Z (greylist, reflection, allowed)
09-22 19:39:39.238 13946 14006 W .app.wallet.de: Accessing hidden field Landroid/hardware/input/InputManager;->INJECT_INPUT_EVENT_MODE_WAIT_FOR_FINISH:I (greylist, reflection, allowed)
09-22 19:39:39.243 13946 14006 W .app.wallet.de: Accessing hidden field Ljava/lang/reflect/Field;->accessFlags:I (greylist, reflection, allowed)
09-22 19:39:39.312 13946 13946 W ActivityThread: handleWindowVisibility: no activity for token android.os.BinderProxy@73d8aa4
09-22 19:39:39.361 13946 14077 D libEGL  : Emulator has host GPU support, qemu.gles is set to 1.
09-22 19:39:39.362 13946 14077 W libc    : Unable to set property "qemu.gles" to "1": connection failed; errno=13 (Permission denied)
09-22 19:39:39.355 13946 13946 W RenderThread: type=1400 audit(0.0:74): avc: denied { write } for name="property_service" dev="tmpfs" ino=6654 scontext=u:r:untrusted_app:s0:c159,c256,c512,c768 tcontext=u:object_r:property_socket:s0 tclass=sock_file permissive=0
09-22 19:39:39.438 13946 14077 D libEGL  : loaded /vendor/lib64/egl/libEGL_emulation.so
09-22 19:39:39.440 13946 13946 I .app.wallet.de: Waiting for a blocking GC ClassLinker
09-22 19:39:39.440 13946 14077 D libEGL  : loaded /vendor/lib64/egl/libGLESv1_CM_emulation.so
09-22 19:39:39.443 13946 14077 D libEGL  : loaded /vendor/lib64/egl/libGLESv2_emulation.so
09-22 19:39:39.463 13946 13946 I .app.wallet.de: WaitForGcToComplete blocked ClassLinker on ClassLinker for 22.361ms
09-22 19:39:39.502 13946 13946 D LifecycleMonitor: Lifecycle status change: so.onekey.app.wallet.MainActivity@caa7515 in: PRE_ON_CREATE
09-22 19:39:39.546 13946 14079 W .app.wallet.de: Accessing hidden method Lsun/misc/Unsafe;->getInt(Ljava/lang/Object;J)I (greylist, linking, allowed)
09-22 19:39:39.546 13946 14079 W .app.wallet.de: Accessing hidden method Lsun/misc/Unsafe;->getObject(Ljava/lang/Object;J)Ljava/lang/Object; (greylist, linking, allowed)
09-22 19:39:39.546 13946 14079 W .app.wallet.de: Accessing hidden method Lsun/misc/Unsafe;->putInt(Ljava/lang/Object;JI)V (greylist, linking, allowed)
09-22 19:39:39.546 13946 14079 W .app.wallet.de: Accessing hidden method Lsun/misc/Unsafe;->getLong(Ljava/lang/Object;J)J (greylist,core-platform-api, linking, allowed)
09-22 19:39:39.549 13946 14079 W .app.wallet.de: Accessing hidden method Lsun/misc/Unsafe;->putObject(Ljava/lang/Object;JLjava/lang/Object;)V (greylist, linking, allowed)
09-22 19:39:39.549 13946 14079 W .app.wallet.de: Accessing hidden method Lsun/misc/Unsafe;->putLong(Ljava/lang/Object;JJ)V (greylist, linking, allowed)
09-22 19:39:39.550 13946 14079 W .app.wallet.de: Accessing hidden method Lsun/misc/Unsafe;->getLong(Ljava/lang/Object;J)J (greylist,core-platform-api, linking, allowed)
09-22 19:39:39.551 13946 13946 W .app.wallet.de: Accessing hidden method Landroid/view/View;->computeFitSystemWindows(Landroid/graphics/Rect;Landroid/graphics/Rect;)Z (greylist, reflection, allowed)
09-22 19:39:39.551 13946 14079 W .app.wallet.de: Accessing hidden method Lsun/misc/Unsafe;->allocateInstance(Ljava/lang/Class;)Ljava/lang/Object; (greylist, linking, allowed)
09-22 19:39:39.551 13946 13946 W .app.wallet.de: Accessing hidden method Landroid/view/ViewGroup;->makeOptionalFitsSystemWindows()V (greylist, reflection, allowed)
09-22 19:39:39.552 13946 14079 W .app.wallet.de: Accessing hidden method Llibcore/io/Memory;->pokeByte(JB)V (greylist, reflection, allowed)
09-22 19:39:39.552 13946 14079 W .app.wallet.de: Accessing hidden method Llibcore/io/Memory;->peekByte(J)B (greylist, reflection, allowed)
09-22 19:39:39.552 13946 14079 W .app.wallet.de: Accessing hidden method Lsun/misc/Unsafe;->getInt(Ljava/lang/Object;J)I (greylist, reflection, allowed)
09-22 19:39:39.552 13946 14079 W .app.wallet.de: Accessing hidden method Lsun/misc/Unsafe;->putInt(Ljava/lang/Object;JI)V (greylist, reflection, allowed)
09-22 19:39:39.552 13946 14079 W .app.wallet.de: Accessing hidden method Lsun/misc/Unsafe;->getLong(Ljava/lang/Object;J)J (greylist,core-platform-api, reflection, allowed)
09-22 19:39:39.552 13946 14079 W .app.wallet.de: Accessing hidden method Lsun/misc/Unsafe;->putLong(Ljava/lang/Object;JJ)V (greylist, reflection, allowed)
09-22 19:39:39.552 13946 14079 W .app.wallet.de: Accessing hidden method Lsun/misc/Unsafe;->getObject(Ljava/lang/Object;J)Ljava/lang/Object; (greylist, reflection, allowed)
09-22 19:39:39.552 13946 14079 W .app.wallet.de: Accessing hidden method Lsun/misc/Unsafe;->putObject(Ljava/lang/Object;JLjava/lang/Object;)V (greylist, reflection, allowed)
09-22 19:39:39.554 13946 14079 W .app.wallet.de: Accessing hidden method Lsun/misc/Unsafe;->getObject(Ljava/lang/Object;J)Ljava/lang/Object; (greylist, linking, allowed)
09-22 19:39:39.554 13946 14079 W .app.wallet.de: Accessing hidden method Lsun/misc/Unsafe;->putObject(Ljava/lang/Object;JLjava/lang/Object;)V (greylist, linking, allowed)
09-22 19:39:39.555 13946 14079 W unknown:ReactNative: The packager does not seem to be running as we got an IOException requesting its status: Failed to connect to localhost/127.0.0.1:8081
09-22 19:39:39.556 13946 13946 D LifecycleMonitor: Lifecycle status change: so.onekey.app.wallet.MainActivity@caa7515 in: CREATED
09-22 19:39:39.561 13946 13946 D LifecycleMonitor: Lifecycle status change: so.onekey.app.wallet.MainActivity@caa7515 in: STARTED
09-22 19:39:39.566 13946 13946 D LifecycleMonitor: Lifecycle status change: so.onekey.app.wallet.MainActivity@caa7515 in: RESUMED
09-22 19:39:39.595 13946 14080 W .app.wallet.de: Accessing hidden method Lsun/misc/Unsafe;->getObject(Ljava/lang/Object;J)Ljava/lang/Object; (greylist, linking, allowed)
09-22 19:39:39.595 13946 14080 W .app.wallet.de: Accessing hidden method Lsun/misc/Unsafe;->putObject(Ljava/lang/Object;JLjava/lang/Object;)V (greylist, linking, allowed)
09-22 19:39:39.595 13946 14080 W .app.wallet.de: Accessing hidden method Lsun/misc/Unsafe;->getInt(Ljava/lang/Object;J)I (greylist, linking, allowed)
09-22 19:39:39.595 13946 14080 W .app.wallet.de: Accessing hidden method Lsun/misc/Unsafe;->getObject(Ljava/lang/Object;J)Ljava/lang/Object; (greylist, linking, allowed)
09-22 19:39:39.595 13946 14080 W .app.wallet.de: Accessing hidden method Lsun/misc/Unsafe;->putInt(Ljava/lang/Object;JI)V (greylist, linking, allowed)
09-22 19:39:39.647 13946 13988 I FA      : Tag Manager is not found and thus will not be used
09-22 19:39:39.742 13946 13946 W unknown:ReactNative: Packager connection already open, nooping.
09-22 19:39:39.744 13946 14084 V SoLoader: libv8executor.so not found on /data/app/so.onekey.app.wallet.dev-svePwZJ_pjPY078mtqX-3g==/lib/arm64
09-22 19:39:39.748 13946 13946 W .app.wallet.de: Accessing hidden method Landroid/view/WindowInsets$Type;->ime()I (blacklist, linking, denied)
09-22 19:39:39.750 13946 14084 W SoLoader: libv8executor.so not found on /data/app/so.onekey.app.wallet.dev.test-WLKVVWr4C69kDpwdXfjVSQ==/base.apk!/lib/arm64-v8a flag: 4
09-22 19:39:39.750 13946 14084 W SoLoader: java.lang.UnsatisfiedLinkError: dlopen failed: library "/data/app/so.onekey.app.wallet.dev.test-WLKVVWr4C69kDpwdXfjVSQ==/base.apk!/lib/arm64-v8a/libv8executor.so" not found
09-22 19:39:39.750 13946 14084 W SoLoader: 	at java.lang.Runtime.load0(Runtime.java:938)
09-22 19:39:39.750 13946 14084 W SoLoader: 	at java.lang.System.load(System.java:1631)
09-22 19:39:39.750 13946 14084 W SoLoader: 	at com.facebook.soloader.SoLoader$1.load(SoLoader.java:558)
09-22 19:39:39.750 13946 14084 W SoLoader: 	at com.facebook.soloader.DirectApkSoSource.loadLibrary(DirectApkSoSource.java:81)
09-22 19:39:39.750 13946 14084 W SoLoader: 	at com.facebook.soloader.SoLoader.doLoadLibraryBySoName(SoLoader.java:1067)
09-22 19:39:39.750 13946 14084 W SoLoader: 	at com.facebook.soloader.SoLoader.loadLibraryBySoNameImpl(SoLoader.java:943)
09-22 19:39:39.750 13946 14084 W SoLoader: 	at com.facebook.soloader.SoLoader.loadLibraryBySoName(SoLoader.java:855)
09-22 19:39:39.750 13946 14084 W SoLoader: 	at com.facebook.soloader.SoLoader.loadLibrary(SoLoader.java:802)
09-22 19:39:39.750 13946 14084 W SoLoader: 	at com.facebook.soloader.SoLoader.loadLibrary(SoLoader.java:772)
09-22 19:39:39.750 13946 14084 W SoLoader: 	at io.csie.kudo.reactnative.v8.executor.V8Executor.<clinit>(V8Executor.java:22)
09-22 19:39:39.750 13946 14084 W SoLoader: 	at io.csie.kudo.reactnative.v8.executor.V8ExecutorFactory.create(V8ExecutorFactory.java:50)
09-22 19:39:39.750 13946 14084 W SoLoader: 	at com.facebook.react.ReactInstanceManager$5.run(ReactInstanceManager.java:1110)
09-22 19:39:39.750 13946 14084 W SoLoader: 	at java.lang.Thread.run(Thread.java:919)
09-22 19:39:39.767 13946 14084 W linker  : Warning: "/data/app/so.onekey.app.wallet.dev-svePwZJ_pjPY078mtqX-3g==/base.apk!/lib/arm64-v8a/libruntimeexecutor.so" unused DT entry: unknown processor-specific (type 0x70000001 arg 0x0) (ignoring)
09-22 19:39:39.773 13946 14084 I chatty  : uid=10159(so.onekey.app.wallet.dev) create_react_co identical 1 line
09-22 19:39:39.774 13946 14084 W linker  : Warning: "/data/app/so.onekey.app.wallet.dev-svePwZJ_pjPY078mtqX-3g==/base.apk!/lib/arm64-v8a/libruntimeexecutor.so" unused DT entry: unknown processor-specific (type 0x70000001 arg 0x0) (ignoring)
09-22 19:39:39.857 13946 14075 D HostConnection: HostConnection::get() New Host Connection established 0x784f6125e0, tid 14075
09-22 19:39:39.858 13946 14075 D HostConnection: HostComposition ext ANDROID_EMU_CHECKSUM_HELPER_v1 ANDROID_EMU_native_sync_v2 ANDROID_EMU_native_sync_v3 ANDROID_EMU_native_sync_v4 ANDROID_EMU_dma_v1 ANDROID_EMU_direct_mem ANDROID_EMU_vulkan ANDROID_EMU_deferred_vulkan_commands ANDROID_EMU_vulkan_null_optional_strings ANDROID_EMU_vulkan_create_resources_with_requirements ANDROID_EMU_YUV_Cache ANDROID_EMU_vulkan_ignored_handles ANDROID_EMU_vulkan_free_memory_sync ANDROID_EMU_vulkan_shader_float16_int8 ANDROID_EMU_vulkan_async_queue_submit ANDROID_EMU_sync_buffer_data ANDROID_EMU_vulkan_async_qsri GL_OES_EGL_image_external_essl3 GL_OES_vertex_array_object GL_KHR_texture_compression_astc_ldr ANDROID_EMU_host_side_tracing ANDROID_EMU_gles_max_version_3_0 
09-22 19:39:39.863 13946 14084 D SoLoader: libv8executor.so found on /data/app/so.onekey.app.wallet.dev-svePwZJ_pjPY078mtqX-3g==/base.apk!/lib/arm64-v8a
09-22 19:39:39.871 13946 14075 W OpenGLRenderer: Failed to choose config with EGL_SWAP_BEHAVIOR_PRESERVED, retrying without...
09-22 19:39:39.872 13946 14075 D EGL_emulation: eglCreateContext: 0x784f614ca0: maj 3 min 0 rcv 3
09-22 19:39:39.874 13946 14075 D EGL_emulation: eglMakeCurrent: 0x784f614ca0: ver 3 0 (tinfo 0x784a57a0c0)
09-22 19:39:39.884 13946 14075 W Gralloc3: mapper 3.x is not supported
09-22 19:39:39.887 13946 14075 D HostConnection: createUnique: call
09-22 19:39:39.887 13946 14075 D HostConnection: HostConnection::get() New Host Connection established 0x784f6151a0, tid 14075
09-22 19:39:39.887 13946 14075 D HostConnection: HostComposition ext ANDROID_EMU_CHECKSUM_HELPER_v1 ANDROID_EMU_native_sync_v2 ANDROID_EMU_native_sync_v3 ANDROID_EMU_native_sync_v4 ANDROID_EMU_dma_v1 ANDROID_EMU_direct_mem ANDROID_EMU_vulkan ANDROID_EMU_deferred_vulkan_commands ANDROID_EMU_vulkan_null_optional_strings ANDROID_EMU_vulkan_create_resources_with_requirements ANDROID_EMU_YUV_Cache ANDROID_EMU_vulkan_ignored_handles ANDROID_EMU_vulkan_free_memory_sync ANDROID_EMU_vulkan_shader_float16_int8 ANDROID_EMU_vulkan_async_queue_submit ANDROID_EMU_sync_buffer_data ANDROID_EMU_vulkan_async_qsri GL_OES_EGL_image_external_essl3 GL_OES_vertex_array_object GL_KHR_texture_compression_astc_ldr ANDROID_EMU_host_side_tracing ANDROID_EMU_gles_max_version_3_0 
09-22 19:39:39.887 13946 14075 D eglCodecCommon: allocate: Ask for block of size 0x1000
09-22 19:39:39.888 13946 14075 D eglCodecCommon: allocate: ioctl allocate returned offset 0x1ff69c000 size 0x8000
09-22 19:39:39.889 13946 14084 V AsyncStorageExpoMigration: No scoped database found
09-22 19:39:39.908 13946 14075 D EGL_emulation: eglMakeCurrent: 0x784f614ca0: ver 3 0 (tinfo 0x784a57a0c0)
09-22 19:39:40.098 13946 14006 I Detox   : Detox server connection details: url=ws://localhost:64389, sessionId=632e7ea6-2bd6-db9b-88a6-dac37fae2467
09-22 19:39:40.109 13946 14093 I DetoxDispatcher: Handling action '_init' (ID #0)...
09-22 19:39:40.109 13946 14093 I Detox   : Connecting to server...
09-22 19:39:40.109 13946 14093 I DetoxWSClient: At connectToServer
09-22 19:39:40.174 13946 14096 D DetoxWSClient: At onOpen
09-22 19:39:40.174 13946 14096 I DetoxWSClient: Sending out action 'login' (ID #0)
09-22 19:39:40.175 13946 14096 I Detox   : Connected to server!
09-22 19:39:40.183 13946 14096 D DetoxWSClient: Received action 'loginSuccess' (ID #0, params={"testerConnected":true,"appConnected":true})
09-22 19:39:40.211 13946 14084 I ExpoModulesCore: ✅ AppContext was initialized
09-22 19:39:40.215 13946 14084 D ReactNativeBleManager: BleManager created
09-22 19:39:40.227 13946 14096 D DetoxWSClient: Received action 'isReady' (ID #-1000, params={})
09-22 19:39:40.255 13946 13946 D InstallReferrerState: OK
09-22 19:39:40.293 13946 14084 V SoLoader: libreactnativejni.so not found on /data/app/so.onekey.app.wallet.dev-svePwZJ_pjPY078mtqX-3g==/lib/arm64
09-22 19:39:40.300 13946 14084 W SoLoader: libreactnativejni.so not found on /data/app/so.onekey.app.wallet.dev.test-WLKVVWr4C69kDpwdXfjVSQ==/base.apk!/lib/arm64-v8a flag: 4
09-22 19:39:40.300 13946 14084 W SoLoader: java.lang.UnsatisfiedLinkError: dlopen failed: library "/data/app/so.onekey.app.wallet.dev.test-WLKVVWr4C69kDpwdXfjVSQ==/base.apk!/lib/arm64-v8a/libreactnativejni.so" not found
09-22 19:39:40.300 13946 14084 W SoLoader: 	at java.lang.Runtime.load0(Runtime.java:938)
09-22 19:39:40.300 13946 14084 W SoLoader: 	at java.lang.System.load(System.java:1631)
09-22 19:39:40.300 13946 14084 W SoLoader: 	at com.facebook.soloader.SoLoader$1.load(SoLoader.java:558)
09-22 19:39:40.300 13946 14084 W SoLoader: 	at com.facebook.soloader.DirectApkSoSource.loadLibrary(DirectApkSoSource.java:81)
09-22 19:39:40.300 13946 14084 W SoLoader: 	at com.facebook.soloader.SoLoader.doLoadLibraryBySoName(SoLoader.java:1067)
09-22 19:39:40.300 13946 14084 W SoLoader: 	at com.facebook.soloader.SoLoader.loadLibraryBySoNameImpl(SoLoader.java:943)
09-22 19:39:40.300 13946 14084 W SoLoader: 	at com.facebook.soloader.SoLoader.loadLibraryBySoName(SoLoader.java:855)
09-22 19:39:40.300 13946 14084 W SoLoader: 	at com.facebook.soloader.SoLoader.loadLibrary(SoLoader.java:802)
09-22 19:39:40.300 13946 14084 W SoLoader: 	at com.facebook.soloader.SoLoader.loadLibrary(SoLoader.java:772)
09-22 19:39:40.300 13946 14084 W SoLoader: 	at com.facebook.react.bridge.ReactBridge.staticInit(ReactBridge.java:34)
09-22 19:39:40.300 13946 14084 W SoLoader: 	at com.facebook.react.bridge.CatalystInstanceImpl.<clinit>(CatalystInstanceImpl.java:49)
09-22 19:39:40.300 13946 14084 W SoLoader: 	at com.facebook.react.bridge.CatalystInstanceImpl$Builder.build(CatalystInstanceImpl.java:705)
09-22 19:39:40.300 13946 14084 W SoLoader: 	at com.facebook.react.ReactInstanceManager.createReactContext(ReactInstanceManager.java:1353)
09-22 19:39:40.300 13946 14084 W SoLoader: 	at com.facebook.react.ReactInstanceManager.access$1200(ReactInstanceManager.java:135)
09-22 19:39:40.300 13946 14084 W SoLoader: 	at com.facebook.react.ReactInstanceManager$5.run(ReactInstanceManager.java:1109)
09-22 19:39:40.300 13946 14084 W SoLoader: 	at java.lang.Thread.run(Thread.java:919)
09-22 19:39:40.318 13946 14084 D SoLoader: libreactnativejni.so found on /data/app/so.onekey.app.wallet.dev-svePwZJ_pjPY078mtqX-3g==/base.apk!/lib/arm64-v8a
09-22 19:39:40.359 13946 14084 W unknown:ReactContext: initializeMessageQueueThreads() is called.
09-22 19:39:40.831 13946 13946 W unknown:ReactNative: Packager connection already open, nooping.
09-22 19:39:41.007 13946 14111 I .app.wallet.de: Waiting for a blocking GC ClassLinker
09-22 19:39:41.056 13946 13959 I .app.wallet.de: Background young concurrent copying GC freed 79798(4306KB) AllocSpace objects, 10(960KB) LOS objects, 15% free, 13MB/16MB, paused 183us total 224.703ms
09-22 19:39:41.056 13946 14111 I .app.wallet.de: WaitForGcToComplete blocked ClassLinker on ClassLinker for 50.367ms
09-22 19:39:41.066 13946 14111 W unknown:ViewManagerPropertyUpdater: Could not find generated setter for class com.facebook.react.views.drawer.ReactDrawerLayoutManager
09-22 19:39:41.077 13946 14111 W unknown:ViewManagerPropertyUpdater: Could not find generated setter for class com.facebook.react.uimanager.LayoutShadowNode
09-22 19:39:41.083 13946 14111 W unknown:ViewManagerPropertyUpdater: Could not find generated setter for class com.facebook.react.views.scroll.ReactHorizontalScrollViewManager
09-22 19:39:41.086 13946 14110 I ReactNativeJNI: Cannot load codecache file: /data/user/0/so.onekey.app.wallet.dev/code_cache/index.android.bundle
09-22 19:39:41.087 13946 14111 W unknown:ViewManagerPropertyUpdater: Could not find generated setter for class com.facebook.react.views.scroll.ReactHorizontalScrollContainerViewManager
09-22 19:39:41.088 13946 14111 W unknown:ViewManagerPropertyUpdater: Could not find generated setter for class com.facebook.react.views.progressbar.ReactProgressBarViewManager
09-22 19:39:41.089 13946 14111 W unknown:ViewManagerPropertyUpdater: Could not find generated setter for class com.facebook.react.views.progressbar.ProgressBarShadowNode
09-22 19:39:41.091 13946 14111 W unknown:ViewManagerPropertyUpdater: Could not find generated setter for class com.facebook.react.views.scroll.ReactScrollViewManager
09-22 19:39:41.095 13946 14111 W unknown:ViewManagerPropertyUpdater: Could not find generated setter for class com.facebook.react.views.slider.ReactSliderManager
09-22 19:39:41.099 13946 14111 W unknown:ViewManagerPropertyUpdater: Could not find generated setter for class com.facebook.react.views.slider.ReactSliderManager$ReactSliderShadowNode
09-22 19:39:41.099 13946 14111 W unknown:ViewManagerPropertyUpdater: Could not find generated setter for class com.facebook.react.views.switchview.ReactSwitchManager
09-22 19:39:41.105 13946 14111 W unknown:ViewManagerPropertyUpdater: Could not find generated setter for class com.facebook.react.views.switchview.ReactSwitchManager$ReactSwitchShadowNode
09-22 19:39:41.105 13946 14111 W unknown:ViewManagerPropertyUpdater: Could not find generated setter for class com.facebook.react.views.swiperefresh.SwipeRefreshLayoutManager
09-22 19:39:41.108 13946 14111 W unknown:ViewManagerPropertyUpdater: Could not find generated setter for class com.facebook.react.views.text.frescosupport.FrescoBasedReactTextInlineImageViewManager
09-22 19:39:41.108 13946 14111 W unknown:ViewManagerPropertyUpdater: Could not find generated setter for class com.facebook.react.views.text.frescosupport.FrescoBasedReactTextInlineImageShadowNode
09-22 19:39:41.109 13946 14111 W unknown:ViewManagerPropertyUpdater: Could not find generated setter for class com.facebook.react.views.image.ReactImageManager
09-22 19:39:41.113 13946 14111 W unknown:ViewManagerPropertyUpdater: Could not find generated setter for class com.facebook.react.views.modal.ReactModalHostManager
09-22 19:39:41.115 13946 14111 W unknown:ViewManagerPropertyUpdater: Could not find generated setter for class com.facebook.react.views.modal.ModalHostShadowNode
09-22 19:39:41.116 13946 14111 W unknown:ViewManagerPropertyUpdater: Could not find generated setter for class com.facebook.react.views.text.ReactRawTextManager
09-22 19:39:41.116 13946 14111 W unknown:ViewManagerPropertyUpdater: Could not find generated setter for class com.facebook.react.views.text.ReactRawTextShadowNode
09-22 19:39:41.117 13946 14111 W unknown:ViewManagerPropertyUpdater: Could not find generated setter for class com.facebook.react.views.textinput.ReactTextInputManager
09-22 19:39:41.121 13946 14111 W unknown:ViewManagerPropertyUpdater: Could not find generated setter for class com.facebook.react.views.textinput.ReactTextInputShadowNode
09-22 19:39:41.124 13946 14111 W unknown:ViewManagerPropertyUpdater: Could not find generated setter for class com.facebook.react.views.text.ReactTextViewManager
09-22 19:39:41.126 13946 14111 W unknown:ViewManagerPropertyUpdater: Could not find generated setter for class com.facebook.react.views.text.ReactTextShadowNode
09-22 19:39:41.127 13946 14111 W unknown:ViewManagerPropertyUpdater: Could not find generated setter for class com.facebook.react.views.view.ReactViewManager
09-22 19:39:41.127 13946 14093 D DetoxRNLoading: Got new RN-context explicitly while polling (#iteration=1)
09-22 19:39:41.128 13946 14093 I DetoxRNIdleRes: Setting up Espresso Idling Resources for React Native
09-22 19:39:41.134 13946 14111 W unknown:ViewManagerPropertyUpdater: Could not find generated setter for class com.facebook.react.views.text.ReactVirtualTextViewManager
09-22 19:39:41.140 13946 14093 D AsyncStorageIR: Checking whether a custom IR for Async-Storage is required... (legacy=false)
09-22 19:39:41.140 13946 14093 D AsyncStorageIR: IR for Async-Storage is required! (legacy=false)
09-22 19:39:41.141 13946 14093 D AsyncStorageIR: Checking whether a custom IR for Async-Storage is required... (legacy=true)
09-22 19:39:41.141 13946 14093 D DetoxRNHelpers: Native RN module resolution (class com.facebook.react.modules.storage.AsyncStorageModule): no such class
09-22 19:39:41.141 13946 14111 W unknown:ViewManagerPropertyUpdater: Could not find generated setter for class com.facebook.react.views.text.ReactVirtualTextShadowNode
09-22 19:39:41.142 13946 14111 W unknown:ViewManagerPropertyUpdater: Could not find generated setter for class com.facebook.react.views.unimplementedview.ReactUnimplementedViewManager
09-22 19:39:41.144 13946 14111 W unknown:ViewManagerPropertyUpdater: Could not find generated setter for class com.reactnativegooglesignin.RNGoogleSigninButtonViewManager
09-22 19:39:41.146 13946 14111 W unknown:ViewManagerPropertyUpdater: Could not find generated setter for class com.reactnativecommunity.slider.ReactSliderManager
09-22 19:39:41.148 13946 14111 W unknown:ViewManagerPropertyUpdater: Could not find generated setter for class com.reactnativecommunity.slider.ReactSliderManager$ReactSliderShadowNode
09-22 19:39:41.149 13946 14111 W unknown:ViewManagerPropertyUpdater: Could not find generated setter for class expo.modules.kotlin.views.GroupViewManagerWrapper
09-22 19:39:41.152 13946 14111 W unknown:ViewManagerPropertyUpdater: Could not find generated setter for class expo.modules.kotlin.views.SimpleViewManagerWrapper
09-22 19:39:41.152 13946 14111 W unknown:ViewManagerPropertyUpdater: Could not find generated setter for class com.airbnb.android.react.lottie.LottieAnimationViewManager
09-22 19:39:41.154 13946 14111 W unknown:ViewManagerPropertyUpdater: Could not find generated setter for class com.rncamerakit.CKCameraManager
09-22 19:39:41.156 13946 14111 W unknown:ViewManagerPropertyUpdater: Could not find generated setter for class com.dylanvann.fastimage.FastImageViewManager
09-22 19:39:41.156 13946 14111 W unknown:ViewManagerPropertyUpdater: Could not find generated setter for class com.swmansion.gesturehandler.react.RNGestureHandlerRootViewManager
09-22 19:39:41.160 13946 14111 W unknown:ViewManagerPropertyUpdater: Could not find generated setter for class com.swmansion.gesturehandler.react.RNGestureHandlerButtonViewManager
09-22 19:39:41.161 13946 14111 W unknown:ViewManagerPropertyUpdater: Could not find generated setter for class com.rnnestedscrollview.ReactNestedScrollViewManager
09-22 19:39:41.163 13946 14111 W unknown:ViewManagerPropertyUpdater: Could not find generated setter for class com.rnnestedscrollview.ReactHorizontalNestedScrollViewManager
09-22 19:39:41.165 13946 14111 W unknown:ViewManagerPropertyUpdater: Could not find generated setter for class com.rnnestedscrollview.ReactHorizontalNestedScrollContainerViewManager
09-22 19:39:41.165 13946 14111 W unknown:ViewManagerPropertyUpdater: Could not find generated setter for class com.reactnativepagerview.PagerViewViewManager
09-22 19:39:41.167 13946 14111 W unknown:ViewManagerPropertyUpdater: Could not find generated setter for class com.th3rdwave.safeareacontext.SafeAreaProviderManager
09-22 19:39:41.168 13946 14111 W unknown:ViewManagerPropertyUpdater: Could not find generated setter for class com.th3rdwave.safeareacontext.SafeAreaViewManager
09-22 19:39:41.169 13946 14111 W unknown:ViewManagerPropertyUpdater: Could not find generated setter for class com.th3rdwave.safeareacontext.SafeAreaViewShadowNode
09-22 19:39:41.170 13946 14111 W unknown:ViewManagerPropertyUpdater: Could not find generated setter for class com.swmansion.rnscreens.ScreenContainerViewManager
09-22 19:39:41.179 13946 14111 W unknown:ViewManagerPropertyUpdater: Could not find generated setter for class com.swmansion.rnscreens.ScreenViewManager
09-22 19:39:41.185 13946 14111 W unknown:ViewManagerPropertyUpdater: Could not find generated setter for class com.swmansion.rnscreens.ScreenStackViewManager
09-22 19:39:41.188 13946 14111 W unknown:ViewManagerPropertyUpdater: Could not find generated setter for class com.swmansion.rnscreens.ScreenStackHeaderConfigViewManager
09-22 19:39:41.191 13946 14111 W unknown:ViewManagerPropertyUpdater: Could not find generated setter for class com.swmansion.rnscreens.ScreenStackHeaderSubviewManager
09-22 19:39:41.194 13946 14111 W unknown:ViewManagerPropertyUpdater: Could not find generated setter for class com.swmansion.rnscreens.SearchBarManager
09-22 19:39:41.196 13946 14111 W unknown:ViewManagerPropertyUpdater: Could not find generated setter for class com.horcrux.svg.RenderableViewManager$DefsViewManager
09-22 19:39:41.198 13946 14111 W unknown:ViewManagerPropertyUpdater: Could not find generated setter for class com.horcrux.svg.VirtualViewManager$RenderableShadowNode
09-22 19:39:41.200 13946 14111 W unknown:ViewManagerPropertyUpdater: Could not find generated setter for class com.horcrux.svg.RenderableViewManager$MarkerManager
09-22 19:39:41.205 13946 14111 W unknown:ViewManagerPropertyUpdater: Could not find generated setter for class com.horcrux.svg.RenderableViewManager$ForeignObjectManager
09-22 19:39:41.211 13946 14111 W unknown:ViewManagerPropertyUpdater: Could not find generated setter for class com.horcrux.svg.RenderableViewManager$EllipseViewManager
09-22 19:39:41.212 13946 14111 W unknown:ViewManagerPropertyUpdater: Could not find generated setter for class com.horcrux.svg.RenderableViewManager$LineViewManager
09-22 19:39:41.215 13946 14111 W unknown:ViewManagerPropertyUpdater: Could not find generated setter for class com.horcrux.svg.RenderableViewManager$LinearGradientManager
09-22 19:39:41.217 13946 14111 W unknown:ViewManagerPropertyUpdater: Could not find generated setter for class com.horcrux.svg.RenderableViewManager$GroupViewManager
09-22 19:39:41.218 13946 14111 W unknown:ViewManagerPropertyUpdater: Could not find generated setter for class com.horcrux.svg.RenderableViewManager$TextViewManager
09-22 19:39:41.223 13946 14111 W unknown:ViewManagerPropertyUpdater: Could not find generated setter for class com.horcrux.svg.RenderableViewManager$ImageViewManager
09-22 19:39:41.231 13946 14111 W unknown:ViewManagerPropertyUpdater: Could not find generated setter for class com.horcrux.svg.RenderableViewManager$ClipPathViewManager
09-22 19:39:41.236 13946 14111 W unknown:ViewManagerPropertyUpdater: Could not find generated setter for class com.horcrux.svg.RenderableViewManager$RadialGradientManager
09-22 19:39:41.240 13946 14111 W unknown:ViewManagerPropertyUpdater: Could not find generated setter for class com.horcrux.svg.RenderableViewManager$MaskManager
09-22 19:39:41.243 13946 14111 W unknown:ViewManagerPropertyUpdater: Could not find generated setter for class com.horcrux.svg.RenderableViewManager$SymbolManager
09-22 19:39:41.246 13946 14111 W unknown:ViewManagerPropertyUpdater: Could not find generated setter for class com.horcrux.svg.RenderableViewManager$PatternManager
09-22 19:39:41.251 13946 14111 W unknown:ViewManagerPropertyUpdater: Could not find generated setter for class com.horcrux.svg.RenderableViewManager$RectViewManager
09-22 19:39:41.254 13946 14111 W unknown:ViewManagerPropertyUpdater: Could not find generated setter for class com.horcrux.svg.RenderableViewManager$TextPathViewManager
09-22 19:39:41.257 13946 14111 W unknown:ViewManagerPropertyUpdater: Could not find generated setter for class com.horcrux.svg.SvgViewManager
09-22 19:39:41.261 13946 14111 W unknown:ViewManagerPropertyUpdater: Could not find generated setter for class com.horcrux.svg.RenderableViewManager$PathViewManager
09-22 19:39:41.264 13946 14111 W unknown:ViewManagerPropertyUpdater: Could not find generated setter for class com.horcrux.svg.RenderableViewManager$UseViewManager
09-22 19:39:41.266 13946 14111 W unknown:ViewManagerPropertyUpdater: Could not find generated setter for class com.horcrux.svg.RenderableViewManager$CircleViewManager
09-22 19:39:41.268 13946 14111 W unknown:ViewManagerPropertyUpdater: Could not find generated setter for class com.horcrux.svg.RenderableViewManager$TSpanViewManager
09-22 19:39:41.271 13946 14111 W unknown:ViewManagerPropertyUpdater: Could not find generated setter for class com.reactnativecommunity.webview.RNCWebViewManager
09-22 19:39:41.280 13946 14111 W unknown:ViewManagerPropertyUpdater: Could not find generated setter for class so.onekey.app.wallet.viewManager.homePage.HomePageManager
09-22 19:39:41.304 13946 13959 I .app.wallet.de: Background concurrent copying GC freed 77154(5441KB) AllocSpace objects, 8(1456KB) LOS objects, 34% free, 11MB/17MB, paused 162us total 146.895ms
09-22 19:39:41.308 13946 13946 D AsyncStorageIR: Async-storage is busy!
09-22 19:39:41.308 13946 14111 W unknown:ReactContext: initializeMessageQueueThreads() is called.
09-22 19:39:41.311 13946 14111 V SoLoader: libyoga.so not found on /data/app/so.onekey.app.wallet.dev-svePwZJ_pjPY078mtqX-3g==/lib/arm64
09-22 19:39:41.314 13946 14093 I DetoxDispatcher: Done with action '_init'
09-22 19:39:41.314 13946 14093 I DetoxDispatcher: Handling action 'isReady' (ID #-1000)...
09-22 19:39:41.316 13946 14111 W SoLoader: libyoga.so not found on /data/app/so.onekey.app.wallet.dev.test-WLKVVWr4C69kDpwdXfjVSQ==/base.apk!/lib/arm64-v8a flag: 4
09-22 19:39:41.316 13946 14111 W SoLoader: java.lang.UnsatisfiedLinkError: dlopen failed: library "/data/app/so.onekey.app.wallet.dev.test-WLKVVWr4C69kDpwdXfjVSQ==/base.apk!/lib/arm64-v8a/libyoga.so" not found
09-22 19:39:41.316 13946 14111 W SoLoader: 	at java.lang.Runtime.load0(Runtime.java:938)
09-22 19:39:41.316 13946 14111 W SoLoader: 	at java.lang.System.load(System.java:1631)
09-22 19:39:41.316 13946 14111 W SoLoader: 	at com.facebook.soloader.SoLoader$1.load(SoLoader.java:558)
09-22 19:39:41.316 13946 14111 W SoLoader: 	at com.facebook.soloader.DirectApkSoSource.loadLibrary(DirectApkSoSource.java:81)
09-22 19:39:41.316 13946 14111 W SoLoader: 	at com.facebook.soloader.SoLoader.doLoadLibraryBySoName(SoLoader.java:1067)
