09-22 19:39:41.316 13946 14111 W SoLoader: 	at com.facebook.soloader.SoLoader.loadLibraryBySoNameImpl(SoLoader.java:943)
09-22 19:39:41.316 13946 14111 W SoLoader: 	at com.facebook.soloader.SoLoader.loadLibraryBySoName(SoLoader.java:855)
09-22 19:39:41.316 13946 14111 W SoLoader: 	at com.facebook.soloader.SoLoader.loadLibrary(SoLoader.java:802)
09-22 19:39:41.316 13946 14111 W SoLoader: 	at com.facebook.soloader.SoLoader.loadLibrary(SoLoader.java:772)
09-22 19:39:41.316 13946 14111 W SoLoader: 	at com.facebook.yoga.YogaNative.<clinit>(YogaNative.java:16)
09-22 19:39:41.316 13946 14111 W SoLoader: 	at com.facebook.yoga.YogaNative.jni_YGConfigNewJNI(Native Method)
09-22 19:39:41.316 13946 14111 W SoLoader: 	at com.facebook.yoga.YogaConfigJNIBase.<init>(YogaConfigJNIBase.java:23)
09-22 19:39:41.316 13946 14111 W SoLoader: 	at com.facebook.yoga.YogaConfigJNIFinalizer.<init>(YogaConfigJNIFinalizer.java:12)
09-22 19:39:41.316 13946 14111 W SoLoader: 	at com.facebook.yoga.YogaConfigFactory.create(YogaConfigFactory.java:12)
09-22 19:39:41.316 13946 14111 W SoLoader: 	at com.facebook.react.uimanager.ReactYogaConfigProvider.get(ReactYogaConfigProvider.java:19)
09-22 19:39:41.316 13946 14111 W SoLoader: 	at com.facebook.react.uimanager.ReactShadowNodeImpl.<clinit>(ReactShadowNodeImpl.java:62)
09-22 19:39:41.316 13946 14111 W SoLoader: 	at com.facebook.react.uimanager.UIImplementation.createRootShadowNode(UIImplementation.java:96)
09-22 19:39:41.316 13946 14111 W SoLoader: 	at com.facebook.react.uimanager.UIImplementation.registerRootView(UIImplementation.java:150)
09-22 19:39:41.316 13946 14111 W SoLoader: 	at com.facebook.react.uimanager.UIManagerModule.addRootView(UIManagerModule.java:405)
09-22 19:39:41.316 13946 14111 W SoLoader: 	at com.facebook.react.ReactInstanceManager.attachRootViewToInstance(ReactInstanceManager.java:1267)
09-22 19:39:41.316 13946 14111 W SoLoader: 	at com.facebook.react.ReactInstanceManager.setupReactContext(ReactInstanceManager.java:1183)
09-22 19:39:41.316 13946 14111 W SoLoader: 	at com.facebook.react.ReactInstanceManager.access$1600(ReactInstanceManager.java:135)
09-22 19:39:41.316 13946 14111 W SoLoader: 	at com.facebook.react.ReactInstanceManager$5$2.run(ReactInstanceManager.java:1137)
09-22 19:39:41.316 13946 14111 W SoLoader: 	at android.os.Handler.handleCallback(Handler.java:883)
09-22 19:39:41.316 13946 14111 W SoLoader: 	at android.os.Handler.dispatchMessage(Handler.java:100)
09-22 19:39:41.316 13946 14111 W SoLoader: 	at com.facebook.react.bridge.queue.MessageQueueThreadHandler.dispatchMessage(MessageQueueThreadHandler.java:27)
09-22 19:39:41.316 13946 14111 W SoLoader: 	at android.os.Looper.loop(Looper.java:214)
09-22 19:39:41.316 13946 14111 W SoLoader: 	at com.facebook.react.bridge.queue.MessageQueueThreadImpl$4.run(MessageQueueThreadImpl.java:228)
09-22 19:39:41.316 13946 14111 W SoLoader: 	at java.lang.Thread.run(Thread.java:919)
09-22 19:39:41.317 13946 13946 W .app.wallet.de: Accessing hidden method Landroid/os/MessageQueue;->next()Landroid/os/Message; (greylist, reflection, allowed)
09-22 19:39:41.317 13946 13946 W .app.wallet.de: Accessing hidden field Landroid/os/MessageQueue;->mMessages:Landroid/os/Message; (greylist, reflection, allowed)
09-22 19:39:41.317 13946 13946 W .app.wallet.de: Accessing hidden method Landroid/os/Message;->recycleUnchecked()V (greylist, reflection, allowed)
09-22 19:39:41.333 13946 14111 D SoLoader: libyoga.so found on /data/app/so.onekey.app.wallet.dev-svePwZJ_pjPY078mtqX-3g==/base.apk!/lib/arm64-v8a
09-22 19:39:41.351 13946 13946 D DetoxRNLoading: Listener-proxy method called: onReactContextInitialized
09-22 19:39:41.351 13946 13946 I DetoxRNLoading: Got new RN-context async'ly through listener
09-22 19:39:41.352 13946 13946 D DetoxRNLoading: Listener-proxy method called: equals
09-22 19:39:41.416 13946 13946 V NFC     : this device does not have NFC support
09-22 19:39:41.416 13946 13946 D OKLiteManager: NFC starting success
09-22 19:39:41.484 13946 14111 I flipper : flipper: FlipperClient::addPlugin Fresco
09-22 19:39:41.743 13946 14125 W .app.wallet.de: Accessing hidden method Landroid/os/WorkSource;->add(I)Z (greylist, reflection, allowed)
09-22 19:39:41.743 13946 14125 W .app.wallet.de: Accessing hidden method Landroid/os/WorkSource;->add(ILjava/lang/String;)Z (greylist, reflection, allowed)
09-22 19:39:41.743 13946 14125 W .app.wallet.de: Accessing hidden method Landroid/os/WorkSource;->size()I (greylist, reflection, allowed)
09-22 19:39:41.743 13946 14125 W .app.wallet.de: Accessing hidden method Landroid/os/WorkSource;->get(I)I (greylist, reflection, allowed)
09-22 19:39:41.743 13946 14125 W .app.wallet.de: Accessing hidden method Landroid/os/WorkSource;->getName(I)Ljava/lang/String; (greylist, reflection, allowed)
09-22 19:39:41.743 13946 14125 W .app.wallet.de: Accessing hidden method Landroid/os/WorkSource;->isEmpty()Z (greylist-max-o, reflection, denied)
09-22 19:39:42.600 13946 13946 W UiControllerImpl: Waiting for: DYNAMIC_TASKS_HAVE_IDLED for 100 iterations.
09-22 19:39:42.638 13946 13959 I .app.wallet.de: NativeAlloc concurrent copying GC freed 50976(1612KB) AllocSpace objects, 0(0B) LOS objects, 31% free, 12MB/18MB, paused 619us total 102.862ms
09-22 19:39:44.179 13946 14133 D ProfileInstaller: Installing profile for so.onekey.app.wallet.dev
09-22 19:39:44.266 13946 13959 I .app.wallet.de: NativeAlloc concurrent copying GC freed 144261(4371KB) AllocSpace objects, 0(0B) LOS objects, 26% free, 16MB/22MB, paused 494us total 153.548ms
09-22 19:39:44.313 13946 13946 W UiControllerImpl: Waiting for: DYNAMIC_TASKS_HAVE_IDLED for 200 iterations.
09-22 19:39:45.899 13946 13946 W UiControllerImpl: Waiting for: DYNAMIC_TASKS_HAVE_IDLED for 300 iterations.
09-22 19:39:46.129 13946 14110 I v8      : index.android.bundle:23253773: Invalid asm.js: Type mismatch in assignment
09-22 19:39:46.316 13946 13946 W IdlingPolicy: These resources are not idle: [LooperIdlingResource-708-mqt_js]
09-22 19:39:46.393 13946 14110 V SoLoader: libexpo-modules-core.so not found on /data/app/so.onekey.app.wallet.dev-svePwZJ_pjPY078mtqX-3g==/lib/arm64
09-22 19:39:46.400 13946 14110 W SoLoader: libexpo-modules-core.so not found on /data/app/so.onekey.app.wallet.dev.test-WLKVVWr4C69kDpwdXfjVSQ==/base.apk!/lib/arm64-v8a flag: 4
09-22 19:39:46.400 13946 14110 W SoLoader: java.lang.UnsatisfiedLinkError: dlopen failed: library "/data/app/so.onekey.app.wallet.dev.test-WLKVVWr4C69kDpwdXfjVSQ==/base.apk!/lib/arm64-v8a/libexpo-modules-core.so" not found
09-22 19:39:46.400 13946 14110 W SoLoader: 	at java.lang.Runtime.load0(Runtime.java:938)
09-22 19:39:46.400 13946 14110 W SoLoader: 	at java.lang.System.load(System.java:1631)
09-22 19:39:46.400 13946 14110 W SoLoader: 	at com.facebook.soloader.SoLoader$1.load(SoLoader.java:558)
09-22 19:39:46.400 13946 14110 W SoLoader: 	at com.facebook.soloader.DirectApkSoSource.loadLibrary(DirectApkSoSource.java:81)
09-22 19:39:46.400 13946 14110 W SoLoader: 	at com.facebook.soloader.SoLoader.doLoadLibraryBySoName(SoLoader.java:1067)
09-22 19:39:46.400 13946 14110 W SoLoader: 	at com.facebook.soloader.SoLoader.loadLibraryBySoNameImpl(SoLoader.java:943)
09-22 19:39:46.400 13946 14110 W SoLoader: 	at com.facebook.soloader.SoLoader.loadLibraryBySoName(SoLoader.java:855)
09-22 19:39:46.400 13946 14110 W SoLoader: 	at com.facebook.soloader.SoLoader.loadLibrary(SoLoader.java:802)
09-22 19:39:46.400 13946 14110 W SoLoader: 	at com.facebook.soloader.SoLoader.loadLibrary(SoLoader.java:772)
09-22 19:39:46.400 13946 14110 W SoLoader: 	at expo.modules.kotlin.jni.JSIInteropModuleRegistry.<clinit>(JSIInteropModuleRegistry.kt:120)
09-22 19:39:46.400 13946 14110 W SoLoader: 	at expo.modules.kotlin.AppContext.installJSIInterop(AppContext.kt:127)
09-22 19:39:46.400 13946 14110 W SoLoader: 	at expo.modules.kotlin.KotlinInteropModuleRegistry.installJSIInterop(KotlinInteropModuleRegistry.kt:127)
09-22 19:39:46.400 13946 14110 W SoLoader: 	at expo.modules.adapters.react.NativeModulesProxy.getConstants(NativeModulesProxy.java:102)
09-22 19:39:46.400 13946 14110 W SoLoader: 	at com.facebook.react.bridge.JavaModuleWrapper.getConstants(JavaModuleWrapper.java:142)
09-22 19:39:46.400 13946 14110 W SoLoader: 	at com.facebook.jni.NativeRunnable.run(Native Method)
09-22 19:39:46.400 13946 14110 W SoLoader: 	at android.os.Handler.handleCallback(Handler.java:883)
09-22 19:39:46.400 13946 14110 W SoLoader: 	at android.os.Handler.dispatchMessage(Handler.java:100)
09-22 19:39:46.400 13946 14110 W SoLoader: 	at com.facebook.react.bridge.queue.MessageQueueThreadHandler.dispatchMessage(MessageQueueThreadHandler.java:27)
09-22 19:39:46.400 13946 14110 W SoLoader: 	at android.os.Looper.loop(Looper.java:214)
09-22 19:39:46.400 13946 14110 W SoLoader: 	at com.facebook.react.bridge.queue.MessageQueueThreadImpl$4.run(MessageQueueThreadImpl.java:228)
09-22 19:39:46.400 13946 14110 W SoLoader: 	at java.lang.Thread.run(Thread.java:919)
09-22 19:39:46.423 13946 14110 D SoLoader: libexpo-modules-core.so found on /data/app/so.onekey.app.wallet.dev-svePwZJ_pjPY078mtqX-3g==/base.apk!/lib/arm64-v8a
09-22 19:39:46.424 13946 14110 V SoLoader: libturbomodulejsijni.so not found on /data/app/so.onekey.app.wallet.dev-svePwZJ_pjPY078mtqX-3g==/lib/arm64
09-22 19:39:46.429 13946 14110 W SoLoader: libturbomodulejsijni.so not found on /data/app/so.onekey.app.wallet.dev.test-WLKVVWr4C69kDpwdXfjVSQ==/base.apk!/lib/arm64-v8a flag: 4
09-22 19:39:46.429 13946 14110 W SoLoader: java.lang.UnsatisfiedLinkError: dlopen failed: library "/data/app/so.onekey.app.wallet.dev.test-WLKVVWr4C69kDpwdXfjVSQ==/base.apk!/lib/arm64-v8a/libturbomodulejsijni.so" not found
09-22 19:39:46.429 13946 14110 W SoLoader: 	at java.lang.Runtime.load0(Runtime.java:938)
09-22 19:39:46.429 13946 14110 W SoLoader: 	at java.lang.System.load(System.java:1631)
09-22 19:39:46.429 13946 14110 W SoLoader: 	at com.facebook.soloader.SoLoader$1.load(SoLoader.java:558)
09-22 19:39:46.429 13946 14110 W SoLoader: 	at com.facebook.soloader.DirectApkSoSource.loadLibrary(DirectApkSoSource.java:81)
09-22 19:39:46.429 13946 14110 W SoLoader: 	at com.facebook.soloader.SoLoader.doLoadLibraryBySoName(SoLoader.java:1067)
09-22 19:39:46.429 13946 14110 W SoLoader: 	at com.facebook.soloader.SoLoader.loadLibraryBySoNameImpl(SoLoader.java:943)
09-22 19:39:46.429 13946 14110 W SoLoader: 	at com.facebook.soloader.SoLoader.loadLibraryBySoName(SoLoader.java:855)
09-22 19:39:46.429 13946 14110 W SoLoader: 	at com.facebook.soloader.SoLoader.loadLibrary(SoLoader.java:802)
09-22 19:39:46.429 13946 14110 W SoLoader: 	at com.facebook.soloader.SoLoader.loadLibrary(SoLoader.java:772)
09-22 19:39:46.429 13946 14110 W SoLoader: 	at com.facebook.react.turbomodule.core.CallInvokerHolderImpl.maybeLoadSoLibrary(CallInvokerHolderImpl.java:32)
09-22 19:39:46.429 13946 14110 W SoLoader: 	at com.facebook.react.turbomodule.core.CallInvokerHolderImpl.<init>(CallInvokerHolderImpl.java:25)
09-22 19:39:46.429 13946 14110 W SoLoader: 	at com.facebook.react.bridge.CatalystInstanceImpl.getJSCallInvokerHolder(Native Method)
09-22 19:39:46.429 13946 14110 W SoLoader: 	at com.facebook.react.bridge.CatalystInstanceImpl.getJSCallInvokerHolder(CatalystInstanceImpl.java:46)
09-22 19:39:46.429 13946 14110 W SoLoader: 	at expo.modules.adapters.react.services.UIManagerModuleWrapper.getJSCallInvokerHolder(UIManagerModuleWrapper.java:214)
09-22 19:39:46.429 13946 14110 W SoLoader: 	at expo.modules.kotlin.AppContext.installJSIInterop(AppContext.kt:138)
09-22 19:39:46.429 13946 14110 W SoLoader: 	at expo.modules.kotlin.KotlinInteropModuleRegistry.installJSIInterop(KotlinInteropModuleRegistry.kt:127)
09-22 19:39:46.429 13946 14110 W SoLoader: 	at expo.modules.adapters.react.NativeModulesProxy.getConstants(NativeModulesProxy.java:102)
09-22 19:39:46.429 13946 14110 W SoLoader: 	at com.facebook.react.bridge.JavaModuleWrapper.getConstants(JavaModuleWrapper.java:142)
09-22 19:39:46.429 13946 14110 W SoLoader: 	at com.facebook.jni.NativeRunnable.run(Native Method)
09-22 19:39:46.429 13946 14110 W SoLoader: 	at android.os.Handler.handleCallback(Handler.java:883)
09-22 19:39:46.429 13946 14110 W SoLoader: 	at android.os.Handler.dispatchMessage(Handler.java:100)
09-22 19:39:46.429 13946 14110 W SoLoader: 	at com.facebook.react.bridge.queue.MessageQueueThreadHandler.dispatchMessage(MessageQueueThreadHandler.java:27)
09-22 19:39:46.429 13946 14110 W SoLoader: 	at android.os.Looper.loop(Looper.java:214)
09-22 19:39:46.429 13946 14110 W SoLoader: 	at com.facebook.react.bridge.queue.MessageQueueThreadImpl$4.run(MessageQueueThreadImpl.java:228)
09-22 19:39:46.429 13946 14110 W SoLoader: 	at java.lang.Thread.run(Thread.java:919)
09-22 19:39:46.436 13946 14110 D SoLoader: libturbomodulejsijni.so found on /data/app/so.onekey.app.wallet.dev-svePwZJ_pjPY078mtqX-3g==/base.apk!/lib/arm64-v8a
09-22 19:39:46.437 13946 14110 I ExpoModulesCore: ✅ JSI interop was installed
09-22 19:39:46.480 13946 14110 I ExpoModulesCore: ✅ Constants were exported
09-22 19:39:46.553 13946 14110 V SoLoader: libreactnativeblob.so not found on /data/app/so.onekey.app.wallet.dev-svePwZJ_pjPY078mtqX-3g==/lib/arm64
09-22 19:39:46.558 13946 14110 W SoLoader: libreactnativeblob.so not found on /data/app/so.onekey.app.wallet.dev.test-WLKVVWr4C69kDpwdXfjVSQ==/base.apk!/lib/arm64-v8a flag: 4
09-22 19:39:46.558 13946 14110 W SoLoader: java.lang.UnsatisfiedLinkError: dlopen failed: library "/data/app/so.onekey.app.wallet.dev.test-WLKVVWr4C69kDpwdXfjVSQ==/base.apk!/lib/arm64-v8a/libreactnativeblob.so" not found
09-22 19:39:46.558 13946 14110 W SoLoader: 	at java.lang.Runtime.load0(Runtime.java:938)
09-22 19:39:46.558 13946 14110 W SoLoader: 	at java.lang.System.load(System.java:1631)
09-22 19:39:46.558 13946 14110 W SoLoader: 	at com.facebook.soloader.SoLoader$1.load(SoLoader.java:558)
09-22 19:39:46.558 13946 14110 W SoLoader: 	at com.facebook.soloader.DirectApkSoSource.loadLibrary(DirectApkSoSource.java:81)
09-22 19:39:46.558 13946 14110 W SoLoader: 	at com.facebook.soloader.SoLoader.doLoadLibraryBySoName(SoLoader.java:1067)
09-22 19:39:46.558 13946 14110 W SoLoader: 	at com.facebook.soloader.SoLoader.loadLibraryBySoNameImpl(SoLoader.java:943)
09-22 19:39:46.558 13946 14110 W SoLoader: 	at com.facebook.soloader.SoLoader.loadLibraryBySoName(SoLoader.java:855)
09-22 19:39:46.558 13946 14110 W SoLoader: 	at com.facebook.soloader.SoLoader.loadLibrary(SoLoader.java:802)
09-22 19:39:46.558 13946 14110 W SoLoader: 	at com.facebook.soloader.SoLoader.loadLibrary(SoLoader.java:772)
09-22 19:39:46.558 13946 14110 W SoLoader: 	at com.facebook.react.modules.blob.BlobCollector.<clinit>(BlobCollector.java:16)
09-22 19:39:46.558 13946 14110 W SoLoader: 	at com.facebook.react.modules.blob.BlobCollector.install(BlobCollector.java:20)
09-22 19:39:46.558 13946 14110 W SoLoader: 	at com.facebook.react.modules.blob.BlobModule.initialize(BlobModule.java:149)
09-22 19:39:46.558 13946 14110 W SoLoader: 	at com.facebook.react.bridge.ModuleHolder.doInitialize(ModuleHolder.java:236)
09-22 19:39:46.558 13946 14110 W SoLoader: 	at com.facebook.react.bridge.ModuleHolder.create(ModuleHolder.java:201)
09-22 19:39:46.558 13946 14110 W SoLoader: 	at com.facebook.react.bridge.ModuleHolder.getModule(ModuleHolder.java:156)
09-22 19:39:46.558 13946 14110 W SoLoader: 	at com.facebook.react.bridge.JavaModuleWrapper.getModule(JavaModuleWrapper.java:58)
09-22 19:39:46.558 13946 14110 W SoLoader: 	at com.facebook.react.bridge.JavaModuleWrapper.getConstants(JavaModuleWrapper.java:139)
09-22 19:39:46.558 13946 14110 W SoLoader: 	at com.facebook.jni.NativeRunnable.run(Native Method)
09-22 19:39:46.558 13946 14110 W SoLoader: 	at android.os.Handler.handleCallback(Handler.java:883)
09-22 19:39:46.558 13946 14110 W SoLoader: 	at android.os.Handler.dispatchMessage(Handler.java:100)
09-22 19:39:46.558 13946 14110 W SoLoader: 	at com.facebook.react.bridge.queue.MessageQueueThreadHandler.dispatchMessage(MessageQueueThreadHandler.java:27)
09-22 19:39:46.558 13946 14110 W SoLoader: 	at android.os.Looper.loop(Looper.java:214)
09-22 19:39:46.558 13946 14110 W SoLoader: 	at com.facebook.react.bridge.queue.MessageQueueThreadImpl$4.run(MessageQueueThreadImpl.java:228)
09-22 19:39:46.558 13946 14110 W SoLoader: 	at java.lang.Thread.run(Thread.java:919)
09-22 19:39:46.562 13946 14110 D SoLoader: libreactnativeblob.so found on /data/app/so.onekey.app.wallet.dev-svePwZJ_pjPY078mtqX-3g==/base.apk!/lib/arm64-v8a
09-22 19:39:46.564 13946 14110 I ReactNativeJS: Shims Injected: TextDecoder
09-22 19:39:46.564 13946 14110 I ReactNativeJS: Shims Injected: Buffer
09-22 19:39:46.564 13946 14110 I ReactNativeJS: Shims Injected: crypto
09-22 19:39:46.580 13946 14110 I ReactNativeJS: Shims Injected: atob
09-22 19:39:46.580 13946 14110 I ReactNativeJS: Shims Injected: btoa
09-22 19:39:46.580 13946 14110 I ReactNativeJS: Shims Injected: nextTick
09-22 19:39:46.581 13946 14110 I ReactNativeJS: Shims Injected: FileReader.prototype.readAsArrayBuffer
09-22 19:39:46.582 13946 14110 I ReactNativeJS: polyfillsPlatform.native shim loaded
09-22 19:39:46.612 13946 14110 I MMKV    : Loading C++ library...
09-22 19:39:46.617 13946 14110 I MMKV    : Installing MMKV JSI Bindings for MMKV root directory: /data/user/0/so.onekey.app.wallet.dev/files/mmkv
09-22 19:39:46.619 13946 14110 I MMKV    : <MMKV.cpp:165::initialize> version v1.2.15, page size 4096, arch arm64-v8a
09-22 19:39:46.619 13946 14110 I MMKV    : <MMKV.cpp:176::initialize> armv8 AES instructions is supported
09-22 19:39:46.619 13946 14110 I MMKV    : <MMKV.cpp:184::initialize> armv8 CRC32 instructions is supported
09-22 19:39:46.620 13946 14110 I MMKV    : <MMKV.cpp:208::initializeMMKV> root dir: /data/user/0/so.onekey.app.wallet.dev/files/mmkv
09-22 19:39:46.620 13946 14110 I MMKV    : Successfully installed MMKV JSI Bindings!
09-22 19:39:46.621 13946 14110 I RNMMKV  : Creating MMKV instance "onekey-app-setting"... (Path: , Encryption-Key: )
09-22 19:39:46.622 13946 14110 I MMKV    : <MemoryFile.cpp:97::open> open fd[0xa0], /data/user/0/so.onekey.app.wallet.dev/files/mmkv/onekey-app-setting
09-22 19:39:46.622 13946 14110 I MMKV    : <MemoryFile.cpp:97::open> open fd[0xa1], /data/user/0/so.onekey.app.wallet.dev/files/mmkv/onekey-app-setting.crc
09-22 19:39:46.622 13946 14110 I MMKV    : <MMKV_IO.cpp:81::loadFromFile> loading [onekey-app-setting] with 0 actual size, file size 4096, InterProcess 0, meta info version:0
09-22 19:39:46.622 13946 14110 I MMKV    : <MMKV_IO.cpp:130::loadFromFile> loaded [onekey-app-setting] with 0 key-values
09-22 19:39:47.045 13946 14110 W ReactNativeJS: debugLogger init warning, neither `global.$$onekeyAppStorage` nor `window.localStorage` found.
09-22 19:39:47.054 13946 14111 W System.err: java.lang.Exception: File does not exist
09-22 19:39:47.054 13946 14111 W System.err: 	at com.rnfs.RNFSManager.unlink(RNFSManager.java:654)
09-22 19:39:47.054 13946 14111 W System.err: 	at java.lang.reflect.Method.invoke(Native Method)
09-22 19:39:47.054 13946 14111 W System.err: 	at com.facebook.react.bridge.JavaMethodWrapper.invoke(JavaMethodWrapper.java:372)
09-22 19:39:47.054 13946 14111 W System.err: 	at com.facebook.react.bridge.JavaModuleWrapper.invoke(JavaModuleWrapper.java:188)
09-22 19:39:47.054 13946 14111 W System.err: 	at com.facebook.jni.NativeRunnable.run(Native Method)
09-22 19:39:47.054 13946 14111 W System.err: 	at android.os.Handler.handleCallback(Handler.java:883)
09-22 19:39:47.054 13946 14111 W System.err: 	at android.os.Handler.dispatchMessage(Handler.java:100)
09-22 19:39:47.054 13946 14111 W System.err: 	at com.facebook.react.bridge.queue.MessageQueueThreadHandler.dispatchMessage(MessageQueueThreadHandler.java:27)
09-22 19:39:47.054 13946 14111 W System.err: 	at androidx.test.espresso.base.Interrogator.loopAndInterrogate(Interrogator.java:14)
09-22 19:39:47.054 13946 14111 W System.err: 	at androidx.test.espresso.base.LooperIdlingResourceInterrogationHandler$2.run(LooperIdlingResourceInterrogationHandler.java:3)
09-22 19:39:47.054 13946 14111 W System.err: 	at android.os.Handler.handleCallback(Handler.java:883)
09-22 19:39:47.054 13946 14111 W System.err: 	at android.os.Handler.dispatchMessage(Handler.java:100)
09-22 19:39:47.054 13946 14111 W System.err: 	at android.os.Looper.loop(Looper.java:214)
09-22 19:39:47.054 13946 14111 W System.err: 	at com.facebook.react.bridge.queue.MessageQueueThreadImpl$4.run(MessageQueueThreadImpl.java:228)
09-22 19:39:47.054 13946 14111 W System.err: 	at java.lang.Thread.run(Thread.java:919)
09-22 19:39:47.064 13946 14110 V SoLoader: librealm.so not found on /data/app/so.onekey.app.wallet.dev-svePwZJ_pjPY078mtqX-3g==/lib/arm64
09-22 19:39:47.068 13946 14110 V SoLoader: libz.so not found on /data/app/so.onekey.app.wallet.dev-svePwZJ_pjPY078mtqX-3g==/lib/arm64
09-22 19:39:47.068 13946 14110 V SoLoader: libz.so not found on /data/app/so.onekey.app.wallet.dev.test-WLKVVWr4C69kDpwdXfjVSQ==/base.apk!/lib/arm64-v8a
09-22 19:39:47.068 13946 14110 V SoLoader: libz.so not found on /data/app/so.onekey.app.wallet.dev-svePwZJ_pjPY078mtqX-3g==/base.apk!/lib/arm64-v8a
09-22 19:39:47.068 13946 14110 D SoLoader: libz.so found on /system/lib64
09-22 19:39:47.068 13946 14110 D SoLoader: libz.so loaded implicitly
09-22 19:39:47.069 13946 14110 W SoLoader: librealm.so not found on /data/app/so.onekey.app.wallet.dev.test-WLKVVWr4C69kDpwdXfjVSQ==/base.apk!/lib/arm64-v8a flag: 4
09-22 19:39:47.069 13946 14110 W SoLoader: java.lang.UnsatisfiedLinkError: dlopen failed: library "/data/app/so.onekey.app.wallet.dev.test-WLKVVWr4C69kDpwdXfjVSQ==/base.apk!/lib/arm64-v8a/librealm.so" not found
09-22 19:39:47.069 13946 14110 W SoLoader: 	at java.lang.Runtime.load0(Runtime.java:938)
09-22 19:39:47.069 13946 14110 W SoLoader: 	at java.lang.System.load(System.java:1631)
09-22 19:39:47.069 13946 14110 W SoLoader: 	at com.facebook.soloader.SoLoader$1.load(SoLoader.java:558)
09-22 19:39:47.069 13946 14110 W SoLoader: 	at com.facebook.soloader.DirectApkSoSource.loadLibrary(DirectApkSoSource.java:81)
09-22 19:39:47.069 13946 14110 W SoLoader: 	at com.facebook.soloader.SoLoader.doLoadLibraryBySoName(SoLoader.java:1067)
09-22 19:39:47.069 13946 14110 W SoLoader: 	at com.facebook.soloader.SoLoader.loadLibraryBySoNameImpl(SoLoader.java:943)
09-22 19:39:47.069 13946 14110 W SoLoader: 	at com.facebook.soloader.SoLoader.loadLibraryBySoName(SoLoader.java:855)
09-22 19:39:47.069 13946 14110 W SoLoader: 	at com.facebook.soloader.SoLoader.loadLibrary(SoLoader.java:802)
09-22 19:39:47.069 13946 14110 W SoLoader: 	at com.facebook.soloader.SoLoader.loadLibrary(SoLoader.java:772)
09-22 19:39:47.069 13946 14110 W SoLoader: 	at io.realm.react.RealmReactModule.<clinit>(RealmReactModule.java:57)
09-22 19:39:47.069 13946 14110 W SoLoader: 	at io.realm.react.RealmReactPackage.getModule(RealmReactPackage.java:35)
09-22 19:39:47.069 13946 14110 W SoLoader: 	at com.facebook.react.TurboReactPackage$ModuleHolderProvider.get(TurboReactPackage.java:161)
09-22 19:39:47.069 13946 14110 W SoLoader: 	at com.facebook.react.TurboReactPackage$ModuleHolderProvider.get(TurboReactPackage.java:149)
09-22 19:39:47.069 13946 14110 W SoLoader: 	at com.facebook.react.bridge.ModuleHolder.create(ModuleHolder.java:191)
09-22 19:39:47.069 13946 14110 W SoLoader: 	at com.facebook.react.bridge.ModuleHolder.getModule(ModuleHolder.java:156)
09-22 19:39:47.069 13946 14110 W SoLoader: 	at com.facebook.react.bridge.JavaModuleWrapper.findMethods(JavaModuleWrapper.java:71)
09-22 19:39:47.069 13946 14110 W SoLoader: 	at com.facebook.react.bridge.JavaModuleWrapper.getMethodDescriptors(JavaModuleWrapper.java:111)
09-22 19:39:47.069 13946 14110 W SoLoader: 	at com.facebook.jni.NativeRunnable.run(Native Method)
09-22 19:39:47.069 13946 14110 W SoLoader: 	at android.os.Handler.handleCallback(Handler.java:883)
09-22 19:39:47.069 13946 14110 W SoLoader: 	at android.os.Handler.dispatchMessage(Handler.java:100)
09-22 19:39:47.069 13946 14110 W SoLoader: 	at com.facebook.react.bridge.queue.MessageQueueThreadHandler.dispatchMessage(MessageQueueThreadHandler.java:27)
09-22 19:39:47.069 13946 14110 W SoLoader: 	at android.os.Looper.loop(Looper.java:214)
09-22 19:39:47.069 13946 14110 W SoLoader: 	at com.facebook.react.bridge.queue.MessageQueueThreadImpl$4.run(MessageQueueThreadImpl.java:228)
09-22 19:39:47.069 13946 14110 W SoLoader: 	at java.lang.Thread.run(Thread.java:919)
09-22 19:39:47.105 13946 14110 D SoLoader: librealm.so found on /data/app/so.onekey.app.wallet.dev-svePwZJ_pjPY078mtqX-3g==/base.apk!/lib/arm64-v8a
09-22 19:39:47.105 13946 14110 V JSRealm : setDefaultRealmFileDirectory
09-22 19:39:47.105 13946 14110 D JSRealm : Absolute path: /data/data/so.onekey.app.wallet.dev/files
09-22 19:39:47.106 13946 14110 V JSRealm : install
09-22 19:39:47.106 13946 14110 V JSRealm : Building an exports object
09-22 19:39:47.106 13946 14110 V JSRealm : Initializing ...
09-22 19:39:47.208 13946 14110 W ReactNativeJS: @polkadot/api requires direct dependencies exactly matching version 10.7.1.
09-22 19:39:47.208 13946 14110 W ReactNativeJS: Either remove and explicitly install matching versions or dedupe using your package manager.
09-22 19:39:47.208 13946 14110 W ReactNativeJS: The following conflicting packages were found:
09-22 19:39:47.208 13946 14110 W ReactNativeJS: 	10.8.1	@polkadot/rpc-core
09-22 19:39:47.208 13946 14110 W ReactNativeJS: 	10.8.1	@polkadot/types-known
09-22 19:39:47.208 13946 14110 W ReactNativeJS: @polkadot/rpc-augment requires direct dependencies exactly matching version 10.8.1.
09-22 19:39:47.208 13946 14110 W ReactNativeJS: Either remove and explicitly install matching versions or dedupe using your package manager.
09-22 19:39:47.208 13946 14110 W ReactNativeJS: The following conflicting packages were found:
09-22 19:39:47.208 13946 14110 W ReactNativeJS: 	10.7.1	@polkadot/types
09-22 19:39:47.255 13946 14110 W ReactNativeJS: @polkadot/rpc-core requires direct dependencies exactly matching version 10.8.1.
09-22 19:39:47.255 13946 14110 W ReactNativeJS: Either remove and explicitly install matching versions or dedupe using your package manager.
09-22 19:39:47.255 13946 14110 W ReactNativeJS: The following conflicting packages were found:
09-22 19:39:47.255 13946 14110 W ReactNativeJS: 	10.7.1	@polkadot/rpc-provider
09-22 19:39:47.255 13946 14110 W ReactNativeJS: 	10.7.1	@polkadot/types
09-22 19:39:47.255 13946 14110 W ReactNativeJS: @polkadot/types requires direct dependencies exactly matching version 10.7.1.
09-22 19:39:47.255 13946 14110 W ReactNativeJS: Either remove and explicitly install matching versions or dedupe using your package manager.
09-22 19:39:47.255 13946 14110 W ReactNativeJS: The following conflicting packages were found:
09-22 19:39:47.255 13946 14110 W ReactNativeJS: 	10.8.1	@polkadot/types-codec
09-22 19:39:47.255 13946 14110 W ReactNativeJS: 	10.8.1	@polkadot/types-create
09-22 19:39:47.277 13946 14110 W ReactNativeJS: @polkadot/types-known requires direct dependencies exactly matching version 10.8.1.
09-22 19:39:47.277 13946 14110 W ReactNativeJS: Either remove and explicitly install matching versions or dedupe using your package manager.
09-22 19:39:47.277 13946 14110 W ReactNativeJS: The following conflicting packages were found:
09-22 19:39:47.277 13946 14110 W ReactNativeJS: 	10.7.1	@polkadot/types
09-22 19:39:47.375 13946 14110 V SoLoader: libreanimated.so not found on /data/app/so.onekey.app.wallet.dev-svePwZJ_pjPY078mtqX-3g==/lib/arm64
09-22 19:39:47.379 13946 14110 W SoLoader: libreanimated.so not found on /data/app/so.onekey.app.wallet.dev.test-WLKVVWr4C69kDpwdXfjVSQ==/base.apk!/lib/arm64-v8a flag: 4
09-22 19:39:47.379 13946 14110 W SoLoader: java.lang.UnsatisfiedLinkError: dlopen failed: library "/data/app/so.onekey.app.wallet.dev.test-WLKVVWr4C69kDpwdXfjVSQ==/base.apk!/lib/arm64-v8a/libreanimated.so" not found
09-22 19:39:47.379 13946 14110 W SoLoader: 	at java.lang.Runtime.load0(Runtime.java:938)
09-22 19:39:47.379 13946 14110 W SoLoader: 	at java.lang.System.load(System.java:1631)
09-22 19:39:47.379 13946 14110 W SoLoader: 	at com.facebook.soloader.SoLoader$1.load(SoLoader.java:558)
09-22 19:39:47.379 13946 14110 W SoLoader: 	at com.facebook.soloader.DirectApkSoSource.loadLibrary(DirectApkSoSource.java:81)
09-22 19:39:47.379 13946 14110 W SoLoader: 	at com.facebook.soloader.SoLoader.doLoadLibraryBySoName(SoLoader.java:1067)
09-22 19:39:47.379 13946 14110 W SoLoader: 	at com.facebook.soloader.SoLoader.loadLibraryBySoNameImpl(SoLoader.java:943)
09-22 19:39:47.379 13946 14110 W SoLoader: 	at com.facebook.soloader.SoLoader.loadLibraryBySoName(SoLoader.java:855)
09-22 19:39:47.379 13946 14110 W SoLoader: 	at com.facebook.soloader.SoLoader.loadLibrary(SoLoader.java:802)
09-22 19:39:47.379 13946 14110 W SoLoader: 	at com.facebook.soloader.SoLoader.loadLibrary(SoLoader.java:772)
09-22 19:39:47.379 13946 14110 W SoLoader: 	at com.swmansion.reanimated.nativeProxy.NativeProxyCommon.<clinit>(NativeProxyCommon.java:33)
09-22 19:39:47.379 13946 14110 W SoLoader: 	at com.swmansion.reanimated.NodesManager.initWithContext(NodesManager.java:112)
09-22 19:39:47.379 13946 14110 W SoLoader: 	at com.swmansion.reanimated.ReanimatedModule.installTurboModule(ReanimatedModule.java:100)
09-22 19:39:47.379 13946 14110 W SoLoader: 	at com.facebook.jni.NativeRunnable.run(Native Method)
09-22 19:39:47.379 13946 14110 W SoLoader: 	at android.os.Handler.handleCallback(Handler.java:883)
09-22 19:39:47.379 13946 14110 W SoLoader: 	at android.os.Handler.dispatchMessage(Handler.java:100)
09-22 19:39:47.379 13946 14110 W SoLoader: 	at com.facebook.react.bridge.queue.MessageQueueThreadHandler.dispatchMessage(MessageQueueThreadHandler.java:27)
09-22 19:39:47.379 13946 14110 W SoLoader: 	at android.os.Looper.loop(Looper.java:214)
09-22 19:39:47.379 13946 14110 W SoLoader: 	at com.facebook.react.bridge.queue.MessageQueueThreadImpl$4.run(MessageQueueThreadImpl.java:228)
09-22 19:39:47.379 13946 14110 W SoLoader: 	at java.lang.Thread.run(Thread.java:919)
09-22 19:39:47.401 13946 14110 D SoLoader: libreanimated.so found on /data/app/so.onekey.app.wallet.dev-svePwZJ_pjPY078mtqX-3g==/base.apk!/lib/arm64-v8a
09-22 19:39:47.413 13946 13946 W UiControllerImpl: Waiting for: DYNAMIC_TASKS_HAVE_IDLED for 400 iterations.
09-22 19:39:47.577 13946 14110 I RNMMKV  : Creating MMKV instance "obsPersist"... (Path: , Encryption-Key: )
09-22 19:39:47.578 13946 14110 I MMKV    : <MemoryFile.cpp:97::open> open fd[0xb0], /data/user/0/so.onekey.app.wallet.dev/files/mmkv/obsPersist
09-22 19:39:47.578 13946 14110 I MMKV    : <MemoryFile.cpp:97::open> open fd[0xb1], /data/user/0/so.onekey.app.wallet.dev/files/mmkv/obsPersist.crc
09-22 19:39:47.578 13946 14110 I MMKV    : <MMKV_IO.cpp:81::loadFromFile> loading [obsPersist] with 0 actual size, file size 4096, InterProcess 0, meta info version:0
09-22 19:39:47.578 13946 14110 I MMKV    : <MMKV_IO.cpp:130::loadFromFile> loaded [obsPersist] with 0 key-values
09-22 19:39:47.598 13946 14110 W ReactNativeJS: `new NativeEventEmitter()` was called with a non-null argument without the required `addListener` method.
09-22 19:39:47.598 13946 14110 W ReactNativeJS: `new NativeEventEmitter()` was called with a non-null argument without the required `removeListeners` method.
09-22 19:39:47.796 13946 14110 I ReactNativeJS: Running "main
09-22 19:39:47.826 13946 14087 W .app.wallet.de: Accessing hidden method Ljava/io/ObjectStreamClass;->getConstructorId(Ljava/lang/Class;)J (greylist, reflection, allowed)
09-22 19:39:47.826 13946 14087 W .app.wallet.de: Accessing hidden field Lsun/misc/Unsafe;->theUnsafe:Lsun/misc/Unsafe; (greylist, reflection, allowed)
09-22 19:39:47.847 13946 13946 I ReactNative: [GESTURE HANDLER] Initialize gesture handler for root view com.facebook.react.ReactRootView{54c478e V.E...... ......ID 0,0-1080,2022 #b}
09-22 19:39:48.080 13946 14110 D RNFBCrashlyticsInit: isCrashlyticsCollectionEnabled via RNFBMeta: true
09-22 19:39:48.080 13946 14110 D RNFBCrashlyticsInit: isCrashlyticsCollectionEnabled after checking crashlytics_debug_enabled: false
09-22 19:39:48.080 13946 14110 D RNFBCrashlyticsInit: isCrashlyticsCollectionEnabled final value: false
09-22 19:39:48.080 13946 14110 D RNFBCrashlyticsInit: isErrorGenerationOnJSCrashEnabled via RNFBJSON: true
09-22 19:39:48.081 13946 14110 D RNFBCrashlyticsInit: isErrorGenerationOnJSCrashEnabled final value: true
09-22 19:39:48.081 13946 14110 D RNFBCrashlyticsInit: isCrashlyticsJavascriptExceptionHandlerChainingEnabled via RNFBJSON: true
09-22 19:39:48.081 13946 14110 D RNFBCrashlyticsInit: isCrashlyticsJavascriptExceptionHandlerChainingEnabled final value: true
09-22 19:39:48.085 13946 14111 W .app.wallet.de: Accessing hidden field Landroid/app/ActivityThread;->sCurrentActivityThread:Landroid/app/ActivityThread; (greylist, reflection, allowed)
09-22 19:39:48.085 13946 14111 W .app.wallet.de: Accessing hidden method Landroid/app/ActivityThread;->getApplication()Landroid/app/Application; (greylist, reflection, allowed)
09-22 19:39:48.092 13946 14111 D ActionManager: addAction type:JPUSH,action:cn.jpush.android.helper.b
09-22 19:39:48.096 13946 14111 W .app.wallet.de: Accessing hidden method Landroid/app/ActivityThread;->currentActivityThread()Landroid/app/ActivityThread; (greylist, reflection, allowed)
09-22 19:39:48.096 13946 14111 W .app.wallet.de: Accessing hidden field Landroid/app/ActivityThread;->mActivities:Landroid/util/ArrayMap; (greylist, reflection, allowed)
09-22 19:39:48.097 13946 14111 W .app.wallet.de: Accessing hidden field Landroid/app/ActivityThread$ActivityClientRecord;->paused:Z (greylist, reflection, allowed)
09-22 19:39:48.097 13946 14111 W .app.wallet.de: Accessing hidden field Landroid/app/ActivityThread$ActivityClientRecord;->activity:Landroid/app/Activity; (greylist, reflection, allowed)
09-22 19:39:48.104 13946 14111 W .app.wallet.de: Accessing hidden method Landroid/view/Window;->getInsetsController()Landroid/view/WindowInsetsController; (blacklist, linking, denied)
09-22 19:39:48.109 13946 14111 D RNFBCrashlyticsInit: isCrashlyticsCollectionEnabled via RNFBMeta: true
09-22 19:39:48.109 13946 14111 D RNFBCrashlyticsInit: isCrashlyticsCollectionEnabled after checking crashlytics_debug_enabled: false
09-22 19:39:48.109 13946 14111 D RNFBCrashlyticsInit: isCrashlyticsCollectionEnabled final value: false
09-22 19:39:48.160 13946 14168 E JIGUANG-JOperate: [JOperateProccessHelper] The permission should be defined JO- so.onekey.app.wallet.dev.permission.JOPERATE_MESSAGE
09-22 19:39:48.162 13946 14168 E JIGUANG-JOperate: [JOperateProccessHelper] getReceiverPermission:so.onekey.app.wallet.dev.permission.JPUSH_MESSAGE
09-22 19:39:48.211 13946 14111 W unknown:ViewManagerPropertyUpdater: Could not find generated setter for class com.swmansion.rnscreens.ScreensShadowNode
09-22 19:39:48.222 13946 14186 V SoLoader: libimagepipeline.so not found on /data/app/so.onekey.app.wallet.dev-svePwZJ_pjPY078mtqX-3g==/lib/arm64
09-22 19:39:48.223 13946 14189 E JIGUANG-JCore: [CheckManifestHelper] errorcode:1008,Invalid appKey : 1, Please get your Appkey from JIGUANG web console!
09-22 19:39:48.231 13946 14186 V SoLoader: libjnigraphics.so not found on /data/app/so.onekey.app.wallet.dev-svePwZJ_pjPY078mtqX-3g==/lib/arm64
09-22 19:39:48.231 13946 14186 V SoLoader: libjnigraphics.so not found on /data/app/so.onekey.app.wallet.dev.test-WLKVVWr4C69kDpwdXfjVSQ==/base.apk!/lib/arm64-v8a
09-22 19:39:48.231 13946 14186 V SoLoader: libjnigraphics.so not found on /data/app/so.onekey.app.wallet.dev-svePwZJ_pjPY078mtqX-3g==/base.apk!/lib/arm64-v8a
09-22 19:39:48.231 13946 14186 D SoLoader: libjnigraphics.so found on /system/lib64
09-22 19:39:48.231 13946 14186 D SoLoader: libjnigraphics.so loaded implicitly
09-22 19:39:48.231 13946 14189 E JIGUANG-JCore: [CheckManifestHelper] errorcode:1008,Invalid appKey : 1, Please get your Appkey from JIGUANG web console!
09-22 19:39:48.236 13946 14186 W SoLoader: libimagepipeline.so not found on /data/app/so.onekey.app.wallet.dev.test-WLKVVWr4C69kDpwdXfjVSQ==/base.apk!/lib/arm64-v8a flag: 4
09-22 19:39:48.236 13946 14186 W SoLoader: java.lang.UnsatisfiedLinkError: dlopen failed: library "/data/app/so.onekey.app.wallet.dev.test-WLKVVWr4C69kDpwdXfjVSQ==/base.apk!/lib/arm64-v8a/libimagepipeline.so" not found
09-22 19:39:48.236 13946 14186 W SoLoader: 	at java.lang.Runtime.load0(Runtime.java:938)
09-22 19:39:48.236 13946 14186 W SoLoader: 	at java.lang.System.load(System.java:1631)
09-22 19:39:48.236 13946 14186 W SoLoader: 	at com.facebook.soloader.SoLoader$1.load(SoLoader.java:558)
09-22 19:39:48.236 13946 14186 W SoLoader: 	at com.facebook.soloader.DirectApkSoSource.loadLibrary(DirectApkSoSource.java:81)
09-22 19:39:48.236 13946 14186 W SoLoader: 	at com.facebook.soloader.SoLoader.doLoadLibraryBySoName(SoLoader.java:1067)
09-22 19:39:48.236 13946 14186 W SoLoader: 	at com.facebook.soloader.SoLoader.loadLibraryBySoNameImpl(SoLoader.java:943)
09-22 19:39:48.236 13946 14186 W SoLoader: 	at com.facebook.soloader.SoLoader.loadLibraryBySoName(SoLoader.java:855)
09-22 19:39:48.236 13946 14186 W SoLoader: 	at com.facebook.soloader.SoLoader.loadLibrary(SoLoader.java:802)
09-22 19:39:48.236 13946 14186 W SoLoader: 	at com.facebook.soloader.NativeLoaderToSoLoaderDelegate.loadLibrary(NativeLoaderToSoLoaderDelegate.java:29)
09-22 19:39:48.236 13946 14186 W SoLoader: 	at com.facebook.soloader.nativeloader.NativeLoader.loadLibrary(NativeLoader.java:51)
09-22 19:39:48.236 13946 14186 W SoLoader: 	at com.facebook.soloader.nativeloader.NativeLoader.loadLibrary(NativeLoader.java:30)
09-22 19:39:48.236 13946 14186 W SoLoader: 	at com.facebook.imagepipeline.memory.NativeMemoryChunk.<clinit>(NativeMemoryChunk.java:33)
09-22 19:39:48.236 13946 14186 W SoLoader: 	at com.facebook.imagepipeline.memory.NativeMemoryChunkPool.alloc(NativeMemoryChunkPool.java:31)
09-22 19:39:48.236 13946 14186 W SoLoader: 	at com.facebook.imagepipeline.memory.NativeMemoryChunkPool.alloc(NativeMemoryChunkPool.java:16)
09-22 19:39:48.236 13946 14186 W SoLoader: 	at com.facebook.imagepipeline.memory.BasePool.get(BasePool.java:256)
09-22 19:39:48.236 13946 14186 W SoLoader: 	at com.facebook.imagepipeline.memory.MemoryPooledByteBufferOutputStream.<init>(MemoryPooledByteBufferOutputStream.java:55)
09-22 19:39:48.236 13946 14186 W SoLoader: 	at com.facebook.imagepipeline.memory.MemoryPooledByteBufferFactory.newByteBuffer(MemoryPooledByteBufferFactory.java:75)
09-22 19:39:48.236 13946 14186 W SoLoader: 	at com.facebook.imagepipeline.memory.MemoryPooledByteBufferFactory.newByteBuffer(MemoryPooledByteBufferFactory.java:25)
09-22 19:39:48.236 13946 14186 W SoLoader: 	at com.facebook.imagepipeline.producers.LocalFetchProducer.getByteBufferBackedEncodedImage(LocalFetchProducer.java:83)
09-22 19:39:48.236 13946 14186 W SoLoader: 	at com.facebook.imagepipeline.producers.LocalFetchProducer.getEncodedImage(LocalFetchProducer.java:93)
09-22 19:39:48.236 13946 14186 W SoLoader: 	at com.facebook.imagepipeline.producers.LocalResourceFetchProducer.getEncodedImage(LocalResourceFetchProducer.java:37)
09-22 19:39:48.236 13946 14186 W SoLoader: 	at com.facebook.imagepipeline.producers.LocalFetchProducer$1.getResult(LocalFetchProducer.java:47)
09-22 19:39:48.236 13946 14186 W SoLoader: 	at com.facebook.imagepipeline.producers.LocalFetchProducer$1.getResult(LocalFetchProducer.java:43)
09-22 19:39:48.236 13946 14186 W SoLoader: 	at com.facebook.common.executors.StatefulRunnable.run(StatefulRunnable.java:46)
09-22 19:39:48.236 13946 14186 W SoLoader: 	at java.util.concurrent.ThreadPoolExecutor.runWorker(ThreadPoolExecutor.java:1167)
09-22 19:39:48.236 13946 14186 W SoLoader: 	at java.util.concurrent.ThreadPoolExecutor$Worker.run(ThreadPoolExecutor.java:641)
09-22 19:39:48.236 13946 14186 W SoLoader: 	at com.facebook.imagepipeline.core.PriorityThreadFactory$1.run(PriorityThreadFactory.java:52)
09-22 19:39:48.236 13946 14186 W SoLoader: 	at java.lang.Thread.run(Thread.java:919)
09-22 19:39:48.238 13946 14189 E JIGUANG-JCore: [CheckManifestHelper] errorcode:1008,Invalid appKey : 1, Please get your Appkey from JIGUANG web console!
09-22 19:39:48.243 13946 14189 E JIGUANG-JCore: [CheckManifestHelper] errorcode:1008,Invalid appKey : 1, Please get your Appkey from JIGUANG web console!
09-22 19:39:48.248 13946 14189 E JIGUANG-JCore: [CheckManifestHelper] errorcode:1008,Invalid appKey : 1, Please get your Appkey from JIGUANG web console!
09-22 19:39:48.251 13946 14189 E JIGUANG-JCore: [CheckManifestHelper] errorcode:1008,Invalid appKey : 1, Please get your Appkey from JIGUANG web console!
09-22 19:39:48.262 13946 14186 D SoLoader: libimagepipeline.so found on /data/app/so.onekey.app.wallet.dev-svePwZJ_pjPY078mtqX-3g==/base.apk!/lib/arm64-v8a
09-22 19:39:48.350 13946 13959 I .app.wallet.de: Background concurrent copying GC freed 58760(3322KB) AllocSpace objects, 12(496KB) LOS objects, 23% free, 19MB/25MB, paused 25us total 113.397ms
09-22 19:39:48.670 13946 14110 I ReactNativeJS: 'LazyRenderWhenFocus >>>>>>>>>> ', { shouldFreeze: true,
09-22 19:39:48.670 13946 14110 I ReactNativeJS:   freezeWhenBlur: undefined,
09-22 19:39:48.670 13946 14110 I ReactNativeJS:   rootTabName: 'market' }
09-22 19:39:48.712 13946 14110 I ReactNativeJS: 'LazyRenderWhenFocus >>>>>>>>>> ', { shouldFreeze: true,
09-22 19:39:48.712 13946 14110 I ReactNativeJS:   freezeWhenBlur: undefined,
09-22 19:39:48.712 13946 14110 I ReactNativeJS:   rootTabName: 'swap' }
09-22 19:39:48.742 13946 14110 I ReactNativeJS: 'LazyRenderWhenFocus >>>>>>>>>> ', { shouldFreeze: true,
09-22 19:39:48.742 13946 14110 I ReactNativeJS:   freezeWhenBlur: undefined,
09-22 19:39:48.742 13946 14110 I ReactNativeJS:   rootTabName: 'discover' }
09-22 19:39:48.812 13946 14110 I ReactNativeJS: 'LazyRenderWhenFocus >>>>>>>>>> ', { shouldFreeze: true,
09-22 19:39:48.812 13946 14110 I ReactNativeJS:   freezeWhenBlur: undefined,
09-22 19:39:48.812 13946 14110 I ReactNativeJS:   rootTabName: 'me' }
09-22 19:39:48.963 13946 14110 W ReactNativeJS: `new NativeEventEmitter()` was called with a non-null argument without the required `addListener` method.
09-22 19:39:48.963 13946 14110 W ReactNativeJS: `new NativeEventEmitter()` was called with a non-null argument without the required `removeListeners` method.
09-22 19:39:49.077 13946 14111 D RNFBCrashlyticsInit: isCrashlyticsCollectionEnabled via RNFBMeta: true
09-22 19:39:49.077 13946 14111 D RNFBCrashlyticsInit: isCrashlyticsCollectionEnabled after checking crashlytics_debug_enabled: false
09-22 19:39:49.077 13946 14111 D RNFBCrashlyticsInit: isCrashlyticsCollectionEnabled final value: false
09-22 19:39:49.135 13946 13946 I Choreographer: Skipped 60 frames!  The application may be doing too much work on its main thread.
09-22 19:39:49.138 13946 14075 I OpenGLRenderer: Davey! duration=1024ms; Flags=1, IntendedVsync=6155158436967, Vsync=6155158436967, OldestInputEvent=9223372036854775807, NewestInputEvent=0, HandleInputStart=6155158927933, AnimationStart=6155158970017, PerformTraversalsStart=6155172892517, DrawStart=6156175058059, SyncQueued=6156175672350, SyncStart=6156176226392, IssueDrawCommandsStart=6156176301934, SwapBuffers=6156177526725, FrameCompleted=6156183524850, DequeueBufferDuration=580000, QueueBufferDuration=1189000, 
09-22 19:39:49.142 13946 14111 D RNFBCrashlyticsInit: isCrashlyticsCollectionEnabled via RNFBMeta: true
09-22 19:39:49.142 13946 14111 D RNFBCrashlyticsInit: isCrashlyticsCollectionEnabled after checking crashlytics_debug_enabled: false
09-22 19:39:49.142 13946 14111 D RNFBCrashlyticsInit: isCrashlyticsCollectionEnabled final value: false
09-22 19:39:49.177 13946 13946 W .app.wallet.de: Accessing hidden method Lsun/misc/Unsafe;->getObject(Ljava/lang/Object;J)Ljava/lang/Object; (greylist, linking, allowed)
09-22 19:39:49.180 13946 14080 W .app.wallet.de: Accessing hidden method Lsun/misc/Unsafe;->getInt(Ljava/lang/Object;J)I (greylist, linking, allowed)
09-22 19:39:49.180 13946 14080 W .app.wallet.de: Accessing hidden method Lsun/misc/Unsafe;->getObject(Ljava/lang/Object;J)Ljava/lang/Object; (greylist, linking, allowed)
09-22 19:39:49.181 13946 14080 W .app.wallet.de: Accessing hidden method Lsun/misc/Unsafe;->getObject(Ljava/lang/Object;J)Ljava/lang/Object; (greylist, linking, allowed)
09-22 19:39:49.182 13946 14075 I OpenGLRenderer: Davey! duration=1052ms; Flags=1, IntendedVsync=6155175114980, Vsync=6156175114940, OldestInputEvent=9223372036854775807, NewestInputEvent=0, HandleInputStart=6156180895350, AnimationStart=6156180914267, PerformTraversalsStart=6156210280767, DrawStart=6156219179142, SyncQueued=6156219360059, SyncStart=6156219776225, IssueDrawCommandsStart=6156219812392, SwapBuffers=6156220534600, FrameCompleted=6156227867600, DequeueBufferDuration=41000, QueueBufferDuration=1386000, 
09-22 19:39:49.185 13946 14080 W .app.wallet.de: Accessing hidden method Lsun/misc/Unsafe;->getObject(Ljava/lang/Object;J)Ljava/lang/Object; (greylist, linking, allowed)
09-22 19:39:49.189 13946 14080 W .app.wallet.de: Accessing hidden method Lsun/misc/Unsafe;->getLong(Ljava/lang/Object;J)J (greylist,core-platform-api, linking, allowed)
09-22 19:39:49.194 13946 14080 W .app.wallet.de: Accessing hidden method Lsun/misc/Unsafe;->getObject(Ljava/lang/Object;J)Ljava/lang/Object; (greylist, linking, allowed)
09-22 19:39:49.195 13946 14080 W .app.wallet.de: Accessing hidden method Lsun/misc/Unsafe;->putInt(Ljava/lang/Object;JI)V (greylist, linking, allowed)
09-22 19:39:49.719 13946 13946 I Choreographer: Skipped 33 frames!  The application may be doing too much work on its main thread.
09-22 19:39:49.750 13946 13946 D RenderScript HIDL Adaptation: IRenderScriptDevice::getService()
09-22 19:39:49.784 13946 13946 D RenderScript HIDL Adaptation: IRenderScriptDevice::getService() returned 0x0
09-22 19:39:49.784 13946 13946 D RenderScript HIDL Adaptation: Using Fallback Path.
09-22 19:39:49.822 13946 13946 D         : Successfully queried cache dir: /data/user_de/0/so.onekey.app.wallet.dev/code_cache
09-22 19:39:49.822 13946 13946 D RenderScript: Setting cache dir: /data/user_de/0/so.onekey.app.wallet.dev/code_cache
09-22 19:39:49.931 13946 13946 W .app.wallet.de: Accessing hidden field Landroid/widget/ScrollView;->mScroller:Landroid/widget/OverScroller; (greylist, reflection, allowed)
09-22 19:39:50.049 13946 13946 I ReactNative: [GESTURE HANDLER] Gesture handler is already enabled for a parent view
09-22 19:39:50.092 13946 13946 W .app.wallet.de: Accessing hidden method Lsun/misc/Unsafe;->getObject(Ljava/lang/Object;J)Ljava/lang/Object; (greylist, linking, allowed)
09-22 19:39:50.093 13946 13946 I chatty  : uid=10159(so.onekey.app.wallet.dev) identical 2 lines
09-22 19:39:50.094 13946 13946 W .app.wallet.de: Accessing hidden method Lsun/misc/Unsafe;->getObject(Ljava/lang/Object;J)Ljava/lang/Object; (greylist, linking, allowed)
09-22 19:39:50.097 13946 14080 W .app.wallet.de: Accessing hidden method Lsun/misc/Unsafe;->getInt(Ljava/lang/Object;J)I (greylist, linking, allowed)
09-22 19:39:50.097 13946 14080 W .app.wallet.de: Accessing hidden method Lsun/misc/Unsafe;->getObject(Ljava/lang/Object;J)Ljava/lang/Object; (greylist, linking, allowed)
09-22 19:39:50.097 13946 14080 W .app.wallet.de: Accessing hidden method Lsun/misc/Unsafe;->putInt(Ljava/lang/Object;JI)V (greylist, linking, allowed)
09-22 19:39:50.097 13946 14080 W .app.wallet.de: Accessing hidden method Lsun/misc/Unsafe;->getObject(Ljava/lang/Object;J)Ljava/lang/Object; (greylist, linking, allowed)
09-22 19:39:50.100 13946 14080 I chatty  : uid=10159(so.onekey.app.wallet.dev) pool-3-thread-1 identical 5 lines
09-22 19:39:50.100 13946 14080 W .app.wallet.de: Accessing hidden method Lsun/misc/Unsafe;->getObject(Ljava/lang/Object;J)Ljava/lang/Object; (greylist, linking, allowed)
09-22 19:39:50.204 13946 13959 I .app.wallet.de: Background young concurrent copying GC freed 92619(3931KB) AllocSpace objects, 6(312KB) LOS objects, 14% free, 21MB/25MB, paused 203us total 117.920ms
09-22 19:39:50.207 13946 13961 W System  : A resource failed to call destroy. 
09-22 19:39:50.210 13946 14096 D DetoxWSClient: Received action 'currentStatus' (ID #1, params={})
09-22 19:39:50.211 13946 14095 I DetoxDispatcher: Handling action 'currentStatus' (ID #1)...
09-22 19:39:50.232 13946 14111 W JIGUANG-JPush: [AndroidUtil] AndroidManifest.xml missing FileProvider: cn.jiguang.union.ads.service.JAdFileProvider, it necessary for inapp message
09-22 19:39:50.232 13946 14111 W JIGUANG-JPush: [AndroidUtil] The fileprovider required for inapp-message is incorrectly configured, please check AndroidManifest.xml
09-22 19:39:50.234 13946 14111 W JIGUANG-JCore: [JCoreManager] [requestPermission] context must instanceof Activity
09-22 19:39:50.237 13946 14189 E JIGUANG-JCore: [CheckManifestHelper] errorcode:1008,Invalid appKey : 1, Please get your Appkey from JIGUANG web console!
09-22 19:39:50.240 13946 14189 E JIGUANG-JCore: [CheckManifestHelper] errorcode:1008,Invalid appKey : 1, Please get your Appkey from JIGUANG web console!
09-22 19:39:50.240 13946 14161 W JIGUANG-JPush: [AndroidUtil] AndroidManifest.xml missing FileProvider: cn.jiguang.union.ads.service.JAdFileProvider, it necessary for inapp message
09-22 19:39:50.240 13946 14161 W JIGUANG-JPush: [AndroidUtil] The fileprovider required for inapp-message is incorrectly configured, please check AndroidManifest.xml
09-22 19:39:50.242 13946 14189 E JIGUANG-JCore: [CheckManifestHelper] errorcode:1008,Invalid appKey : 1, Please get your Appkey from JIGUANG web console!
09-22 19:39:50.297 13946 14075 I OpenGLRenderer: Davey! duration=1134ms; Flags=0, IntendedVsync=6156208481101, Vsync=6156758481079, OldestInputEvent=9223372036854775807, NewestInputEvent=0, HandleInputStart=6156764921559, AnimationStart=6156764944767, PerformTraversalsStart=6157247503726, DrawStart=6157255997768, SyncQueued=6157314450059, SyncStart=6157314610226, IssueDrawCommandsStart=6157327959559, SwapBuffers=6157335991559, FrameCompleted=6157342796101, DequeueBufferDuration=34000, QueueBufferDuration=432000, 
