--------- beginning of main
09-22 13:41:04.006 12242 12242 I Detox   : Network is busy, with 1 in-flight calls
09-22 13:41:04.016 12242 12399 E ReactNativeJS: 'WalletConnect V2 Core ERROR: WebSocket ERROR > register_error  >>>>>> ', 'WebSocket connection failed for URL: wss://relay.walletconnect.com?auth=eyJhbGciOiJFZERTQSIsInR5cCI6'
09-22 13:41:04.018 12242 12399 E ReactNativeJS: 'WalletConnect V2 doReconnect close connection ERROR: ', [Error: Connection already closed]
09-22 13:41:04.022 12242 12242 I Detox   : Network is busy, with 1 in-flight calls
09-22 13:41:04.022 12242 12242 I chatty  : uid=10159(so.onekey.app.wallet.dev) identical 2 lines
09-22 13:41:04.022 12242 12242 I Detox   : Network is busy, with 1 in-flight calls
09-22 13:41:04.027 12242 12400 E unknown:ReactNative: console.error: WalletConnect V2 Core ERROR: WebSocket ERROR > register_error  >>>>>>  WebSocket connection failed for URL: wss://relay.walletconnect.com?auth=eyJhbGciOiJFZERTQSIsInR5cCI6, js engine: v8, stack:
09-22 13:41:04.027 12242 12400 E unknown:ReactNative: p@50:240
09-22 13:41:04.027 12242 12400 E unknown:ReactNative: p@50:355
09-22 13:41:04.027 12242 12400 E unknown:ReactNative: new s@48:362
09-22 13:41:04.027 12242 12400 E unknown:ReactNative: f.<anonymous>@42:1043
09-22 13:41:04.027 12242 12400 E unknown:ReactNative: new f@42:1221
09-22 13:41:04.027 12242 12400 E unknown:ReactNative: b@42:2420
09-22 13:41:04.027 12242 12400 E unknown:ReactNative: Object.error@512:1745
09-22 13:41:04.027 12242 12400 E unknown:ReactNative: s.<anonymous>@8050:3300
09-22 13:41:04.027 12242 12400 E unknown:ReactNative: Object.p@627:1905
09-22 13:41:04.027 12242 12400 E unknown:ReactNative: s.emit@627:4041
09-22 13:41:04.030 12242 12400 E unknown:ReactNative: console.error: WalletConnect V2 doReconnect close connection ERROR:  Error: Connection already closed, js engine: v8, stack:
09-22 13:41:04.030 12242 12400 E unknown:ReactNative: p@50:240
09-22 13:41:04.030 12242 12400 E unknown:ReactNative: p@50:355
09-22 13:41:04.030 12242 12400 E unknown:ReactNative: new s@48:362
09-22 13:41:04.030 12242 12400 E unknown:ReactNative: f.<anonymous>@42:1043
09-22 13:41:04.030 12242 12400 E unknown:ReactNative: new f@42:1221
09-22 13:41:04.030 12242 12400 E unknown:ReactNative: b@42:2420
09-22 13:41:04.030 12242 12400 E unknown:ReactNative: Object.error@512:1745
09-22 13:41:04.030 12242 12400 E unknown:ReactNative: <unknown>@8050:2541
09-22 13:41:04.030 12242 12400 E unknown:ReactNative: Generator.throw@-1
09-22 13:41:04.030 12242 12400 E unknown:ReactNative: n@353:69
09-22 13:41:04.039 12242 12242 I Detox   : Network is busy, with 1 in-flight calls
09-22 13:41:04.339 12242 12242 I chatty  : uid=10159(so.onekey.app.wallet.dev) identical 74 lines
09-22 13:41:04.339 12242 12242 I Detox   : Network is busy, with 1 in-flight calls
09-22 13:41:04.340 12242 12242 W UiControllerImpl: Waiting for: DYNAMIC_TASKS_HAVE_IDLED for 1400 iterations.
09-22 13:41:04.356 12242 12242 I Detox   : Network is busy, with 1 in-flight calls
09-22 13:41:04.507 12242 12242 I chatty  : uid=10159(so.onekey.app.wallet.dev) identical 38 lines
09-22 13:41:04.507 12242 12242 I Detox   : Network is busy, with 1 in-flight calls
09-22 13:41:04.522 12242 12242 I Detox   : Network is busy, with 1 in-flight calls
09-22 13:41:04.891 12242 12242 I chatty  : uid=10159(so.onekey.app.wallet.dev) identical 90 lines
09-22 13:41:04.891 12242 12242 I Detox   : Network is busy, with 1 in-flight calls
09-22 13:41:04.898 12242 12474 W .app.wallet.de: Accessing hidden method Lsun/misc/Unsafe;->getObject(Ljava/lang/Object;J)Ljava/lang/Object; (greylist, linking, allowed)
09-22 13:41:04.898 12242 12376 W .app.wallet.de: Accessing hidden method Lsun/misc/Unsafe;->getObject(Ljava/lang/Object;J)Ljava/lang/Object; (greylist, linking, allowed)
09-22 13:41:04.898 12242 12376 W .app.wallet.de: Accessing hidden method Lsun/misc/Unsafe;->getObject(Ljava/lang/Object;J)Ljava/lang/Object; (greylist, linking, allowed)
09-22 13:41:04.907 12242 12242 I Detox   : Wait is over: App is now idle!
09-22 13:41:04.907 12242 12389 I DetoxWSClient: Sending out action 'ready' (ID #-1000)
09-22 13:41:04.907 12242 12389 I DetoxDispatcher: Done with action 'isReady'
09-22 13:41:04.907 12242 12389 I DetoxDispatcher: Handling action 'loginSuccess' (ID #0)...
09-22 13:41:04.907 12242 12389 I DetoxDispatcher: Done with action 'loginSuccess'
09-22 13:41:04.907 12242 12389 I DetoxDispatcher: Handling action 'isReady' (ID #-1000)...
09-22 13:41:04.910 12242 12242 I Detox   : Wait is over: App is now idle!
09-22 13:41:04.911 12242 12389 I DetoxWSClient: Sending out action 'ready' (ID #-1000)
09-22 13:41:04.911 12242 12389 I DetoxDispatcher: Done with action 'isReady'
09-22 13:41:04.977 12242 12391 D DetoxWSClient: Received action 'invoke' (ID #2, params={"target":{"type":"Class","value":"com.wix.detox.espresso.DetoxAssertion"},"method":"assertMatcher","args":[{"type":"Invocation","value":{"target":{"type":"Class","value":"androidx.test.espresso.Espresso"},"method":"onView","args":[{"type":"Invocation","value":{"target":{"type":"Class","value":"com.wix.detox.espresso.DetoxMatcher"},"method":"matcherForTestId","args":["create_wallet",{"type":"boolean","value":false}]}}]}},{"type":"Invocation","value":{"target":{"type":"Class","value":"com.wix.detox.espresso.DetoxMatcher"},"method":"matcherForSufficientlyVisible","args":[{"type":"Integer","value":75}]}}]})
09-22 13:41:04.977 12242 12389 I DetoxDispatcher: Handling action 'invoke' (ID #2)...
09-22 13:41:04.978 12242 12389 D Detox   : class com.wix.detox.espresso.DetoxMatcher, matcherForTestId, [create_wallet, false]
09-22 13:41:04.981 12242 12389 D Detox   : class androidx.test.espresso.Espresso, onView, [(view.getTag() is "create_wallet" and view has effective visibility <VISIBLE>)]
09-22 13:41:04.981 12242 12389 D Detox   : class com.wix.detox.espresso.DetoxMatcher, matcherForSufficientlyVisible, [75]
09-22 13:41:04.981 12242 12389 D Detox   : class com.wix.detox.espresso.DetoxAssertion, assertMatcher, [androidx.test.espresso.ViewInteraction@bf38b04, (view has effective visibility <VISIBLE> and view.getGlobalVisibleRect() covers at least <75> percent of the view's area)]
09-22 13:41:04.983 12242 12242 W .app.wallet.de: Accessing hidden method Landroid/view/WindowManagerGlobal;->getInstance()Landroid/view/WindowManagerGlobal; (greylist, reflection, allowed)
09-22 13:41:04.983 12242 12242 W .app.wallet.de: Accessing hidden field Landroid/view/WindowManagerGlobal;->mViews:Ljava/util/ArrayList; (greylist, reflection, allowed)
09-22 13:41:04.983 12242 12242 W .app.wallet.de: Accessing hidden field Landroid/view/WindowManagerGlobal;->mParams:Ljava/util/ArrayList; (greylist, reflection, allowed)
09-22 13:41:04.984 12242 12389 W .app.wallet.de: Accessing hidden method Lsun/misc/Unsafe;->getUnsafe()Lsun/misc/Unsafe; (greylist,core-platform-api, linking, allowed)
09-22 13:41:04.984 12242 12389 W .app.wallet.de: Accessing hidden method Lsun/misc/Unsafe;->putObject(Ljava/lang/Object;JLjava/lang/Object;)V (greylist, linking, allowed)
09-22 13:41:04.984 12242 12522 W .app.wallet.de: Accessing hidden method Lsun/misc/Unsafe;->compareAndSwapObject(Ljava/lang/Object;JLjava/lang/Object;Ljava/lang/Object;)Z (greylist, linking, allowed)
09-22 13:41:04.984 12242 12522 W .app.wallet.de: Accessing hidden method Lsun/misc/Unsafe;->getObject(Ljava/lang/Object;J)Ljava/lang/Object; (greylist, linking, allowed)
09-22 13:41:04.984 12242 12242 I ViewInteraction: Checking 'MatchesViewAssertion(Detox){viewMatcher=(view has effective visibility <VISIBLE> and view.getGlobalVisibleRect() covers at least <75> percent of the view's area)}' assertion on view (view.getTag() is "create_wallet" and view has effective visibility <VISIBLE>)
09-22 13:41:04.985 12242 12389 I DetoxWSClient: Sending out action 'invokeResult' (ID #2)
09-22 13:41:04.985 12242 12389 I DetoxDispatcher: Done with action 'invoke'
