09-22 13:30:11.426 10490 10649 W ReactNativeJS: @polkadot/types requires direct dependencies exactly matching version 10.7.1.
09-22 13:30:11.426 10490 10649 W ReactNativeJS: Either remove and explicitly install matching versions or dedupe using your package manager.
09-22 13:30:11.426 10490 10649 W ReactNativeJS: The following conflicting packages were found:
09-22 13:30:11.426 10490 10649 W ReactNativeJS: 	10.8.1	@polkadot/types-codec
09-22 13:30:11.426 10490 10649 W ReactNativeJS: 	10.8.1	@polkadot/types-create
09-22 13:30:11.432 10490 10649 W ReactNativeJS: @polkadot/types-known requires direct dependencies exactly matching version 10.8.1.
09-22 13:30:11.432 10490 10649 W ReactNativeJS: Either remove and explicitly install matching versions or dedupe using your package manager.
09-22 13:30:11.432 10490 10649 W ReactNativeJS: The following conflicting packages were found:
09-22 13:30:11.432 10490 10649 W ReactNativeJS: 	10.7.1	@polkadot/types
09-22 13:30:11.463 10490 10649 V SoLoader: libreanimated.so not found on /data/app/so.onekey.app.wallet.dev-WM1V-5_aUPNqUsr0Y9sWUA==/lib/arm64
09-22 13:30:11.472 10490 10649 D SoLoader: libreanimated.so found on /data/app/so.onekey.app.wallet.dev-WM1V-5_aUPNqUsr0Y9sWUA==/base.apk!/lib/arm64-v8a
09-22 13:30:11.554 10490 10649 I RNMMKV  : Creating MMKV instance "obsPersist"... (Path: , Encryption-Key: )
09-22 13:30:11.554 10490 10649 I MMKV    : <MemoryFile.cpp:97::open> open fd[0xb0], /data/user/0/so.onekey.app.wallet.dev/files/mmkv/obsPersist
09-22 13:30:11.554 10490 10649 I MMKV    : <MemoryFile.cpp:97::open> open fd[0xb1], /data/user/0/so.onekey.app.wallet.dev/files/mmkv/obsPersist.crc
09-22 13:30:11.554 10490 10649 I MMKV    : <MMKV_IO.cpp:81::loadFromFile> loading [obsPersist] with 0 actual size, file size 4096, InterProcess 0, meta info version:0
09-22 13:30:11.554 10490 10649 I MMKV    : <MMKV_IO.cpp:130::loadFromFile> loaded [obsPersist] with 0 key-values
09-22 13:30:11.561 10490 10649 W ReactNativeJS: `new NativeEventEmitter()` was called with a non-null argument without the required `addListener` method.
09-22 13:30:11.561 10490 10649 W ReactNativeJS: `new NativeEventEmitter()` was called with a non-null argument without the required `removeListeners` method.
09-22 13:30:11.634 10490 10649 I ReactNativeJS: Running "main
09-22 13:30:11.647 10490 10632 W .app.wallet.de: Accessing hidden method Ljava/io/ObjectStreamClass;->getConstructorId(Ljava/lang/Class;)J (greylist, reflection, allowed)
09-22 13:30:11.648 10490 10632 W .app.wallet.de: Accessing hidden field Lsun/misc/Unsafe;->theUnsafe:Lsun/misc/Unsafe; (greylist, reflection, allowed)
09-22 13:30:11.659 10490 10490 I ReactNative: [GESTURE HANDLER] Initialize gesture handler for root view com.facebook.react.ReactRootView{35a7265 V.E...... ......ID 0,0-1080,2022 #b}
09-22 13:30:11.680 10490 10669 W .app.wallet.de: Accessing hidden method Landroid/os/WorkSource;->add(I)Z (greylist, reflection, allowed)
09-22 13:30:11.680 10490 10669 W .app.wallet.de: Accessing hidden method Landroid/os/WorkSource;->add(ILjava/lang/String;)Z (greylist, reflection, allowed)
09-22 13:30:11.680 10490 10669 W .app.wallet.de: Accessing hidden method Landroid/os/WorkSource;->size()I (greylist, reflection, allowed)
09-22 13:30:11.680 10490 10669 W .app.wallet.de: Accessing hidden method Landroid/os/WorkSource;->get(I)I (greylist, reflection, allowed)
09-22 13:30:11.680 10490 10669 W .app.wallet.de: Accessing hidden method Landroid/os/WorkSource;->getName(I)Ljava/lang/String; (greylist, reflection, allowed)
09-22 13:30:11.681 10490 10669 W .app.wallet.de: Accessing hidden method Landroid/os/WorkSource;->isEmpty()Z (greylist-max-o, reflection, denied)
09-22 13:30:11.757 10490 10649 D RNFBCrashlyticsInit: isCrashlyticsCollectionEnabled via RNFBMeta: true
09-22 13:30:11.757 10490 10649 D RNFBCrashlyticsInit: isCrashlyticsCollectionEnabled after checking crashlytics_debug_enabled: false
09-22 13:30:11.757 10490 10649 D RNFBCrashlyticsInit: isCrashlyticsCollectionEnabled final value: false
09-22 13:30:11.757 10490 10649 D RNFBCrashlyticsInit: isErrorGenerationOnJSCrashEnabled via RNFBJSON: true
09-22 13:30:11.757 10490 10649 D RNFBCrashlyticsInit: isErrorGenerationOnJSCrashEnabled final value: true
09-22 13:30:11.757 10490 10649 D RNFBCrashlyticsInit: isCrashlyticsJavascriptExceptionHandlerChainingEnabled via RNFBJSON: true
09-22 13:30:11.757 10490 10649 D RNFBCrashlyticsInit: isCrashlyticsJavascriptExceptionHandlerChainingEnabled final value: true
09-22 13:30:11.765 10490 10650 W .app.wallet.de: Accessing hidden field Landroid/app/ActivityThread;->sCurrentActivityThread:Landroid/app/ActivityThread; (greylist, reflection, allowed)
09-22 13:30:11.765 10490 10650 W .app.wallet.de: Accessing hidden method Landroid/app/ActivityThread;->getApplication()Landroid/app/Application; (greylist, reflection, allowed)
09-22 13:30:11.768 10490 10650 D ActionManager: addAction type:JPUSH,action:cn.jpush.android.helper.b
09-22 13:30:11.770 10490 10650 W .app.wallet.de: Accessing hidden method Landroid/app/ActivityThread;->currentActivityThread()Landroid/app/ActivityThread; (greylist, reflection, allowed)
09-22 13:30:11.770 10490 10650 W .app.wallet.de: Accessing hidden field Landroid/app/ActivityThread;->mActivities:Landroid/util/ArrayMap; (greylist, reflection, allowed)
09-22 13:30:11.771 10490 10650 W .app.wallet.de: Accessing hidden field Landroid/app/ActivityThread$ActivityClientRecord;->paused:Z (greylist, reflection, allowed)
09-22 13:30:11.771 10490 10650 W .app.wallet.de: Accessing hidden field Landroid/app/ActivityThread$ActivityClientRecord;->activity:Landroid/app/Activity; (greylist, reflection, allowed)
09-22 13:30:11.776 10490 10686 E JIGUANG-JOperate: [JOperateProccessHelper] The permission should be defined JO- so.onekey.app.wallet.dev.permission.JOPERATE_MESSAGE
09-22 13:30:11.776 10490 10650 W .app.wallet.de: Accessing hidden method Landroid/view/Window;->getInsetsController()Landroid/view/WindowInsetsController; (blacklist, linking, denied)
09-22 13:30:11.776 10490 10686 E JIGUANG-JOperate: [JOperateProccessHelper] getReceiverPermission:so.onekey.app.wallet.dev.permission.JPUSH_MESSAGE
09-22 13:30:11.779 10490 10650 D RNFBCrashlyticsInit: isCrashlyticsCollectionEnabled via RNFBMeta: true
09-22 13:30:11.779 10490 10650 D RNFBCrashlyticsInit: isCrashlyticsCollectionEnabled after checking crashlytics_debug_enabled: false
09-22 13:30:11.779 10490 10650 D RNFBCrashlyticsInit: isCrashlyticsCollectionEnabled final value: false
09-22 13:30:11.793 10490 10702 E JIGUANG-JCore: [CheckManifestHelper] errorcode:1008,Invalid appKey : 1, Please get your Appkey from JIGUANG web console!
09-22 13:30:11.797 10490 10702 I chatty  : uid=10153(so.onekey.app.wallet.dev) jg_mn_pool_thre identical 4 lines
09-22 13:30:11.800 10490 10702 E JIGUANG-JCore: [CheckManifestHelper] errorcode:1008,Invalid appKey : 1, Please get your Appkey from JIGUANG web console!
09-22 13:30:11.810 10490 10650 W unknown:ViewManagerPropertyUpdater: Could not find generated setter for class com.swmansion.rnscreens.ScreensShadowNode
09-22 13:30:11.830 10490 10711 V SoLoader: libimagepipeline.so not found on /data/app/so.onekey.app.wallet.dev-WM1V-5_aUPNqUsr0Y9sWUA==/lib/arm64
09-22 13:30:11.838 10490 10711 V SoLoader: libjnigraphics.so not found on /data/app/so.onekey.app.wallet.dev-WM1V-5_aUPNqUsr0Y9sWUA==/lib/arm64
09-22 13:30:11.838 10490 10711 V SoLoader: libjnigraphics.so not found on /data/app/so.onekey.app.wallet.dev-WM1V-5_aUPNqUsr0Y9sWUA==/base.apk!/lib/arm64-v8a
09-22 13:30:11.838 10490 10711 V SoLoader: libjnigraphics.so not found on /data/app/so.onekey.app.wallet.dev.test-WDvUMNdHzGJ7VrOR8N-7aA==/base.apk!/lib/arm64-v8a
09-22 13:30:11.838 10490 10711 D SoLoader: libjnigraphics.so found on /system/lib64
09-22 13:30:11.838 10490 10711 D SoLoader: libjnigraphics.so loaded implicitly
09-22 13:30:11.844 10490 10711 D SoLoader: libimagepipeline.so found on /data/app/so.onekey.app.wallet.dev-WM1V-5_aUPNqUsr0Y9sWUA==/base.apk!/lib/arm64-v8a
09-22 13:30:11.977 10490 10649 I ReactNativeJS: 'LazyRenderWhenFocus >>>>>>>>>> ', { shouldFreeze: true,
09-22 13:30:11.977 10490 10649 I ReactNativeJS:   freezeWhenBlur: undefined,
09-22 13:30:11.977 10490 10649 I ReactNativeJS:   rootTabName: 'market' }
09-22 13:30:11.991 10490 10649 I ReactNativeJS: 'LazyRenderWhenFocus >>>>>>>>>> ', { shouldFreeze: true,
09-22 13:30:11.991 10490 10649 I ReactNativeJS:   freezeWhenBlur: undefined,
09-22 13:30:11.991 10490 10649 I ReactNativeJS:   rootTabName: 'swap' }
09-22 13:30:12.006 10490 10649 I ReactNativeJS: 'LazyRenderWhenFocus >>>>>>>>>> ', { shouldFreeze: true,
09-22 13:30:12.006 10490 10649 I ReactNativeJS:   freezeWhenBlur: undefined,
09-22 13:30:12.006 10490 10649 I ReactNativeJS:   rootTabName: 'discover' }
09-22 13:30:12.028 10490 10649 I ReactNativeJS: 'LazyRenderWhenFocus >>>>>>>>>> ', { shouldFreeze: true,
09-22 13:30:12.028 10490 10649 I ReactNativeJS:   freezeWhenBlur: undefined,
09-22 13:30:12.028 10490 10649 I ReactNativeJS:   rootTabName: 'me' }
09-22 13:30:12.079 10490 10649 W ReactNativeJS: `new NativeEventEmitter()` was called with a non-null argument without the required `addListener` method.
09-22 13:30:12.079 10490 10649 W ReactNativeJS: `new NativeEventEmitter()` was called with a non-null argument without the required `removeListeners` method.
09-22 13:30:12.123 10490 10650 D RNFBCrashlyticsInit: isCrashlyticsCollectionEnabled via RNFBMeta: true
09-22 13:30:12.123 10490 10650 D RNFBCrashlyticsInit: isCrashlyticsCollectionEnabled after checking crashlytics_debug_enabled: false
09-22 13:30:12.123 10490 10650 D RNFBCrashlyticsInit: isCrashlyticsCollectionEnabled final value: false
09-22 13:30:12.144 10490 10650 D RNFBCrashlyticsInit: isCrashlyticsCollectionEnabled via RNFBMeta: true
09-22 13:30:12.144 10490 10650 D RNFBCrashlyticsInit: isCrashlyticsCollectionEnabled after checking crashlytics_debug_enabled: false
09-22 13:30:12.144 10490 10650 D RNFBCrashlyticsInit: isCrashlyticsCollectionEnabled final value: false
09-22 13:30:12.146 10490 10490 W .app.wallet.de: Accessing hidden method Lsun/misc/Unsafe;->getObject(Ljava/lang/Object;J)Ljava/lang/Object; (greylist, linking, allowed)
09-22 13:30:12.147 10490 10626 W .app.wallet.de: Accessing hidden method Lsun/misc/Unsafe;->getInt(Ljava/lang/Object;J)I (greylist, linking, allowed)
09-22 13:30:12.147 10490 10626 W .app.wallet.de: Accessing hidden method Lsun/misc/Unsafe;->getObject(Ljava/lang/Object;J)Ljava/lang/Object; (greylist, linking, allowed)
09-22 13:30:12.147 10490 10626 I chatty  : uid=10153(so.onekey.app.wallet.dev) pool-3-thread-1 identical 1 line
09-22 13:30:12.148 10490 10626 W .app.wallet.de: Accessing hidden method Lsun/misc/Unsafe;->getObject(Ljava/lang/Object;J)Ljava/lang/Object; (greylist, linking, allowed)
09-22 13:30:12.149 10490 10626 W .app.wallet.de: Accessing hidden method Lsun/misc/Unsafe;->getLong(Ljava/lang/Object;J)J (greylist,core-platform-api, linking, allowed)
09-22 13:30:12.150 10490 10626 W .app.wallet.de: Accessing hidden method Lsun/misc/Unsafe;->getObject(Ljava/lang/Object;J)Ljava/lang/Object; (greylist, linking, allowed)
09-22 13:30:12.150 10490 10626 W .app.wallet.de: Accessing hidden method Lsun/misc/Unsafe;->putInt(Ljava/lang/Object;JI)V (greylist, linking, allowed)
09-22 13:30:12.406 10490 10490 D RenderScript HIDL Adaptation: IRenderScriptDevice::getService()
09-22 13:30:12.406 10490 10490 D RenderScript HIDL Adaptation: IRenderScriptDevice::getService() returned 0x0
09-22 13:30:12.406 10490 10490 D RenderScript HIDL Adaptation: Using Fallback Path.
09-22 13:30:12.416 10490 10490 D         : Successfully queried cache dir: /data/user_de/0/so.onekey.app.wallet.dev/code_cache
09-22 13:30:12.416 10490 10490 D RenderScript: Setting cache dir: /data/user_de/0/so.onekey.app.wallet.dev/code_cache
09-22 13:30:12.449 10490 10490 W .app.wallet.de: Accessing hidden field Landroid/widget/ScrollView;->mScroller:Landroid/widget/OverScroller; (greylist, reflection, allowed)
09-22 13:30:12.491 10490 10490 I ReactNative: [GESTURE HANDLER] Gesture handler is already enabled for a parent view
09-22 13:30:12.498 10490 10490 W .app.wallet.de: Accessing hidden method Lsun/misc/Unsafe;->getObject(Ljava/lang/Object;J)Ljava/lang/Object; (greylist, linking, allowed)
09-22 13:30:12.498 10490 10490 W .app.wallet.de: Accessing hidden method Lsun/misc/Unsafe;->getObject(Ljava/lang/Object;J)Ljava/lang/Object; (greylist, linking, allowed)
09-22 13:30:12.498 10490 10626 W .app.wallet.de: Accessing hidden method Lsun/misc/Unsafe;->getInt(Ljava/lang/Object;J)I (greylist, linking, allowed)
09-22 13:30:12.498 10490 10626 W .app.wallet.de: Accessing hidden method Lsun/misc/Unsafe;->putInt(Ljava/lang/Object;JI)V (greylist, linking, allowed)
09-22 13:30:12.498 10490 10626 W .app.wallet.de: Accessing hidden method Lsun/misc/Unsafe;->getObject(Ljava/lang/Object;J)Ljava/lang/Object; (greylist, linking, allowed)
09-22 13:30:12.498 10490 10490 W .app.wallet.de: Accessing hidden method Lsun/misc/Unsafe;->getObject(Ljava/lang/Object;J)Ljava/lang/Object; (greylist, linking, allowed)
09-22 13:30:12.498 10490 10490 W .app.wallet.de: Accessing hidden method Lsun/misc/Unsafe;->getObject(Ljava/lang/Object;J)Ljava/lang/Object; (greylist, linking, allowed)
09-22 13:30:12.498 10490 10626 W .app.wallet.de: Accessing hidden method Lsun/misc/Unsafe;->getInt(Ljava/lang/Object;J)I (greylist, linking, allowed)
09-22 13:30:12.498 10490 10626 W .app.wallet.de: Accessing hidden method Lsun/misc/Unsafe;->getObject(Ljava/lang/Object;J)Ljava/lang/Object; (greylist, linking, allowed)
09-22 13:30:12.499 10490 10626 I chatty  : uid=10153(so.onekey.app.wallet.dev) pool-3-thread-1 identical 4 lines
09-22 13:30:12.499 10490 10626 W .app.wallet.de: Accessing hidden method Lsun/misc/Unsafe;->getObject(Ljava/lang/Object;J)Ljava/lang/Object; (greylist, linking, allowed)
09-22 13:30:12.543 10490 10650 W JIGUANG-JPush: [AndroidUtil] AndroidManifest.xml missing FileProvider: cn.jiguang.union.ads.service.JAdFileProvider, it necessary for inapp message
09-22 13:30:12.543 10490 10650 W JIGUANG-JPush: [AndroidUtil] The fileprovider required for inapp-message is incorrectly configured, please check AndroidManifest.xml
09-22 13:30:12.544 10490 10650 W JIGUANG-JCore: [JCoreManager] [requestPermission] context must instanceof Activity
09-22 13:30:12.545 10490 10702 E JIGUANG-JCore: [CheckManifestHelper] errorcode:1008,Invalid appKey : 1, Please get your Appkey from JIGUANG web console!
09-22 13:30:12.546 10490 10702 I chatty  : uid=10153(so.onekey.app.wallet.dev) jg_mn_pool_thre identical 1 line
09-22 13:30:12.547 10490 10702 E JIGUANG-JCore: [CheckManifestHelper] errorcode:1008,Invalid appKey : 1, Please get your Appkey from JIGUANG web console!
09-22 13:30:12.547 10490 10679 W JIGUANG-JPush: [AndroidUtil] AndroidManifest.xml missing FileProvider: cn.jiguang.union.ads.service.JAdFileProvider, it necessary for inapp message
09-22 13:30:12.547 10490 10679 W JIGUANG-JPush: [AndroidUtil] The fileprovider required for inapp-message is incorrectly configured, please check AndroidManifest.xml
09-22 13:30:12.553 10490 10679 W JIGUANG-JUnionAd: [InAppHelper] not allowed install apk by system
09-22 13:30:12.553 10490 10702 E JIGUANG-JCore: [CheckManifestHelper] errorcode:1008,Invalid appKey : 1, Please get your Appkey from JIGUANG web console!
09-22 13:30:12.614 10490 10679 W JIGUANG-JPush: [AsusPushHelper] AndroidManifest.xml missing receiver extends asus's AsusPushMessageReceiver
09-22 13:30:12.619 10490 10505 W System  : A resource failed to call destroy. 
09-22 13:30:13.361 10490 10490 I Detox   : UIManagerModule is busy
09-22 13:30:13.396 10490 10490 I Detox   : UIManagerModule is busy
09-22 13:30:13.406 10490 10490 I Detox   : Network is busy, with 5 in-flight calls
09-22 13:30:13.907 10490 10490 I chatty  : uid=10153(so.onekey.app.wallet.dev) identical 30 lines
09-22 13:30:13.923 10490 10490 I Detox   : Network is busy, with 5 in-flight calls
09-22 13:30:13.937 10490 10742 W .app.wallet.de: Accessing hidden method Lsun/misc/Unsafe;->getObject(Ljava/lang/Object;J)Ljava/lang/Object; (greylist, linking, allowed)
09-22 13:30:13.937 10490 10626 W .app.wallet.de: Accessing hidden method Lsun/misc/Unsafe;->getObject(Ljava/lang/Object;J)Ljava/lang/Object; (greylist, linking, allowed)
09-22 13:30:13.938 10490 10626 W .app.wallet.de: Accessing hidden method Lsun/misc/Unsafe;->getObject(Ljava/lang/Object;J)Ljava/lang/Object; (greylist, linking, allowed)
09-22 13:30:13.939 10490 10490 I Detox   : Network is busy, with 4 in-flight calls
09-22 13:30:13.960 10490 10490 I Detox   : Network is busy, with 5 in-flight calls
09-22 13:30:14.043 10490 10490 I chatty  : uid=10153(so.onekey.app.wallet.dev) identical 5 lines
09-22 13:30:14.056 10490 10490 I Detox   : Network is busy, with 5 in-flight calls
09-22 13:30:14.057 10490 10649 E ReactNativeJS: { context: 'core' }, { context: 'core/relayer' }, [Error: WebSocket connection failed for URL: wss://relay.walletconnect.com?auth=eyJhbGciOiJFZERTQSIsInR5cCI6IkpXVCJ9.eyJpc3MiOiJkaWQ6a2V5Ono2TWtxMVJMRWVnanR4eDVUUWtXbjNIS3dYeEpzd1VzcDZkV3czQlhuMUZrbjlqeiIsInN1YiI6ImYzODRlYTExYzJmMzhjMzc3ZjJiMjgyNWJkOGJlOWYyMWJhYTZiN2QyMDg5OTVkMjc5NTg2OTIzZTc2YjdlYzkiLCJhdWQiOiJ3c3M6Ly9yZWxheS53YWxsZXRjb25uZWN0LmNvbSIsImlhdCI6MTY5NTM2MDYxMywiZXhwIjoxNjk1NDQ3MDEzfQ.bkHqYnfiy6CpVE9S-RpWo-Rmcl3HXqDsZpBOhXHB9RJG6zcD66e0n4zdPturm_39tTkJ1-BVlX6sJepLs9rDCA&projectId=5e21f5018bfdeb78af03187a432a301d&ua=wc-2%2Fjs-2.7.3%2Funknown-%2Freact-native&useOnCloseEvent=true]
09-22 13:30:14.060 10490 10649 E ReactNativeJS: { context: 'core' }, 'WebSocket connection failed for URL: wss://relay.walletconnect.com?auth=eyJhbGciOiJFZERTQSIsInR5cCI6IkpXVCJ9.eyJpc3MiOiJkaWQ6a2V5Ono2TWtxMVJMRWVnanR4eDVUUWtXbjNIS3dYeEpzd1VzcDZkV3czQlhuMUZrbjlqeiIsInN1YiI6ImYzODRlYTExYzJmMzhjMzc3ZjJiMjgyNWJkOGJlOWYyMWJhYTZiN2QyMDg5OTVkMjc5NTg2OTIzZTc2YjdlYzkiLCJhdWQiOiJ3c3M6Ly9yZWxheS53YWxsZXRjb25uZWN0LmNvbSIsImlhdCI6MTY5NTM2MDYxMywiZXhwIjoxNjk1NDQ3MDEzfQ.bkHqYnfiy6CpVE9S-RpWo-Rmcl3HXqDsZpBOhXHB9RJG6zcD66e0n4zdPturm_39tTkJ1-BVlX6sJepLs9rDCA&projectId=5e21f5018bfdeb78af03187a432a301d&ua=wc-2%2Fjs-2.7.3%2Funknown-%2Freact-native&useOnCloseEvent=true'
09-22 13:30:14.061 10490 10649 E ReactNativeJS: { context: 'client' }, 'WebSocket connection failed for URL: wss://relay.walletconnect.com?auth=eyJhbGciOiJFZERTQSIsInR5cCI6IkpXVCJ9.eyJpc3MiOiJkaWQ6a2V5Ono2TWtxMVJMRWVnanR4eDVUUWtXbjNIS3dYeEpzd1VzcDZkV3czQlhuMUZrbjlqeiIsInN1YiI6ImYzODRlYTExYzJmMzhjMzc3ZjJiMjgyNWJkOGJlOWYyMWJhYTZiN2QyMDg5OTVkMjc5NTg2OTIzZTc2YjdlYzkiLCJhdWQiOiJ3c3M6Ly9yZWxheS53YWxsZXRjb25uZWN0LmNvbSIsImlhdCI6MTY5NTM2MDYxMywiZXhwIjoxNjk1NDQ3MDEzfQ.bkHqYnfiy6CpVE9S-RpWo-Rmcl3HXqDsZpBOhXHB9RJG6zcD66e0n4zdPturm_39tTkJ1-BVlX6sJepLs9rDCA&projectId=5e21f5018bfdeb78af03187a432a301d&ua=wc-2%2Fjs-2.7.3%2Funknown-%2Freact-native&useOnCloseEvent=true'
09-22 13:30:14.061 10490 10649 E ReactNativeJS: { context: 'core' }, 'WebSocket connection failed for URL: wss://relay.walletconnect.com?auth=eyJhbGciOiJFZERTQSIsInR5cCI6IkpXVCJ9.eyJpc3MiOiJkaWQ6a2V5Ono2TWtxMVJMRWVnanR4eDVUUWtXbjNIS3dYeEpzd1VzcDZkV3czQlhuMUZrbjlqeiIsInN1YiI6ImYzODRlYTExYzJmMzhjMzc3ZjJiMjgyNWJkOGJlOWYyMWJhYTZiN2QyMDg5OTVkMjc5NTg2OTIzZTc2YjdlYzkiLCJhdWQiOiJ3c3M6Ly9yZWxheS53YWxsZXRjb25uZWN0LmNvbSIsImlhdCI6MTY5NTM2MDYxMywiZXhwIjoxNjk1NDQ3MDEzfQ.bkHqYnfiy6CpVE9S-RpWo-Rmcl3HXqDsZpBOhXHB9RJG6zcD66e0n4zdPturm_39tTkJ1-BVlX6sJepLs9rDCA&projectId=5e21f5018bfdeb78af03187a432a301d&ua=wc-2%2Fjs-2.7.3%2Funknown-%2Freact-native&useOnCloseEvent=true'
09-22 13:30:14.061 10490 10649 E ReactNativeJS: 'createWeb3WalletV2 ERROR:', [Error: WebSocket connection failed for URL: wss://relay.walletconnect.com?auth=eyJhbGciOiJFZERTQSIsInR5cCI6IkpXVCJ9.eyJpc3MiOiJkaWQ6a2V5Ono2TWtxMVJMRWVnanR4eDVUUWtXbjNIS3dYeEpzd1VzcDZkV3czQlhuMUZrbjlqeiIsInN1YiI6ImYzODRlYTExYzJmMzhjMzc3ZjJiMjgyNWJkOGJlOWYyMWJhYTZiN2QyMDg5OTVkMjc5NTg2OTIzZTc2YjdlYzkiLCJhdWQiOiJ3c3M6Ly9yZWxheS53YWxsZXRjb25uZWN0LmNvbSIsImlhdCI6MTY5NTM2MDYxMywiZXhwIjoxNjk1NDQ3MDEzfQ.bkHqYnfiy6CpVE9S-RpWo-Rmcl3HXqDsZpBOhXHB9RJG6zcD66e0n4zdPturm_39tTkJ1-BVlX6sJepLs9rDCA&projectId=5e21f5018bfdeb78af03187a432a301d&ua=wc-2%2Fjs-2.7.3%2Funknown-%2Freact-native&useOnCloseEvent=true]
09-22 13:30:14.067 10490 10650 E unknown:ReactNative: console.error: {"context":"core"} {"context":"core/relayer"} Error: WebSocket connection failed for URL: wss://relay.walletconnect.com?auth=eyJhbGciOiJFZERTQSIsInR5cCI6IkpXVCJ9.eyJpc3MiOiJkaWQ6a2V5Ono2TWtxMVJMRWVnanR4eDVUUWtXbjNIS3dYeEpzd1VzcDZkV3czQlhuMUZrbjlqeiIsInN1YiI6ImYzODRlYTExYzJmMzhjMzc3ZjJiMjgyNWJkOGJlOWYyMWJhYTZiN2QyMDg5OTVkMjc5NTg2OTIzZTc2YjdlYzkiLCJhdWQiOiJ3c3M6Ly9yZWxheS53YWxsZXRjb25uZWN0LmNvbSIsImlhdCI6MTY5NTM2MDYxMywiZXhwIjoxNjk1NDQ3MDEzfQ.bkHqYnfiy6CpVE9S-RpWo-Rmcl3HXqDsZpBOhXHB9RJG6zcD66e0n4zdPturm_39tTkJ1-BVlX6sJepLs9rDCA&projectId=5e21f5018bfdeb78af03187a432a301d&ua=wc-2%2Fjs-2.7.3%2Funknown-%2Freact-native&useOnCloseEvent=true, js engine: v8, stack:
09-22 13:30:14.067 10490 10650 E unknown:ReactNative: p@50:240
09-22 13:30:14.067 10490 10650 E unknown:ReactNative: p@50:355
09-22 13:30:14.067 10490 10650 E unknown:ReactNative: new s@48:362
09-22 13:30:14.067 10490 10650 E unknown:ReactNative: f.<anonymous>@42:1043
09-22 13:30:14.067 10490 10650 E unknown:ReactNative: new f@42:1221
09-22 13:30:14.067 10490 10650 E unknown:ReactNative: b@42:2420
09-22 13:30:14.067 10490 10650 E unknown:ReactNative: Object.error@512:1745
09-22 13:30:14.067 10490 10650 E unknown:ReactNative: Object.error@8067:3297
09-22 13:30:14.067 10490 10650 E unknown:ReactNative: Object.error@8067:4311
09-22 13:30:14.067 10490 10650 E unknown:ReactNative: Object.error@8067:4311
09-22 13:30:14.069 10490 10650 E unknown:ReactNative: console.error: {"context":"core"} WebSocket connection failed for URL: wss://relay.walletconnect.com?auth=eyJhbGciOiJFZERTQSIsInR5cCI6IkpXVCJ9.eyJpc3MiOiJkaWQ6a2V5Ono2TWtxMVJMRWVnanR4eDVUUWtXbjNIS3dYeEpzd1VzcDZkV3czQlhuMUZrbjlqeiIsInN1YiI6ImYzODRlYTExYzJmMzhjMzc3ZjJiMjgyNWJkOGJlOWYyMWJhYTZiN2QyMDg5OTVkMjc5NTg2OTIzZTc2YjdlYzkiLCJhdWQiOiJ3c3M6Ly9yZWxheS53YWxsZXRjb25uZWN0LmNvbSIsImlhdCI6MTY5NTM2MDYxMywiZXhwIjoxNjk1NDQ3MDEzfQ.bkHqYnfiy6CpVE9S-RpWo-Rmcl3HXqDsZpBOhXHB9RJG6zcD66e0n4zdPturm_39tTkJ1-BVlX6sJepLs9rDCA&projectId=5e21f5018bfdeb78af03187a432a301d&ua=wc-2%2Fjs-2.7.3%2Funknown-%2Freact-native&useOnCloseEvent=true, js engine: v8, stack:
09-22 13:30:14.069 10490 10650 E unknown:ReactNative: p@50:240
09-22 13:30:14.069 10490 10650 E unknown:ReactNative: p@50:355
09-22 13:30:14.069 10490 10650 E unknown:ReactNative: new s@48:362
09-22 13:30:14.069 10490 10650 E unknown:ReactNative: f.<anonymous>@42:1043
09-22 13:30:14.069 10490 10650 E unknown:ReactNative: new f@42:1221
09-22 13:30:14.069 10490 10650 E unknown:ReactNative: b@42:2420
09-22 13:30:14.069 10490 10650 E unknown:ReactNative: Object.error@512:1745
09-22 13:30:14.069 10490 10650 E unknown:ReactNative: Object.error@8067:3297
09-22 13:30:14.069 10490 10650 E unknown:ReactNative: Object.error@8067:4311
09-22 13:30:14.069 10490 10650 E unknown:ReactNative: s.<anonymous>@8052:68629
09-22 13:30:14.070 10490 10650 E unknown:ReactNative: console.error: {"context":"client"} WebSocket connection failed for URL: wss://relay.walletconnect.com?auth=eyJhbGciOiJFZERTQSIsInR5cCI6IkpXVCJ9.eyJpc3MiOiJkaWQ6a2V5Ono2TWtxMVJMRWVnanR4eDVUUWtXbjNIS3dYeEpzd1VzcDZkV3czQlhuMUZrbjlqeiIsInN1YiI6ImYzODRlYTExYzJmMzhjMzc3ZjJiMjgyNWJkOGJlOWYyMWJhYTZiN2QyMDg5OTVkMjc5NTg2OTIzZTc2YjdlYzkiLCJhdWQiOiJ3c3M6Ly9yZWxheS53YWxsZXRjb25uZWN0LmNvbSIsImlhdCI6MTY5NTM2MDYxMywiZXhwIjoxNjk1NDQ3MDEzfQ.bkHqYnfiy6CpVE9S-RpWo-Rmcl3HXqDsZpBOhXHB9RJG6zcD66e0n4zdPturm_39tTkJ1-BVlX6sJepLs9rDCA&projectId=5e21f5018bfdeb78af03187a432a301d&ua=wc-2%2Fjs-2.7.3%2Funknown-%2Freact-native&useOnCloseEvent=true, js engine: v8, stack:
09-22 13:30:14.070 10490 10650 E unknown:ReactNative: p@50:240
09-22 13:30:14.070 10490 10650 E unknown:ReactNative: p@50:355
09-22 13:30:14.070 10490 10650 E unknown:ReactNative: new s@48:362
09-22 13:30:14.070 10490 10650 E unknown:ReactNative: f.<anonymous>@42:1043
09-22 13:30:14.070 10490 10650 E unknown:ReactNative: new f@42:1221
09-22 13:30:14.070 10490 10650 E unknown:ReactNative: b@42:2420
09-22 13:30:14.070 10490 10650 E unknown:ReactNative: Object.error@512:1745
09-22 13:30:14.070 10490 10650 E unknown:ReactNative: Object.error@8067:3297
09-22 13:30:14.070 10490 10650 E unknown:ReactNative: Object.error@8067:4311
09-22 13:30:14.070 10490 10650 E unknown:ReactNative: d.<anonymous>@8113:32589
09-22 13:30:14.073 10490 10490 I Detox   : Network is busy, with 5 in-flight calls
09-22 13:30:14.073 10490 10650 E unknown:ReactNative: console.error: {"context":"core"} WebSocket connection failed for URL: wss://relay.walletconnect.com?auth=eyJhbGciOiJFZERTQSIsInR5cCI6IkpXVCJ9.eyJpc3MiOiJkaWQ6a2V5Ono2TWtxMVJMRWVnanR4eDVUUWtXbjNIS3dYeEpzd1VzcDZkV3czQlhuMUZrbjlqeiIsInN1YiI6ImYzODRlYTExYzJmMzhjMzc3ZjJiMjgyNWJkOGJlOWYyMWJhYTZiN2QyMDg5OTVkMjc5NTg2OTIzZTc2YjdlYzkiLCJhdWQiOiJ3c3M6Ly9yZWxheS53YWxsZXRjb25uZWN0LmNvbSIsImlhdCI6MTY5NTM2MDYxMywiZXhwIjoxNjk1NDQ3MDEzfQ.bkHqYnfiy6CpVE9S-RpWo-Rmcl3HXqDsZpBOhXHB9RJG6zcD66e0n4zdPturm_39tTkJ1-BVlX6sJepLs9rDCA&projectId=5e21f5018bfdeb78af03187a432a301d&ua=wc-2%2Fjs-2.7.3%2Funknown-%2Freact-native&useOnCloseEvent=true, js engine: v8, stack:
09-22 13:30:14.073 10490 10650 E unknown:ReactNative: p@50:240
09-22 13:30:14.073 10490 10650 E unknown:ReactNative: p@50:355
09-22 13:30:14.073 10490 10650 E unknown:ReactNative: new s@48:362
09-22 13:30:14.073 10490 10650 E unknown:ReactNative: f.<anonymous>@42:1043
09-22 13:30:14.073 10490 10650 E unknown:ReactNative: new f@42:1221
09-22 13:30:14.073 10490 10650 E unknown:ReactNative: b@42:2420
09-22 13:30:14.073 10490 10650 E unknown:ReactNative: Object.error@512:1745
09-22 13:30:14.073 10490 10650 E unknown:ReactNative: Object.error@8067:3297
09-22 13:30:14.073 10490 10650 E unknown:ReactNative: Object.error@8067:4311
09-22 13:30:14.073 10490 10650 E unknown:ReactNative: l.<anonymous>@8106:12485
09-22 13:30:14.074 10490 10650 E unknown:ReactNative: console.error: createWeb3WalletV2 ERROR: Error: WebSocket connection failed for URL: wss://relay.walletconnect.com?auth=eyJhbGciOiJFZERTQSIsInR5cCI6IkpXVCJ9.eyJpc3MiOiJkaWQ6a2V5Ono2TWtxMVJMRWVnanR4eDVUUWtXbjNIS3dYeEpzd1VzcDZkV3czQlhuMUZrbjlqeiIsInN1YiI6ImYzODRlYTExYzJmMzhjMzc3ZjJiMjgyNWJkOGJlOWYyMWJhYTZiN2QyMDg5OTVkMjc5NTg2OTIzZTc2YjdlYzkiLCJhdWQiOiJ3c3M6Ly9yZWxheS53YWxsZXRjb25uZWN0LmNvbSIsImlhdCI6MTY5NTM2MDYxMywiZXhwIjoxNjk1NDQ3MDEzfQ.bkHqYnfiy6CpVE9S-RpWo-Rmcl3HXqDsZpBOhXHB9RJG6zcD66e0n4zdPturm_39tTkJ1-BVlX6sJepLs9rDCA&projectId=5e21f5018bfdeb78af03187a432a301d&ua=wc-2%2Fjs-2.7.3%2Funknown-%2Freact-native&useOnCloseEvent=true, js engine: v8, stack:
09-22 13:30:14.074 10490 10650 E unknown:ReactNative: p@50:240
09-22 13:30:14.074 10490 10650 E unknown:ReactNative: p@50:355
09-22 13:30:14.074 10490 10650 E unknown:ReactNative: new s@48:362
09-22 13:30:14.074 10490 10650 E unknown:ReactNative: f.<anonymous>@42:1043
09-22 13:30:14.074 10490 10650 E unknown:ReactNative: new f@42:1221
09-22 13:30:14.074 10490 10650 E unknown:ReactNative: b@42:2420
09-22 13:30:14.074 10490 10650 E unknown:ReactNative: Object.error@512:1745
09-22 13:30:14.074 10490 10650 E unknown:ReactNative: s.<anonymous>@8050:1585
09-22 13:30:14.074 10490 10650 E unknown:ReactNative: Generator.throw@-1
09-22 13:30:14.074 10490 10650 E unknown:ReactNative: n@353:69
09-22 13:30:14.092 10490 10490 I Detox   : Network is busy, with 5 in-flight calls
09-22 13:30:14.189 10490 10490 I chatty  : uid=10153(so.onekey.app.wallet.dev) identical 6 lines
09-22 13:30:14.206 10490 10490 I Detox   : Network is busy, with 5 in-flight calls
09-22 13:30:14.223 10490 10490 I Detox   : Network is busy, with 5 in-flight calls
09-22 13:30:14.239 10490 10490 I Detox   : Network is busy, with 5 in-flight calls
09-22 13:30:14.441 10490 10490 I chatty  : uid=10153(so.onekey.app.wallet.dev) identical 12 lines
09-22 13:30:14.456 10490 10490 I Detox   : Network is busy, with 5 in-flight calls
09-22 13:30:14.458 10490 10742 W .app.wallet.de: Accessing hidden method Lsun/misc/Unsafe;->getObject(Ljava/lang/Object;J)Ljava/lang/Object; (greylist, linking, allowed)
09-22 13:30:14.458 10490 10626 W .app.wallet.de: Accessing hidden method Lsun/misc/Unsafe;->getObject(Ljava/lang/Object;J)Ljava/lang/Object; (greylist, linking, allowed)
09-22 13:30:14.458 10490 10626 W .app.wallet.de: Accessing hidden method Lsun/misc/Unsafe;->getObject(Ljava/lang/Object;J)Ljava/lang/Object; (greylist, linking, allowed)
09-22 13:30:14.473 10490 10490 I Detox   : Network is busy, with 4 in-flight calls
09-22 13:30:14.557 10490 10490 I chatty  : uid=10153(so.onekey.app.wallet.dev) identical 5 lines
09-22 13:30:14.573 10490 10490 I Detox   : Network is busy, with 4 in-flight calls
09-22 13:30:14.574 10490 10751 D ProfileInstaller: Installing profile for so.onekey.app.wallet.dev
09-22 13:30:14.590 10490 10490 I Detox   : Network is busy, with 4 in-flight calls
09-22 13:30:14.640 10490 10490 I chatty  : uid=10153(so.onekey.app.wallet.dev) identical 3 lines
09-22 13:30:14.656 10490 10490 I Detox   : Network is busy, with 4 in-flight calls
09-22 13:30:14.665 10490 10720 W .app.wallet.de: Accessing hidden method Lsun/misc/Unsafe;->getObject(Ljava/lang/Object;J)Ljava/lang/Object; (greylist, linking, allowed)
09-22 13:30:14.665 10490 10626 W .app.wallet.de: Accessing hidden method Lsun/misc/Unsafe;->getObject(Ljava/lang/Object;J)Ljava/lang/Object; (greylist, linking, allowed)
09-22 13:30:14.665 10490 10626 I chatty  : uid=10153(so.onekey.app.wallet.dev) pool-3-thread-1 identical 1 line
09-22 13:30:14.666 10490 10626 W .app.wallet.de: Accessing hidden method Lsun/misc/Unsafe;->getObject(Ljava/lang/Object;J)Ljava/lang/Object; (greylist, linking, allowed)
09-22 13:30:14.666 10490 10626 W .app.wallet.de: Accessing hidden method Lsun/misc/Unsafe;->getLong(Ljava/lang/Object;J)J (greylist,core-platform-api, linking, allowed)
09-22 13:30:14.666 10490 10626 W .app.wallet.de: Accessing hidden method Lsun/misc/Unsafe;->getObject(Ljava/lang/Object;J)Ljava/lang/Object; (greylist, linking, allowed)
09-22 13:30:14.667 10490 10626 W .app.wallet.de: Accessing hidden method Lsun/misc/Unsafe;->getLong(Ljava/lang/Object;J)J (greylist,core-platform-api, linking, allowed)
09-22 13:30:14.667 10490 10626 W .app.wallet.de: Accessing hidden method Lsun/misc/Unsafe;->putInt(Ljava/lang/Object;JI)V (greylist, linking, allowed)
09-22 13:30:14.673 10490 10490 I Detox   : Network is busy, with 3 in-flight calls
09-22 13:30:14.689 10490 10490 I Detox   : Network is busy, with 3 in-flight calls
09-22 13:30:14.695 10490 10722 W .app.wallet.de: Accessing hidden method Lsun/misc/Unsafe;->getObject(Ljava/lang/Object;J)Ljava/lang/Object; (greylist, linking, allowed)
09-22 13:30:14.695 10490 10626 W .app.wallet.de: Accessing hidden method Lsun/misc/Unsafe;->getObject(Ljava/lang/Object;J)Ljava/lang/Object; (greylist, linking, allowed)
09-22 13:30:14.695 10490 10626 W .app.wallet.de: Accessing hidden method Lsun/misc/Unsafe;->putInt(Ljava/lang/Object;JI)V (greylist, linking, allowed)
09-22 13:30:14.695 10490 10626 W .app.wallet.de: Accessing hidden method Lsun/misc/Unsafe;->getObject(Ljava/lang/Object;J)Ljava/lang/Object; (greylist, linking, allowed)
09-22 13:30:14.696 10490 10626 W .app.wallet.de: Accessing hidden method Lsun/misc/Unsafe;->getObject(Ljava/lang/Object;J)Ljava/lang/Object; (greylist, linking, allowed)
09-22 13:30:14.696 10490 10626 W .app.wallet.de: Accessing hidden method Lsun/misc/Unsafe;->getLong(Ljava/lang/Object;J)J (greylist,core-platform-api, linking, allowed)
09-22 13:30:14.696 10490 10626 W .app.wallet.de: Accessing hidden method Lsun/misc/Unsafe;->getObject(Ljava/lang/Object;J)Ljava/lang/Object; (greylist, linking, allowed)
09-22 13:30:14.696 10490 10626 W .app.wallet.de: Accessing hidden method Lsun/misc/Unsafe;->putInt(Ljava/lang/Object;JI)V (greylist, linking, allowed)
09-22 13:30:14.706 10490 10490 I Detox   : Network is busy, with 2 in-flight calls
09-22 13:30:14.807 10490 10490 I chatty  : uid=10153(so.onekey.app.wallet.dev) identical 6 lines
09-22 13:30:14.823 10490 10490 I Detox   : Network is busy, with 2 in-flight calls
09-22 13:30:14.823 10490 10490 W UiControllerImpl: Waiting for: DYNAMIC_TASKS_HAVE_IDLED for 200 iterations.
09-22 13:30:14.839 10490 10490 I Detox   : Network is busy, with 2 in-flight calls
09-22 13:30:15.123 10490 10490 I chatty  : uid=10153(so.onekey.app.wallet.dev) identical 17 lines
09-22 13:30:15.139 10490 10490 I Detox   : Network is busy, with 2 in-flight calls
09-22 13:30:15.148 10490 10505 W System  : A resource failed to call destroy. 
09-22 13:30:15.156 10490 10490 I Detox   : Network is busy, with 2 in-flight calls
09-22 13:30:16.274 10490 10490 I chatty  : uid=10153(so.onekey.app.wallet.dev) identical 67 lines
09-22 13:30:16.289 10490 10490 I Detox   : Network is busy, with 2 in-flight calls
09-22 13:30:16.296 10490 10718 W .app.wallet.de: Accessing hidden method Lsun/misc/Unsafe;->getObject(Ljava/lang/Object;J)Ljava/lang/Object; (greylist, linking, allowed)
09-22 13:30:16.302 10490 10626 W .app.wallet.de: Accessing hidden method Lsun/misc/Unsafe;->getObject(Ljava/lang/Object;J)Ljava/lang/Object; (greylist, linking, allowed)
09-22 13:30:16.302 10490 10626 W .app.wallet.de: Accessing hidden method Lsun/misc/Unsafe;->putInt(Ljava/lang/Object;JI)V (greylist, linking, allowed)
09-22 13:30:16.302 10490 10626 W .app.wallet.de: Accessing hidden method Lsun/misc/Unsafe;->getObject(Ljava/lang/Object;J)Ljava/lang/Object; (greylist, linking, allowed)
09-22 13:30:16.303 10490 10626 W .app.wallet.de: Accessing hidden method Lsun/misc/Unsafe;->getObject(Ljava/lang/Object;J)Ljava/lang/Object; (greylist, linking, allowed)
09-22 13:30:16.303 10490 10626 W .app.wallet.de: Accessing hidden method Lsun/misc/Unsafe;->getLong(Ljava/lang/Object;J)J (greylist,core-platform-api, linking, allowed)
09-22 13:30:16.303 10490 10626 W .app.wallet.de: Accessing hidden method Lsun/misc/Unsafe;->getObject(Ljava/lang/Object;J)Ljava/lang/Object; (greylist, linking, allowed)
09-22 13:30:16.303 10490 10626 W .app.wallet.de: Accessing hidden method Lsun/misc/Unsafe;->putInt(Ljava/lang/Object;JI)V (greylist, linking, allowed)
09-22 13:30:16.306 10490 10490 I Detox   : Network is busy, with 2 in-flight calls
09-22 13:30:16.322 10490 10490 I Detox   : Network is busy, with 2 in-flight calls
09-22 13:30:16.339 10490 10490 I Detox   : Network is busy, with 1 in-flight calls
09-22 13:30:16.389 10490 10490 I chatty  : uid=10153(so.onekey.app.wallet.dev) identical 3 lines
09-22 13:30:16.406 10490 10490 I Detox   : Network is busy, with 1 in-flight calls
09-22 13:30:16.406 10490 10490 W UiControllerImpl: Waiting for: DYNAMIC_TASKS_HAVE_IDLED for 400 iterations.
09-22 13:30:16.423 10490 10490 I Detox   : Network is busy, with 1 in-flight calls
09-22 13:30:16.573 10490 10490 I chatty  : uid=10153(so.onekey.app.wallet.dev) identical 9 lines
09-22 13:30:16.591 10490 10490 I Detox   : Network is busy, with 1 in-flight calls
09-22 13:30:16.606 10490 10490 I Detox   : Network is busy, with 1 in-flight calls
09-22 13:30:16.890 10490 10490 I chatty  : uid=10153(so.onekey.app.wallet.dev) identical 17 lines
09-22 13:30:16.907 10490 10490 I Detox   : Network is busy, with 1 in-flight calls
09-22 13:30:16.923 10490 10490 I Detox   : Network is busy, with 1 in-flight calls
09-22 13:30:17.191 10490 10490 I chatty  : uid=10153(so.onekey.app.wallet.dev) identical 16 lines
09-22 13:30:17.206 10490 10490 I Detox   : Network is busy, with 1 in-flight calls
09-22 13:30:17.206 10490 10490 W UiControllerImpl: Waiting for: DYNAMIC_TASKS_HAVE_IDLED for 500 iterations.
09-22 13:30:17.224 10490 10490 I Detox   : Network is busy, with 1 in-flight calls
09-22 13:30:17.240 10490 10490 I Detox   : Network is busy, with 1 in-flight calls
09-22 13:30:17.341 10490 10490 I chatty  : uid=10153(so.onekey.app.wallet.dev) identical 6 lines
09-22 13:30:17.358 10490 10490 I Detox   : Network is busy, with 1 in-flight calls
09-22 13:30:17.373 10490 10490 I Detox   : Network is busy, with 2 in-flight calls
09-22 13:30:17.925 10490 10490 I chatty  : uid=10153(so.onekey.app.wallet.dev) identical 33 lines
09-22 13:30:17.939 10490 10490 I Detox   : Network is busy, with 2 in-flight calls
09-22 13:30:17.956 10490 10490 I Detox   : Network is busy, with 2 in-flight calls
09-22 13:30:17.973 10490 10490 I Detox   : Network is busy, with 2 in-flight calls
09-22 13:30:17.991 10490 10490 I chatty  : uid=10153(so.onekey.app.wallet.dev) identical 1 line
09-22 13:30:18.006 10490 10490 I Detox   : Network is busy, with 2 in-flight calls
09-22 13:30:18.007 10490 10490 W UiControllerImpl: Waiting for: DYNAMIC_TASKS_HAVE_IDLED for 600 iterations.
09-22 13:30:18.023 10490 10490 I Detox   : Network is busy, with 2 in-flight calls
09-22 13:30:18.039 10490 10490 I Detox   : Network is busy, with 2 in-flight calls
09-22 13:30:18.408 10490 10490 I chatty  : uid=10153(so.onekey.app.wallet.dev) identical 22 lines
09-22 13:30:18.409 10490 10490 I Detox   : Network is busy, with 2 in-flight calls
09-22 13:30:18.409 10490 10490 W IdlingPolicy: These resources are not idle: [com.wix.detox.reactnative.idlingresources.NetworkIdlingResource]
09-22 13:30:18.423 10490 10490 I Detox   : Network is busy, with 2 in-flight calls
09-22 13:30:18.591 10490 10490 I chatty  : uid=10153(so.onekey.app.wallet.dev) identical 20 lines
09-22 13:30:18.591 10490 10490 I Detox   : Network is busy, with 2 in-flight calls
09-22 13:30:18.607 10490 10490 I Detox   : Network is busy, with 2 in-flight calls
09-22 13:30:18.690 10490 10490 I chatty  : uid=10153(so.onekey.app.wallet.dev) identical 10 lines
09-22 13:30:18.690 10490 10490 I Detox   : Network is busy, with 2 in-flight calls
09-22 13:30:18.706 10490 10490 I Detox   : Network is busy, with 2 in-flight calls
09-22 13:30:18.808 10490 10490 I chatty  : uid=10153(so.onekey.app.wallet.dev) identical 12 lines
09-22 13:30:18.808 10490 10490 I Detox   : Network is busy, with 2 in-flight calls
09-22 13:30:18.809 10490 10490 W UiControllerImpl: Waiting for: DYNAMIC_TASKS_HAVE_IDLED for 700 iterations.
09-22 13:30:18.823 10490 10490 I Detox   : Network is busy, with 2 in-flight calls
09-22 13:30:18.890 10490 10490 I chatty  : uid=10153(so.onekey.app.wallet.dev) identical 8 lines
09-22 13:30:18.890 10490 10490 I Detox   : Network is busy, with 2 in-flight calls
09-22 13:30:18.892 10490 10718 W .app.wallet.de: Accessing hidden method Lsun/misc/Unsafe;->getObject(Ljava/lang/Object;J)Ljava/lang/Object; (greylist, linking, allowed)
09-22 13:30:18.892 10490 10626 W .app.wallet.de: Accessing hidden method Lsun/misc/Unsafe;->getObject(Ljava/lang/Object;J)Ljava/lang/Object; (greylist, linking, allowed)
09-22 13:30:18.893 10490 10626 W .app.wallet.de: Accessing hidden method Lsun/misc/Unsafe;->putInt(Ljava/lang/Object;JI)V (greylist, linking, allowed)
09-22 13:30:18.893 10490 10626 W .app.wallet.de: Accessing hidden method Lsun/misc/Unsafe;->getObject(Ljava/lang/Object;J)Ljava/lang/Object; (greylist, linking, allowed)
09-22 13:30:18.906 10490 10490 I Detox   : Network is busy, with 2 in-flight calls
09-22 13:30:19.123 10490 10490 I chatty  : uid=10153(so.onekey.app.wallet.dev) identical 26 lines
09-22 13:30:19.123 10490 10490 I Detox   : Network is busy, with 2 in-flight calls
09-22 13:30:19.140 10490 10490 I Detox   : Network is busy, with 2 in-flight calls
09-22 13:30:19.140 10490 10490 I Detox   : Network is busy, with 2 in-flight calls
09-22 13:30:19.150 10490 10638 D DetoxWSClient: Received action 'currentStatus' (ID #1, params={})
09-22 13:30:19.150 10490 10637 I DetoxDispatcher: Handling action 'currentStatus' (ID #1)...
09-22 13:30:19.153 10490 10490 I Detox   : Network is busy, with 2 in-flight calls
09-22 13:30:19.155 10490 10637 I DetoxWSClient: Sending out action 'currentStatusResult' (ID #1)
09-22 13:30:19.155 10490 10637 I DetoxDispatcher: Done with action 'currentStatus'
09-22 13:30:19.156 10490 10490 I Detox   : Network is busy, with 2 in-flight calls
09-22 13:30:19.223 10490 10490 I chatty  : uid=10153(so.onekey.app.wallet.dev) identical 13 lines
09-22 13:30:19.223 10490 10490 I Detox   : Network is busy, with 2 in-flight calls
09-22 13:30:19.240 10490 10490 I Detox   : Network is busy, with 2 in-flight calls
09-22 13:30:19.556 10490 10490 I chatty  : uid=10153(so.onekey.app.wallet.dev) identical 58 lines
09-22 13:30:19.556 10490 10490 I Detox   : Network is busy, with 2 in-flight calls
09-22 13:30:19.557 10490 10490 W UiControllerImpl: Waiting for: DYNAMIC_TASKS_HAVE_IDLED for 800 iterations.
09-22 13:30:19.573 10490 10490 I Detox   : Network is busy, with 2 in-flight calls
09-22 13:30:20.390 10490 10490 I chatty  : uid=10153(so.onekey.app.wallet.dev) identical 148 lines
09-22 13:30:20.390 10490 10490 I Detox   : Network is busy, with 2 in-flight calls
09-22 13:30:20.390 10490 10490 W UiControllerImpl: Waiting for: DYNAMIC_TASKS_HAVE_IDLED for 900 iterations.
09-22 13:30:20.407 10490 10490 I Detox   : Network is busy, with 2 in-flight calls
09-22 13:30:20.473 10490 10490 I chatty  : uid=10153(so.onekey.app.wallet.dev) identical 13 lines
09-22 13:30:20.473 10490 10490 I Detox   : Network is busy, with 2 in-flight calls
09-22 13:30:20.473 10490 10718 W .app.wallet.de: Accessing hidden method Lsun/misc/Unsafe;->getObject(Ljava/lang/Object;J)Ljava/lang/Object; (greylist, linking, allowed)
09-22 13:30:20.475 10490 10626 W .app.wallet.de: Accessing hidden method Lsun/misc/Unsafe;->getObject(Ljava/lang/Object;J)Ljava/lang/Object; (greylist, linking, allowed)
09-22 13:30:20.476 10490 10626 W .app.wallet.de: Accessing hidden method Lsun/misc/Unsafe;->getObject(Ljava/lang/Object;J)Ljava/lang/Object; (greylist, linking, allowed)
09-22 13:30:20.489 10490 10490 I Detox   : Network is busy, with 1 in-flight calls
09-22 13:30:20.506 10490 10490 I chatty  : uid=10153(so.onekey.app.wallet.dev) identical 4 lines
09-22 13:30:20.506 10490 10490 I Detox   : Network is busy, with 1 in-flight calls
09-22 13:30:20.517 10490 10544 W System  : Ignoring header If-None-Match because its value was null.
09-22 13:30:20.523 10490 10490 I Detox   : Network is busy, with 1 in-flight calls
09-22 13:30:20.539 10490 10490 I chatty  : uid=10153(so.onekey.app.wallet.dev) identical 4 lines
09-22 13:30:20.539 10490 10490 I Detox   : Network is busy, with 1 in-flight calls
09-22 13:30:20.556 10490 10490 I Detox   : Network is busy, with 1 in-flight calls
09-22 13:30:20.606 10490 10490 I chatty  : uid=10153(so.onekey.app.wallet.dev) identical 10 lines
09-22 13:30:20.607 10490 10490 I Detox   : Network is busy, with 1 in-flight calls
09-22 13:30:20.623 10490 10490 I Detox   : Network is busy, with 1 in-flight calls
09-22 13:30:22.623 10490 10490 I chatty  : uid=10153(so.onekey.app.wallet.dev) identical 361 lines
09-22 13:30:22.623 10490 10490 I Detox   : Network is busy, with 1 in-flight calls
09-22 13:30:22.640 10490 10490 I Detox   : Network is busy, with 1 in-flight calls
09-22 13:30:23.406 10490 10490 I chatty  : uid=10153(so.onekey.app.wallet.dev) identical 140 lines
09-22 13:30:23.409 10490 10490 I Detox   : Network is busy, with 1 in-flight calls
09-22 13:30:23.409 10490 10490 W IdlingPolicy: These resources are not idle: [com.wix.detox.reactnative.idlingresources.NetworkIdlingResource]
09-22 13:30:23.422 10490 10490 I Detox   : Network is busy, with 1 in-flight calls
09-22 13:30:23.573 10490 10490 I chatty  : uid=10153(so.onekey.app.wallet.dev) identical 38 lines
09-22 13:30:23.573 10490 10490 I Detox   : Network is busy, with 1 in-flight calls
09-22 13:30:23.574 10490 10490 W UiControllerImpl: Waiting for: DYNAMIC_TASKS_HAVE_IDLED for 1300 iterations.
09-22 13:30:23.589 10490 10490 I Detox   : Network is busy, with 1 in-flight calls
09-22 13:30:23.723 10490 10490 I chatty  : uid=10153(so.onekey.app.wallet.dev) identical 34 lines
09-22 13:30:23.723 10490 10490 I Detox   : Network is busy, with 1 in-flight calls
09-22 13:30:23.728 10490 10714 W .app.wallet.de: Accessing hidden method Lsun/misc/Unsafe;->getObject(Ljava/lang/Object;J)Ljava/lang/Object; (greylist, linking, allowed)
09-22 13:30:23.729 10490 10626 W .app.wallet.de: Accessing hidden method Lsun/misc/Unsafe;->getObject(Ljava/lang/Object;J)Ljava/lang/Object; (greylist, linking, allowed)
09-22 13:30:23.730 10490 10626 W .app.wallet.de: Accessing hidden method Lsun/misc/Unsafe;->getObject(Ljava/lang/Object;J)Ljava/lang/Object; (greylist, linking, allowed)
09-22 13:30:23.756 10490 10490 I Detox   : UIManagerModule is busy
09-22 13:30:23.777 10490 10490 I chatty  : uid=10153(so.onekey.app.wallet.dev) identical 1 line
09-22 13:30:23.790 10490 10490 I Detox   : UIManagerModule is busy
09-22 13:30:23.807 10490 10490 I Detox   : Wait is over: App is now idle!
09-22 13:30:23.807 10490 10634 I DetoxWSClient: Sending out action 'ready' (ID #-1000)
09-22 13:30:23.808 10490 10634 I DetoxDispatcher: Done with action 'isReady'
09-22 13:30:23.808 10490 10634 I DetoxDispatcher: Handling action 'loginSuccess' (ID #0)...
09-22 13:30:23.808 10490 10634 I DetoxDispatcher: Done with action 'loginSuccess'
09-22 13:30:23.808 10490 10634 I DetoxDispatcher: Handling action 'isReady' (ID #-1000)...
09-22 13:30:23.810 10490 10490 I Detox   : Wait is over: App is now idle!
09-22 13:30:23.810 10490 10634 I DetoxWSClient: Sending out action 'ready' (ID #-1000)
09-22 13:30:23.810 10490 10634 I DetoxDispatcher: Done with action 'isReady'
