09-22 16:53:21.058  9899 10062 I DetoxDispatcher: Done with action 'currentStatus'
09-22 16:53:21.069  9899  9899 I Detox   : Network is busy, with 5 in-flight calls
09-22 16:53:21.105  9899  9899 I chatty  : uid=10147(so.onekey.app.wallet.dev) identical 4 lines
09-22 16:53:21.105  9899  9899 I Detox   : Network is busy, with 5 in-flight calls
09-22 16:53:21.121  9899  9899 I Detox   : Network is busy, with 5 in-flight calls
09-22 16:53:21.355  9899  9899 I chatty  : uid=10147(so.onekey.app.wallet.dev) identical 29 lines
09-22 16:53:21.363  9899  9899 I Detox   : Network is busy, with 5 in-flight calls
09-22 16:53:21.363  9899  9899 W IdlingPolicy: These resources are not idle: [com.wix.detox.reactnative.idlingresources.NetworkIdlingResource]
09-22 16:53:21.370  9899  9899 I Detox   : Network is busy, with 5 in-flight calls
09-22 16:53:21.589  9899  9899 I chatty  : uid=10147(so.onekey.app.wallet.dev) identical 40 lines
09-22 16:53:21.589  9899  9899 I Detox   : Network is busy, with 5 in-flight calls
09-22 16:53:21.603  9899  9899 I Detox   : Network is busy, with 5 in-flight calls
09-22 16:53:21.737  9899  9899 I chatty  : uid=10147(so.onekey.app.wallet.dev) identical 25 lines
09-22 16:53:21.737  9899  9899 I Detox   : Network is busy, with 5 in-flight calls
09-22 16:53:21.739  9899 10088 E ReactNativeJS: { context: 'core' }, { context: 'core/relayer' }, [Error: socket stalled]
09-22 16:53:21.752  9899  9899 I Detox   : Network is busy, with 5 in-flight calls
09-22 16:53:21.752  9899  9899 I chatty  : uid=10147(so.onekey.app.wallet.dev) identical 1 line
09-22 16:53:21.752  9899  9899 I Detox   : Network is busy, with 5 in-flight calls
09-22 16:53:21.753  9899 10088 E ReactNativeJS: 'WalletConnect V2 Core ERROR: relayer_transport_closed >>>>>> ', undefined
09-22 16:53:21.755  9899 10088 E ReactNativeJS: { context: 'core' }, 'closeTransport called before connection was established'
09-22 16:53:21.757  9899 10088 E ReactNativeJS: { context: 'client' }, 'closeTransport called before connection was established'
09-22 16:53:21.762  9899 10089 E unknown:ReactNative: console.error: {"context":"core"} {"context":"core/relayer"} Error: socket stalled, js engine: v8, stack:
09-22 16:53:21.762  9899 10089 E unknown:ReactNative: p@50:240
09-22 16:53:21.762  9899 10089 E unknown:ReactNative: p@50:355
09-22 16:53:21.762  9899 10089 E unknown:ReactNative: new s@48:362
09-22 16:53:21.762  9899 10089 E unknown:ReactNative: f.<anonymous>@42:1043
09-22 16:53:21.762  9899 10089 E unknown:ReactNative: new f@42:1221
09-22 16:53:21.762  9899 10089 E unknown:ReactNative: b@42:2420
09-22 16:53:21.762  9899 10089 E unknown:ReactNative: Object.error@512:1745
09-22 16:53:21.762  9899 10089 E unknown:ReactNative: Object.error@8067:3297
09-22 16:53:21.762  9899 10089 E unknown:ReactNative: Object.error@8067:4311
09-22 16:53:21.762  9899 10089 E unknown:ReactNative: Object.error@8067:4311
09-22 16:53:21.762  9899 10088 E ReactNativeJS: { context: 'core' }, 'closeTransport called before connection was established'
09-22 16:53:21.763  9899 10088 E ReactNativeJS: 'createWeb3WalletV2 ERROR:', [Error: closeTransport called before connection was established]
09-22 16:53:21.765  9899 10089 E unknown:ReactNative: console.error: WalletConnect V2 Core ERROR: relayer_transport_closed >>>>>>  undefined, js engine: v8, stack:
09-22 16:53:21.765  9899 10089 E unknown:ReactNative: p@50:240
09-22 16:53:21.765  9899 10089 E unknown:ReactNative: p@50:355
09-22 16:53:21.765  9899 10089 E unknown:ReactNative: new s@48:362
09-22 16:53:21.765  9899 10089 E unknown:ReactNative: f.<anonymous>@42:1043
09-22 16:53:21.765  9899 10089 E unknown:ReactNative: new f@42:1221
09-22 16:53:21.765  9899 10089 E unknown:ReactNative: b@42:2420
09-22 16:53:21.765  9899 10089 E unknown:ReactNative: Object.error@512:1745
09-22 16:53:21.765  9899 10089 E unknown:ReactNative: s.<anonymous>@8050:2248
09-22 16:53:21.765  9899 10089 E unknown:ReactNative: Object.p@627:1873
09-22 16:53:21.765  9899 10089 E unknown:ReactNative: s.emit@627:4098
09-22 16:53:21.768  9899 10089 E unknown:ReactNative: console.error: {"context":"core"} closeTransport called before connection was established, js engine: v8, stack:
09-22 16:53:21.768  9899 10089 E unknown:ReactNative: p@50:240
09-22 16:53:21.768  9899 10089 E unknown:ReactNative: p@50:355
09-22 16:53:21.768  9899 10089 E unknown:ReactNative: new s@48:362
09-22 16:53:21.768  9899 10089 E unknown:ReactNative: f.<anonymous>@42:1043
09-22 16:53:21.768  9899 10089 E unknown:ReactNative: new f@42:1221
09-22 16:53:21.768  9899 10089 E unknown:ReactNative: b@42:2420
09-22 16:53:21.768  9899 10089 E unknown:ReactNative: Object.error@512:1745
09-22 16:53:21.768  9899 10089 E unknown:ReactNative: Object.error@8067:3297
09-22 16:53:21.768  9899 10089 E unknown:ReactNative: Object.error@8067:4311
09-22 16:53:21.768  9899 10089 E unknown:ReactNative: s.<anonymous>@8052:68629
09-22 16:53:21.769  9899  9899 I Detox   : Network is busy, with 5 in-flight calls
09-22 16:53:21.769  9899  9899 I chatty  : uid=10147(so.onekey.app.wallet.dev) identical 1 line
09-22 16:53:21.769  9899  9899 I Detox   : Network is busy, with 5 in-flight calls
09-22 16:53:21.770  9899 10089 E unknown:ReactNative: console.error: {"context":"client"} closeTransport called before connection was established, js engine: v8, stack:
09-22 16:53:21.770  9899 10089 E unknown:ReactNative: p@50:240
09-22 16:53:21.770  9899 10089 E unknown:ReactNative: p@50:355
09-22 16:53:21.770  9899 10089 E unknown:ReactNative: new s@48:362
09-22 16:53:21.770  9899 10089 E unknown:ReactNative: f.<anonymous>@42:1043
09-22 16:53:21.770  9899 10089 E unknown:ReactNative: new f@42:1221
09-22 16:53:21.770  9899 10089 E unknown:ReactNative: b@42:2420
09-22 16:53:21.770  9899 10089 E unknown:ReactNative: Object.error@512:1745
09-22 16:53:21.770  9899 10089 E unknown:ReactNative: Object.error@8067:3297
09-22 16:53:21.770  9899 10089 E unknown:ReactNative: Object.error@8067:4311
09-22 16:53:21.770  9899 10089 E unknown:ReactNative: d.<anonymous>@8113:32589
09-22 16:53:21.772  9899 10089 E unknown:ReactNative: console.error: {"context":"core"} closeTransport called before connection was established, js engine: v8, stack:
09-22 16:53:21.772  9899 10089 E unknown:ReactNative: p@50:240
09-22 16:53:21.772  9899 10089 E unknown:ReactNative: p@50:355
09-22 16:53:21.772  9899 10089 E unknown:ReactNative: new s@48:362
09-22 16:53:21.772  9899 10089 E unknown:ReactNative: f.<anonymous>@42:1043
09-22 16:53:21.772  9899 10089 E unknown:ReactNative: new f@42:1221
09-22 16:53:21.772  9899 10089 E unknown:ReactNative: b@42:2420
09-22 16:53:21.772  9899 10089 E unknown:ReactNative: Object.error@512:1745
09-22 16:53:21.772  9899 10089 E unknown:ReactNative: Object.error@8067:3297
09-22 16:53:21.772  9899 10089 E unknown:ReactNative: Object.error@8067:4311
09-22 16:53:21.772  9899 10089 E unknown:ReactNative: l.<anonymous>@8106:12485
09-22 16:53:21.774  9899 10089 E unknown:ReactNative: console.error: createWeb3WalletV2 ERROR: Error: closeTransport called before connection was established, js engine: v8, stack:
09-22 16:53:21.774  9899 10089 E unknown:ReactNative: p@50:240
09-22 16:53:21.774  9899 10089 E unknown:ReactNative: p@50:355
09-22 16:53:21.774  9899 10089 E unknown:ReactNative: new s@48:362
09-22 16:53:21.774  9899 10089 E unknown:ReactNative: f.<anonymous>@42:1043
09-22 16:53:21.774  9899 10089 E unknown:ReactNative: new f@42:1221
09-22 16:53:21.774  9899 10089 E unknown:ReactNative: b@42:2420
09-22 16:53:21.774  9899 10089 E unknown:ReactNative: Object.error@512:1745
09-22 16:53:21.774  9899 10089 E unknown:ReactNative: s.<anonymous>@8050:1585
09-22 16:53:21.774  9899 10089 E unknown:ReactNative: Generator.throw@-1
09-22 16:53:21.774  9899 10089 E unknown:ReactNative: n@353:69
09-22 16:53:21.775  9899  9899 W UiControllerImpl: Waiting for: DYNAMIC_TASKS_HAVE_IDLED for 700 iterations.
09-22 16:53:21.786  9899  9899 I Detox   : Network is busy, with 5 in-flight calls
09-22 16:53:22.137  9899  9899 I chatty  : uid=10147(so.onekey.app.wallet.dev) identical 64 lines
09-22 16:53:22.137  9899  9899 I Detox   : Network is busy, with 5 in-flight calls
09-22 16:53:22.153  9899  9899 I Detox   : Network is busy, with 5 in-flight calls
09-22 16:53:22.587  9899  9899 I chatty  : uid=10147(so.onekey.app.wallet.dev) identical 79 lines
09-22 16:53:22.587  9899  9899 I Detox   : Network is busy, with 5 in-flight calls
09-22 16:53:22.588  9899  9899 W UiControllerImpl: Waiting for: DYNAMIC_TASKS_HAVE_IDLED for 800 iterations.
09-22 16:53:22.603  9899  9899 I Detox   : Network is busy, with 5 in-flight calls
09-22 16:53:24.154  9899  9899 I chatty  : uid=10147(so.onekey.app.wallet.dev) identical 280 lines
09-22 16:53:24.154  9899  9899 I Detox   : Network is busy, with 5 in-flight calls
09-22 16:53:24.169  9899  9899 I Detox   : Network is busy, with 5 in-flight calls
09-22 16:53:24.223  9899  9899 I chatty  : uid=10147(so.onekey.app.wallet.dev) identical 10 lines
09-22 16:53:24.223  9899  9899 I Detox   : Network is busy, with 5 in-flight calls
09-22 16:53:24.232  9899  9899 W UiControllerImpl: Waiting for: DYNAMIC_TASKS_HAVE_IDLED for 1000 iterations.
09-22 16:53:24.236  9899  9899 I Detox   : Network is busy, with 5 in-flight calls
09-22 16:53:24.471  9899  9899 I chatty  : uid=10147(so.onekey.app.wallet.dev) identical 43 lines
09-22 16:53:24.471  9899  9899 I Detox   : Network is busy, with 5 in-flight calls
09-22 16:53:24.488  9899  9899 I Detox   : Network is busy, with 5 in-flight calls
09-22 16:53:24.488  9899  9899 I chatty  : uid=10147(so.onekey.app.wallet.dev) identical 1 line
09-22 16:53:24.488  9899  9899 I Detox   : Network is busy, with 5 in-flight calls
09-22 16:53:24.503  9899  9899 I Detox   : Network is busy, with 5 in-flight calls
09-22 16:53:25.056  9899  9899 I chatty  : uid=10147(so.onekey.app.wallet.dev) identical 100 lines
09-22 16:53:25.056  9899  9899 I Detox   : Network is busy, with 5 in-flight calls
09-22 16:53:25.057  9899  9899 W UiControllerImpl: Waiting for: DYNAMIC_TASKS_HAVE_IDLED for 1100 iterations.
09-22 16:53:25.070  9899  9899 I Detox   : Network is busy, with 5 in-flight calls
09-22 16:53:26.153  9899  9899 I chatty  : uid=10147(so.onekey.app.wallet.dev) identical 196 lines
09-22 16:53:26.153  9899  9899 I Detox   : Network is busy, with 5 in-flight calls
09-22 16:53:26.171  9899  9899 I Detox   : Network is busy, with 5 in-flight calls
09-22 16:53:26.355  9899  9899 I chatty  : uid=10147(so.onekey.app.wallet.dev) identical 35 lines
09-22 16:53:26.367  9899  9899 I Detox   : Network is busy, with 5 in-flight calls
09-22 16:53:26.367  9899  9899 W IdlingPolicy: These resources are not idle: [com.wix.detox.reactnative.idlingresources.NetworkIdlingResource]
09-22 16:53:26.370  9899  9899 I Detox   : Network is busy, with 5 in-flight calls
09-22 16:53:28.171  9899  9899 I chatty  : uid=10147(so.onekey.app.wallet.dev) identical 434 lines
09-22 16:53:28.171  9899  9899 I Detox   : Network is busy, with 5 in-flight calls
09-22 16:53:28.186  9899  9899 I Detox   : Network is busy, with 5 in-flight calls
09-22 16:53:28.253  9899  9899 I chatty  : uid=10147(so.onekey.app.wallet.dev) identical 18 lines
09-22 16:53:28.253  9899  9899 I Detox   : Network is busy, with 5 in-flight calls
09-22 16:53:28.269  9899  9899 I Detox   : Network is busy, with 5 in-flight calls
09-22 16:53:28.269  9899  9899 I chatty  : uid=10147(so.onekey.app.wallet.dev) identical 2 lines
09-22 16:53:28.269  9899  9899 I Detox   : Network is busy, with 5 in-flight calls
09-22 16:53:28.270  9899  9899 W UiControllerImpl: Waiting for: DYNAMIC_TASKS_HAVE_IDLED for 1500 iterations.
09-22 16:53:28.286  9899  9899 I Detox   : Network is busy, with 5 in-flight calls
09-22 16:53:29.105  9899  9899 I chatty  : uid=10147(so.onekey.app.wallet.dev) identical 198 lines
09-22 16:53:29.105  9899  9899 I Detox   : Network is busy, with 5 in-flight calls
09-22 16:53:29.106  9899  9899 W UiControllerImpl: Waiting for: DYNAMIC_TASKS_HAVE_IDLED for 1600 iterations.
09-22 16:53:29.122  9899  9899 I Detox   : Network is busy, with 5 in-flight calls
09-22 16:53:29.923  9899  9899 I chatty  : uid=10147(so.onekey.app.wallet.dev) identical 194 lines
09-22 16:53:29.923  9899  9899 I Detox   : Network is busy, with 5 in-flight calls
09-22 16:53:29.923  9899  9899 W UiControllerImpl: Waiting for: DYNAMIC_TASKS_HAVE_IDLED for 1700 iterations.
09-22 16:53:29.937  9899  9899 I Detox   : Network is busy, with 5 in-flight calls
09-22 16:53:30.187  9899  9899 I chatty  : uid=10147(so.onekey.app.wallet.dev) identical 62 lines
09-22 16:53:30.187  9899  9899 I Detox   : Network is busy, with 5 in-flight calls
09-22 16:53:30.203  9899  9899 I Detox   : Network is busy, with 5 in-flight calls
09-22 16:53:30.722  9899  9899 I chatty  : uid=10147(so.onekey.app.wallet.dev) identical 126 lines
09-22 16:53:30.722  9899  9899 I Detox   : Network is busy, with 5 in-flight calls
09-22 16:53:30.722  9899  9899 W UiControllerImpl: Waiting for: DYNAMIC_TASKS_HAVE_IDLED for 1800 iterations.
09-22 16:53:30.736  9899  9899 I Detox   : Network is busy, with 5 in-flight calls
09-22 16:53:31.069  9899  9899 I chatty  : uid=10147(so.onekey.app.wallet.dev) identical 82 lines
09-22 16:53:31.069  9899  9899 I Detox   : Network is busy, with 5 in-flight calls
09-22 16:53:31.070  9899 10063 D DetoxWSClient: Received action 'currentStatus' (ID #2, params={})
09-22 16:53:31.070  9899 10062 I DetoxDispatcher: Handling action 'currentStatus' (ID #2)...
09-22 16:53:31.073  9899  9899 I Detox   : Network is busy, with 5 in-flight calls
09-22 16:53:31.075  9899 10062 I DetoxWSClient: Sending out action 'currentStatusResult' (ID #2)
09-22 16:53:31.076  9899 10062 I DetoxDispatcher: Done with action 'currentStatus'
09-22 16:53:31.087  9899  9899 I Detox   : Network is busy, with 5 in-flight calls
09-22 16:53:31.169  9899  9899 I chatty  : uid=10147(so.onekey.app.wallet.dev) identical 28 lines
09-22 16:53:31.169  9899  9899 I Detox   : Network is busy, with 5 in-flight calls
09-22 16:53:31.185  9899  9899 I Detox   : Network is busy, with 5 in-flight calls
09-22 16:53:31.186  9899  9899 I chatty  : uid=10147(so.onekey.app.wallet.dev) identical 3 lines
09-22 16:53:31.186  9899  9899 I Detox   : Network is busy, with 5 in-flight calls
09-22 16:53:31.202  9899  9899 I Detox   : Network is busy, with 5 in-flight calls
09-22 16:53:31.353  9899  9899 I chatty  : uid=10147(so.onekey.app.wallet.dev) identical 49 lines
09-22 16:53:31.371  9899  9899 I Detox   : Network is busy, with 5 in-flight calls
09-22 16:53:31.371  9899  9899 W IdlingPolicy: These resources are not idle: [com.wix.detox.reactnative.idlingresources.NetworkIdlingResource]
09-22 16:53:31.371  9899  9899 I Detox   : Network is busy, with 5 in-flight calls
09-22 16:53:32.189  9899  9899 I chatty  : uid=10147(so.onekey.app.wallet.dev) identical 298 lines
09-22 16:53:32.190  9899  9899 I Detox   : Network is busy, with 5 in-flight calls
09-22 16:53:32.202  9899  9899 I Detox   : Network is busy, with 5 in-flight calls
09-22 16:53:32.304  9899  9899 I chatty  : uid=10147(so.onekey.app.wallet.dev) identical 40 lines
09-22 16:53:32.304  9899  9899 I Detox   : Network is busy, with 5 in-flight calls
09-22 16:53:32.304  9899  9899 W UiControllerImpl: Waiting for: DYNAMIC_TASKS_HAVE_IDLED for 2000 iterations.
09-22 16:53:32.321  9899  9899 I Detox   : Network is busy, with 5 in-flight calls
09-22 16:53:33.956  9899  9899 I chatty  : uid=10147(so.onekey.app.wallet.dev) identical 592 lines
09-22 16:53:33.956  9899  9899 I Detox   : Network is busy, with 5 in-flight calls
09-22 16:53:33.956  9899  9899 W UiControllerImpl: Waiting for: DYNAMIC_TASKS_HAVE_IDLED for 2200 iterations.
09-22 16:53:33.970  9899  9899 I Detox   : Network is busy, with 5 in-flight calls
09-22 16:53:34.106  9899  9899 I chatty  : uid=10147(so.onekey.app.wallet.dev) identical 52 lines
09-22 16:53:34.106  9899  9899 I Detox   : Network is busy, with 5 in-flight calls
09-22 16:53:34.119  9899  9899 I Detox   : Network is busy, with 5 in-flight calls
09-22 16:53:34.119  9899  9899 I chatty  : uid=10147(so.onekey.app.wallet.dev) identical 4 lines
09-22 16:53:34.119  9899  9899 I Detox   : Network is busy, with 5 in-flight calls
09-22 16:53:34.136  9899  9899 I Detox   : Network is busy, with 5 in-flight calls
09-22 16:53:34.204  9899  9899 I chatty  : uid=10147(so.onekey.app.wallet.dev) identical 28 lines
09-22 16:53:34.204  9899  9899 I Detox   : Network is busy, with 5 in-flight calls
09-22 16:53:34.220  9899  9899 I Detox   : Network is busy, with 5 in-flight calls
09-22 16:53:36.220  9899  9899 I chatty  : uid=10147(so.onekey.app.wallet.dev) identical 724 lines
09-22 16:53:36.220  9899  9899 I Detox   : Network is busy, with 5 in-flight calls
09-22 16:53:36.237  9899  9899 I Detox   : Network is busy, with 5 in-flight calls
09-22 16:53:36.371  9899  9899 I chatty  : uid=10147(so.onekey.app.wallet.dev) identical 53 lines
09-22 16:53:36.371  9899  9899 I Detox   : Network is busy, with 5 in-flight calls
09-22 16:53:36.371  9899  9899 W IdlingPolicy: These resources are not idle: [com.wix.detox.reactnative.idlingresources.NetworkIdlingResource]
09-22 16:53:36.387  9899  9899 I Detox   : Network is busy, with 5 in-flight calls
09-22 16:53:36.806  9899  9899 I chatty  : uid=10147(so.onekey.app.wallet.dev) identical 180 lines
09-22 16:53:36.806  9899  9899 I Detox   : Network is busy, with 5 in-flight calls
09-22 16:53:36.813  9899 10088 E ReactNativeJS: 'WalletConnect V2 Core ERROR: WebSocket ERROR > register_error  >>>>>> ', 'WebSocket connection failed for URL: wss://relay.walletconnect.com?auth=eyJhbGciOiJFZERTQSIsInR5cCI6'
09-22 16:53:36.819  9899  9899 I Detox   : Network is busy, with 5 in-flight calls
09-22 16:53:36.820  9899  9899 I chatty  : uid=10147(so.onekey.app.wallet.dev) identical 5 lines
09-22 16:53:36.820  9899  9899 I Detox   : Network is busy, with 5 in-flight calls
09-22 16:53:36.822  9899 10088 E ReactNativeJS: 'WalletConnect V2 doReconnect close connection ERROR: ', [Error: Connection already closed]
09-22 16:53:36.827  9899 10089 E unknown:ReactNative: console.error: WalletConnect V2 Core ERROR: WebSocket ERROR > register_error  >>>>>>  WebSocket connection failed for URL: wss://relay.walletconnect.com?auth=eyJhbGciOiJFZERTQSIsInR5cCI6, js engine: v8, stack:
09-22 16:53:36.827  9899 10089 E unknown:ReactNative: p@50:240
09-22 16:53:36.827  9899 10089 E unknown:ReactNative: p@50:355
09-22 16:53:36.827  9899 10089 E unknown:ReactNative: new s@48:362
09-22 16:53:36.827  9899 10089 E unknown:ReactNative: f.<anonymous>@42:1043
09-22 16:53:36.827  9899 10089 E unknown:ReactNative: new f@42:1221
09-22 16:53:36.827  9899 10089 E unknown:ReactNative: b@42:2420
09-22 16:53:36.827  9899 10089 E unknown:ReactNative: Object.error@512:1745
09-22 16:53:36.827  9899 10089 E unknown:ReactNative: s.<anonymous>@8050:3300
09-22 16:53:36.827  9899 10089 E unknown:ReactNative: Object.p@627:1905
09-22 16:53:36.827  9899 10089 E unknown:ReactNative: s.emit@627:4041
09-22 16:53:36.832  9899 10089 E unknown:ReactNative: console.error: WalletConnect V2 doReconnect close connection ERROR:  Error: Connection already closed, js engine: v8, stack:
09-22 16:53:36.832  9899 10089 E unknown:ReactNative: p@50:240
09-22 16:53:36.832  9899 10089 E unknown:ReactNative: p@50:355
09-22 16:53:36.832  9899 10089 E unknown:ReactNative: new s@48:362
09-22 16:53:36.832  9899 10089 E unknown:ReactNative: f.<anonymous>@42:1043
09-22 16:53:36.832  9899 10089 E unknown:ReactNative: new f@42:1221
09-22 16:53:36.832  9899 10089 E unknown:ReactNative: b@42:2420
09-22 16:53:36.832  9899 10089 E unknown:ReactNative: Object.error@512:1745
09-22 16:53:36.832  9899 10089 E unknown:ReactNative: <unknown>@8050:2541
09-22 16:53:36.832  9899 10089 E unknown:ReactNative: Generator.throw@-1
09-22 16:53:36.832  9899 10089 E unknown:ReactNative: n@353:69
09-22 16:53:36.837  9899  9899 I Detox   : Network is busy, with 5 in-flight calls
09-22 16:53:38.023  9899  9899 I chatty  : uid=10147(so.onekey.app.wallet.dev) identical 502 lines
09-22 16:53:38.023  9899  9899 I Detox   : Network is busy, with 5 in-flight calls
09-22 16:53:38.023  9899  9899 W UiControllerImpl: Waiting for: DYNAMIC_TASKS_HAVE_IDLED for 2700 iterations.
09-22 16:53:38.036  9899  9899 I Detox   : Network is busy, with 5 in-flight calls
09-22 16:53:38.222  9899  9899 I chatty  : uid=10147(so.onekey.app.wallet.dev) identical 82 lines
09-22 16:53:38.222  9899  9899 I Detox   : Network is busy, with 5 in-flight calls
09-22 16:53:38.236  9899  9899 I Detox   : Network is busy, with 5 in-flight calls
09-22 16:53:39.670  9899  9899 I chatty  : uid=10147(so.onekey.app.wallet.dev) identical 607 lines
09-22 16:53:39.670  9899  9899 I Detox   : Network is busy, with 5 in-flight calls
09-22 16:53:39.670  9899  9899 W UiControllerImpl: Waiting for: DYNAMIC_TASKS_HAVE_IDLED for 2900 iterations.
09-22 16:53:39.687  9899  9899 I Detox   : Network is busy, with 5 in-flight calls
09-22 16:53:40.103  9899  9899 I chatty  : uid=10147(so.onekey.app.wallet.dev) identical 180 lines
09-22 16:53:40.103  9899  9899 I Detox   : Network is busy, with 5 in-flight calls
09-22 16:53:40.121  9899  9899 I Detox   : Network is busy, with 5 in-flight calls
09-22 16:53:40.236  9899  9899 I chatty  : uid=10147(so.onekey.app.wallet.dev) identical 54 lines
09-22 16:53:40.236  9899  9899 I Detox   : Network is busy, with 5 in-flight calls
09-22 16:53:40.253  9899  9899 I Detox   : Network is busy, with 5 in-flight calls
09-22 16:53:40.452  9899  9899 I chatty  : uid=10147(so.onekey.app.wallet.dev) identical 89 lines
09-22 16:53:40.452  9899  9899 I Detox   : Network is busy, with 5 in-flight calls
09-22 16:53:40.453  9899  9899 W UiControllerImpl: Waiting for: DYNAMIC_TASKS_HAVE_IDLED for 3000 iterations.
09-22 16:53:40.472  9899  9899 I Detox   : Network is busy, with 5 in-flight calls
09-22 16:53:41.103  9899  9899 I chatty  : uid=10147(so.onekey.app.wallet.dev) identical 271 lines
09-22 16:53:41.104  9899  9899 I Detox   : Network is busy, with 5 in-flight calls
09-22 16:53:41.104  9899 10063 D DetoxWSClient: Received action 'currentStatus' (ID #3, params={})
09-22 16:53:41.104  9899 10062 I DetoxDispatcher: Handling action 'currentStatus' (ID #3)...
09-22 16:53:41.108  9899  9899 I Detox   : Network is busy, with 5 in-flight calls
09-22 16:53:41.110  9899 10062 I DetoxWSClient: Sending out action 'currentStatusResult' (ID #3)
09-22 16:53:41.110  9899 10062 I DetoxDispatcher: Done with action 'currentStatus'
09-22 16:53:41.120  9899  9899 I Detox   : Network is busy, with 5 in-flight calls
09-22 16:53:41.369  9899  9899 I chatty  : uid=10147(so.onekey.app.wallet.dev) identical 127 lines
09-22 16:53:41.372  9899  9899 I Detox   : Network is busy, with 5 in-flight calls
09-22 16:53:41.372  9899  9899 W IdlingPolicy: These resources are not idle: [com.wix.detox.reactnative.idlingresources.NetworkIdlingResource]
09-22 16:53:41.389  9899  9899 I Detox   : Network is busy, with 5 in-flight calls
09-22 16:53:41.840  9899  9899 I chatty  : uid=10147(so.onekey.app.wallet.dev) identical 250 lines
09-22 16:53:41.840  9899  9899 I Detox   : Network is busy, with 5 in-flight calls
09-22 16:53:41.853  9899  9899 I Detox   : Network is busy, with 5 in-flight calls
09-22 16:53:41.855  9899  9899 I chatty  : uid=10147(so.onekey.app.wallet.dev) identical 7 lines
09-22 16:53:41.855  9899  9899 I Detox   : Network is busy, with 5 in-flight calls
09-22 16:53:41.869  9899  9899 I Detox   : Network is busy, with 5 in-flight calls
09-22 16:53:41.956  9899  9899 I chatty  : uid=10147(so.onekey.app.wallet.dev) identical 52 lines
09-22 16:53:41.956  9899  9899 I Detox   : Network is busy, with 5 in-flight calls
09-22 16:53:41.956  9899  9899 W UiControllerImpl: Waiting for: DYNAMIC_TASKS_HAVE_IDLED for 3200 iterations.
09-22 16:53:41.972  9899  9899 I Detox   : Network is busy, with 5 in-flight calls
09-22 16:53:42.235  9899  9899 I chatty  : uid=10147(so.onekey.app.wallet.dev) identical 151 lines
09-22 16:53:42.235  9899  9899 I Detox   : Network is busy, with 5 in-flight calls
09-22 16:53:42.252  9899  9899 I Detox   : Network is busy, with 5 in-flight calls
09-22 16:53:42.252  9899  9899 I chatty  : uid=10147(so.onekey.app.wallet.dev) identical 7 lines
09-22 16:53:42.252  9899  9899 I Detox   : Network is busy, with 5 in-flight calls
09-22 16:53:42.268  9899  9899 I Detox   : Network is busy, with 5 in-flight calls
09-22 16:53:42.268  9899  9899 I chatty  : uid=10147(so.onekey.app.wallet.dev) identical 7 lines
09-22 16:53:42.268  9899  9899 I Detox   : Network is busy, with 5 in-flight calls
09-22 16:53:42.285  9899  9899 I Detox   : Network is busy, with 5 in-flight calls
09-22 16:53:42.285  9899  9899 I chatty  : uid=10147(so.onekey.app.wallet.dev) identical 7 lines
09-22 16:53:42.285  9899  9899 I Detox   : Network is busy, with 5 in-flight calls
09-22 16:53:42.302  9899  9899 I Detox   : Network is busy, with 5 in-flight calls
09-22 16:53:44.255  9899  9899 I chatty  : uid=10147(so.onekey.app.wallet.dev) identical 1060 lines
09-22 16:53:44.255  9899  9899 I Detox   : Network is busy, with 5 in-flight calls
09-22 16:53:44.269  9899  9899 I Detox   : Network is busy, with 5 in-flight calls
09-22 16:53:44.403  9899  9899 I chatty  : uid=10147(so.onekey.app.wallet.dev) identical 79 lines
09-22 16:53:44.403  9899  9899 I Detox   : Network is busy, with 5 in-flight calls
09-22 16:53:44.403  9899  9899 W UiControllerImpl: Waiting for: DYNAMIC_TASKS_HAVE_IDLED for 3500 iterations.
09-22 16:53:44.419  9899  9899 I Detox   : Network is busy, with 5 in-flight calls
09-22 16:53:45.988  9899  9899 I chatty  : uid=10147(so.onekey.app.wallet.dev) identical 853 lines
09-22 16:53:45.988  9899  9899 I Detox   : Network is busy, with 5 in-flight calls
09-22 16:53:45.988  9899  9899 W UiControllerImpl: Waiting for: DYNAMIC_TASKS_HAVE_IDLED for 3700 iterations.
09-22 16:53:46.007  9899  9899 I Detox   : Network is busy, with 5 in-flight calls
09-22 16:53:46.070  9899  9899 I chatty  : uid=10147(so.onekey.app.wallet.dev) identical 43 lines
09-22 16:53:46.070  9899  9899 I Detox   : Network is busy, with 5 in-flight calls
09-22 16:53:46.086  9899  9899 I Detox   : Network is busy, with 5 in-flight calls
09-22 16:53:46.104  9899  9899 I chatty  : uid=10147(so.onekey.app.wallet.dev) identical 16 lines
09-22 16:53:46.104  9899  9899 I Detox   : Network is busy, with 5 in-flight calls
09-22 16:53:46.120  9899  9899 I Detox   : Network is busy, with 5 in-flight calls
09-22 16:53:46.139  9899  9899 I chatty  : uid=10147(so.onekey.app.wallet.dev) identical 16 lines
09-22 16:53:46.139  9899  9899 I Detox   : Network is busy, with 5 in-flight calls
09-22 16:53:46.147  9899 10176 W .app.wallet.de: Accessing hidden method Lsun/misc/Unsafe;->getObject(Ljava/lang/Object;J)Ljava/lang/Object; (greylist, linking, allowed)
09-22 16:53:46.151  9899 10237 W .app.wallet.de: Accessing hidden method Lsun/misc/Unsafe;->getObject(Ljava/lang/Object;J)Ljava/lang/Object; (greylist, linking, allowed)
09-22 16:53:46.151  9899 10237 W .app.wallet.de: Accessing hidden method Lsun/misc/Unsafe;->getObject(Ljava/lang/Object;J)Ljava/lang/Object; (greylist, linking, allowed)
09-22 16:53:46.153  9899  9899 I Detox   : Network is busy, with 5 in-flight calls
09-22 16:53:46.255  9899  9899 I chatty  : uid=10147(so.onekey.app.wallet.dev) identical 61 lines
09-22 16:53:46.255  9899  9899 I Detox   : Network is busy, with 5 in-flight calls
09-22 16:53:46.269  9899  9899 I Detox   : Network is busy, with 5 in-flight calls
09-22 16:53:46.269  9899  9899 I chatty  : uid=10147(so.onekey.app.wallet.dev) identical 7 lines
09-22 16:53:46.269  9899  9899 I Detox   : Network is busy, with 5 in-flight calls
09-22 16:53:46.286  9899  9899 I Detox   : Network is busy, with 5 in-flight calls
09-22 16:53:46.373  9899  9899 I chatty  : uid=10147(so.onekey.app.wallet.dev) identical 53 lines
09-22 16:53:46.373  9899  9899 I Detox   : Network is busy, with 5 in-flight calls
09-22 16:53:46.373  9899  9899 W IdlingPolicy: These resources are not idle: [com.wix.detox.reactnative.idlingresources.NetworkIdlingResource]
09-22 16:53:46.386  9899  9899 I Detox   : Network is busy, with 5 in-flight calls
09-22 16:53:46.738  9899  9899 I chatty  : uid=10147(so.onekey.app.wallet.dev) identical 218 lines
09-22 16:53:46.738  9899  9899 I Detox   : Network is busy, with 5 in-flight calls
09-22 16:53:46.738  9899  9899 W UiControllerImpl: Waiting for: DYNAMIC_TASKS_HAVE_IDLED for 3800 iterations.
09-22 16:53:46.752  9899  9899 I Detox   : Network is busy, with 5 in-flight calls
09-22 16:53:46.922  9899  9899 I chatty  : uid=10147(so.onekey.app.wallet.dev) identical 108 lines
09-22 16:53:46.922  9899  9899 I Detox   : Network is busy, with 5 in-flight calls
09-22 16:53:46.923  9899 10088 E ReactNativeJS: { context: 'core' }, { context: 'core/relayer' }, [Error: socket stalled]
09-22 16:53:46.923  9899 10088 E ReactNativeJS: 'WalletConnect V2 Core ERROR: relayer_transport_closed >>>>>> ', undefined
09-22 16:53:46.924  9899 10088 E ReactNativeJS: { context: 'core' }, 'closeTransport called before connection was established'
09-22 16:53:46.925  9899 10088 E ReactNativeJS: { context: 'client' }, 'closeTransport called before connection was established'
09-22 16:53:46.925  9899 10088 E ReactNativeJS: { context: 'core' }, 'closeTransport called before connection was established'
09-22 16:53:46.941  9899 10089 E unknown:ReactNative: console.error: {"context":"core"} {"context":"core/relayer"} Error: socket stalled, js engine: v8, stack:
09-22 16:53:46.941  9899 10089 E unknown:ReactNative: p@50:240
09-22 16:53:46.941  9899 10089 E unknown:ReactNative: p@50:355
09-22 16:53:46.941  9899 10089 E unknown:ReactNative: new s@48:362
09-22 16:53:46.941  9899 10089 E unknown:ReactNative: f.<anonymous>@42:1043
09-22 16:53:46.941  9899 10089 E unknown:ReactNative: new f@42:1221
09-22 16:53:46.941  9899 10089 E unknown:ReactNative: b@42:2420
09-22 16:53:46.941  9899 10089 E unknown:ReactNative: Object.error@512:1745
09-22 16:53:46.941  9899 10089 E unknown:ReactNative: Object.error@8067:3297
09-22 16:53:46.941  9899 10089 E unknown:ReactNative: Object.error@8067:4311
09-22 16:53:46.941  9899 10089 E unknown:ReactNative: Object.error@8067:4311
09-22 16:53:46.942  9899  9899 I Detox   : Network is busy, with 5 in-flight calls
09-22 16:53:46.942  9899  9899 I chatty  : uid=10147(so.onekey.app.wallet.dev) identical 8 lines
09-22 16:53:46.942  9899  9899 I Detox   : Network is busy, with 5 in-flight calls
09-22 16:53:46.945  9899 10089 E unknown:ReactNative: console.error: WalletConnect V2 Core ERROR: relayer_transport_closed >>>>>>  undefined, js engine: v8, stack:
09-22 16:53:46.945  9899 10089 E unknown:ReactNative: p@50:240
09-22 16:53:46.945  9899 10089 E unknown:ReactNative: p@50:355
09-22 16:53:46.945  9899 10089 E unknown:ReactNative: new s@48:362
09-22 16:53:46.945  9899 10089 E unknown:ReactNative: f.<anonymous>@42:1043
09-22 16:53:46.945  9899 10089 E unknown:ReactNative: new f@42:1221
09-22 16:53:46.945  9899 10089 E unknown:ReactNative: b@42:2420
09-22 16:53:46.945  9899 10089 E unknown:ReactNative: Object.error@512:1745
09-22 16:53:46.945  9899 10089 E unknown:ReactNative: s.<anonymous>@8050:2248
09-22 16:53:46.945  9899 10089 E unknown:ReactNative: Object.p@627:1873
09-22 16:53:46.945  9899 10089 E unknown:ReactNative: s.emit@627:4098
09-22 16:53:46.948  9899 10089 E unknown:ReactNative: console.error: {"context":"core"} closeTransport called before connection was established, js engine: v8, stack:
09-22 16:53:46.948  9899 10089 E unknown:ReactNative: p@50:240
09-22 16:53:46.948  9899 10089 E unknown:ReactNative: p@50:355
09-22 16:53:46.948  9899 10089 E unknown:ReactNative: new s@48:362
09-22 16:53:46.948  9899 10089 E unknown:ReactNative: f.<anonymous>@42:1043
09-22 16:53:46.948  9899 10089 E unknown:ReactNative: new f@42:1221
09-22 16:53:46.948  9899 10089 E unknown:ReactNative: b@42:2420
09-22 16:53:46.948  9899 10089 E unknown:ReactNative: Object.error@512:1745
09-22 16:53:46.948  9899 10089 E unknown:ReactNative: Object.error@8067:3297
09-22 16:53:46.948  9899 10089 E unknown:ReactNative: Object.error@8067:4311
09-22 16:53:46.948  9899 10089 E unknown:ReactNative: s.<anonymous>@8052:68629
09-22 16:53:46.951  9899 10089 E unknown:ReactNative: console.error: {"context":"client"} closeTransport called before connection was established, js engine: v8, stack:
09-22 16:53:46.951  9899 10089 E unknown:ReactNative: p@50:240
09-22 16:53:46.951  9899 10089 E unknown:ReactNative: p@50:355
09-22 16:53:46.951  9899 10089 E unknown:ReactNative: new s@48:362
09-22 16:53:46.951  9899 10089 E unknown:ReactNative: f.<anonymous>@42:1043
09-22 16:53:46.951  9899 10089 E unknown:ReactNative: new f@42:1221
09-22 16:53:46.951  9899 10089 E unknown:ReactNative: b@42:2420
09-22 16:53:46.951  9899 10089 E unknown:ReactNative: Object.error@512:1745
09-22 16:53:46.951  9899 10089 E unknown:ReactNative: Object.error@8067:3297
09-22 16:53:46.951  9899 10089 E unknown:ReactNative: Object.error@8067:4311
09-22 16:53:46.951  9899 10089 E unknown:ReactNative: d.<anonymous>@8113:32589
09-22 16:53:46.953  9899  9899 I Detox   : Network is busy, with 5 in-flight calls
09-22 16:53:46.953  9899  9899 I chatty  : uid=10147(so.onekey.app.wallet.dev) identical 8 lines
09-22 16:53:46.953  9899  9899 I Detox   : Network is busy, with 5 in-flight calls
09-22 16:53:46.955  9899 10089 E unknown:ReactNative: console.error: {"context":"core"} closeTransport called before connection was established, js engine: v8, stack:
09-22 16:53:46.955  9899 10089 E unknown:ReactNative: p@50:240
09-22 16:53:46.955  9899 10089 E unknown:ReactNative: p@50:355
09-22 16:53:46.955  9899 10089 E unknown:ReactNative: new s@48:362
09-22 16:53:46.955  9899 10089 E unknown:ReactNative: f.<anonymous>@42:1043
09-22 16:53:46.955  9899 10089 E unknown:ReactNative: new f@42:1221
09-22 16:53:46.955  9899 10089 E unknown:ReactNative: b@42:2420
09-22 16:53:46.955  9899 10089 E unknown:ReactNative: Object.error@512:1745
09-22 16:53:46.955  9899 10089 E unknown:ReactNative: Object.error@8067:3297
09-22 16:53:46.955  9899 10089 E unknown:ReactNative: Object.error@8067:4311
09-22 16:53:46.955  9899 10089 E unknown:ReactNative: l.<anonymous>@8106:12485
09-22 16:53:46.971  9899  9899 I Detox   : Network is busy, with 5 in-flight calls
09-22 16:53:47.270  9899  9899 I chatty  : uid=10147(so.onekey.app.wallet.dev) identical 188 lines
09-22 16:53:47.270  9899  9899 I Detox   : Network is busy, with 5 in-flight calls
09-22 16:53:47.287  9899  9899 I Detox   : Network is busy, with 5 in-flight calls
09-22 16:53:47.555  9899  9899 I chatty  : uid=10147(so.onekey.app.wallet.dev) identical 168 lines
09-22 16:53:47.555  9899  9899 I Detox   : Network is busy, with 5 in-flight calls
09-22 16:53:47.555  9899  9899 W UiControllerImpl: Waiting for: DYNAMIC_TASKS_HAVE_IDLED for 3900 iterations.
09-22 16:53:47.569  9899  9899 I Detox   : Network is busy, with 5 in-flight calls
09-22 16:53:48.269  9899  9899 I chatty  : uid=10147(so.onekey.app.wallet.dev) identical 428 lines
09-22 16:53:48.269  9899  9899 I Detox   : Network is busy, with 5 in-flight calls
09-22 16:53:48.286  9899  9899 I Detox   : Network is busy, with 5 in-flight calls
09-22 16:53:49.187  9899  9899 I chatty  : uid=10147(so.onekey.app.wallet.dev) identical 548 lines
09-22 16:53:49.187  9899  9899 I Detox   : Network is busy, with 5 in-flight calls
09-22 16:53:49.187  9899  9899 W UiControllerImpl: Waiting for: DYNAMIC_TASKS_HAVE_IDLED for 4100 iterations.
09-22 16:53:49.206  9899  9899 I Detox   : Network is busy, with 5 in-flight calls
09-22 16:53:50.269  9899  9899 I chatty  : uid=10147(so.onekey.app.wallet.dev) identical 648 lines
09-22 16:53:50.269  9899  9899 I Detox   : Network is busy, with 5 in-flight calls
09-22 16:53:50.286  9899  9899 I Detox   : Network is busy, with 5 in-flight calls
09-22 16:53:50.723  9899  9899 I chatty  : uid=10147(so.onekey.app.wallet.dev) identical 268 lines
09-22 16:53:50.723  9899  9899 I Detox   : Network is busy, with 5 in-flight calls
09-22 16:53:50.732  9899 10196 W .app.wallet.de: Accessing hidden method Lsun/misc/Unsafe;->getObject(Ljava/lang/Object;J)Ljava/lang/Object; (greylist, linking, allowed)
09-22 16:53:50.732  9899 10237 W .app.wallet.de: Accessing hidden method Lsun/misc/Unsafe;->getObject(Ljava/lang/Object;J)Ljava/lang/Object; (greylist, linking, allowed)
09-22 16:53:50.732  9899 10237 W .app.wallet.de: Accessing hidden method Lsun/misc/Unsafe;->getObject(Ljava/lang/Object;J)Ljava/lang/Object; (greylist, linking, allowed)
09-22 16:53:50.736  9899  9899 I Detox   : Network is busy, with 5 in-flight calls
09-22 16:53:50.873  9899  9899 I chatty  : uid=10147(so.onekey.app.wallet.dev) identical 88 lines
09-22 16:53:50.873  9899  9899 I Detox   : Network is busy, with 5 in-flight calls
09-22 16:53:50.886  9899  9899 I Detox   : Network is busy, with 5 in-flight calls
09-22 16:53:50.939  9899  9899 I chatty  : uid=10147(so.onekey.app.wallet.dev) identical 38 lines
09-22 16:53:50.939  9899  9899 I Detox   : Network is busy, with 5 in-flight calls
09-22 16:53:50.952  9899  9899 I Detox   : Network is busy, with 5 in-flight calls
09-22 16:53:51.120  9899  9899 I chatty  : uid=10147(so.onekey.app.wallet.dev) identical 108 lines
09-22 16:53:51.120  9899  9899 I Detox   : Network is busy, with 5 in-flight calls
09-22 16:53:51.124  9899 10063 D DetoxWSClient: Received action 'currentStatus' (ID #4, params={})
09-22 16:53:51.125  9899 10062 I DetoxDispatcher: Handling action 'currentStatus' (ID #4)...
09-22 16:53:51.127  9899  9899 I Detox   : Network is busy, with 5 in-flight calls
09-22 16:53:51.128  9899 10062 I DetoxWSClient: Sending out action 'currentStatusResult' (ID #4)
09-22 16:53:51.129  9899 10062 I DetoxDispatcher: Done with action 'currentStatus'
09-22 16:53:51.136  9899  9899 I Detox   : Network is busy, with 5 in-flight calls
09-22 16:53:51.321  9899  9899 I chatty  : uid=10147(so.onekey.app.wallet.dev) identical 130 lines
09-22 16:53:51.321  9899  9899 I Detox   : Network is busy, with 5 in-flight calls
09-22 16:53:51.335  9899  9899 I Detox   : Network is busy, with 5 in-flight calls
09-22 16:53:51.335  9899  9899 I chatty  : uid=10147(so.onekey.app.wallet.dev) identical 9 lines
09-22 16:53:51.335  9899  9899 I Detox   : Network is busy, with 5 in-flight calls
09-22 16:53:51.352  9899  9899 I Detox   : Network is busy, with 5 in-flight calls
09-22 16:53:51.369  9899  9899 I chatty  : uid=10147(so.onekey.app.wallet.dev) identical 21 lines
09-22 16:53:51.374  9899  9899 I Detox   : Network is busy, with 5 in-flight calls
09-22 16:53:51.374  9899  9899 W IdlingPolicy: These resources are not idle: [com.wix.detox.reactnative.idlingresources.NetworkIdlingResource]
09-22 16:53:51.386  9899  9899 I Detox   : Network is busy, with 5 in-flight calls
09-22 16:53:52.289  9899  9899 I chatty  : uid=10147(so.onekey.app.wallet.dev) identical 658 lines
09-22 16:53:52.289  9899  9899 I Detox   : Network is busy, with 5 in-flight calls
09-22 16:53:52.303  9899  9899 I Detox   : Network is busy, with 5 in-flight calls
09-22 16:53:52.353  9899  9899 I chatty  : uid=10147(so.onekey.app.wallet.dev) identical 46 lines
09-22 16:53:52.353  9899  9899 I Detox   : Network is busy, with 5 in-flight calls
09-22 16:53:52.353  9899  9899 W UiControllerImpl: Waiting for: DYNAMIC_TASKS_HAVE_IDLED for 4500 iterations.
09-22 16:53:52.369  9899  9899 I Detox   : Network is busy, with 5 in-flight calls
09-22 16:53:52.787  9899  9899 I chatty  : uid=10147(so.onekey.app.wallet.dev) identical 310 lines
09-22 16:53:52.787  9899  9899 I Detox   : Network is busy, with 5 in-flight calls
09-22 16:53:52.803  9899  9899 I Detox   : Network is busy, with 5 in-flight calls
09-22 16:53:52.804  9899  9899 I chatty  : uid=10147(so.onekey.app.wallet.dev) identical 10 lines
09-22 16:53:52.804  9899  9899 I Detox   : Network is busy, with 5 in-flight calls
09-22 16:53:52.819  9899  9899 I Detox   : Network is busy, with 5 in-flight calls
09-22 16:53:53.987  9899  9899 I chatty  : uid=10147(so.onekey.app.wallet.dev) identical 850 lines
09-22 16:53:53.987  9899  9899 I Detox   : Network is busy, with 5 in-flight calls
09-22 16:53:53.988  9899  9899 W UiControllerImpl: Waiting for: DYNAMIC_TASKS_HAVE_IDLED for 4700 iterations.
09-22 16:53:54.003  9899  9899 I Detox   : Network is busy, with 5 in-flight calls
09-22 16:53:54.304  9899  9899 I chatty  : uid=10147(so.onekey.app.wallet.dev) identical 226 lines
09-22 16:53:54.304  9899  9899 I Detox   : Network is busy, with 5 in-flight calls
09-22 16:53:54.319  9899  9899 I Detox   : Network is busy, with 5 in-flight calls
09-22 16:53:54.802  9899  9899 I chatty  : uid=10147(so.onekey.app.wallet.dev) identical 358 lines
09-22 16:53:54.802  9899  9899 I Detox   : Network is busy, with 5 in-flight calls
09-22 16:53:54.802  9899  9899 W UiControllerImpl: Waiting for: DYNAMIC_TASKS_HAVE_IDLED for 4800 iterations.
09-22 16:53:54.819  9899  9899 I Detox   : Network is busy, with 5 in-flight calls
09-22 16:53:56.322  9899  9899 I chatty  : uid=10147(so.onekey.app.wallet.dev) identical 1090 lines
09-22 16:53:56.322  9899  9899 I Detox   : Network is busy, with 5 in-flight calls
09-22 16:53:56.336  9899  9899 I Detox   : Network is busy, with 5 in-flight calls
09-22 16:53:56.371  9899  9899 I chatty  : uid=10147(so.onekey.app.wallet.dev) identical 35 lines
09-22 16:53:56.375  9899  9899 I Detox   : Network is busy, with 5 in-flight calls
09-22 16:53:56.375  9899  9899 W IdlingPolicy: These resources are not idle: [com.wix.detox.reactnative.idlingresources.NetworkIdlingResource]
09-22 16:53:56.385  9899  9899 I Detox   : Network is busy, with 5 in-flight calls
09-22 16:53:56.557  9899  9899 I chatty  : uid=10147(so.onekey.app.wallet.dev) identical 141 lines
09-22 16:53:56.557  9899  9899 I Detox   : Network is busy, with 5 in-flight calls
09-22 16:53:56.557  9899  9899 W UiControllerImpl: Waiting for: DYNAMIC_TASKS_HAVE_IDLED for 5000 iterations.
09-22 16:53:56.569  9899  9899 I Detox   : Network is busy, with 5 in-flight calls
09-22 16:53:58.238  9899  9899 I chatty  : uid=10147(so.onekey.app.wallet.dev) identical 1311 lines
09-22 16:53:58.238  9899  9899 I Detox   : Network is busy, with 5 in-flight calls
09-22 16:53:58.239  9899  9899 W UiControllerImpl: Waiting for: DYNAMIC_TASKS_HAVE_IDLED for 5200 iterations.
09-22 16:53:58.252  9899  9899 I Detox   : Network is busy, with 5 in-flight calls
09-22 16:53:58.339  9899  9899 I chatty  : uid=10147(so.onekey.app.wallet.dev) identical 76 lines
09-22 16:53:58.339  9899  9899 I Detox   : Network is busy, with 5 in-flight calls
09-22 16:53:58.355  9899  9899 I Detox   : Network is busy, with 5 in-flight calls
09-22 16:54:00.355  9899  9899 I chatty  : uid=10147(so.onekey.app.wallet.dev) identical 1571 lines
09-22 16:54:00.355  9899  9899 I Detox   : Network is busy, with 5 in-flight calls
09-22 16:54:00.369  9899  9899 I Detox   : Network is busy, with 5 in-flight calls
09-22 16:54:00.688  9899  9899 I chatty  : uid=10147(so.onekey.app.wallet.dev) identical 258 lines
09-22 16:54:00.688  9899  9899 I Detox   : Network is busy, with 5 in-flight calls
09-22 16:54:00.688  9899  9899 W UiControllerImpl: Waiting for: DYNAMIC_TASKS_HAVE_IDLED for 5500 iterations.
09-22 16:54:00.702  9899  9899 I Detox   : Network is busy, with 5 in-flight calls
09-22 16:54:01.152  9899  9899 I chatty  : uid=10147(so.onekey.app.wallet.dev) identical 362 lines
09-22 16:54:01.152  9899  9899 I Detox   : Network is busy, with 5 in-flight calls
09-22 16:54:01.153  9899 10063 D DetoxWSClient: Received action 'currentStatus' (ID #5, params={})
09-22 16:54:01.154  9899 10062 I DetoxDispatcher: Handling action 'currentStatus' (ID #5)...
09-22 16:54:01.157  9899  9899 I Detox   : Network is busy, with 5 in-flight calls
09-22 16:54:01.159  9899 10062 I DetoxWSClient: Sending out action 'currentStatusResult' (ID #5)
09-22 16:54:01.160  9899 10062 I DetoxDispatcher: Done with action 'currentStatus'
09-22 16:54:01.169  9899  9899 I Detox   : Network is busy, with 5 in-flight calls
09-22 16:54:01.372  9899  9899 I chatty  : uid=10147(so.onekey.app.wallet.dev) identical 181 lines
09-22 16:54:01.377  9899  9899 I Detox   : Network is busy, with 5 in-flight calls
09-22 16:54:01.377  9899  9899 W IdlingPolicy: These resources are not idle: [com.wix.detox.reactnative.idlingresources.NetworkIdlingResource]
09-22 16:54:01.385  9899  9899 I Detox   : Network is busy, with 5 in-flight calls
09-22 16:54:01.939  9899  9899 I chatty  : uid=10147(so.onekey.app.wallet.dev) identical 508 lines
09-22 16:54:01.939  9899  9899 I Detox   : Network is busy, with 5 in-flight calls
09-22 16:54:01.947  9899 10088 E ReactNativeJS: 'WalletConnect V2 Core ERROR: WebSocket ERROR > register_error  >>>>>> ', 'WebSocket connection failed for URL: wss://relay.walletconnect.com?auth=eyJhbGciOiJFZERTQSIsInR5cCI6'
09-22 16:54:01.950  9899 10088 E ReactNativeJS: 'WalletConnect V2 doReconnect close connection ERROR: ', [Error: Connection already closed]
09-22 16:54:01.952  9899  9899 I Detox   : Network is busy, with 5 in-flight calls
09-22 16:54:01.952  9899  9899 I chatty  : uid=10147(so.onekey.app.wallet.dev) identical 13 lines
09-22 16:54:01.952  9899  9899 I Detox   : Network is busy, with 5 in-flight calls
09-22 16:54:01.953  9899 10089 E unknown:ReactNative: console.error: WalletConnect V2 Core ERROR: WebSocket ERROR > register_error  >>>>>>  WebSocket connection failed for URL: wss://relay.walletconnect.com?auth=eyJhbGciOiJFZERTQSIsInR5cCI6, js engine: v8, stack:
09-22 16:54:01.953  9899 10089 E unknown:ReactNative: p@50:240
09-22 16:54:01.953  9899 10089 E unknown:ReactNative: p@50:355
09-22 16:54:01.953  9899 10089 E unknown:ReactNative: new s@48:362
09-22 16:54:01.953  9899 10089 E unknown:ReactNative: f.<anonymous>@42:1043
09-22 16:54:01.953  9899 10089 E unknown:ReactNative: new f@42:1221
09-22 16:54:01.953  9899 10089 E unknown:ReactNative: b@42:2420
09-22 16:54:01.953  9899 10089 E unknown:ReactNative: Object.error@512:1745
09-22 16:54:01.953  9899 10089 E unknown:ReactNative: s.<anonymous>@8050:3300
09-22 16:54:01.953  9899 10089 E unknown:ReactNative: Object.p@627:1905
09-22 16:54:01.953  9899 10089 E unknown:ReactNative: s.emit@627:4041
09-22 16:54:01.955  9899 10089 E unknown:ReactNative: console.error: WalletConnect V2 doReconnect close connection ERROR:  Error: Connection already closed, js engine: v8, stack:
09-22 16:54:01.955  9899 10089 E unknown:ReactNative: p@50:240
09-22 16:54:01.955  9899 10089 E unknown:ReactNative: p@50:355
09-22 16:54:01.955  9899 10089 E unknown:ReactNative: new s@48:362
09-22 16:54:01.955  9899 10089 E unknown:ReactNative: f.<anonymous>@42:1043
09-22 16:54:01.955  9899 10089 E unknown:ReactNative: new f@42:1221
09-22 16:54:01.955  9899 10089 E unknown:ReactNative: b@42:2420
09-22 16:54:01.955  9899 10089 E unknown:ReactNative: Object.error@512:1745
09-22 16:54:01.955  9899 10089 E unknown:ReactNative: <unknown>@8050:2541
09-22 16:54:01.955  9899 10089 E unknown:ReactNative: Generator.throw@-1
09-22 16:54:01.955  9899 10089 E unknown:ReactNative: n@353:69
09-22 16:54:01.969  9899  9899 I Detox   : Network is busy, with 5 in-flight calls
09-22 16:54:02.269  9899  9899 I chatty  : uid=10147(so.onekey.app.wallet.dev) identical 283 lines
09-22 16:54:02.269  9899  9899 I Detox   : Network is busy, with 5 in-flight calls
09-22 16:54:02.270  9899  9899 W UiControllerImpl: Waiting for: DYNAMIC_TASKS_HAVE_IDLED for 5700 iterations.
09-22 16:54:02.286  9899  9899 I Detox   : Network is busy, with 5 in-flight calls
09-22 16:54:02.372  9899  9899 I chatty  : uid=10147(so.onekey.app.wallet.dev) identical 88 lines
09-22 16:54:02.372  9899  9899 I Detox   : Network is busy, with 5 in-flight calls
09-22 16:54:02.385  9899  9899 I Detox   : Network is busy, with 5 in-flight calls
09-22 16:54:04.373  9899  9899 I chatty  : uid=10147(so.onekey.app.wallet.dev) identical 1798 lines
09-22 16:54:04.373  9899  9899 I Detox   : Network is busy, with 5 in-flight calls
09-22 16:54:04.386  9899  9899 I Detox   : Network is busy, with 5 in-flight calls
09-22 16:54:04.720  9899  9899 I chatty  : uid=10147(so.onekey.app.wallet.dev) identical 313 lines
09-22 16:54:04.720  9899  9899 I Detox   : Network is busy, with 5 in-flight calls
09-22 16:54:04.720  9899  9899 W UiControllerImpl: Waiting for: DYNAMIC_TASKS_HAVE_IDLED for 6000 iterations.
09-22 16:54:04.736  9899  9899 I Detox   : Network is busy, with 5 in-flight calls
09-22 16:54:06.354  9899  9899 I chatty  : uid=10147(so.onekey.app.wallet.dev) identical 1468 lines
09-22 16:54:06.354  9899  9899 I Detox   : Network is busy, with 5 in-flight calls
09-22 16:54:06.354  9899  9899 W UiControllerImpl: Waiting for: DYNAMIC_TASKS_HAVE_IDLED for 6200 iterations.
09-22 16:54:06.369  9899  9899 I Detox   : Network is busy, with 5 in-flight calls
09-22 16:54:06.369  9899  9899 I chatty  : uid=10147(so.onekey.app.wallet.dev) identical 14 lines
09-22 16:54:06.380  9899  9899 I Detox   : Network is busy, with 5 in-flight calls
09-22 16:54:06.380  9899  9899 W IdlingPolicy: These resources are not idle: [com.wix.detox.reactnative.idlingresources.NetworkIdlingResource]
09-22 16:54:06.387  9899  9899 I Detox   : Network is busy, with 5 in-flight calls
09-22 16:54:06.390  9899  9899 I chatty  : uid=10147(so.onekey.app.wallet.dev) identical 14 lines
09-22 16:54:06.390  9899  9899 I Detox   : Network is busy, with 5 in-flight calls
09-22 16:54:06.403  9899  9899 I Detox   : Network is busy, with 5 in-flight calls
09-22 16:54:08.389  9899  9899 I chatty  : uid=10147(so.onekey.app.wallet.dev) identical 1918 lines
09-22 16:54:08.389  9899  9899 I Detox   : Network is busy, with 5 in-flight calls
09-22 16:54:08.402  9899  9899 I Detox   : Network is busy, with 5 in-flight calls
09-22 16:54:08.686  9899  9899 I chatty  : uid=10147(so.onekey.app.wallet.dev) identical 286 lines
