--------- beginning of main
09-22 16:53:08.694  9899  9899 I .app.wallet.de: Late-enabling -Xcheck:jni
09-22 16:53:08.709  9899  9899 E .app.wallet.de: Unknown bits set in runtime_flags: 0x8000
--------- beginning of system
09-22 16:53:08.733  9899  9899 W ActivityThread: Package uses different ABI(s) than its instrumentation: package[so.onekey.app.wallet.dev]: arm64-v8a, null instrumentation[so.onekey.app.wallet.dev.test]: null, null
09-22 16:53:08.742  9899  9899 I .app.wallet.de: The ClassLoaderContext is a special shared library.
09-22 16:53:08.743  9899  9899 I .app.wallet.de: The ClassLoaderContext is a special shared library.
09-22 16:53:09.359  9899  9899 I .app.wallet.de: The ClassLoaderContext is a special shared library.
09-22 16:53:09.359  9899  9899 I .app.wallet.de: The ClassLoaderContext is a special shared library.
09-22 16:53:09.878  9899  9899 W .app.wallet.de: Accessing hidden method Landroid/app/Instrumentation;->execStartActivity(Landroid/content/Context;Landroid/os/IBinder;Landroid/os/IBinder;Landroid/app/Activity;Landroid/content/Intent;ILandroid/os/Bundle;)Landroid/app/Instrumentation$ActivityResult; (greylist, linking, allowed)
09-22 16:53:09.878  9899  9899 W .app.wallet.de: Accessing hidden method Landroid/app/Instrumentation;->execStartActivity(Landroid/content/Context;Landroid/os/IBinder;Landroid/os/IBinder;Ljava/lang/String;Landroid/content/Intent;ILandroid/os/Bundle;)Landroid/app/Instrumentation$ActivityResult; (greylist, linking, allowed)
09-22 16:53:09.880  9899  9899 I MonitoringInstr: newApplication called!
09-22 16:53:09.915  9899  9899 I FirebaseApp: Device unlocked: initializing all Firebase APIs for app [DEFAULT]
09-22 16:53:09.932  9899  9936 I DynamiteModule: Considering local module com.google.android.gms.measurement.dynamite:88 and remote module com.google.android.gms.measurement.dynamite:15
09-22 16:53:09.932  9899  9936 I DynamiteModule: Selected local version of com.google.android.gms.measurement.dynamite
09-22 16:53:09.940  9899  9899 I FirebaseCrashlytics: Initializing Firebase Crashlytics 18.3.6 for so.onekey.app.wallet.dev
09-22 16:53:09.958  9899  9934 D NetworkSecurityConfig: Using Network Security Config from resource network_security_config debugBuild: true
09-22 16:53:09.965  9899  9899 I FirebaseInitProvider: FirebaseApp initialization successful
09-22 16:53:09.965  9899  9899 D ReactNativeFirebaseApp: received application context.
09-22 16:53:09.970  9899  9951 D libcrashlytics: Initializing libcrashlytics version 3.2.0
09-22 16:53:09.970  9899  9899 D RNFBCrashlyticsInit: isCrashlyticsCollectionEnabled via RNFBMeta: true
09-22 16:53:09.970  9899  9899 D RNFBCrashlyticsInit: isCrashlyticsCollectionEnabled after checking crashlytics_debug_enabled: false
09-22 16:53:09.970  9899  9899 D RNFBCrashlyticsInit: isCrashlyticsCollectionEnabled final value: false
09-22 16:53:09.971  9899  9899 I RNFBCrashlyticsInit: initialization successful
09-22 16:53:09.974  9899  9951 D libcrashlytics: Initializing native crash handling successful.
09-22 16:53:09.984  9899  9899 I MonitoringInstr: Instrumentation started!
09-22 16:53:09.986  9899  9899 I AndroidJUnitRunner: onCreate Bundle[{debug=false, detoxServer=ws://localhost:52920, detoxSessionId=82b4c919-d369-ccad-0612-5c7b68c8e17e}]
09-22 16:53:09.986  9899  9899 V TestEventClient: No service name argument was given (testDiscoveryService, testRunEventService or orchestratorService)
09-22 16:53:09.987  9899  9959 D AndroidJUnitRunner: onStart is called.
09-22 16:53:09.987  9899  9899 W .app.wallet.de: Accessing hidden field Landroid/database/CursorWindow;->sCursorWindowSize:I (greylist, reflection, allowed)
09-22 16:53:09.989  9899  9899 W .app.wallet.de: Accessing hidden method Ldalvik/system/BaseDexClassLoader;->getLdLibraryPath()Ljava/lang/String; (greylist,core-platform-api, reflection, allowed)
09-22 16:53:10.023  9899  9948 I FA      : App measurement initialized, version: 76003
09-22 16:53:10.023  9899  9948 I FA      : To enable debug logging run: adb shell setprop log.tag.FA VERBOSE
09-22 16:53:10.023  9899  9948 I FA      : To enable faster debug mode event logging run:
09-22 16:53:10.023  9899  9948 I FA      :   adb shell setprop debug.firebase.analytics.app so.onekey.app.wallet.dev
09-22 16:53:10.040  9899  9968 V SoLoader: libfbjni.so not found on /data/app/so.onekey.app.wallet.dev-l4KcIXL4m9xXjruuCBezUw==/lib/arm64
09-22 16:53:10.042  9899  9968 V SoLoader: libandroid.so not found on /data/app/so.onekey.app.wallet.dev-l4KcIXL4m9xXjruuCBezUw==/lib/arm64
09-22 16:53:10.042  9899  9968 V SoLoader: libandroid.so not found on /data/app/so.onekey.app.wallet.dev.test-mQYoqB9LTIbax14XSlG1Aw==/base.apk!/lib/arm64-v8a
09-22 16:53:10.042  9899  9968 V SoLoader: libandroid.so not found on /data/app/so.onekey.app.wallet.dev-l4KcIXL4m9xXjruuCBezUw==/base.apk!/lib/arm64-v8a
09-22 16:53:10.042  9899  9968 D SoLoader: libandroid.so found on /system/lib64
09-22 16:53:10.042  9899  9968 D SoLoader: libandroid.so loaded implicitly
09-22 16:53:10.042  9899  9968 V SoLoader: liblog.so not found on /data/app/so.onekey.app.wallet.dev-l4KcIXL4m9xXjruuCBezUw==/lib/arm64
09-22 16:53:10.042  9899  9968 V SoLoader: liblog.so not found on /data/app/so.onekey.app.wallet.dev.test-mQYoqB9LTIbax14XSlG1Aw==/base.apk!/lib/arm64-v8a
09-22 16:53:10.042  9899  9968 V SoLoader: liblog.so not found on /data/app/so.onekey.app.wallet.dev-l4KcIXL4m9xXjruuCBezUw==/base.apk!/lib/arm64-v8a
09-22 16:53:10.042  9899  9968 D SoLoader: liblog.so found on /system/lib64
09-22 16:53:10.042  9899  9968 D SoLoader: liblog.so loaded implicitly
09-22 16:53:10.042  9899  9968 V SoLoader: libm.so not found on /data/app/so.onekey.app.wallet.dev-l4KcIXL4m9xXjruuCBezUw==/lib/arm64
09-22 16:53:10.042  9899  9968 V SoLoader: libm.so not found on /data/app/so.onekey.app.wallet.dev.test-mQYoqB9LTIbax14XSlG1Aw==/base.apk!/lib/arm64-v8a
09-22 16:53:10.042  9899  9968 V SoLoader: libm.so not found on /data/app/so.onekey.app.wallet.dev-l4KcIXL4m9xXjruuCBezUw==/base.apk!/lib/arm64-v8a
09-22 16:53:10.042  9899  9968 D SoLoader: libm.so found on /system/lib64
09-22 16:53:10.042  9899  9968 D SoLoader: libm.so loaded implicitly
09-22 16:53:10.042  9899  9968 V SoLoader: libdl.so not found on /data/app/so.onekey.app.wallet.dev-l4KcIXL4m9xXjruuCBezUw==/lib/arm64
09-22 16:53:10.042  9899  9968 V SoLoader: libdl.so not found on /data/app/so.onekey.app.wallet.dev.test-mQYoqB9LTIbax14XSlG1Aw==/base.apk!/lib/arm64-v8a
09-22 16:53:10.042  9899  9968 V SoLoader: libdl.so not found on /data/app/so.onekey.app.wallet.dev-l4KcIXL4m9xXjruuCBezUw==/base.apk!/lib/arm64-v8a
09-22 16:53:10.042  9899  9968 D SoLoader: libdl.so found on /system/lib64
09-22 16:53:10.042  9899  9968 D SoLoader: libdl.so loaded implicitly
09-22 16:53:10.043  9899  9968 V SoLoader: libc.so not found on /data/app/so.onekey.app.wallet.dev-l4KcIXL4m9xXjruuCBezUw==/lib/arm64
09-22 16:53:10.043  9899  9968 V SoLoader: libc.so not found on /data/app/so.onekey.app.wallet.dev.test-mQYoqB9LTIbax14XSlG1Aw==/base.apk!/lib/arm64-v8a
09-22 16:53:10.043  9899  9968 V SoLoader: libc.so not found on /data/app/so.onekey.app.wallet.dev-l4KcIXL4m9xXjruuCBezUw==/base.apk!/lib/arm64-v8a
09-22 16:53:10.043  9899  9968 D SoLoader: libc.so found on /system/lib64
09-22 16:53:10.043  9899  9968 D SoLoader: libc.so loaded implicitly
09-22 16:53:10.043  9899  9968 W SoLoader: libfbjni.so not found on /data/app/so.onekey.app.wallet.dev.test-mQYoqB9LTIbax14XSlG1Aw==/base.apk!/lib/arm64-v8a flag: 4
09-22 16:53:10.043  9899  9968 W SoLoader: java.lang.UnsatisfiedLinkError: dlopen failed: library "/data/app/so.onekey.app.wallet.dev.test-mQYoqB9LTIbax14XSlG1Aw==/base.apk!/lib/arm64-v8a/libfbjni.so" not found
09-22 16:53:10.043  9899  9968 W SoLoader: 	at java.lang.Runtime.load0(Runtime.java:938)
09-22 16:53:10.043  9899  9968 W SoLoader: 	at java.lang.System.load(System.java:1631)
09-22 16:53:10.043  9899  9968 W SoLoader: 	at com.facebook.soloader.SoLoader$1.load(SoLoader.java:558)
09-22 16:53:10.043  9899  9968 W SoLoader: 	at com.facebook.soloader.DirectApkSoSource.loadLibrary(DirectApkSoSource.java:81)
09-22 16:53:10.043  9899  9968 W SoLoader: 	at com.facebook.soloader.SoLoader.doLoadLibraryBySoName(SoLoader.java:1067)
09-22 16:53:10.043  9899  9968 W SoLoader: 	at com.facebook.soloader.SoLoader.loadLibraryBySoNameImpl(SoLoader.java:943)
09-22 16:53:10.043  9899  9968 W SoLoader: 	at com.facebook.soloader.SoLoader.loadLibraryBySoName(SoLoader.java:855)
09-22 16:53:10.043  9899  9968 W SoLoader: 	at com.facebook.soloader.SoLoader.loadLibrary(SoLoader.java:802)
09-22 16:53:10.043  9899  9968 W SoLoader: 	at com.facebook.soloader.NativeLoaderToSoLoaderDelegate.loadLibrary(NativeLoaderToSoLoaderDelegate.java:29)
09-22 16:53:10.043  9899  9968 W SoLoader: 	at com.facebook.soloader.nativeloader.NativeLoader.loadLibrary(NativeLoader.java:51)
09-22 16:53:10.043  9899  9968 W SoLoader: 	at com.facebook.soloader.nativeloader.NativeLoader.loadLibrary(NativeLoader.java:30)
09-22 16:53:10.043  9899  9968 W SoLoader: 	at com.facebook.jni.HybridData.<clinit>(HybridData.java:34)
09-22 16:53:10.043  9899  9968 W SoLoader: 	at com.facebook.flipper.android.FlipperThread.run(FlipperThread.java:25)
09-22 16:53:10.046  9899  9968 W linker  : Warning: "/data/app/so.onekey.app.wallet.dev-l4KcIXL4m9xXjruuCBezUw==/base.apk!/lib/arm64-v8a/libc++_shared.so" unused DT entry: unknown processor-specific (type 0x70000001 arg 0x0) (ignoring)
09-22 16:53:10.048  9899  9968 D SoLoader: libfbjni.so found on /data/app/so.onekey.app.wallet.dev-l4KcIXL4m9xXjruuCBezUw==/base.apk!/lib/arm64-v8a
09-22 16:53:10.048  9899  9968 V SoLoader: libflipper.so not found on /data/app/so.onekey.app.wallet.dev-l4KcIXL4m9xXjruuCBezUw==/lib/arm64
09-22 16:53:10.049  9899  9968 W SoLoader: libflipper.so not found on /data/app/so.onekey.app.wallet.dev.test-mQYoqB9LTIbax14XSlG1Aw==/base.apk!/lib/arm64-v8a flag: 4
09-22 16:53:10.049  9899  9968 W SoLoader: java.lang.UnsatisfiedLinkError: dlopen failed: library "/data/app/so.onekey.app.wallet.dev.test-mQYoqB9LTIbax14XSlG1Aw==/base.apk!/lib/arm64-v8a/libflipper.so" not found
09-22 16:53:10.049  9899  9968 W SoLoader: 	at java.lang.Runtime.load0(Runtime.java:938)
09-22 16:53:10.049  9899  9968 W SoLoader: 	at java.lang.System.load(System.java:1631)
09-22 16:53:10.049  9899  9968 W SoLoader: 	at com.facebook.soloader.SoLoader$1.load(SoLoader.java:558)
09-22 16:53:10.049  9899  9968 W SoLoader: 	at com.facebook.soloader.DirectApkSoSource.loadLibrary(DirectApkSoSource.java:81)
09-22 16:53:10.049  9899  9968 W SoLoader: 	at com.facebook.soloader.SoLoader.doLoadLibraryBySoName(SoLoader.java:1067)
09-22 16:53:10.049  9899  9968 W SoLoader: 	at com.facebook.soloader.SoLoader.loadLibraryBySoNameImpl(SoLoader.java:943)
09-22 16:53:10.049  9899  9968 W SoLoader: 	at com.facebook.soloader.SoLoader.loadLibraryBySoName(SoLoader.java:855)
09-22 16:53:10.049  9899  9968 W SoLoader: 	at com.facebook.soloader.SoLoader.loadLibrary(SoLoader.java:802)
09-22 16:53:10.049  9899  9968 W SoLoader: 	at com.facebook.soloader.SoLoader.loadLibrary(SoLoader.java:772)
09-22 16:53:10.049  9899  9968 W SoLoader: 	at com.facebook.flipper.android.EventBase.<clinit>(EventBase.java:19)
09-22 16:53:10.049  9899  9968 W SoLoader: 	at com.facebook.flipper.android.FlipperThread.run(FlipperThread.java:25)
09-22 16:53:10.060  9899  9970 W unknown:InspectorPackagerConnection: Couldn't connect to packager, will silently retry
09-22 16:53:10.060  9899  9968 D SoLoader: libflipper.so found on /data/app/so.onekey.app.wallet.dev-l4KcIXL4m9xXjruuCBezUw==/base.apk!/lib/arm64-v8a
09-22 16:53:10.060  9899  9969 W unknown:ReconnectingWebSocket: Couldn't connect to "ws://localhost:8081/message?device=Android%20SDK%20built%20for%20arm64%20-%2010%20-%20API%2029&app=so.onekey.app.wallet.dev&clientid=BridgeDevSupportManager", will silently retry
09-22 16:53:10.081  9899  9899 W .app.wallet.de: Accessing hidden field Landroid/view/View;->mKeyedTags:Landroid/util/SparseArray; (greylist, reflection, allowed)
09-22 16:53:10.081  9899  9899 W .app.wallet.de: Accessing hidden field Landroid/view/View;->mListenerInfo:Landroid/view/View$ListenerInfo; (greylist, reflection, allowed)
09-22 16:53:10.081  9899  9899 W .app.wallet.de: Accessing hidden field Landroid/view/View$ListenerInfo;->mOnClickListener:Landroid/view/View$OnClickListener; (greylist, reflection, allowed)
09-22 16:53:10.082  9899  9899 I flipper : flipper: FlipperClient::addPlugin Inspector
09-22 16:53:10.083  9899  9899 I flipper : flipper: FlipperClient::addPlugin Databases
09-22 16:53:10.083  9899  9899 I flipper : flipper: FlipperClient::addPlugin Preferences
09-22 16:53:10.083  9899  9899 I flipper : flipper: FlipperClient::addPlugin rn-perf-monitor
09-22 16:53:10.083  9899  9899 I flipper : flipper: FlipperClient::addPlugin CrashReporter
09-22 16:53:10.084  9899  9899 I flipper : flipper: FlipperClient::addPlugin Network
09-22 16:53:10.089  9899  9967 W .app.wallet.de: Accessing hidden method Landroid/app/AppGlobals;->getInitialApplication()Landroid/app/Application; (greylist, reflection, allowed)
09-22 16:53:10.094  9899  9899 I WebViewFactory: Loading com.google.android.webview version 91.0.4472.114 (code 447211484)
09-22 16:53:10.095  9899  9899 I .app.wallet.de: The ClassLoaderContext is a special shared library.
09-22 16:53:10.097  9899  9899 I .app.wallet.de: The ClassLoaderContext is a special shared library.
09-22 16:53:10.151  9899  9899 W .app.wallet.de: Accessing hidden method Landroid/os/Trace;->isTagEnabled(J)Z (greylist, reflection, allowed)
09-22 16:53:10.151  9899  9899 W .app.wallet.de: Accessing hidden method Landroid/os/Trace;->traceBegin(JLjava/lang/String;)V (greylist, reflection, allowed)
09-22 16:53:10.151  9899  9899 W .app.wallet.de: Accessing hidden method Landroid/os/Trace;->traceEnd(J)V (greylist, reflection, allowed)
09-22 16:53:10.151  9899  9899 W .app.wallet.de: Accessing hidden method Landroid/os/Trace;->asyncTraceBegin(JLjava/lang/String;I)V (greylist, reflection, allowed)
09-22 16:53:10.151  9899  9899 W .app.wallet.de: Accessing hidden method Landroid/os/Trace;->asyncTraceEnd(JLjava/lang/String;I)V (greylist, reflection, allowed)
09-22 16:53:10.180  9899  9899 I cr_LibraryLoader: Loaded native library version number "91.0.4472.114"
09-22 16:53:10.181  9899  9899 I cr_CachingUmaRecorder: Flushed 6 samples from 6 histograms.
09-22 16:53:10.420  9899 10031 W .app.wallet.de: Accessing hidden method Llibcore/io/Memory;->peekLong(JZ)J (greylist, reflection, allowed)
09-22 16:53:10.420  9899 10031 W .app.wallet.de: Accessing hidden method Llibcore/io/Memory;->pokeLong(JJZ)V (greylist, reflection, allowed)
09-22 16:53:10.420  9899 10031 W .app.wallet.de: Accessing hidden method Llibcore/io/Memory;->pokeInt(JIZ)V (greylist, reflection, allowed)
09-22 16:53:10.420  9899 10031 W .app.wallet.de: Accessing hidden method Llibcore/io/Memory;->peekInt(JZ)I (greylist, reflection, allowed)
09-22 16:53:10.420  9899 10031 W .app.wallet.de: Accessing hidden method Llibcore/io/Memory;->pokeByte(JB)V (greylist, reflection, allowed)
09-22 16:53:10.420  9899 10031 W .app.wallet.de: Accessing hidden method Llibcore/io/Memory;->peekByte(J)B (greylist, reflection, allowed)
09-22 16:53:10.420  9899 10031 W .app.wallet.de: Accessing hidden method Llibcore/io/Memory;->pokeByteArray(J[BII)V (greylist, reflection, allowed)
09-22 16:53:10.420  9899 10031 W .app.wallet.de: Accessing hidden method Llibcore/io/Memory;->peekByteArray(J[BII)V (greylist, reflection, allowed)
09-22 16:53:10.420  9899 10031 W .app.wallet.de: Accessing hidden method Lsun/misc/Unsafe;->objectFieldOffset(Ljava/lang/reflect/Field;)J (greylist,core-platform-api, reflection, allowed)
09-22 16:53:10.420  9899 10031 W .app.wallet.de: Accessing hidden method Lsun/misc/Unsafe;->getLong(Ljava/lang/Object;J)J (greylist,core-platform-api, reflection, allowed)
09-22 16:53:10.420  9899 10031 W .app.wallet.de: Accessing hidden field Ljava/nio/Buffer;->address:J (greylist, reflection, allowed)
09-22 16:53:10.420  9899 10031 W .app.wallet.de: Accessing hidden method Lsun/misc/Unsafe;->arrayBaseOffset(Ljava/lang/Class;)I (greylist,core-platform-api, reflection, allowed)
09-22 16:53:10.420  9899 10031 W .app.wallet.de: Accessing hidden method Lsun/misc/Unsafe;->arrayIndexScale(Ljava/lang/Class;)I (greylist, reflection, allowed)
09-22 16:53:10.420  9899 10031 W .app.wallet.de: Accessing hidden method Lsun/misc/Unsafe;->getInt(Ljava/lang/Object;J)I (greylist, reflection, allowed)
09-22 16:53:10.420  9899 10031 W .app.wallet.de: Accessing hidden method Lsun/misc/Unsafe;->putInt(Ljava/lang/Object;JI)V (greylist, reflection, allowed)
09-22 16:53:10.420  9899 10031 W .app.wallet.de: Accessing hidden method Lsun/misc/Unsafe;->getLong(Ljava/lang/Object;J)J (greylist,core-platform-api, reflection, allowed)
09-22 16:53:10.420  9899 10031 W .app.wallet.de: Accessing hidden method Lsun/misc/Unsafe;->putLong(Ljava/lang/Object;JJ)V (greylist, reflection, allowed)
09-22 16:53:10.420  9899 10031 W .app.wallet.de: Accessing hidden method Lsun/misc/Unsafe;->getObject(Ljava/lang/Object;J)Ljava/lang/Object; (greylist, reflection, allowed)
09-22 16:53:10.420  9899 10031 W .app.wallet.de: Accessing hidden method Lsun/misc/Unsafe;->putObject(Ljava/lang/Object;JLjava/lang/Object;)V (greylist, reflection, allowed)
09-22 16:53:10.427  9899  9959 D TestRequestBuilder: Using class path scanning to discover tests
09-22 16:53:10.427  9899  9959 I TestRequestBuilder: Scanning classpath to find tests in paths [/data/app/so.onekey.app.wallet.dev.test-mQYoqB9LTIbax14XSlG1Aw==/base.apk]
09-22 16:53:10.427  9899  9959 W .app.wallet.de: Opening an oat file without a class loader. Are you using the deprecated DexFile APIs?
09-22 16:53:10.599  9899  9959 D AndroidJUnitRunner: Use the raw file system for managing file I/O.
09-22 16:53:10.599  9899  9959 D TestExecutor: Adding listener androidx.test.internal.runner.listener.LogRunListener
09-22 16:53:10.600  9899  9959 D TestExecutor: Adding listener androidx.test.internal.runner.listener.InstrumentationResultPrinter
09-22 16:53:10.600  9899  9959 D TestExecutor: Adding listener androidx.test.internal.runner.listener.ActivityFinisherRunListener
09-22 16:53:10.600  9899  9959 D TestExecutor: Adding listener androidx.test.internal.runner.listener.TraceRunListener
09-22 16:53:10.600  9899  9959 I TestRunner: run started: 1 tests
09-22 16:53:10.600  9899  9959 I TestRunner: started: runDetoxTests(so.onekey.app.wallet.DetoxTest)
09-22 16:53:10.606  9899  9959 D EventInjectionStrategy: Creating injection strategy with input manager.
09-22 16:53:10.606  9899  9959 W .app.wallet.de: Accessing hidden method Landroid/hardware/input/InputManager;->getInstance()Landroid/hardware/input/InputManager; (greylist, reflection, allowed)
09-22 16:53:10.607  9899  9959 W .app.wallet.de: Accessing hidden method Landroid/hardware/input/InputManager;->injectInputEvent(Landroid/view/InputEvent;I)Z (greylist, reflection, allowed)
09-22 16:53:10.607  9899  9959 W .app.wallet.de: Accessing hidden field Landroid/hardware/input/InputManager;->INJECT_INPUT_EVENT_MODE_WAIT_FOR_FINISH:I (greylist, reflection, allowed)
09-22 16:53:10.609  9899  9959 W .app.wallet.de: Accessing hidden field Ljava/lang/reflect/Field;->accessFlags:I (greylist, reflection, allowed)
09-22 16:53:10.635  9899  9899 W ActivityThread: handleWindowVisibility: no activity for token android.os.BinderProxy@4c06eb2
09-22 16:53:10.669  9899  9899 W RenderThread: type=1400 audit(0.0:83): avc: denied { write } for name="property_service" dev="tmpfs" ino=8403 scontext=u:r:untrusted_app:s0:c147,c256,c512,c768 tcontext=u:object_r:property_socket:s0 tclass=sock_file permissive=0
09-22 16:53:10.674  9899 10053 D libEGL  : Emulator has host GPU support, qemu.gles is set to 1.
09-22 16:53:10.676  9899 10053 W libc    : Unable to set property "qemu.gles" to "1": connection failed; errno=13 (Permission denied)
09-22 16:53:10.695  9899  9899 D LifecycleMonitor: Lifecycle status change: so.onekey.app.wallet.MainActivity@b70ba7b in: PRE_ON_CREATE
09-22 16:53:10.746  9899  9899 W .app.wallet.de: Accessing hidden method Landroid/view/View;->computeFitSystemWindows(Landroid/graphics/Rect;Landroid/graphics/Rect;)Z (greylist, reflection, allowed)
09-22 16:53:10.747  9899  9899 W .app.wallet.de: Accessing hidden method Landroid/view/ViewGroup;->makeOptionalFitsSystemWindows()V (greylist, reflection, allowed)
09-22 16:53:10.756  9899 10053 D libEGL  : loaded /vendor/lib64/egl/libEGL_emulation.so
09-22 16:53:10.758  9899  9899 D LifecycleMonitor: Lifecycle status change: so.onekey.app.wallet.MainActivity@b70ba7b in: CREATED
09-22 16:53:10.761  9899 10053 D libEGL  : loaded /vendor/lib64/egl/libGLESv1_CM_emulation.so
09-22 16:53:10.765  9899 10053 D libEGL  : loaded /vendor/lib64/egl/libGLESv2_emulation.so
09-22 16:53:10.765  9899  9899 D LifecycleMonitor: Lifecycle status change: so.onekey.app.wallet.MainActivity@b70ba7b in: STARTED
09-22 16:53:10.767  9899  9899 D LifecycleMonitor: Lifecycle status change: so.onekey.app.wallet.MainActivity@b70ba7b in: RESUMED
09-22 16:53:10.775  9899 10054 W .app.wallet.de: Accessing hidden method Lsun/misc/Unsafe;->getInt(Ljava/lang/Object;J)I (greylist, linking, allowed)
09-22 16:53:10.775  9899 10054 W .app.wallet.de: Accessing hidden method Lsun/misc/Unsafe;->getObject(Ljava/lang/Object;J)Ljava/lang/Object; (greylist, linking, allowed)
09-22 16:53:10.775  9899 10054 W .app.wallet.de: Accessing hidden method Lsun/misc/Unsafe;->putInt(Ljava/lang/Object;JI)V (greylist, linking, allowed)
09-22 16:53:10.775  9899 10054 W .app.wallet.de: Accessing hidden method Lsun/misc/Unsafe;->getLong(Ljava/lang/Object;J)J (greylist,core-platform-api, linking, allowed)
09-22 16:53:10.776  9899 10054 W .app.wallet.de: Accessing hidden method Lsun/misc/Unsafe;->putObject(Ljava/lang/Object;JLjava/lang/Object;)V (greylist, linking, allowed)
09-22 16:53:10.776  9899 10054 W .app.wallet.de: Accessing hidden method Lsun/misc/Unsafe;->putLong(Ljava/lang/Object;JJ)V (greylist, linking, allowed)
09-22 16:53:10.777  9899 10054 W .app.wallet.de: Accessing hidden method Lsun/misc/Unsafe;->getLong(Ljava/lang/Object;J)J (greylist,core-platform-api, linking, allowed)
09-22 16:53:10.777  9899 10054 W .app.wallet.de: Accessing hidden method Lsun/misc/Unsafe;->allocateInstance(Ljava/lang/Class;)Ljava/lang/Object; (greylist, linking, allowed)
09-22 16:53:10.778  9899 10054 W .app.wallet.de: Accessing hidden method Llibcore/io/Memory;->pokeByte(JB)V (greylist, reflection, allowed)
09-22 16:53:10.778  9899 10054 W .app.wallet.de: Accessing hidden method Llibcore/io/Memory;->peekByte(J)B (greylist, reflection, allowed)
09-22 16:53:10.778  9899 10054 W .app.wallet.de: Accessing hidden method Lsun/misc/Unsafe;->getInt(Ljava/lang/Object;J)I (greylist, reflection, allowed)
09-22 16:53:10.778  9899 10054 W .app.wallet.de: Accessing hidden method Lsun/misc/Unsafe;->putInt(Ljava/lang/Object;JI)V (greylist, reflection, allowed)
09-22 16:53:10.778  9899 10054 W .app.wallet.de: Accessing hidden method Lsun/misc/Unsafe;->getLong(Ljava/lang/Object;J)J (greylist,core-platform-api, reflection, allowed)
09-22 16:53:10.778  9899 10054 W .app.wallet.de: Accessing hidden method Lsun/misc/Unsafe;->putLong(Ljava/lang/Object;JJ)V (greylist, reflection, allowed)
09-22 16:53:10.778  9899 10054 W .app.wallet.de: Accessing hidden method Lsun/misc/Unsafe;->getObject(Ljava/lang/Object;J)Ljava/lang/Object; (greylist, reflection, allowed)
09-22 16:53:10.778  9899 10054 W .app.wallet.de: Accessing hidden method Lsun/misc/Unsafe;->putObject(Ljava/lang/Object;JLjava/lang/Object;)V (greylist, reflection, allowed)
09-22 16:53:10.779  9899 10054 W .app.wallet.de: Accessing hidden method Lsun/misc/Unsafe;->getObject(Ljava/lang/Object;J)Ljava/lang/Object; (greylist, linking, allowed)
09-22 16:53:10.779  9899 10054 W .app.wallet.de: Accessing hidden method Lsun/misc/Unsafe;->putObject(Ljava/lang/Object;JLjava/lang/Object;)V (greylist, linking, allowed)
09-22 16:53:10.779  9899 10054 W unknown:ReactNative: The packager does not seem to be running as we got an IOException requesting its status: Failed to connect to localhost/127.0.0.1:8081
09-22 16:53:10.781  9899 10057 W .app.wallet.de: Accessing hidden method Lsun/misc/Unsafe;->getObject(Ljava/lang/Object;J)Ljava/lang/Object; (greylist, linking, allowed)
09-22 16:53:10.781  9899 10057 W .app.wallet.de: Accessing hidden method Lsun/misc/Unsafe;->getInt(Ljava/lang/Object;J)I (greylist, linking, allowed)
09-22 16:53:10.781  9899 10057 W .app.wallet.de: Accessing hidden method Lsun/misc/Unsafe;->getObject(Ljava/lang/Object;J)Ljava/lang/Object; (greylist, linking, allowed)
09-22 16:53:10.781  9899 10057 W .app.wallet.de: Accessing hidden method Lsun/misc/Unsafe;->putInt(Ljava/lang/Object;JI)V (greylist, linking, allowed)
09-22 16:53:10.799  9899  9948 I FA      : Tag Manager is not found and thus will not be used
09-22 16:53:10.858  9899  9899 W unknown:ReactNative: Packager connection already open, nooping.
09-22 16:53:10.860  9899  9899 W .app.wallet.de: Accessing hidden method Landroid/view/WindowInsets$Type;->ime()I (blacklist, linking, denied)
09-22 16:53:10.863  9899 10051 D HostConnection: HostConnection::get() New Host Connection established 0x7dada41e80, tid 10051
09-22 16:53:10.863  9899 10051 D HostConnection: HostComposition ext ANDROID_EMU_CHECKSUM_HELPER_v1 ANDROID_EMU_native_sync_v2 ANDROID_EMU_native_sync_v3 ANDROID_EMU_native_sync_v4 ANDROID_EMU_dma_v1 ANDROID_EMU_direct_mem ANDROID_EMU_vulkan ANDROID_EMU_deferred_vulkan_commands ANDROID_EMU_vulkan_null_optional_strings ANDROID_EMU_vulkan_create_resources_with_requirements ANDROID_EMU_YUV_Cache ANDROID_EMU_vulkan_ignored_handles ANDROID_EMU_vulkan_free_memory_sync ANDROID_EMU_vulkan_shader_float16_int8 ANDROID_EMU_vulkan_async_queue_submit ANDROID_EMU_sync_buffer_data ANDROID_EMU_vulkan_async_qsri GL_OES_EGL_image_external_essl3 GL_OES_vertex_array_object GL_KHR_texture_compression_astc_ldr ANDROID_EMU_host_side_tracing ANDROID_EMU_gles_max_version_3_0 
09-22 16:53:10.867  9899 10051 W OpenGLRenderer: Failed to choose config with EGL_SWAP_BEHAVIOR_PRESERVED, retrying without...
09-22 16:53:10.869  9899 10051 D EGL_emulation: eglCreateContext: 0x7dada415c0: maj 3 min 0 rcv 3
09-22 16:53:10.870  9899 10051 D EGL_emulation: eglMakeCurrent: 0x7dada415c0: ver 3 0 (tinfo 0x7d4cea00a0)
09-22 16:53:10.877  9899 10051 W Gralloc3: mapper 3.x is not supported
09-22 16:53:10.887  9899 10051 D HostConnection: createUnique: call
09-22 16:53:10.887  9899 10051 D HostConnection: HostConnection::get() New Host Connection established 0x7dada418e0, tid 10051
09-22 16:53:10.888  9899 10051 D HostConnection: HostComposition ext ANDROID_EMU_CHECKSUM_HELPER_v1 ANDROID_EMU_native_sync_v2 ANDROID_EMU_native_sync_v3 ANDROID_EMU_native_sync_v4 ANDROID_EMU_dma_v1 ANDROID_EMU_direct_mem ANDROID_EMU_vulkan ANDROID_EMU_deferred_vulkan_commands ANDROID_EMU_vulkan_null_optional_strings ANDROID_EMU_vulkan_create_resources_with_requirements ANDROID_EMU_YUV_Cache ANDROID_EMU_vulkan_ignored_handles ANDROID_EMU_vulkan_free_memory_sync ANDROID_EMU_vulkan_shader_float16_int8 ANDROID_EMU_vulkan_async_queue_submit ANDROID_EMU_sync_buffer_data ANDROID_EMU_vulkan_async_qsri GL_OES_EGL_image_external_essl3 GL_OES_vertex_array_object GL_KHR_texture_compression_astc_ldr ANDROID_EMU_host_side_tracing ANDROID_EMU_gles_max_version_3_0 
09-22 16:53:10.888  9899 10051 D eglCodecCommon: allocate: Ask for block of size 0x1000
09-22 16:53:10.888  9899 10051 D eglCodecCommon: allocate: ioctl allocate returned offset 0x1fffe0000 size 0x8000
09-22 16:53:10.893  9899 10051 D EGL_emulation: eglMakeCurrent: 0x7dada415c0: ver 3 0 (tinfo 0x7d4cea00a0)
09-22 16:53:10.973  9899 10060 V SoLoader: libv8executor.so not found on /data/app/so.onekey.app.wallet.dev-l4KcIXL4m9xXjruuCBezUw==/lib/arm64
09-22 16:53:10.975  9899 10060 W SoLoader: libv8executor.so not found on /data/app/so.onekey.app.wallet.dev.test-mQYoqB9LTIbax14XSlG1Aw==/base.apk!/lib/arm64-v8a flag: 4
09-22 16:53:10.975  9899 10060 W SoLoader: java.lang.UnsatisfiedLinkError: dlopen failed: library "/data/app/so.onekey.app.wallet.dev.test-mQYoqB9LTIbax14XSlG1Aw==/base.apk!/lib/arm64-v8a/libv8executor.so" not found
09-22 16:53:10.975  9899 10060 W SoLoader: 	at java.lang.Runtime.load0(Runtime.java:938)
09-22 16:53:10.975  9899 10060 W SoLoader: 	at java.lang.System.load(System.java:1631)
09-22 16:53:10.975  9899 10060 W SoLoader: 	at com.facebook.soloader.SoLoader$1.load(SoLoader.java:558)
09-22 16:53:10.975  9899 10060 W SoLoader: 	at com.facebook.soloader.DirectApkSoSource.loadLibrary(DirectApkSoSource.java:81)
09-22 16:53:10.975  9899 10060 W SoLoader: 	at com.facebook.soloader.SoLoader.doLoadLibraryBySoName(SoLoader.java:1067)
09-22 16:53:10.975  9899 10060 W SoLoader: 	at com.facebook.soloader.SoLoader.loadLibraryBySoNameImpl(SoLoader.java:943)
09-22 16:53:10.975  9899 10060 W SoLoader: 	at com.facebook.soloader.SoLoader.loadLibraryBySoName(SoLoader.java:855)
09-22 16:53:10.975  9899 10060 W SoLoader: 	at com.facebook.soloader.SoLoader.loadLibrary(SoLoader.java:802)
09-22 16:53:10.975  9899 10060 W SoLoader: 	at com.facebook.soloader.SoLoader.loadLibrary(SoLoader.java:772)
09-22 16:53:10.975  9899 10060 W SoLoader: 	at io.csie.kudo.reactnative.v8.executor.V8Executor.<clinit>(V8Executor.java:22)
09-22 16:53:10.975  9899 10060 W SoLoader: 	at io.csie.kudo.reactnative.v8.executor.V8ExecutorFactory.create(V8ExecutorFactory.java:50)
09-22 16:53:10.975  9899 10060 W SoLoader: 	at com.facebook.react.ReactInstanceManager$5.run(ReactInstanceManager.java:1110)
09-22 16:53:10.975  9899 10060 W SoLoader: 	at java.lang.Thread.run(Thread.java:919)
09-22 16:53:10.980  9899 10060 W linker  : Warning: "/data/app/so.onekey.app.wallet.dev-l4KcIXL4m9xXjruuCBezUw==/base.apk!/lib/arm64-v8a/libruntimeexecutor.so" unused DT entry: unknown processor-specific (type 0x70000001 arg 0x0) (ignoring)
09-22 16:53:10.981  9899 10060 I chatty  : uid=10147(so.onekey.app.wallet.dev) create_react_co identical 1 line
09-22 16:53:10.982  9899 10060 W linker  : Warning: "/data/app/so.onekey.app.wallet.dev-l4KcIXL4m9xXjruuCBezUw==/base.apk!/lib/arm64-v8a/libruntimeexecutor.so" unused DT entry: unknown processor-specific (type 0x70000001 arg 0x0) (ignoring)
09-22 16:53:11.006  9899  9959 I Detox   : Detox server connection details: url=ws://localhost:52920, sessionId=82b4c919-d369-ccad-0612-5c7b68c8e17e
09-22 16:53:11.010  9899 10061 I DetoxDispatcher: Handling action '_init' (ID #0)...
09-22 16:53:11.010  9899 10061 I Detox   : Connecting to server...
09-22 16:53:11.011  9899 10061 I DetoxWSClient: At connectToServer
09-22 16:53:11.031  9899 10063 D DetoxWSClient: At onOpen
09-22 16:53:11.031  9899 10063 I DetoxWSClient: Sending out action 'login' (ID #0)
09-22 16:53:11.031  9899 10063 I Detox   : Connected to server!
09-22 16:53:11.034  9899 10060 D SoLoader: libv8executor.so found on /data/app/so.onekey.app.wallet.dev-l4KcIXL4m9xXjruuCBezUw==/base.apk!/lib/arm64-v8a
09-22 16:53:11.046  9899 10063 D DetoxWSClient: Received action 'loginSuccess' (ID #0, params={"testerConnected":true,"appConnected":true})
09-22 16:53:11.067  9899 10060 V AsyncStorageExpoMigration: No scoped database found
09-22 16:53:11.087  9899 10063 D DetoxWSClient: Received action 'isReady' (ID #-1000, params={})
09-22 16:53:11.164  9899 10060 I ExpoModulesCore: ✅ AppContext was initialized
09-22 16:53:11.165  9899 10060 D ReactNativeBleManager: BleManager created
09-22 16:53:11.194  9899  9899 D InstallReferrerState: OK
09-22 16:53:11.209  9899 10060 I .app.wallet.de: Waiting for a blocking GC ClassLinker
09-22 16:53:11.218  9899 10060 V SoLoader: libreactnativejni.so not found on /data/app/so.onekey.app.wallet.dev-l4KcIXL4m9xXjruuCBezUw==/lib/arm64
09-22 16:53:11.222  9899 10060 W SoLoader: libreactnativejni.so not found on /data/app/so.onekey.app.wallet.dev.test-mQYoqB9LTIbax14XSlG1Aw==/base.apk!/lib/arm64-v8a flag: 4
09-22 16:53:11.222  9899 10060 W SoLoader: java.lang.UnsatisfiedLinkError: dlopen failed: library "/data/app/so.onekey.app.wallet.dev.test-mQYoqB9LTIbax14XSlG1Aw==/base.apk!/lib/arm64-v8a/libreactnativejni.so" not found
09-22 16:53:11.222  9899 10060 W SoLoader: 	at java.lang.Runtime.load0(Runtime.java:938)
09-22 16:53:11.222  9899 10060 W SoLoader: 	at java.lang.System.load(System.java:1631)
09-22 16:53:11.222  9899 10060 W SoLoader: 	at com.facebook.soloader.SoLoader$1.load(SoLoader.java:558)
09-22 16:53:11.222  9899 10060 W SoLoader: 	at com.facebook.soloader.DirectApkSoSource.loadLibrary(DirectApkSoSource.java:81)
09-22 16:53:11.222  9899 10060 W SoLoader: 	at com.facebook.soloader.SoLoader.doLoadLibraryBySoName(SoLoader.java:1067)
09-22 16:53:11.222  9899 10060 W SoLoader: 	at com.facebook.soloader.SoLoader.loadLibraryBySoNameImpl(SoLoader.java:943)
09-22 16:53:11.222  9899 10060 W SoLoader: 	at com.facebook.soloader.SoLoader.loadLibraryBySoName(SoLoader.java:855)
09-22 16:53:11.222  9899 10060 W SoLoader: 	at com.facebook.soloader.SoLoader.loadLibrary(SoLoader.java:802)
09-22 16:53:11.222  9899 10060 W SoLoader: 	at com.facebook.soloader.SoLoader.loadLibrary(SoLoader.java:772)
09-22 16:53:11.222  9899 10060 W SoLoader: 	at com.facebook.react.bridge.ReactBridge.staticInit(ReactBridge.java:34)
09-22 16:53:11.222  9899 10060 W SoLoader: 	at com.facebook.react.bridge.CatalystInstanceImpl.<clinit>(CatalystInstanceImpl.java:49)
09-22 16:53:11.222  9899 10060 W SoLoader: 	at com.facebook.react.bridge.CatalystInstanceImpl$Builder.build(CatalystInstanceImpl.java:705)
09-22 16:53:11.222  9899 10060 W SoLoader: 	at com.facebook.react.ReactInstanceManager.createReactContext(ReactInstanceManager.java:1353)
09-22 16:53:11.222  9899 10060 W SoLoader: 	at com.facebook.react.ReactInstanceManager.access$1200(ReactInstanceManager.java:135)
09-22 16:53:11.222  9899 10060 W SoLoader: 	at com.facebook.react.ReactInstanceManager$5.run(ReactInstanceManager.java:1109)
09-22 16:53:11.222  9899 10060 W SoLoader: 	at java.lang.Thread.run(Thread.java:919)
09-22 16:53:11.225  9899 10060 D SoLoader: libreactnativejni.so found on /data/app/so.onekey.app.wallet.dev-l4KcIXL4m9xXjruuCBezUw==/base.apk!/lib/arm64-v8a
09-22 16:53:11.244  9899 10060 W unknown:ReactContext: initializeMessageQueueThreads() is called.
09-22 16:53:11.450  9899  9899 W unknown:ReactNative: Packager connection already open, nooping.
09-22 16:53:11.503  9899 10089 W unknown:ViewManagerPropertyUpdater: Could not find generated setter for class com.facebook.react.views.drawer.ReactDrawerLayoutManager
09-22 16:53:11.510  9899 10089 W unknown:ViewManagerPropertyUpdater: Could not find generated setter for class com.facebook.react.uimanager.LayoutShadowNode
09-22 16:53:11.510  9899 10088 I ReactNativeJNI: Cannot load codecache file: /data/user/0/so.onekey.app.wallet.dev/code_cache/index.android.bundle
09-22 16:53:11.514  9899 10089 W unknown:ViewManagerPropertyUpdater: Could not find generated setter for class com.facebook.react.views.scroll.ReactHorizontalScrollViewManager
09-22 16:53:11.515  9899 10089 W unknown:ViewManagerPropertyUpdater: Could not find generated setter for class com.facebook.react.views.scroll.ReactHorizontalScrollContainerViewManager
09-22 16:53:11.515  9899 10089 W unknown:ViewManagerPropertyUpdater: Could not find generated setter for class com.facebook.react.views.progressbar.ReactProgressBarViewManager
09-22 16:53:11.516  9899 10089 W unknown:ViewManagerPropertyUpdater: Could not find generated setter for class com.facebook.react.views.progressbar.ProgressBarShadowNode
09-22 16:53:11.516  9899 10089 W unknown:ViewManagerPropertyUpdater: Could not find generated setter for class com.facebook.react.views.scroll.ReactScrollViewManager
09-22 16:53:11.517  9899 10089 W unknown:ViewManagerPropertyUpdater: Could not find generated setter for class com.facebook.react.views.slider.ReactSliderManager
09-22 16:53:11.518  9899 10089 W unknown:ViewManagerPropertyUpdater: Could not find generated setter for class com.facebook.react.views.slider.ReactSliderManager$ReactSliderShadowNode
09-22 16:53:11.518  9899 10089 W unknown:ViewManagerPropertyUpdater: Could not find generated setter for class com.facebook.react.views.switchview.ReactSwitchManager
09-22 16:53:11.519  9899 10089 W unknown:ViewManagerPropertyUpdater: Could not find generated setter for class com.facebook.react.views.switchview.ReactSwitchManager$ReactSwitchShadowNode
09-22 16:53:11.519  9899 10089 W unknown:ViewManagerPropertyUpdater: Could not find generated setter for class com.facebook.react.views.swiperefresh.SwipeRefreshLayoutManager
09-22 16:53:11.519  9899 10089 W unknown:ViewManagerPropertyUpdater: Could not find generated setter for class com.facebook.react.views.text.frescosupport.FrescoBasedReactTextInlineImageViewManager
09-22 16:53:11.520  9899 10089 W unknown:ViewManagerPropertyUpdater: Could not find generated setter for class com.facebook.react.views.text.frescosupport.FrescoBasedReactTextInlineImageShadowNode
09-22 16:53:11.520  9899 10089 W unknown:ViewManagerPropertyUpdater: Could not find generated setter for class com.facebook.react.views.image.ReactImageManager
09-22 16:53:11.521  9899 10089 W unknown:ViewManagerPropertyUpdater: Could not find generated setter for class com.facebook.react.views.modal.ReactModalHostManager
09-22 16:53:11.522  9899 10089 W unknown:ViewManagerPropertyUpdater: Could not find generated setter for class com.facebook.react.views.modal.ModalHostShadowNode
09-22 16:53:11.522  9899 10089 W unknown:ViewManagerPropertyUpdater: Could not find generated setter for class com.facebook.react.views.text.ReactRawTextManager
09-22 16:53:11.522  9899 10089 W unknown:ViewManagerPropertyUpdater: Could not find generated setter for class com.facebook.react.views.text.ReactRawTextShadowNode
09-22 16:53:11.522  9899 10089 W unknown:ViewManagerPropertyUpdater: Could not find generated setter for class com.facebook.react.views.textinput.ReactTextInputManager
09-22 16:53:11.524  9899 10089 W unknown:ViewManagerPropertyUpdater: Could not find generated setter for class com.facebook.react.views.textinput.ReactTextInputShadowNode
09-22 16:53:11.525  9899 10089 W unknown:ViewManagerPropertyUpdater: Could not find generated setter for class com.facebook.react.views.text.ReactTextViewManager
09-22 16:53:11.525  9899 10089 W unknown:ViewManagerPropertyUpdater: Could not find generated setter for class com.facebook.react.views.text.ReactTextShadowNode
09-22 16:53:11.526  9899 10089 W unknown:ViewManagerPropertyUpdater: Could not find generated setter for class com.facebook.react.views.view.ReactViewManager
09-22 16:53:11.526  9899 10089 W unknown:ViewManagerPropertyUpdater: Could not find generated setter for class com.facebook.react.views.text.ReactVirtualTextViewManager
09-22 16:53:11.527  9899 10089 W unknown:ViewManagerPropertyUpdater: Could not find generated setter for class com.facebook.react.views.text.ReactVirtualTextShadowNode
09-22 16:53:11.527  9899 10089 W unknown:ViewManagerPropertyUpdater: Could not find generated setter for class com.facebook.react.views.unimplementedview.ReactUnimplementedViewManager
09-22 16:53:11.527  9899 10089 W unknown:ViewManagerPropertyUpdater: Could not find generated setter for class com.reactnativegooglesignin.RNGoogleSigninButtonViewManager
09-22 16:53:11.528  9899 10089 W unknown:ViewManagerPropertyUpdater: Could not find generated setter for class com.reactnativecommunity.slider.ReactSliderManager
09-22 16:53:11.528  9899 10089 W unknown:ViewManagerPropertyUpdater: Could not find generated setter for class com.reactnativecommunity.slider.ReactSliderManager$ReactSliderShadowNode
09-22 16:53:11.529  9899 10089 W unknown:ViewManagerPropertyUpdater: Could not find generated setter for class expo.modules.kotlin.views.GroupViewManagerWrapper
09-22 16:53:11.533  9899 10089 W unknown:ViewManagerPropertyUpdater: Could not find generated setter for class expo.modules.kotlin.views.SimpleViewManagerWrapper
09-22 16:53:11.533  9899 10089 W unknown:ViewManagerPropertyUpdater: Could not find generated setter for class com.airbnb.android.react.lottie.LottieAnimationViewManager
09-22 16:53:11.534  9899 10089 W unknown:ViewManagerPropertyUpdater: Could not find generated setter for class com.rncamerakit.CKCameraManager
09-22 16:53:11.534  9899 10089 W unknown:ViewManagerPropertyUpdater: Could not find generated setter for class com.dylanvann.fastimage.FastImageViewManager
09-22 16:53:11.535  9899 10089 W unknown:ViewManagerPropertyUpdater: Could not find generated setter for class com.swmansion.gesturehandler.react.RNGestureHandlerRootViewManager
09-22 16:53:11.535  9899 10089 W unknown:ViewManagerPropertyUpdater: Could not find generated setter for class com.swmansion.gesturehandler.react.RNGestureHandlerButtonViewManager
09-22 16:53:11.535  9899 10089 W unknown:ViewManagerPropertyUpdater: Could not find generated setter for class com.rnnestedscrollview.ReactNestedScrollViewManager
09-22 16:53:11.536  9899 10089 W unknown:ViewManagerPropertyUpdater: Could not find generated setter for class com.rnnestedscrollview.ReactHorizontalNestedScrollViewManager
09-22 16:53:11.537  9899 10089 W unknown:ViewManagerPropertyUpdater: Could not find generated setter for class com.rnnestedscrollview.ReactHorizontalNestedScrollContainerViewManager
09-22 16:53:11.537  9899 10089 W unknown:ViewManagerPropertyUpdater: Could not find generated setter for class com.reactnativepagerview.PagerViewViewManager
09-22 16:53:11.538  9899 10089 W unknown:ViewManagerPropertyUpdater: Could not find generated setter for class com.th3rdwave.safeareacontext.SafeAreaProviderManager
09-22 16:53:11.538  9899 10089 W unknown:ViewManagerPropertyUpdater: Could not find generated setter for class com.th3rdwave.safeareacontext.SafeAreaViewManager
09-22 16:53:11.538  9899 10089 W unknown:ViewManagerPropertyUpdater: Could not find generated setter for class com.th3rdwave.safeareacontext.SafeAreaViewShadowNode
09-22 16:53:11.541  9899 10089 W unknown:ViewManagerPropertyUpdater: Could not find generated setter for class com.swmansion.rnscreens.ScreenContainerViewManager
09-22 16:53:11.541  9899 10089 W unknown:ViewManagerPropertyUpdater: Could not find generated setter for class com.swmansion.rnscreens.ScreenViewManager
09-22 16:53:11.550  9899 10089 W unknown:ViewManagerPropertyUpdater: Could not find generated setter for class com.swmansion.rnscreens.ScreenStackViewManager
09-22 16:53:11.551  9899 10089 W unknown:ViewManagerPropertyUpdater: Could not find generated setter for class com.swmansion.rnscreens.ScreenStackHeaderConfigViewManager
09-22 16:53:11.553  9899 10089 W unknown:ViewManagerPropertyUpdater: Could not find generated setter for class com.swmansion.rnscreens.ScreenStackHeaderSubviewManager
09-22 16:53:11.554  9899 10089 W unknown:ViewManagerPropertyUpdater: Could not find generated setter for class com.swmansion.rnscreens.SearchBarManager
09-22 16:53:11.555  9899 10089 W unknown:ViewManagerPropertyUpdater: Could not find generated setter for class com.horcrux.svg.RenderableViewManager$DefsViewManager
09-22 16:53:11.556  9899 10089 W unknown:ViewManagerPropertyUpdater: Could not find generated setter for class com.horcrux.svg.VirtualViewManager$RenderableShadowNode
09-22 16:53:11.556  9899 10089 W unknown:ViewManagerPropertyUpdater: Could not find generated setter for class com.horcrux.svg.RenderableViewManager$MarkerManager
09-22 16:53:11.557  9899 10089 W unknown:ViewManagerPropertyUpdater: Could not find generated setter for class com.horcrux.svg.RenderableViewManager$ForeignObjectManager
09-22 16:53:11.558  9899 10089 W unknown:ViewManagerPropertyUpdater: Could not find generated setter for class com.horcrux.svg.RenderableViewManager$EllipseViewManager
09-22 16:53:11.559  9899 10089 W unknown:ViewManagerPropertyUpdater: Could not find generated setter for class com.horcrux.svg.RenderableViewManager$LineViewManager
09-22 16:53:11.559  9899 10089 W unknown:ViewManagerPropertyUpdater: Could not find generated setter for class com.horcrux.svg.RenderableViewManager$LinearGradientManager
09-22 16:53:11.560  9899 10089 W unknown:ViewManagerPropertyUpdater: Could not find generated setter for class com.horcrux.svg.RenderableViewManager$GroupViewManager
09-22 16:53:11.561  9899 10089 W unknown:ViewManagerPropertyUpdater: Could not find generated setter for class com.horcrux.svg.RenderableViewManager$TextViewManager
09-22 16:53:11.562  9899 10089 W unknown:ViewManagerPropertyUpdater: Could not find generated setter for class com.horcrux.svg.RenderableViewManager$ImageViewManager
09-22 16:53:11.563  9899 10089 W unknown:ViewManagerPropertyUpdater: Could not find generated setter for class com.horcrux.svg.RenderableViewManager$ClipPathViewManager
09-22 16:53:11.563  9899 10089 W unknown:ViewManagerPropertyUpdater: Could not find generated setter for class com.horcrux.svg.RenderableViewManager$RadialGradientManager
09-22 16:53:11.564  9899 10089 W unknown:ViewManagerPropertyUpdater: Could not find generated setter for class com.horcrux.svg.RenderableViewManager$MaskManager
09-22 16:53:11.565  9899 10089 W unknown:ViewManagerPropertyUpdater: Could not find generated setter for class com.horcrux.svg.RenderableViewManager$SymbolManager
09-22 16:53:11.566  9899 10089 W unknown:ViewManagerPropertyUpdater: Could not find generated setter for class com.horcrux.svg.RenderableViewManager$PatternManager
09-22 16:53:11.568  9899 10089 W unknown:ViewManagerPropertyUpdater: Could not find generated setter for class com.horcrux.svg.RenderableViewManager$RectViewManager
09-22 16:53:11.571  9899 10089 W unknown:ViewManagerPropertyUpdater: Could not find generated setter for class com.horcrux.svg.RenderableViewManager$TextPathViewManager
09-22 16:53:11.572  9899 10089 W unknown:ViewManagerPropertyUpdater: Could not find generated setter for class com.horcrux.svg.SvgViewManager
09-22 16:53:11.572  9899 10089 W unknown:ViewManagerPropertyUpdater: Could not find generated setter for class com.horcrux.svg.RenderableViewManager$PathViewManager
09-22 16:53:11.573  9899 10089 W unknown:ViewManagerPropertyUpdater: Could not find generated setter for class com.horcrux.svg.RenderableViewManager$UseViewManager
09-22 16:53:11.574  9899 10089 W unknown:ViewManagerPropertyUpdater: Could not find generated setter for class com.horcrux.svg.RenderableViewManager$CircleViewManager
09-22 16:53:11.575  9899 10089 W unknown:ViewManagerPropertyUpdater: Could not find generated setter for class com.horcrux.svg.RenderableViewManager$TSpanViewManager
09-22 16:53:11.577  9899 10089 W unknown:ViewManagerPropertyUpdater: Could not find generated setter for class com.reactnativecommunity.webview.RNCWebViewManager
09-22 16:53:11.578  9899 10089 W unknown:ViewManagerPropertyUpdater: Could not find generated setter for class so.onekey.app.wallet.viewManager.homePage.HomePageManager
09-22 16:53:11.583  9899 10089 W unknown:ReactContext: initializeMessageQueueThreads() is called.
09-22 16:53:11.584  9899 10089 V SoLoader: libyoga.so not found on /data/app/so.onekey.app.wallet.dev-l4KcIXL4m9xXjruuCBezUw==/lib/arm64
09-22 16:53:11.586  9899 10089 W SoLoader: libyoga.so not found on /data/app/so.onekey.app.wallet.dev.test-mQYoqB9LTIbax14XSlG1Aw==/base.apk!/lib/arm64-v8a flag: 4
09-22 16:53:11.586  9899 10089 W SoLoader: java.lang.UnsatisfiedLinkError: dlopen failed: library "/data/app/so.onekey.app.wallet.dev.test-mQYoqB9LTIbax14XSlG1Aw==/base.apk!/lib/arm64-v8a/libyoga.so" not found
09-22 16:53:11.586  9899 10089 W SoLoader: 	at java.lang.Runtime.load0(Runtime.java:938)
09-22 16:53:11.586  9899 10089 W SoLoader: 	at java.lang.System.load(System.java:1631)
09-22 16:53:11.586  9899 10089 W SoLoader: 	at com.facebook.soloader.SoLoader$1.load(SoLoader.java:558)
09-22 16:53:11.586  9899 10089 W SoLoader: 	at com.facebook.soloader.DirectApkSoSource.loadLibrary(DirectApkSoSource.java:81)
09-22 16:53:11.586  9899 10089 W SoLoader: 	at com.facebook.soloader.SoLoader.doLoadLibraryBySoName(SoLoader.java:1067)
09-22 16:53:11.586  9899 10089 W SoLoader: 	at com.facebook.soloader.SoLoader.loadLibraryBySoNameImpl(SoLoader.java:943)
09-22 16:53:11.586  9899 10089 W SoLoader: 	at com.facebook.soloader.SoLoader.loadLibraryBySoName(SoLoader.java:855)
09-22 16:53:11.586  9899 10089 W SoLoader: 	at com.facebook.soloader.SoLoader.loadLibrary(SoLoader.java:802)
09-22 16:53:11.586  9899 10089 W SoLoader: 	at com.facebook.soloader.SoLoader.loadLibrary(SoLoader.java:772)
09-22 16:53:11.586  9899 10089 W SoLoader: 	at com.facebook.yoga.YogaNative.<clinit>(YogaNative.java:16)
09-22 16:53:11.586  9899 10089 W SoLoader: 	at com.facebook.yoga.YogaNative.jni_YGConfigNewJNI(Native Method)
09-22 16:53:11.586  9899 10089 W SoLoader: 	at com.facebook.yoga.YogaConfigJNIBase.<init>(YogaConfigJNIBase.java:23)
09-22 16:53:11.586  9899 10089 W SoLoader: 	at com.facebook.yoga.YogaConfigJNIFinalizer.<init>(YogaConfigJNIFinalizer.java:12)
09-22 16:53:11.586  9899 10089 W SoLoader: 	at com.facebook.yoga.YogaConfigFactory.create(YogaConfigFactory.java:12)
09-22 16:53:11.586  9899 10089 W SoLoader: 	at com.facebook.react.uimanager.ReactYogaConfigProvider.get(ReactYogaConfigProvider.java:19)
09-22 16:53:11.586  9899 10089 W SoLoader: 	at com.facebook.react.uimanager.ReactShadowNodeImpl.<clinit>(ReactShadowNodeImpl.java:62)
09-22 16:53:11.586  9899 10089 W SoLoader: 	at com.facebook.react.uimanager.UIImplementation.createRootShadowNode(UIImplementation.java:96)
09-22 16:53:11.586  9899 10089 W SoLoader: 	at com.facebook.react.uimanager.UIImplementation.registerRootView(UIImplementation.java:150)
09-22 16:53:11.586  9899 10089 W SoLoader: 	at com.facebook.react.uimanager.UIManagerModule.addRootView(UIManagerModule.java:405)
09-22 16:53:11.586  9899 10089 W SoLoader: 	at com.facebook.react.ReactInstanceManager.attachRootViewToInstance(ReactInstanceManager.java:1267)
