09-22 16:54:08.686  9899  9899 I Detox   : Network is busy, with 5 in-flight calls
09-22 16:54:08.686  9899  9899 W UiControllerImpl: Waiting for: DYNAMIC_TASKS_HAVE_IDLED for 6500 iterations.
09-22 16:54:08.702  9899  9899 I Detox   : Network is busy, with 5 in-flight calls
09-22 16:54:10.338  9899  9899 I chatty  : uid=10147(so.onekey.app.wallet.dev) identical 1582 lines
09-22 16:54:10.338  9899  9899 I Detox   : Network is busy, with 5 in-flight calls
09-22 16:54:10.338  9899  9899 W UiControllerImpl: Waiting for: DYNAMIC_TASKS_HAVE_IDLED for 6700 iterations.
09-22 16:54:10.352  9899  9899 I Detox   : Network is busy, with 5 in-flight calls
09-22 16:54:10.406  9899  9899 I chatty  : uid=10147(so.onekey.app.wallet.dev) identical 62 lines
09-22 16:54:10.406  9899  9899 I Detox   : Network is busy, with 5 in-flight calls
09-22 16:54:10.419  9899  9899 I Detox   : Network is busy, with 5 in-flight calls
09-22 16:54:11.153  9899  9899 I chatty  : uid=10147(so.onekey.app.wallet.dev) identical 718 lines
09-22 16:54:11.153  9899  9899 I Detox   : Network is busy, with 5 in-flight calls
09-22 16:54:11.156  9899  9945 E FirebaseMessaging: Failed to get FIS auth token
09-22 16:54:11.156  9899  9945 E FirebaseMessaging: java.util.concurrent.ExecutionException: com.google.firebase.installations.FirebaseInstallationsException: Firebase Installations Service is unavailable. Please try again later.
09-22 16:54:11.156  9899  9945 E FirebaseMessaging: 	at com.google.android.gms.tasks.Tasks.zza(com.google.android.gms:play-services-tasks@@18.0.2:5)
09-22 16:54:11.156  9899  9945 E FirebaseMessaging: 	at com.google.android.gms.tasks.Tasks.await(com.google.android.gms:play-services-tasks@@18.0.2:8)
09-22 16:54:11.156  9899  9945 E FirebaseMessaging: 	at com.google.firebase.messaging.GmsRpc.setDefaultAttributesToBundle(GmsRpc.java:260)
09-22 16:54:11.156  9899  9945 E FirebaseMessaging: 	at com.google.firebase.messaging.GmsRpc.startRpc(GmsRpc.java:222)
09-22 16:54:11.156  9899  9945 E FirebaseMessaging: 	at com.google.firebase.messaging.GmsRpc.getToken(GmsRpc.java:180)
09-22 16:54:11.156  9899  9945 E FirebaseMessaging: 	at com.google.firebase.messaging.FirebaseMessaging.lambda$blockingGetToken$10$com-google-firebase-messaging-FirebaseMessaging(FirebaseMessaging.java:617)
09-22 16:54:11.156  9899  9945 E FirebaseMessaging: 	at com.google.firebase.messaging.FirebaseMessaging$$ExternalSyntheticLambda7.start(Unknown Source:6)
09-22 16:54:11.156  9899  9945 E FirebaseMessaging: 	at com.google.firebase.messaging.RequestDeduplicator.getOrStartGetTokenRequest(RequestDeduplicator.java:67)
09-22 16:54:11.156  9899  9945 E FirebaseMessaging: 	at com.google.firebase.messaging.FirebaseMessaging.blockingGetToken(FirebaseMessaging.java:613)
09-22 16:54:11.156  9899  9945 E FirebaseMessaging: 	at com.google.firebase.messaging.SyncTask.maybeRefreshToken(SyncTask.java:123)
09-22 16:54:11.156  9899  9945 E FirebaseMessaging: 	at com.google.firebase.messaging.SyncTask.run(SyncTask.java:93)
09-22 16:54:11.156  9899  9945 E FirebaseMessaging: 	at java.util.concurrent.Executors$RunnableAdapter.call(Executors.java:462)
09-22 16:54:11.156  9899  9945 E FirebaseMessaging: 	at java.util.concurrent.FutureTask.run(FutureTask.java:266)
09-22 16:54:11.156  9899  9945 E FirebaseMessaging: 	at java.util.concurrent.ScheduledThreadPoolExecutor$ScheduledFutureTask.run(ScheduledThreadPoolExecutor.java:301)
09-22 16:54:11.156  9899  9945 E FirebaseMessaging: 	at java.util.concurrent.ThreadPoolExecutor.runWorker(ThreadPoolExecutor.java:1167)
09-22 16:54:11.156  9899  9945 E FirebaseMessaging: 	at java.util.concurrent.ThreadPoolExecutor$Worker.run(ThreadPoolExecutor.java:641)
09-22 16:54:11.156  9899  9945 E FirebaseMessaging: 	at com.google.android.gms.common.util.concurrent.zza.run(com.google.android.gms:play-services-basement@@18.1.0:2)
09-22 16:54:11.156  9899  9945 E FirebaseMessaging: 	at java.lang.Thread.run(Thread.java:919)
09-22 16:54:11.156  9899  9945 E FirebaseMessaging: Caused by: com.google.firebase.installations.FirebaseInstallationsException: Firebase Installations Service is unavailable. Please try again later.
09-22 16:54:11.156  9899  9945 E FirebaseMessaging: 	at com.google.firebase.installations.remote.FirebaseInstallationServiceClient.createFirebaseInstallation(FirebaseInstallationServiceClient.java:208)
09-22 16:54:11.156  9899  9945 E FirebaseMessaging: 	at com.google.firebase.installations.FirebaseInstallations.registerFidWithServer(FirebaseInstallations.java:533)
09-22 16:54:11.156  9899  9945 E FirebaseMessaging: 	at com.google.firebase.installations.FirebaseInstallations.doNetworkCallIfNecessary(FirebaseInstallations.java:387)
09-22 16:54:11.156  9899  9945 E FirebaseMessaging: 	at com.google.firebase.installations.FirebaseInstallations.lambda$doRegistrationOrRefresh$3$com-google-firebase-installations-FirebaseInstallations(FirebaseInstallations.java:372)
09-22 16:54:11.156  9899  9945 E FirebaseMessaging: 	at com.google.firebase.installations.FirebaseInstallations$$ExternalSyntheticLambda0.run(Unknown Source:4)
09-22 16:54:11.156  9899  9945 E FirebaseMessaging: 	at com.google.firebase.concurrent.SequentialExecutor$1.run(SequentialExecutor.java:117)
09-22 16:54:11.156  9899  9945 E FirebaseMessaging: 	at com.google.firebase.concurrent.SequentialExecutor$QueueWorker.workOnQueue(SequentialExecutor.java:229)
09-22 16:54:11.156  9899  9945 E FirebaseMessaging: 	at com.google.firebase.concurrent.SequentialExecutor$QueueWorker.run(SequentialExecutor.java:174)
09-22 16:54:11.156  9899  9945 E FirebaseMessaging: 	at java.util.concurrent.ThreadPoolExecutor.runWorker(ThreadPoolExecutor.java:1167)
09-22 16:54:11.156  9899  9945 E FirebaseMessaging: 	at java.util.concurrent.ThreadPoolExecutor$Worker.run(ThreadPoolExecutor.java:641)
09-22 16:54:11.156  9899  9945 E FirebaseMessaging: 	at com.google.firebase.concurrent.CustomThreadFactory.lambda$newThread$0$com-google-firebase-concurrent-CustomThreadFactory(CustomThreadFactory.java:47)
09-22 16:54:11.156  9899  9945 E FirebaseMessaging: 	at com.google.firebase.concurrent.CustomThreadFactory$$ExternalSyntheticLambda0.run(Unknown Source:4)
09-22 16:54:11.156  9899  9945 E FirebaseMessaging: 	... 1 more
09-22 16:54:11.169  9899 10063 D DetoxWSClient: Received action 'currentStatus' (ID #6, params={})
09-22 16:54:11.169  9899 10062 I DetoxDispatcher: Handling action 'currentStatus' (ID #6)...
09-22 16:54:11.170  9899  9899 I Detox   : Network is busy, with 5 in-flight calls
09-22 16:54:11.173  9899  9899 I chatty  : uid=10147(so.onekey.app.wallet.dev) identical 16 lines
09-22 16:54:11.173  9899  9899 I Detox   : Network is busy, with 5 in-flight calls
09-22 16:54:11.173  9899 10062 I DetoxWSClient: Sending out action 'currentStatusResult' (ID #6)
09-22 16:54:11.173  9899 10062 I DetoxDispatcher: Done with action 'currentStatus'
09-22 16:54:11.185  9899  9899 I Detox   : Network is busy, with 5 in-flight calls
09-22 16:54:11.202  9899  9899 I chatty  : uid=10147(so.onekey.app.wallet.dev) identical 32 lines
09-22 16:54:11.202  9899  9899 I Detox   : Network is busy, with 5 in-flight calls
09-22 16:54:11.215  9899  9945 E FirebaseMessaging: Topic sync or token retrieval failed on hard failure exceptions: java.util.concurrent.ExecutionException: java.io.IOException: AUTHENTICATION_FAILED. Won't retry the operation.
09-22 16:54:11.219  9899  9899 I Detox   : Network is busy, with 5 in-flight calls
09-22 16:54:11.372  9899  9899 I chatty  : uid=10147(so.onekey.app.wallet.dev) identical 169 lines
09-22 16:54:11.380  9899  9899 I Detox   : Network is busy, with 5 in-flight calls
09-22 16:54:11.380  9899  9899 W IdlingPolicy: These resources are not idle: [com.wix.detox.reactnative.idlingresources.NetworkIdlingResource]
09-22 16:54:11.386  9899  9899 I Detox   : Network is busy, with 5 in-flight calls
09-22 16:54:11.887  9899  9899 I chatty  : uid=10147(so.onekey.app.wallet.dev) identical 556 lines
09-22 16:54:11.887  9899  9899 I Detox   : Network is busy, with 5 in-flight calls
09-22 16:54:11.887  9899  9899 W UiControllerImpl: Waiting for: DYNAMIC_TASKS_HAVE_IDLED for 6900 iterations.
09-22 16:54:11.904  9899  9899 I Detox   : Network is busy, with 5 in-flight calls
09-22 16:54:12.024  9899  9899 I chatty  : uid=10147(so.onekey.app.wallet.dev) identical 142 lines
09-22 16:54:12.024  9899  9899 I Detox   : Network is busy, with 5 in-flight calls
09-22 16:54:12.026  9899 10088 E ReactNativeJS: { context: 'core' }, { context: 'core/relayer' }, [Error: socket stalled]
09-22 16:54:12.027  9899 10088 E ReactNativeJS: 'WalletConnect V2 Core ERROR: relayer_transport_closed >>>>>> ', undefined
09-22 16:54:12.028  9899 10088 E ReactNativeJS: { context: 'core' }, 'closeTransport called before connection was established'
09-22 16:54:12.028  9899 10088 E ReactNativeJS: { context: 'client' }, 'closeTransport called before connection was established'
09-22 16:54:12.029  9899 10088 E ReactNativeJS: { context: 'core' }, 'closeTransport called before connection was established'
09-22 16:54:12.035  9899  9899 I Detox   : Network is busy, with 5 in-flight calls
09-22 16:54:12.035  9899  9899 I chatty  : uid=10147(so.onekey.app.wallet.dev) identical 16 lines
09-22 16:54:12.035  9899  9899 I Detox   : Network is busy, with 5 in-flight calls
09-22 16:54:12.037  9899 10089 E unknown:ReactNative: console.error: {"context":"core"} {"context":"core/relayer"} Error: socket stalled, js engine: v8, stack:
09-22 16:54:12.037  9899 10089 E unknown:ReactNative: p@50:240
09-22 16:54:12.037  9899 10089 E unknown:ReactNative: p@50:355
09-22 16:54:12.037  9899 10089 E unknown:ReactNative: new s@48:362
09-22 16:54:12.037  9899 10089 E unknown:ReactNative: f.<anonymous>@42:1043
09-22 16:54:12.037  9899 10089 E unknown:ReactNative: new f@42:1221
09-22 16:54:12.037  9899 10089 E unknown:ReactNative: b@42:2420
09-22 16:54:12.037  9899 10089 E unknown:ReactNative: Object.error@512:1745
09-22 16:54:12.037  9899 10089 E unknown:ReactNative: Object.error@8067:3297
09-22 16:54:12.037  9899 10089 E unknown:ReactNative: Object.error@8067:4311
09-22 16:54:12.037  9899 10089 E unknown:ReactNative: Object.error@8067:4311
09-22 16:54:12.040  9899 10089 E unknown:ReactNative: console.error: WalletConnect V2 Core ERROR: relayer_transport_closed >>>>>>  undefined, js engine: v8, stack:
09-22 16:54:12.040  9899 10089 E unknown:ReactNative: p@50:240
09-22 16:54:12.040  9899 10089 E unknown:ReactNative: p@50:355
09-22 16:54:12.040  9899 10089 E unknown:ReactNative: new s@48:362
09-22 16:54:12.040  9899 10089 E unknown:ReactNative: f.<anonymous>@42:1043
09-22 16:54:12.040  9899 10089 E unknown:ReactNative: new f@42:1221
09-22 16:54:12.040  9899 10089 E unknown:ReactNative: b@42:2420
09-22 16:54:12.040  9899 10089 E unknown:ReactNative: Object.error@512:1745
09-22 16:54:12.040  9899 10089 E unknown:ReactNative: s.<anonymous>@8050:2248
09-22 16:54:12.040  9899 10089 E unknown:ReactNative: Object.p@627:1873
09-22 16:54:12.040  9899 10089 E unknown:ReactNative: s.emit@627:4098
09-22 16:54:12.042  9899 10089 E unknown:ReactNative: console.error: {"context":"core"} closeTransport called before connection was established, js engine: v8, stack:
09-22 16:54:12.042  9899 10089 E unknown:ReactNative: p@50:240
09-22 16:54:12.042  9899 10089 E unknown:ReactNative: p@50:355
09-22 16:54:12.042  9899 10089 E unknown:ReactNative: new s@48:362
09-22 16:54:12.042  9899 10089 E unknown:ReactNative: f.<anonymous>@42:1043
09-22 16:54:12.042  9899 10089 E unknown:ReactNative: new f@42:1221
09-22 16:54:12.042  9899 10089 E unknown:ReactNative: b@42:2420
09-22 16:54:12.042  9899 10089 E unknown:ReactNative: Object.error@512:1745
09-22 16:54:12.042  9899 10089 E unknown:ReactNative: Object.error@8067:3297
09-22 16:54:12.042  9899 10089 E unknown:ReactNative: Object.error@8067:4311
09-22 16:54:12.042  9899 10089 E unknown:ReactNative: s.<anonymous>@8052:68629
09-22 16:54:12.045  9899 10089 E unknown:ReactNative: console.error: {"context":"client"} closeTransport called before connection was established, js engine: v8, stack:
09-22 16:54:12.045  9899 10089 E unknown:ReactNative: p@50:240
09-22 16:54:12.045  9899 10089 E unknown:ReactNative: p@50:355
09-22 16:54:12.045  9899 10089 E unknown:ReactNative: new s@48:362
09-22 16:54:12.045  9899 10089 E unknown:ReactNative: f.<anonymous>@42:1043
09-22 16:54:12.045  9899 10089 E unknown:ReactNative: new f@42:1221
09-22 16:54:12.045  9899 10089 E unknown:ReactNative: b@42:2420
09-22 16:54:12.045  9899 10089 E unknown:ReactNative: Object.error@512:1745
09-22 16:54:12.045  9899 10089 E unknown:ReactNative: Object.error@8067:3297
09-22 16:54:12.045  9899 10089 E unknown:ReactNative: Object.error@8067:4311
09-22 16:54:12.045  9899 10089 E unknown:ReactNative: d.<anonymous>@8113:32589
09-22 16:54:12.048  9899 10089 E unknown:ReactNative: console.error: {"context":"core"} closeTransport called before connection was established, js engine: v8, stack:
09-22 16:54:12.048  9899 10089 E unknown:ReactNative: p@50:240
09-22 16:54:12.048  9899 10089 E unknown:ReactNative: p@50:355
09-22 16:54:12.048  9899 10089 E unknown:ReactNative: new s@48:362
09-22 16:54:12.048  9899 10089 E unknown:ReactNative: f.<anonymous>@42:1043
09-22 16:54:12.048  9899 10089 E unknown:ReactNative: new f@42:1221
09-22 16:54:12.048  9899 10089 E unknown:ReactNative: b@42:2420
09-22 16:54:12.048  9899 10089 E unknown:ReactNative: Object.error@512:1745
09-22 16:54:12.048  9899 10089 E unknown:ReactNative: Object.error@8067:3297
09-22 16:54:12.048  9899 10089 E unknown:ReactNative: Object.error@8067:4311
09-22 16:54:12.048  9899 10089 E unknown:ReactNative: l.<anonymous>@8106:12485
09-22 16:54:12.053  9899  9899 I Detox   : Network is busy, with 5 in-flight calls
09-22 16:54:12.407  9899  9899 I chatty  : uid=10147(so.onekey.app.wallet.dev) identical 394 lines
09-22 16:54:12.407  9899  9899 I Detox   : Network is busy, with 5 in-flight calls
09-22 16:54:12.419  9899  9899 I Detox   : Network is busy, with 5 in-flight calls
09-22 16:54:12.688  9899  9899 I chatty  : uid=10147(so.onekey.app.wallet.dev) identical 304 lines
09-22 16:54:12.688  9899  9899 I Detox   : Network is busy, with 5 in-flight calls
09-22 16:54:12.688  9899  9899 W UiControllerImpl: Waiting for: DYNAMIC_TASKS_HAVE_IDLED for 7000 iterations.
09-22 16:54:12.704  9899  9899 I Detox   : Network is busy, with 5 in-flight calls
09-22 16:54:14.339  9899  9899 I chatty  : uid=10147(so.onekey.app.wallet.dev) identical 1780 lines
09-22 16:54:14.339  9899  9899 I Detox   : Network is busy, with 5 in-flight calls
09-22 16:54:14.340  9899  9899 W UiControllerImpl: Waiting for: DYNAMIC_TASKS_HAVE_IDLED for 7200 iterations.
09-22 16:54:14.352  9899  9899 I Detox   : Network is busy, with 5 in-flight calls
09-22 16:54:14.424  9899  9899 I chatty  : uid=10147(so.onekey.app.wallet.dev) identical 88 lines
09-22 16:54:14.424  9899  9899 I Detox   : Network is busy, with 5 in-flight calls
09-22 16:54:14.436  9899  9899 I Detox   : Network is busy, with 5 in-flight calls
09-22 16:54:16.156  9899  9899 I chatty  : uid=10147(so.onekey.app.wallet.dev) identical 1870 lines
09-22 16:54:16.156  9899  9899 I Detox   : Network is busy, with 5 in-flight calls
09-22 16:54:16.162  9899 10176 W .app.wallet.de: Accessing hidden method Lsun/misc/Unsafe;->getObject(Ljava/lang/Object;J)Ljava/lang/Object; (greylist, linking, allowed)
09-22 16:54:16.164  9899 10296 W .app.wallet.de: Accessing hidden method Lsun/misc/Unsafe;->getObject(Ljava/lang/Object;J)Ljava/lang/Object; (greylist, linking, allowed)
09-22 16:54:16.164  9899 10296 W .app.wallet.de: Accessing hidden method Lsun/misc/Unsafe;->getObject(Ljava/lang/Object;J)Ljava/lang/Object; (greylist, linking, allowed)
09-22 16:54:16.170  9899  9899 I Detox   : Network is busy, with 5 in-flight calls
09-22 16:54:16.353  9899  9899 I chatty  : uid=10147(so.onekey.app.wallet.dev) identical 215 lines
09-22 16:54:16.364  9899  9899 I Detox   : Network is busy, with 5 in-flight calls
09-22 16:54:16.365  9899  9899 I Detox   : Wait is over: App is now idle!
--------- beginning of crash
09-22 16:54:16.367  9899 10061 E AndroidRuntime: FATAL EXCEPTION: detox.primary
09-22 16:54:16.367  9899 10061 E AndroidRuntime: Process: so.onekey.app.wallet.dev, PID: 9899
09-22 16:54:16.367  9899 10061 E AndroidRuntime: java.lang.RuntimeException: java.util.concurrent.ExecutionException: androidx.test.espresso.IdlingResourceTimeoutException: Wait for [com.wix.detox.reactnative.idlingresources.NetworkIdlingResource] to become idle timed out
09-22 16:54:16.367  9899 10061 E AndroidRuntime: 	at androidx.test.espresso.Espresso.onIdle(Espresso.java:15)
09-22 16:54:16.367  9899 10061 E AndroidRuntime: 	at com.wix.detox.TestEngineFacade.awaitIdle(TestEngineFacade.kt:12)
09-22 16:54:16.367  9899 10061 E AndroidRuntime: 	at com.wix.detox.adapters.server.ReadyActionHandler.handle(DetoxActionHandlers.kt:25)
09-22 16:54:16.367  9899 10061 E AndroidRuntime: 	at com.wix.detox.adapters.server.ActionsExecutor.executeAction$lambda-2$lambda-1(DetoxActionsDispatcher.kt:64)
09-22 16:54:16.367  9899 10061 E AndroidRuntime: 	at com.wix.detox.adapters.server.ActionsExecutor.$r8$lambda$nk3cF8ntnfFqbJOcVqd04vjb5nY(Unknown Source:0)
09-22 16:54:16.367  9899 10061 E AndroidRuntime: 	at com.wix.detox.adapters.server.ActionsExecutor$$ExternalSyntheticLambda0.run(Unknown Source:8)
09-22 16:54:16.367  9899 10061 E AndroidRuntime: 	at android.os.Handler.handleCallback(Handler.java:883)
09-22 16:54:16.367  9899 10061 E AndroidRuntime: 	at android.os.Handler.dispatchMessage(Handler.java:100)
09-22 16:54:16.367  9899 10061 E AndroidRuntime: 	at android.os.Looper.loop(Looper.java:214)
09-22 16:54:16.367  9899 10061 E AndroidRuntime: 	at com.wix.detox.adapters.server.ActionsExecutor._init_$lambda-0(DetoxActionsDispatcher.kt:50)
09-22 16:54:16.367  9899 10061 E AndroidRuntime: 	at com.wix.detox.adapters.server.ActionsExecutor.$r8$lambda$Hi5vyewqQiQqk57AkJy_cHqNGKY(Unknown Source:0)
09-22 16:54:16.367  9899 10061 E AndroidRuntime: 	at com.wix.detox.adapters.server.ActionsExecutor$$ExternalSyntheticLambda1.run(Unknown Source:4)
09-22 16:54:16.367  9899 10061 E AndroidRuntime: 	at java.lang.Thread.run(Thread.java:919)
09-22 16:54:16.367  9899 10061 E AndroidRuntime: Caused by: java.util.concurrent.ExecutionException: androidx.test.espresso.IdlingResourceTimeoutException: Wait for [com.wix.detox.reactnative.idlingresources.NetworkIdlingResource] to become idle timed out
09-22 16:54:16.367  9899 10061 E AndroidRuntime: 	at java.util.concurrent.FutureTask.report(FutureTask.java:123)
09-22 16:54:16.367  9899 10061 E AndroidRuntime: 	at java.util.concurrent.FutureTask.get(FutureTask.java:193)
09-22 16:54:16.367  9899 10061 E AndroidRuntime: 	at androidx.test.espresso.Espresso.onIdle(Espresso.java:10)
09-22 16:54:16.367  9899 10061 E AndroidRuntime: 	... 12 more
09-22 16:54:16.367  9899 10061 E AndroidRuntime: Caused by: androidx.test.espresso.IdlingResourceTimeoutException: Wait for [com.wix.detox.reactnative.idlingresources.NetworkIdlingResource] to become idle timed out
09-22 16:54:16.367  9899 10061 E AndroidRuntime: 	at androidx.test.espresso.IdlingPolicy.handleTimeout(IdlingPolicy.java:4)
09-22 16:54:16.367  9899 10061 E AndroidRuntime: 	at androidx.test.espresso.base.UiControllerImpl$5.resourcesHaveTimedOut(UiControllerImpl.java:1)
09-22 16:54:16.367  9899 10061 E AndroidRuntime: 	at androidx.test.espresso.base.IdlingResourceRegistry$Dispatcher.handleTimeout(IdlingResourceRegistry.java:4)
09-22 16:54:16.367  9899 10061 E AndroidRuntime: 	at androidx.test.espresso.base.IdlingResourceRegistry$Dispatcher.handleMessage(IdlingResourceRegistry.java:6)
09-22 16:54:16.367  9899 10061 E AndroidRuntime: 	at android.os.Handler.dispatchMessage(Handler.java:103)
09-22 16:54:16.367  9899 10061 E AndroidRuntime: 	at androidx.test.espresso.base.Interrogator.loopAndInterrogate(Interrogator.java:14)
09-22 16:54:16.367  9899 10061 E AndroidRuntime: 	at androidx.test.espresso.base.UiControllerImpl.loopUntil(UiControllerImpl.java:8)
09-22 16:54:16.367  9899 10061 E AndroidRuntime: 	at androidx.test.espresso.base.UiControllerImpl.loopMainThreadUntilIdle(UiControllerImpl.java:17)
09-22 16:54:16.367  9899 10061 E AndroidRuntime: 	at androidx.test.espresso.Espresso$1.run(Espresso.java:1)
09-22 16:54:16.367  9899 10061 E AndroidRuntime: 	at java.util.concurrent.Executors$RunnableAdapter.call(Executors.java:462)
09-22 16:54:16.367  9899 10061 E AndroidRuntime: 	at java.util.concurrent.FutureTask.run(FutureTask.java:266)
09-22 16:54:16.367  9899 10061 E AndroidRuntime: 	at android.os.Handler.handleCallback(Handler.java:883)
09-22 16:54:16.367  9899 10061 E AndroidRuntime: 	at android.os.Handler.dispatchMessage(Handler.java:100)
09-22 16:54:16.367  9899 10061 E AndroidRuntime: 	at android.os.Looper.loop(Looper.java:214)
09-22 16:54:16.367  9899 10061 E AndroidRuntime: 	at android.app.ActivityThread.main(ActivityThread.java:7356)
09-22 16:54:16.367  9899 10061 E AndroidRuntime: 	at java.lang.reflect.Method.invoke(Native Method)
09-22 16:54:16.367  9899 10061 E AndroidRuntime: 	at com.android.internal.os.RuntimeInit$MethodAndArgsCaller.run(RuntimeInit.java:492)
09-22 16:54:16.367  9899 10061 E AndroidRuntime: 	at com.android.internal.os.ZygoteInit.main(ZygoteInit.java:930)
09-22 16:54:16.369  9899  9899 I Detox   : Network is busy, with 5 in-flight calls
09-22 16:54:16.369  9899  9899 I chatty  : uid=10147(so.onekey.app.wallet.dev) identical 17 lines
09-22 16:54:16.369  9899  9899 I Detox   : Network is busy, with 5 in-flight calls
09-22 16:54:16.378  9899 10297 E JIGUANG-JCore: [ReportUtils] wrap data failed
09-22 16:54:16.385  9899  9899 I Detox   : Network is busy, with 5 in-flight calls
09-22 16:54:16.423  9899  9899 I chatty  : uid=10147(so.onekey.app.wallet.dev) identical 55 lines
09-22 16:54:16.423  9899  9899 I Detox   : Network is busy, with 5 in-flight calls
09-22 16:54:16.435  9899  9899 I Detox   : Network is busy, with 5 in-flight calls
09-22 16:54:18.369  9899  9899 I chatty  : uid=10147(so.onekey.app.wallet.dev) identical 2221 lines
09-22 16:54:18.369  9899  9899 I Detox   : Network is busy, with 5 in-flight calls
09-22 16:54:18.370  9899 10160 W .app.wallet.de: Accessing hidden method Lsun/misc/Unsafe;->getObject(Ljava/lang/Object;J)Ljava/lang/Object; (greylist, linking, allowed)
09-22 16:54:18.370  9899 10296 W .app.wallet.de: Accessing hidden method Lsun/misc/Unsafe;->getObject(Ljava/lang/Object;J)Ljava/lang/Object; (greylist, linking, allowed)
09-22 16:54:18.370  9899 10296 I chatty  : uid=10147(so.onekey.app.wallet.dev) pool-5-thread-3 identical 1 line
09-22 16:54:18.371  9899 10296 W .app.wallet.de: Accessing hidden method Lsun/misc/Unsafe;->getObject(Ljava/lang/Object;J)Ljava/lang/Object; (greylist, linking, allowed)
09-22 16:54:18.371  9899 10296 W .app.wallet.de: Accessing hidden method Lsun/misc/Unsafe;->getLong(Ljava/lang/Object;J)J (greylist,core-platform-api, linking, allowed)
09-22 16:54:18.371  9899 10296 W .app.wallet.de: Accessing hidden method Lsun/misc/Unsafe;->getObject(Ljava/lang/Object;J)Ljava/lang/Object; (greylist, linking, allowed)
09-22 16:54:18.371  9899 10296 W .app.wallet.de: Accessing hidden method Lsun/misc/Unsafe;->getLong(Ljava/lang/Object;J)J (greylist,core-platform-api, linking, allowed)
09-22 16:54:18.371  9899 10296 W .app.wallet.de: Accessing hidden method Lsun/misc/Unsafe;->putInt(Ljava/lang/Object;JI)V (greylist, linking, allowed)
09-22 16:54:18.375  9899 10061 E DetoxCrashHandler: Crash detected!!! thread=detox.primary (605)
09-22 16:54:18.375  9899 10061 E DetoxCrashHandler: java.lang.RuntimeException: java.util.concurrent.ExecutionException: androidx.test.espresso.IdlingResourceTimeoutException: Wait for [com.wix.detox.reactnative.idlingresources.NetworkIdlingResource] to become idle timed out
09-22 16:54:18.375  9899 10061 E DetoxCrashHandler: 	at androidx.test.espresso.Espresso.onIdle(Espresso.java:15)
09-22 16:54:18.375  9899 10061 E DetoxCrashHandler: 	at com.wix.detox.TestEngineFacade.awaitIdle(TestEngineFacade.kt:12)
09-22 16:54:18.375  9899 10061 E DetoxCrashHandler: 	at com.wix.detox.adapters.server.ReadyActionHandler.handle(DetoxActionHandlers.kt:25)
09-22 16:54:18.375  9899 10061 E DetoxCrashHandler: 	at com.wix.detox.adapters.server.ActionsExecutor.executeAction$lambda-2$lambda-1(DetoxActionsDispatcher.kt:64)
09-22 16:54:18.375  9899 10061 E DetoxCrashHandler: 	at com.wix.detox.adapters.server.ActionsExecutor.$r8$lambda$nk3cF8ntnfFqbJOcVqd04vjb5nY(Unknown Source:0)
09-22 16:54:18.375  9899 10061 E DetoxCrashHandler: 	at com.wix.detox.adapters.server.ActionsExecutor$$ExternalSyntheticLambda0.run(Unknown Source:8)
09-22 16:54:18.375  9899 10061 E DetoxCrashHandler: 	at android.os.Handler.handleCallback(Handler.java:883)
09-22 16:54:18.375  9899 10061 E DetoxCrashHandler: 	at android.os.Handler.dispatchMessage(Handler.java:100)
09-22 16:54:18.375  9899 10061 E DetoxCrashHandler: 	at android.os.Looper.loop(Looper.java:214)
09-22 16:54:18.375  9899 10061 E DetoxCrashHandler: 	at com.wix.detox.adapters.server.ActionsExecutor._init_$lambda-0(DetoxActionsDispatcher.kt:50)
09-22 16:54:18.375  9899 10061 E DetoxCrashHandler: 	at com.wix.detox.adapters.server.ActionsExecutor.$r8$lambda$Hi5vyewqQiQqk57AkJy_cHqNGKY(Unknown Source:0)
09-22 16:54:18.375  9899 10061 E DetoxCrashHandler: 	at com.wix.detox.adapters.server.ActionsExecutor$$ExternalSyntheticLambda1.run(Unknown Source:4)
09-22 16:54:18.375  9899 10061 E DetoxCrashHandler: 	at java.lang.Thread.run(Thread.java:919)
09-22 16:54:18.375  9899 10061 E DetoxCrashHandler: Caused by: java.util.concurrent.ExecutionException: androidx.test.espresso.IdlingResourceTimeoutException: Wait for [com.wix.detox.reactnative.idlingresources.NetworkIdlingResource] to become idle timed out
09-22 16:54:18.375  9899 10061 E DetoxCrashHandler: 	at java.util.concurrent.FutureTask.report(FutureTask.java:123)
09-22 16:54:18.375  9899 10061 E DetoxCrashHandler: 	at java.util.concurrent.FutureTask.get(FutureTask.java:193)
09-22 16:54:18.375  9899 10061 E DetoxCrashHandler: 	at androidx.test.espresso.Espresso.onIdle(Espresso.java:10)
09-22 16:54:18.375  9899 10061 E DetoxCrashHandler: 	... 12 more
09-22 16:54:18.375  9899 10061 E DetoxCrashHandler: Caused by: androidx.test.espresso.IdlingResourceTimeoutException: Wait for [com.wix.detox.reactnative.idlingresources.NetworkIdlingResource] to become idle timed out
09-22 16:54:18.375  9899 10061 E DetoxCrashHandler: 	at androidx.test.espresso.IdlingPolicy.handleTimeout(IdlingPolicy.java:4)
09-22 16:54:18.375  9899 10061 E DetoxCrashHandler: 	at androidx.test.espresso.base.UiControllerImpl$5.resourcesHaveTimedOut(UiControllerImpl.java:1)
09-22 16:54:18.375  9899 10061 E DetoxCrashHandler: 	at androidx.test.espresso.base.IdlingResourceRegistry$Dispatcher.handleTimeout(IdlingResourceRegistry.java:4)
09-22 16:54:18.375  9899 10061 E DetoxCrashHandler: 	at androidx.test.espresso.base.IdlingResourceRegistry$Dispatcher.handleMessage(IdlingResourceRegistry.java:6)
09-22 16:54:18.375  9899 10061 E DetoxCrashHandler: 	at android.os.Handler.dispatchMessage(Handler.java:103)
09-22 16:54:18.375  9899 10061 E DetoxCrashHandler: 	at androidx.test.espresso.base.Interrogator.loopAndInterrogate(Interrogator.java:14)
09-22 16:54:18.375  9899 10061 E DetoxCrashHandler: 	at androidx.test.espresso.base.UiControllerImpl.loopUntil(UiControllerImpl.java:8)
09-22 16:54:18.375  9899 10061 E DetoxCrashHandler: 	at androidx.test.espresso.base.UiControllerImpl.loopMainThreadUntilIdle(UiControllerImpl.java:17)
09-22 16:54:18.375  9899 10061 E DetoxCrashHandler: 	at androidx.test.espresso.Espresso$1.run(Espresso.java:1)
09-22 16:54:18.375  9899 10061 E DetoxCrashHandler: 	at java.util.concurrent.Executors$RunnableAdapter.call(Executors.java:462)
09-22 16:54:18.375  9899 10061 E DetoxCrashHandler: 	at java.util.concurrent.FutureTask.run(FutureTask.java:266)
09-22 16:54:18.375  9899 10061 E DetoxCrashHandler: 	at android.os.Handler.handleCallback(Handler.java:883)
09-22 16:54:18.375  9899 10061 E DetoxCrashHandler: 	at android.os.Handler.dispatchMessage(Handler.java:100)
09-22 16:54:18.375  9899 10061 E DetoxCrashHandler: 	at android.os.Looper.loop(Looper.java:214)
09-22 16:54:18.375  9899 10061 E DetoxCrashHandler: 	at android.app.ActivityThread.main(ActivityThread.java:7356)
09-22 16:54:18.375  9899 10061 E DetoxCrashHandler: 	at java.lang.reflect.Method.invoke(Native Method)
09-22 16:54:18.375  9899 10061 E DetoxCrashHandler: 	at com.android.internal.os.RuntimeInit$MethodAndArgsCaller.run(RuntimeInit.java:492)
09-22 16:54:18.375  9899 10061 E DetoxCrashHandler: 	at com.android.internal.os.ZygoteInit.main(ZygoteInit.java:930)
09-22 16:54:18.376  9899 10061 I DetoxWSClient: Sending out action 'AppWillTerminateWithError' (ID #-10000)
09-22 16:54:18.385  9899  9899 I Detox   : Network is busy, with 4 in-flight calls
09-22 16:54:18.435  9899  9899 I chatty  : uid=10147(so.onekey.app.wallet.dev) identical 74 lines
09-22 16:54:18.435  9899  9899 I Detox   : Network is busy, with 4 in-flight calls
09-22 16:54:18.452  9899  9899 I Detox   : Network is busy, with 4 in-flight calls
09-22 16:54:18.602  9899  9899 I chatty  : uid=10147(so.onekey.app.wallet.dev) identical 188 lines
09-22 16:54:18.602  9899  9899 I Detox   : Network is busy, with 4 in-flight calls
09-22 16:54:18.604  9899 10157 W .app.wallet.de: Accessing hidden method Lsun/misc/Unsafe;->getObject(Ljava/lang/Object;J)Ljava/lang/Object; (greylist, linking, allowed)
09-22 16:54:18.605  9899 10296 W .app.wallet.de: Accessing hidden method Lsun/misc/Unsafe;->getObject(Ljava/lang/Object;J)Ljava/lang/Object; (greylist, linking, allowed)
09-22 16:54:18.605  9899 10296 W .app.wallet.de: Accessing hidden method Lsun/misc/Unsafe;->putInt(Ljava/lang/Object;JI)V (greylist, linking, allowed)
09-22 16:54:18.605  9899 10296 W .app.wallet.de: Accessing hidden method Lsun/misc/Unsafe;->getObject(Ljava/lang/Object;J)Ljava/lang/Object; (greylist, linking, allowed)
09-22 16:54:18.605  9899 10296 W .app.wallet.de: Accessing hidden method Lsun/misc/Unsafe;->getObject(Ljava/lang/Object;J)Ljava/lang/Object; (greylist, linking, allowed)
09-22 16:54:18.605  9899 10296 W .app.wallet.de: Accessing hidden method Lsun/misc/Unsafe;->getLong(Ljava/lang/Object;J)J (greylist,core-platform-api, linking, allowed)
09-22 16:54:18.605  9899 10296 W .app.wallet.de: Accessing hidden method Lsun/misc/Unsafe;->getObject(Ljava/lang/Object;J)Ljava/lang/Object; (greylist, linking, allowed)
09-22 16:54:18.605  9899 10296 W .app.wallet.de: Accessing hidden method Lsun/misc/Unsafe;->putInt(Ljava/lang/Object;JI)V (greylist, linking, allowed)
09-22 16:54:18.619  9899  9899 I Detox   : Network is busy, with 3 in-flight calls
09-22 16:54:18.619  9899  9899 I chatty  : uid=10147(so.onekey.app.wallet.dev) identical 17 lines
09-22 16:54:18.619  9899  9899 I Detox   : Network is busy, with 3 in-flight calls
09-22 16:54:18.624  9899 10156 W .app.wallet.de: Accessing hidden method Lsun/misc/Unsafe;->getObject(Ljava/lang/Object;J)Ljava/lang/Object; (greylist, linking, allowed)
09-22 16:54:18.624  9899 10296 W .app.wallet.de: Accessing hidden method Lsun/misc/Unsafe;->getObject(Ljava/lang/Object;J)Ljava/lang/Object; (greylist, linking, allowed)
09-22 16:54:18.624  9899 10296 W .app.wallet.de: Accessing hidden method Lsun/misc/Unsafe;->putInt(Ljava/lang/Object;JI)V (greylist, linking, allowed)
09-22 16:54:18.624  9899 10296 W .app.wallet.de: Accessing hidden method Lsun/misc/Unsafe;->getObject(Ljava/lang/Object;J)Ljava/lang/Object; (greylist, linking, allowed)
09-22 16:54:18.624  9899 10296 W .app.wallet.de: Accessing hidden method Lsun/misc/Unsafe;->getObject(Ljava/lang/Object;J)Ljava/lang/Object; (greylist, linking, allowed)
09-22 16:54:18.624  9899 10296 W .app.wallet.de: Accessing hidden method Lsun/misc/Unsafe;->getLong(Ljava/lang/Object;J)J (greylist,core-platform-api, linking, allowed)
09-22 16:54:18.624  9899 10296 W .app.wallet.de: Accessing hidden method Lsun/misc/Unsafe;->getObject(Ljava/lang/Object;J)Ljava/lang/Object; (greylist, linking, allowed)
09-22 16:54:18.624  9899 10296 W .app.wallet.de: Accessing hidden method Lsun/misc/Unsafe;->putInt(Ljava/lang/Object;JI)V (greylist, linking, allowed)
09-22 16:54:18.635  9899  9899 I Detox   : Network is busy, with 3 in-flight calls
09-22 16:54:18.635  9899  9899 I chatty  : uid=10147(so.onekey.app.wallet.dev) identical 17 lines
09-22 16:54:18.635  9899  9899 I Detox   : Network is busy, with 3 in-flight calls
09-22 16:54:18.652  9899  9899 I Detox   : Network is busy, with 2 in-flight calls
09-22 16:54:20.436  9899  9899 I chatty  : uid=10147(so.onekey.app.wallet.dev) identical 2050 lines
09-22 16:54:20.436  9899  9899 I Detox   : Network is busy, with 2 in-flight calls
09-22 16:54:20.452  9899  9899 I Detox   : Network is busy, with 2 in-flight calls
09-22 16:54:20.739  9899  9899 I chatty  : uid=10147(so.onekey.app.wallet.dev) identical 340 lines
09-22 16:54:20.739  9899  9899 I Detox   : Network is busy, with 2 in-flight calls
09-22 16:54:20.744  9899 10196 W .app.wallet.de: Accessing hidden method Lsun/misc/Unsafe;->getObject(Ljava/lang/Object;J)Ljava/lang/Object; (greylist, linking, allowed)
09-22 16:54:20.746  9899 10296 W .app.wallet.de: Accessing hidden method Lsun/misc/Unsafe;->getObject(Ljava/lang/Object;J)Ljava/lang/Object; (greylist, linking, allowed)
09-22 16:54:20.746  9899 10296 W .app.wallet.de: Accessing hidden method Lsun/misc/Unsafe;->putInt(Ljava/lang/Object;JI)V (greylist, linking, allowed)
09-22 16:54:20.746  9899 10296 W .app.wallet.de: Accessing hidden method Lsun/misc/Unsafe;->getObject(Ljava/lang/Object;J)Ljava/lang/Object; (greylist, linking, allowed)
09-22 16:54:20.753  9899  9899 I Detox   : Network is busy, with 2 in-flight calls
09-22 16:54:22.458  9899  9899 I chatty  : uid=10147(so.onekey.app.wallet.dev) identical 1955 lines
09-22 16:54:22.458  9899  9899 I Detox   : Network is busy, with 2 in-flight calls
09-22 16:54:22.471  9899  9899 I Detox   : Network is busy, with 2 in-flight calls
09-22 16:54:23.419  9899  9899 I chatty  : uid=10147(so.onekey.app.wallet.dev) .app.wallet.dev identical 1100 lines
09-22 16:54:23.419  9899  9899 I Detox   : Network is busy, with 2 in-flight calls
