09-22 16:53:11.586  9899 10089 W SoLoader: 	at com.facebook.react.ReactInstanceManager.setupReactContext(ReactInstanceManager.java:1183)
09-22 16:53:11.586  9899 10089 W SoLoader: 	at com.facebook.react.ReactInstanceManager.access$1600(ReactInstanceManager.java:135)
09-22 16:53:11.586  9899 10089 W SoLoader: 	at com.facebook.react.ReactInstanceManager$5$2.run(ReactInstanceManager.java:1137)
09-22 16:53:11.586  9899 10089 W SoLoader: 	at android.os.Handler.handleCallback(Handler.java:883)
09-22 16:53:11.586  9899 10089 W SoLoader: 	at android.os.Handler.dispatchMessage(Handler.java:100)
09-22 16:53:11.586  9899 10089 W SoLoader: 	at com.facebook.react.bridge.queue.MessageQueueThreadHandler.dispatchMessage(MessageQueueThreadHandler.java:27)
09-22 16:53:11.586  9899 10089 W SoLoader: 	at android.os.Looper.loop(Looper.java:214)
09-22 16:53:11.586  9899 10089 W SoLoader: 	at com.facebook.react.bridge.queue.MessageQueueThreadImpl$4.run(MessageQueueThreadImpl.java:228)
09-22 16:53:11.586  9899 10089 W SoLoader: 	at java.lang.Thread.run(Thread.java:919)
09-22 16:53:11.589  9899 10089 D SoLoader: libyoga.so found on /data/app/so.onekey.app.wallet.dev-l4KcIXL4m9xXjruuCBezUw==/base.apk!/lib/arm64-v8a
09-22 16:53:11.596  9899  9899 D DetoxRNLoading: Listener-proxy method called: onReactContextInitialized
09-22 16:53:11.596  9899  9899 I DetoxRNLoading: Got new RN-context async'ly through listener
09-22 16:53:11.597  9899  9899 D DetoxRNLoading: Listener-proxy method called: equals
09-22 16:53:11.598  9899 10061 I DetoxRNIdleRes: Setting up Espresso Idling Resources for React Native
09-22 16:53:11.600  9899  9899 V NFC     : this device does not have NFC support
09-22 16:53:11.600  9899  9899 D OKLiteManager: NFC starting success
09-22 16:53:11.606  9899 10061 D AsyncStorageIR: Checking whether a custom IR for Async-Storage is required... (legacy=false)
09-22 16:53:11.607  9899 10061 D AsyncStorageIR: IR for Async-Storage is required! (legacy=false)
09-22 16:53:11.607  9899 10061 D AsyncStorageIR: Checking whether a custom IR for Async-Storage is required... (legacy=true)
09-22 16:53:11.607  9899 10061 D DetoxRNHelpers: Native RN module resolution (class com.facebook.react.modules.storage.AsyncStorageModule): no such class
09-22 16:53:11.611  9899  9899 D AsyncStorageIR: Async-storage is busy!
09-22 16:53:11.614  9899 10061 I DetoxDispatcher: Done with action '_init'
09-22 16:53:11.614  9899 10061 I DetoxDispatcher: Handling action 'isReady' (ID #-1000)...
09-22 16:53:11.615  9899  9899 W .app.wallet.de: Accessing hidden method Landroid/os/MessageQueue;->next()Landroid/os/Message; (greylist, reflection, allowed)
09-22 16:53:11.615  9899  9899 W .app.wallet.de: Accessing hidden field Landroid/os/MessageQueue;->mMessages:Landroid/os/Message; (greylist, reflection, allowed)
09-22 16:53:11.615  9899  9899 W .app.wallet.de: Accessing hidden method Landroid/os/Message;->recycleUnchecked()V (greylist, reflection, allowed)
09-22 16:53:11.636  9899 10089 I flipper : flipper: FlipperClient::addPlugin Fresco
09-22 16:53:13.020  9899  9899 W UiControllerImpl: Waiting for: DYNAMIC_TASKS_HAVE_IDLED for 100 iterations.
09-22 16:53:13.496  9899 10088 I v8      : index.android.bundle:23253773: Invalid asm.js: Type mismatch in assignment
09-22 16:53:13.626  9899 10088 V SoLoader: libexpo-modules-core.so not found on /data/app/so.onekey.app.wallet.dev-l4KcIXL4m9xXjruuCBezUw==/lib/arm64
09-22 16:53:13.630  9899 10088 W SoLoader: libexpo-modules-core.so not found on /data/app/so.onekey.app.wallet.dev.test-mQYoqB9LTIbax14XSlG1Aw==/base.apk!/lib/arm64-v8a flag: 4
09-22 16:53:13.630  9899 10088 W SoLoader: java.lang.UnsatisfiedLinkError: dlopen failed: library "/data/app/so.onekey.app.wallet.dev.test-mQYoqB9LTIbax14XSlG1Aw==/base.apk!/lib/arm64-v8a/libexpo-modules-core.so" not found
09-22 16:53:13.630  9899 10088 W SoLoader: 	at java.lang.Runtime.load0(Runtime.java:938)
09-22 16:53:13.630  9899 10088 W SoLoader: 	at java.lang.System.load(System.java:1631)
09-22 16:53:13.630  9899 10088 W SoLoader: 	at com.facebook.soloader.SoLoader$1.load(SoLoader.java:558)
09-22 16:53:13.630  9899 10088 W SoLoader: 	at com.facebook.soloader.DirectApkSoSource.loadLibrary(DirectApkSoSource.java:81)
09-22 16:53:13.630  9899 10088 W SoLoader: 	at com.facebook.soloader.SoLoader.doLoadLibraryBySoName(SoLoader.java:1067)
09-22 16:53:13.630  9899 10088 W SoLoader: 	at com.facebook.soloader.SoLoader.loadLibraryBySoNameImpl(SoLoader.java:943)
09-22 16:53:13.630  9899 10088 W SoLoader: 	at com.facebook.soloader.SoLoader.loadLibraryBySoName(SoLoader.java:855)
09-22 16:53:13.630  9899 10088 W SoLoader: 	at com.facebook.soloader.SoLoader.loadLibrary(SoLoader.java:802)
09-22 16:53:13.630  9899 10088 W SoLoader: 	at com.facebook.soloader.SoLoader.loadLibrary(SoLoader.java:772)
09-22 16:53:13.630  9899 10088 W SoLoader: 	at expo.modules.kotlin.jni.JSIInteropModuleRegistry.<clinit>(JSIInteropModuleRegistry.kt:120)
09-22 16:53:13.630  9899 10088 W SoLoader: 	at expo.modules.kotlin.AppContext.installJSIInterop(AppContext.kt:127)
09-22 16:53:13.630  9899 10088 W SoLoader: 	at expo.modules.kotlin.KotlinInteropModuleRegistry.installJSIInterop(KotlinInteropModuleRegistry.kt:127)
09-22 16:53:13.630  9899 10088 W SoLoader: 	at expo.modules.adapters.react.NativeModulesProxy.getConstants(NativeModulesProxy.java:102)
09-22 16:53:13.630  9899 10088 W SoLoader: 	at com.facebook.react.bridge.JavaModuleWrapper.getConstants(JavaModuleWrapper.java:142)
09-22 16:53:13.630  9899 10088 W SoLoader: 	at com.facebook.jni.NativeRunnable.run(Native Method)
09-22 16:53:13.630  9899 10088 W SoLoader: 	at android.os.Handler.handleCallback(Handler.java:883)
09-22 16:53:13.630  9899 10088 W SoLoader: 	at android.os.Handler.dispatchMessage(Handler.java:100)
09-22 16:53:13.630  9899 10088 W SoLoader: 	at com.facebook.react.bridge.queue.MessageQueueThreadHandler.dispatchMessage(MessageQueueThreadHandler.java:27)
09-22 16:53:13.630  9899 10088 W SoLoader: 	at android.os.Looper.loop(Looper.java:214)
09-22 16:53:13.630  9899 10088 W SoLoader: 	at com.facebook.react.bridge.queue.MessageQueueThreadImpl$4.run(MessageQueueThreadImpl.java:228)
09-22 16:53:13.630  9899 10088 W SoLoader: 	at java.lang.Thread.run(Thread.java:919)
09-22 16:53:13.693  9899 10088 D SoLoader: libexpo-modules-core.so found on /data/app/so.onekey.app.wallet.dev-l4KcIXL4m9xXjruuCBezUw==/base.apk!/lib/arm64-v8a
09-22 16:53:13.696  9899 10088 V SoLoader: libturbomodulejsijni.so not found on /data/app/so.onekey.app.wallet.dev-l4KcIXL4m9xXjruuCBezUw==/lib/arm64
09-22 16:53:13.698  9899 10088 W SoLoader: libturbomodulejsijni.so not found on /data/app/so.onekey.app.wallet.dev.test-mQYoqB9LTIbax14XSlG1Aw==/base.apk!/lib/arm64-v8a flag: 4
09-22 16:53:13.698  9899 10088 W SoLoader: java.lang.UnsatisfiedLinkError: dlopen failed: library "/data/app/so.onekey.app.wallet.dev.test-mQYoqB9LTIbax14XSlG1Aw==/base.apk!/lib/arm64-v8a/libturbomodulejsijni.so" not found
09-22 16:53:13.698  9899 10088 W SoLoader: 	at java.lang.Runtime.load0(Runtime.java:938)
09-22 16:53:13.698  9899 10088 W SoLoader: 	at java.lang.System.load(System.java:1631)
09-22 16:53:13.698  9899 10088 W SoLoader: 	at com.facebook.soloader.SoLoader$1.load(SoLoader.java:558)
09-22 16:53:13.698  9899 10088 W SoLoader: 	at com.facebook.soloader.DirectApkSoSource.loadLibrary(DirectApkSoSource.java:81)
09-22 16:53:13.698  9899 10088 W SoLoader: 	at com.facebook.soloader.SoLoader.doLoadLibraryBySoName(SoLoader.java:1067)
09-22 16:53:13.698  9899 10088 W SoLoader: 	at com.facebook.soloader.SoLoader.loadLibraryBySoNameImpl(SoLoader.java:943)
09-22 16:53:13.698  9899 10088 W SoLoader: 	at com.facebook.soloader.SoLoader.loadLibraryBySoName(SoLoader.java:855)
09-22 16:53:13.698  9899 10088 W SoLoader: 	at com.facebook.soloader.SoLoader.loadLibrary(SoLoader.java:802)
09-22 16:53:13.698  9899 10088 W SoLoader: 	at com.facebook.soloader.SoLoader.loadLibrary(SoLoader.java:772)
09-22 16:53:13.698  9899 10088 W SoLoader: 	at com.facebook.react.turbomodule.core.CallInvokerHolderImpl.maybeLoadSoLibrary(CallInvokerHolderImpl.java:32)
09-22 16:53:13.698  9899 10088 W SoLoader: 	at com.facebook.react.turbomodule.core.CallInvokerHolderImpl.<init>(CallInvokerHolderImpl.java:25)
09-22 16:53:13.698  9899 10088 W SoLoader: 	at com.facebook.react.bridge.CatalystInstanceImpl.getJSCallInvokerHolder(Native Method)
09-22 16:53:13.698  9899 10088 W SoLoader: 	at com.facebook.react.bridge.CatalystInstanceImpl.getJSCallInvokerHolder(CatalystInstanceImpl.java:46)
09-22 16:53:13.698  9899 10088 W SoLoader: 	at expo.modules.adapters.react.services.UIManagerModuleWrapper.getJSCallInvokerHolder(UIManagerModuleWrapper.java:214)
09-22 16:53:13.698  9899 10088 W SoLoader: 	at expo.modules.kotlin.AppContext.installJSIInterop(AppContext.kt:138)
09-22 16:53:13.698  9899 10088 W SoLoader: 	at expo.modules.kotlin.KotlinInteropModuleRegistry.installJSIInterop(KotlinInteropModuleRegistry.kt:127)
09-22 16:53:13.698  9899 10088 W SoLoader: 	at expo.modules.adapters.react.NativeModulesProxy.getConstants(NativeModulesProxy.java:102)
09-22 16:53:13.698  9899 10088 W SoLoader: 	at com.facebook.react.bridge.JavaModuleWrapper.getConstants(JavaModuleWrapper.java:142)
09-22 16:53:13.698  9899 10088 W SoLoader: 	at com.facebook.jni.NativeRunnable.run(Native Method)
09-22 16:53:13.698  9899 10088 W SoLoader: 	at android.os.Handler.handleCallback(Handler.java:883)
09-22 16:53:13.698  9899 10088 W SoLoader: 	at android.os.Handler.dispatchMessage(Handler.java:100)
09-22 16:53:13.698  9899 10088 W SoLoader: 	at com.facebook.react.bridge.queue.MessageQueueThreadHandler.dispatchMessage(MessageQueueThreadHandler.java:27)
09-22 16:53:13.698  9899 10088 W SoLoader: 	at android.os.Looper.loop(Looper.java:214)
09-22 16:53:13.698  9899 10088 W SoLoader: 	at com.facebook.react.bridge.queue.MessageQueueThreadImpl$4.run(MessageQueueThreadImpl.java:228)
09-22 16:53:13.698  9899 10088 W SoLoader: 	at java.lang.Thread.run(Thread.java:919)
09-22 16:53:13.702  9899 10088 D SoLoader: libturbomodulejsijni.so found on /data/app/so.onekey.app.wallet.dev-l4KcIXL4m9xXjruuCBezUw==/base.apk!/lib/arm64-v8a
09-22 16:53:13.703  9899 10088 I ExpoModulesCore: ✅ JSI interop was installed
09-22 16:53:13.732  9899 10088 I ExpoModulesCore: ✅ Constants were exported
09-22 16:53:13.767  9899 10088 V SoLoader: libreactnativeblob.so not found on /data/app/so.onekey.app.wallet.dev-l4KcIXL4m9xXjruuCBezUw==/lib/arm64
09-22 16:53:13.770  9899 10088 W SoLoader: libreactnativeblob.so not found on /data/app/so.onekey.app.wallet.dev.test-mQYoqB9LTIbax14XSlG1Aw==/base.apk!/lib/arm64-v8a flag: 4
09-22 16:53:13.770  9899 10088 W SoLoader: java.lang.UnsatisfiedLinkError: dlopen failed: library "/data/app/so.onekey.app.wallet.dev.test-mQYoqB9LTIbax14XSlG1Aw==/base.apk!/lib/arm64-v8a/libreactnativeblob.so" not found
09-22 16:53:13.770  9899 10088 W SoLoader: 	at java.lang.Runtime.load0(Runtime.java:938)
09-22 16:53:13.770  9899 10088 W SoLoader: 	at java.lang.System.load(System.java:1631)
09-22 16:53:13.770  9899 10088 W SoLoader: 	at com.facebook.soloader.SoLoader$1.load(SoLoader.java:558)
09-22 16:53:13.770  9899 10088 W SoLoader: 	at com.facebook.soloader.DirectApkSoSource.loadLibrary(DirectApkSoSource.java:81)
09-22 16:53:13.770  9899 10088 W SoLoader: 	at com.facebook.soloader.SoLoader.doLoadLibraryBySoName(SoLoader.java:1067)
09-22 16:53:13.770  9899 10088 W SoLoader: 	at com.facebook.soloader.SoLoader.loadLibraryBySoNameImpl(SoLoader.java:943)
09-22 16:53:13.770  9899 10088 W SoLoader: 	at com.facebook.soloader.SoLoader.loadLibraryBySoName(SoLoader.java:855)
09-22 16:53:13.770  9899 10088 W SoLoader: 	at com.facebook.soloader.SoLoader.loadLibrary(SoLoader.java:802)
09-22 16:53:13.770  9899 10088 W SoLoader: 	at com.facebook.soloader.SoLoader.loadLibrary(SoLoader.java:772)
09-22 16:53:13.770  9899 10088 W SoLoader: 	at com.facebook.react.modules.blob.BlobCollector.<clinit>(BlobCollector.java:16)
09-22 16:53:13.770  9899 10088 W SoLoader: 	at com.facebook.react.modules.blob.BlobCollector.install(BlobCollector.java:20)
09-22 16:53:13.770  9899 10088 W SoLoader: 	at com.facebook.react.modules.blob.BlobModule.initialize(BlobModule.java:149)
09-22 16:53:13.770  9899 10088 W SoLoader: 	at com.facebook.react.bridge.ModuleHolder.doInitialize(ModuleHolder.java:236)
09-22 16:53:13.770  9899 10088 W SoLoader: 	at com.facebook.react.bridge.ModuleHolder.create(ModuleHolder.java:201)
09-22 16:53:13.770  9899 10088 W SoLoader: 	at com.facebook.react.bridge.ModuleHolder.getModule(ModuleHolder.java:156)
09-22 16:53:13.770  9899 10088 W SoLoader: 	at com.facebook.react.bridge.JavaModuleWrapper.getModule(JavaModuleWrapper.java:58)
09-22 16:53:13.770  9899 10088 W SoLoader: 	at com.facebook.react.bridge.JavaModuleWrapper.getConstants(JavaModuleWrapper.java:139)
09-22 16:53:13.770  9899 10088 W SoLoader: 	at com.facebook.jni.NativeRunnable.run(Native Method)
09-22 16:53:13.770  9899 10088 W SoLoader: 	at android.os.Handler.handleCallback(Handler.java:883)
09-22 16:53:13.770  9899 10088 W SoLoader: 	at android.os.Handler.dispatchMessage(Handler.java:100)
09-22 16:53:13.770  9899 10088 W SoLoader: 	at com.facebook.react.bridge.queue.MessageQueueThreadHandler.dispatchMessage(MessageQueueThreadHandler.java:27)
09-22 16:53:13.770  9899 10088 W SoLoader: 	at android.os.Looper.loop(Looper.java:214)
09-22 16:53:13.770  9899 10088 W SoLoader: 	at com.facebook.react.bridge.queue.MessageQueueThreadImpl$4.run(MessageQueueThreadImpl.java:228)
09-22 16:53:13.770  9899 10088 W SoLoader: 	at java.lang.Thread.run(Thread.java:919)
09-22 16:53:13.773  9899 10088 D SoLoader: libreactnativeblob.so found on /data/app/so.onekey.app.wallet.dev-l4KcIXL4m9xXjruuCBezUw==/base.apk!/lib/arm64-v8a
09-22 16:53:13.774  9899 10088 I ReactNativeJS: Shims Injected: TextDecoder
09-22 16:53:13.774  9899 10088 I ReactNativeJS: Shims Injected: Buffer
09-22 16:53:13.774  9899 10088 I ReactNativeJS: Shims Injected: crypto
09-22 16:53:13.783  9899 10088 I ReactNativeJS: Shims Injected: atob
09-22 16:53:13.783  9899 10088 I ReactNativeJS: Shims Injected: btoa
09-22 16:53:13.783  9899 10088 I ReactNativeJS: Shims Injected: nextTick
09-22 16:53:13.784  9899 10088 I ReactNativeJS: Shims Injected: FileReader.prototype.readAsArrayBuffer
09-22 16:53:13.784  9899 10088 I ReactNativeJS: polyfillsPlatform.native shim loaded
09-22 16:53:13.796  9899 10088 I MMKV    : Loading C++ library...
09-22 16:53:13.798  9899 10088 I MMKV    : Installing MMKV JSI Bindings for MMKV root directory: /data/user/0/so.onekey.app.wallet.dev/files/mmkv
09-22 16:53:13.799  9899 10088 I MMKV    : <MMKV.cpp:165::initialize> version v1.2.15, page size 4096, arch arm64-v8a
09-22 16:53:13.799  9899 10088 I MMKV    : <MMKV.cpp:176::initialize> armv8 AES instructions is supported
09-22 16:53:13.799  9899 10088 I MMKV    : <MMKV.cpp:184::initialize> armv8 CRC32 instructions is supported
09-22 16:53:13.799  9899 10088 I MMKV    : <MMKV.cpp:208::initializeMMKV> root dir: /data/user/0/so.onekey.app.wallet.dev/files/mmkv
09-22 16:53:13.799  9899 10088 I MMKV    : Successfully installed MMKV JSI Bindings!
09-22 16:53:13.799  9899 10088 I RNMMKV  : Creating MMKV instance "onekey-app-setting"... (Path: , Encryption-Key: )
09-22 16:53:13.799  9899 10088 I MMKV    : <MemoryFile.cpp:97::open> open fd[0x96], /data/user/0/so.onekey.app.wallet.dev/files/mmkv/onekey-app-setting
09-22 16:53:13.799  9899 10088 I MMKV    : <MemoryFile.cpp:97::open> open fd[0x97], /data/user/0/so.onekey.app.wallet.dev/files/mmkv/onekey-app-setting.crc
09-22 16:53:13.799  9899 10088 I MMKV    : <MMKV_IO.cpp:81::loadFromFile> loading [onekey-app-setting] with 0 actual size, file size 4096, InterProcess 0, meta info version:0
09-22 16:53:13.799  9899 10088 I MMKV    : <MMKV_IO.cpp:130::loadFromFile> loaded [onekey-app-setting] with 0 key-values
09-22 16:53:14.065  9899 10088 W ReactNativeJS: debugLogger init warning, neither `global.$$onekeyAppStorage` nor `window.localStorage` found.
09-22 16:53:14.083  9899 10089 W System.err: java.lang.Exception: File does not exist
09-22 16:53:14.083  9899 10089 W System.err: 	at com.rnfs.RNFSManager.unlink(RNFSManager.java:654)
09-22 16:53:14.083  9899 10089 W System.err: 	at java.lang.reflect.Method.invoke(Native Method)
09-22 16:53:14.083  9899 10089 W System.err: 	at com.facebook.react.bridge.JavaMethodWrapper.invoke(JavaMethodWrapper.java:372)
09-22 16:53:14.083  9899 10089 W System.err: 	at com.facebook.react.bridge.JavaModuleWrapper.invoke(JavaModuleWrapper.java:188)
09-22 16:53:14.083  9899 10089 W System.err: 	at com.facebook.jni.NativeRunnable.run(Native Method)
09-22 16:53:14.083  9899 10089 W System.err: 	at android.os.Handler.handleCallback(Handler.java:883)
09-22 16:53:14.083  9899 10089 W System.err: 	at android.os.Handler.dispatchMessage(Handler.java:100)
09-22 16:53:14.083  9899 10089 W System.err: 	at com.facebook.react.bridge.queue.MessageQueueThreadHandler.dispatchMessage(MessageQueueThreadHandler.java:27)
09-22 16:53:14.083  9899 10089 W System.err: 	at androidx.test.espresso.base.Interrogator.loopAndInterrogate(Interrogator.java:14)
09-22 16:53:14.083  9899 10089 W System.err: 	at androidx.test.espresso.base.LooperIdlingResourceInterrogationHandler$2.run(LooperIdlingResourceInterrogationHandler.java:3)
09-22 16:53:14.083  9899 10089 W System.err: 	at android.os.Handler.handleCallback(Handler.java:883)
09-22 16:53:14.083  9899 10089 W System.err: 	at android.os.Handler.dispatchMessage(Handler.java:100)
09-22 16:53:14.083  9899 10089 W System.err: 	at android.os.Looper.loop(Looper.java:214)
09-22 16:53:14.083  9899 10089 W System.err: 	at com.facebook.react.bridge.queue.MessageQueueThreadImpl$4.run(MessageQueueThreadImpl.java:228)
09-22 16:53:14.083  9899 10089 W System.err: 	at java.lang.Thread.run(Thread.java:919)
09-22 16:53:14.096  9899 10088 V SoLoader: librealm.so not found on /data/app/so.onekey.app.wallet.dev-l4KcIXL4m9xXjruuCBezUw==/lib/arm64
09-22 16:53:14.101  9899 10088 V SoLoader: libz.so not found on /data/app/so.onekey.app.wallet.dev-l4KcIXL4m9xXjruuCBezUw==/lib/arm64
09-22 16:53:14.101  9899 10088 V SoLoader: libz.so not found on /data/app/so.onekey.app.wallet.dev.test-mQYoqB9LTIbax14XSlG1Aw==/base.apk!/lib/arm64-v8a
09-22 16:53:14.101  9899 10088 V SoLoader: libz.so not found on /data/app/so.onekey.app.wallet.dev-l4KcIXL4m9xXjruuCBezUw==/base.apk!/lib/arm64-v8a
09-22 16:53:14.101  9899 10088 D SoLoader: libz.so found on /system/lib64
09-22 16:53:14.101  9899 10088 D SoLoader: libz.so loaded implicitly
09-22 16:53:14.102  9899 10088 W SoLoader: librealm.so not found on /data/app/so.onekey.app.wallet.dev.test-mQYoqB9LTIbax14XSlG1Aw==/base.apk!/lib/arm64-v8a flag: 4
09-22 16:53:14.102  9899 10088 W SoLoader: java.lang.UnsatisfiedLinkError: dlopen failed: library "/data/app/so.onekey.app.wallet.dev.test-mQYoqB9LTIbax14XSlG1Aw==/base.apk!/lib/arm64-v8a/librealm.so" not found
09-22 16:53:14.102  9899 10088 W SoLoader: 	at java.lang.Runtime.load0(Runtime.java:938)
09-22 16:53:14.102  9899 10088 W SoLoader: 	at java.lang.System.load(System.java:1631)
09-22 16:53:14.102  9899 10088 W SoLoader: 	at com.facebook.soloader.SoLoader$1.load(SoLoader.java:558)
09-22 16:53:14.102  9899 10088 W SoLoader: 	at com.facebook.soloader.DirectApkSoSource.loadLibrary(DirectApkSoSource.java:81)
09-22 16:53:14.102  9899 10088 W SoLoader: 	at com.facebook.soloader.SoLoader.doLoadLibraryBySoName(SoLoader.java:1067)
09-22 16:53:14.102  9899 10088 W SoLoader: 	at com.facebook.soloader.SoLoader.loadLibraryBySoNameImpl(SoLoader.java:943)
09-22 16:53:14.102  9899 10088 W SoLoader: 	at com.facebook.soloader.SoLoader.loadLibraryBySoName(SoLoader.java:855)
09-22 16:53:14.102  9899 10088 W SoLoader: 	at com.facebook.soloader.SoLoader.loadLibrary(SoLoader.java:802)
09-22 16:53:14.102  9899 10088 W SoLoader: 	at com.facebook.soloader.SoLoader.loadLibrary(SoLoader.java:772)
09-22 16:53:14.102  9899 10088 W SoLoader: 	at io.realm.react.RealmReactModule.<clinit>(RealmReactModule.java:57)
09-22 16:53:14.102  9899 10088 W SoLoader: 	at io.realm.react.RealmReactPackage.getModule(RealmReactPackage.java:35)
09-22 16:53:14.102  9899 10088 W SoLoader: 	at com.facebook.react.TurboReactPackage$ModuleHolderProvider.get(TurboReactPackage.java:161)
09-22 16:53:14.102  9899 10088 W SoLoader: 	at com.facebook.react.TurboReactPackage$ModuleHolderProvider.get(TurboReactPackage.java:149)
09-22 16:53:14.102  9899 10088 W SoLoader: 	at com.facebook.react.bridge.ModuleHolder.create(ModuleHolder.java:191)
09-22 16:53:14.102  9899 10088 W SoLoader: 	at com.facebook.react.bridge.ModuleHolder.getModule(ModuleHolder.java:156)
09-22 16:53:14.102  9899 10088 W SoLoader: 	at com.facebook.react.bridge.JavaModuleWrapper.findMethods(JavaModuleWrapper.java:71)
09-22 16:53:14.102  9899 10088 W SoLoader: 	at com.facebook.react.bridge.JavaModuleWrapper.getMethodDescriptors(JavaModuleWrapper.java:111)
09-22 16:53:14.102  9899 10088 W SoLoader: 	at com.facebook.jni.NativeRunnable.run(Native Method)
09-22 16:53:14.102  9899 10088 W SoLoader: 	at android.os.Handler.handleCallback(Handler.java:883)
09-22 16:53:14.102  9899 10088 W SoLoader: 	at android.os.Handler.dispatchMessage(Handler.java:100)
09-22 16:53:14.102  9899 10088 W SoLoader: 	at com.facebook.react.bridge.queue.MessageQueueThreadHandler.dispatchMessage(MessageQueueThreadHandler.java:27)
09-22 16:53:14.102  9899 10088 W SoLoader: 	at android.os.Looper.loop(Looper.java:214)
09-22 16:53:14.102  9899 10088 W SoLoader: 	at com.facebook.react.bridge.queue.MessageQueueThreadImpl$4.run(MessageQueueThreadImpl.java:228)
09-22 16:53:14.102  9899 10088 W SoLoader: 	at java.lang.Thread.run(Thread.java:919)
09-22 16:53:14.136  9899 10088 D SoLoader: librealm.so found on /data/app/so.onekey.app.wallet.dev-l4KcIXL4m9xXjruuCBezUw==/base.apk!/lib/arm64-v8a
09-22 16:53:14.136  9899 10088 V JSRealm : setDefaultRealmFileDirectory
09-22 16:53:14.137  9899 10088 D JSRealm : Absolute path: /data/data/so.onekey.app.wallet.dev/files
09-22 16:53:14.137  9899 10088 V JSRealm : install
09-22 16:53:14.137  9899 10088 V JSRealm : Building an exports object
09-22 16:53:14.137  9899 10088 V JSRealm : Initializing ...
09-22 16:53:14.190  9899 10088 W ReactNativeJS: @polkadot/api requires direct dependencies exactly matching version 10.7.1.
09-22 16:53:14.190  9899 10088 W ReactNativeJS: Either remove and explicitly install matching versions or dedupe using your package manager.
09-22 16:53:14.190  9899 10088 W ReactNativeJS: The following conflicting packages were found:
09-22 16:53:14.190  9899 10088 W ReactNativeJS: 	10.8.1	@polkadot/rpc-core
09-22 16:53:14.190  9899 10088 W ReactNativeJS: 	10.8.1	@polkadot/types-known
09-22 16:53:14.190  9899 10088 W ReactNativeJS: @polkadot/rpc-augment requires direct dependencies exactly matching version 10.8.1.
09-22 16:53:14.190  9899 10088 W ReactNativeJS: Either remove and explicitly install matching versions or dedupe using your package manager.
09-22 16:53:14.190  9899 10088 W ReactNativeJS: The following conflicting packages were found:
09-22 16:53:14.190  9899 10088 W ReactNativeJS: 	10.7.1	@polkadot/types
09-22 16:53:14.214  9899 10088 W ReactNativeJS: @polkadot/rpc-core requires direct dependencies exactly matching version 10.8.1.
09-22 16:53:14.214  9899 10088 W ReactNativeJS: Either remove and explicitly install matching versions or dedupe using your package manager.
09-22 16:53:14.214  9899 10088 W ReactNativeJS: The following conflicting packages were found:
09-22 16:53:14.214  9899 10088 W ReactNativeJS: 	10.7.1	@polkadot/rpc-provider
09-22 16:53:14.214  9899 10088 W ReactNativeJS: 	10.7.1	@polkadot/types
09-22 16:53:14.214  9899 10088 W ReactNativeJS: @polkadot/types requires direct dependencies exactly matching version 10.7.1.
09-22 16:53:14.214  9899 10088 W ReactNativeJS: Either remove and explicitly install matching versions or dedupe using your package manager.
09-22 16:53:14.214  9899 10088 W ReactNativeJS: The following conflicting packages were found:
09-22 16:53:14.214  9899 10088 W ReactNativeJS: 	10.8.1	@polkadot/types-codec
09-22 16:53:14.214  9899 10088 W ReactNativeJS: 	10.8.1	@polkadot/types-create
09-22 16:53:14.227  9899 10088 W ReactNativeJS: @polkadot/types-known requires direct dependencies exactly matching version 10.8.1.
09-22 16:53:14.227  9899 10088 W ReactNativeJS: Either remove and explicitly install matching versions or dedupe using your package manager.
09-22 16:53:14.227  9899 10088 W ReactNativeJS: The following conflicting packages were found:
09-22 16:53:14.227  9899 10088 W ReactNativeJS: 	10.7.1	@polkadot/types
09-22 16:53:14.276  9899 10088 V SoLoader: libreanimated.so not found on /data/app/so.onekey.app.wallet.dev-l4KcIXL4m9xXjruuCBezUw==/lib/arm64
09-22 16:53:14.279  9899 10088 W SoLoader: libreanimated.so not found on /data/app/so.onekey.app.wallet.dev.test-mQYoqB9LTIbax14XSlG1Aw==/base.apk!/lib/arm64-v8a flag: 4
09-22 16:53:14.279  9899 10088 W SoLoader: java.lang.UnsatisfiedLinkError: dlopen failed: library "/data/app/so.onekey.app.wallet.dev.test-mQYoqB9LTIbax14XSlG1Aw==/base.apk!/lib/arm64-v8a/libreanimated.so" not found
09-22 16:53:14.279  9899 10088 W SoLoader: 	at java.lang.Runtime.load0(Runtime.java:938)
09-22 16:53:14.279  9899 10088 W SoLoader: 	at java.lang.System.load(System.java:1631)
09-22 16:53:14.279  9899 10088 W SoLoader: 	at com.facebook.soloader.SoLoader$1.load(SoLoader.java:558)
09-22 16:53:14.279  9899 10088 W SoLoader: 	at com.facebook.soloader.DirectApkSoSource.loadLibrary(DirectApkSoSource.java:81)
09-22 16:53:14.279  9899 10088 W SoLoader: 	at com.facebook.soloader.SoLoader.doLoadLibraryBySoName(SoLoader.java:1067)
09-22 16:53:14.279  9899 10088 W SoLoader: 	at com.facebook.soloader.SoLoader.loadLibraryBySoNameImpl(SoLoader.java:943)
09-22 16:53:14.279  9899 10088 W SoLoader: 	at com.facebook.soloader.SoLoader.loadLibraryBySoName(SoLoader.java:855)
09-22 16:53:14.279  9899 10088 W SoLoader: 	at com.facebook.soloader.SoLoader.loadLibrary(SoLoader.java:802)
09-22 16:53:14.279  9899 10088 W SoLoader: 	at com.facebook.soloader.SoLoader.loadLibrary(SoLoader.java:772)
09-22 16:53:14.279  9899 10088 W SoLoader: 	at com.swmansion.reanimated.nativeProxy.NativeProxyCommon.<clinit>(NativeProxyCommon.java:33)
09-22 16:53:14.279  9899 10088 W SoLoader: 	at com.swmansion.reanimated.NodesManager.initWithContext(NodesManager.java:112)
09-22 16:53:14.279  9899 10088 W SoLoader: 	at com.swmansion.reanimated.ReanimatedModule.installTurboModule(ReanimatedModule.java:100)
09-22 16:53:14.279  9899 10088 W SoLoader: 	at com.facebook.jni.NativeRunnable.run(Native Method)
09-22 16:53:14.279  9899 10088 W SoLoader: 	at android.os.Handler.handleCallback(Handler.java:883)
09-22 16:53:14.279  9899 10088 W SoLoader: 	at android.os.Handler.dispatchMessage(Handler.java:100)
09-22 16:53:14.279  9899 10088 W SoLoader: 	at com.facebook.react.bridge.queue.MessageQueueThreadHandler.dispatchMessage(MessageQueueThreadHandler.java:27)
09-22 16:53:14.279  9899 10088 W SoLoader: 	at android.os.Looper.loop(Looper.java:214)
09-22 16:53:14.279  9899 10088 W SoLoader: 	at com.facebook.react.bridge.queue.MessageQueueThreadImpl$4.run(MessageQueueThreadImpl.java:228)
09-22 16:53:14.279  9899 10088 W SoLoader: 	at java.lang.Thread.run(Thread.java:919)
09-22 16:53:14.295  9899 10088 D SoLoader: libreanimated.so found on /data/app/so.onekey.app.wallet.dev-l4KcIXL4m9xXjruuCBezUw==/base.apk!/lib/arm64-v8a
09-22 16:53:14.420  9899 10088 I RNMMKV  : Creating MMKV instance "obsPersist"... (Path: , Encryption-Key: )
09-22 16:53:14.420  9899 10088 I MMKV    : <MemoryFile.cpp:97::open> open fd[0xae], /data/user/0/so.onekey.app.wallet.dev/files/mmkv/obsPersist
09-22 16:53:14.420  9899 10088 I MMKV    : <MemoryFile.cpp:97::open> open fd[0xaf], /data/user/0/so.onekey.app.wallet.dev/files/mmkv/obsPersist.crc
09-22 16:53:14.420  9899 10088 I MMKV    : <MMKV_IO.cpp:81::loadFromFile> loading [obsPersist] with 0 actual size, file size 4096, InterProcess 0, meta info version:0
09-22 16:53:14.420  9899 10088 I MMKV    : <MMKV_IO.cpp:130::loadFromFile> loaded [obsPersist] with 0 key-values
09-22 16:53:14.434  9899 10088 W ReactNativeJS: `new NativeEventEmitter()` was called with a non-null argument without the required `addListener` method.
09-22 16:53:14.434  9899 10088 W ReactNativeJS: `new NativeEventEmitter()` was called with a non-null argument without the required `removeListeners` method.
09-22 16:53:14.523  9899 10088 I ReactNativeJS: Running "main
09-22 16:53:14.534  9899 10088 I ReactNativeJNI: Memory warning (pressure level: TRIM_MEMORY_RUNNING_MODERATE) received by JS VM, ignoring because it's non-severe
09-22 16:53:14.546  9899 10079 W .app.wallet.de: Accessing hidden method Ljava/io/ObjectStreamClass;->getConstructorId(Ljava/lang/Class;)J (greylist, reflection, allowed)
09-22 16:53:14.546  9899 10079 W .app.wallet.de: Accessing hidden field Lsun/misc/Unsafe;->theUnsafe:Lsun/misc/Unsafe; (greylist, reflection, allowed)
09-22 16:53:14.556  9899  9899 I ReactNative: [GESTURE HANDLER] Initialize gesture handler for root view com.facebook.react.ReactRootView{d5adf17 V.E...... ......ID 0,0-1080,2022 #b}
09-22 16:53:14.697  9899 10088 D RNFBCrashlyticsInit: isCrashlyticsCollectionEnabled via RNFBMeta: true
09-22 16:53:14.697  9899 10088 D RNFBCrashlyticsInit: isCrashlyticsCollectionEnabled after checking crashlytics_debug_enabled: false
09-22 16:53:14.697  9899 10088 D RNFBCrashlyticsInit: isCrashlyticsCollectionEnabled final value: false
09-22 16:53:14.697  9899 10088 D RNFBCrashlyticsInit: isErrorGenerationOnJSCrashEnabled via RNFBJSON: true
09-22 16:53:14.697  9899 10088 D RNFBCrashlyticsInit: isErrorGenerationOnJSCrashEnabled final value: true
09-22 16:53:14.697  9899 10088 D RNFBCrashlyticsInit: isCrashlyticsJavascriptExceptionHandlerChainingEnabled via RNFBJSON: true
09-22 16:53:14.697  9899 10088 D RNFBCrashlyticsInit: isCrashlyticsJavascriptExceptionHandlerChainingEnabled final value: true
09-22 16:53:14.700  9899 10089 W .app.wallet.de: Accessing hidden field Landroid/app/ActivityThread;->sCurrentActivityThread:Landroid/app/ActivityThread; (greylist, reflection, allowed)
09-22 16:53:14.700  9899 10089 W .app.wallet.de: Accessing hidden method Landroid/app/ActivityThread;->getApplication()Landroid/app/Application; (greylist, reflection, allowed)
09-22 16:53:14.704  9899 10089 D ActionManager: addAction type:JPUSH,action:cn.jpush.android.helper.b
09-22 16:53:14.706  9899 10089 W .app.wallet.de: Accessing hidden method Landroid/app/ActivityThread;->currentActivityThread()Landroid/app/ActivityThread; (greylist, reflection, allowed)
09-22 16:53:14.707  9899 10089 W .app.wallet.de: Accessing hidden field Landroid/app/ActivityThread;->mActivities:Landroid/util/ArrayMap; (greylist, reflection, allowed)
09-22 16:53:14.707  9899 10089 W .app.wallet.de: Accessing hidden field Landroid/app/ActivityThread$ActivityClientRecord;->paused:Z (greylist, reflection, allowed)
09-22 16:53:14.707  9899 10089 W .app.wallet.de: Accessing hidden field Landroid/app/ActivityThread$ActivityClientRecord;->activity:Landroid/app/Activity; (greylist, reflection, allowed)
09-22 16:53:14.712  9899 10089 W .app.wallet.de: Accessing hidden method Landroid/view/Window;->getInsetsController()Landroid/view/WindowInsetsController; (blacklist, linking, denied)
09-22 16:53:14.715  9899 10089 D RNFBCrashlyticsInit: isCrashlyticsCollectionEnabled via RNFBMeta: true
09-22 16:53:14.715  9899 10089 D RNFBCrashlyticsInit: isCrashlyticsCollectionEnabled after checking crashlytics_debug_enabled: false
09-22 16:53:14.715  9899 10089 D RNFBCrashlyticsInit: isCrashlyticsCollectionEnabled final value: false
09-22 16:53:14.718  9899 10122 E JIGUANG-JOperate: [JOperateProccessHelper] The permission should be defined JO- so.onekey.app.wallet.dev.permission.JOPERATE_MESSAGE
09-22 16:53:14.722  9899 10122 E JIGUANG-JOperate: [JOperateProccessHelper] getReceiverPermission:so.onekey.app.wallet.dev.permission.JPUSH_MESSAGE
09-22 16:53:14.765  9899 10089 W unknown:ViewManagerPropertyUpdater: Could not find generated setter for class com.swmansion.rnscreens.ScreensShadowNode
09-22 16:53:14.789  9899 10141 E JIGUANG-JCore: [CheckManifestHelper] errorcode:1008,Invalid appKey : 1, Please get your Appkey from JIGUANG web console!
09-22 16:53:14.796  9899 10141 I chatty  : uid=10147(so.onekey.app.wallet.dev) jg_mn_pool_thre identical 4 lines
09-22 16:53:14.798  9899 10141 E JIGUANG-JCore: [CheckManifestHelper] errorcode:1008,Invalid appKey : 1, Please get your Appkey from JIGUANG web console!
09-22 16:53:14.803  9899 10139 V SoLoader: libimagepipeline.so not found on /data/app/so.onekey.app.wallet.dev-l4KcIXL4m9xXjruuCBezUw==/lib/arm64
09-22 16:53:14.809  9899 10139 V SoLoader: libjnigraphics.so not found on /data/app/so.onekey.app.wallet.dev-l4KcIXL4m9xXjruuCBezUw==/lib/arm64
09-22 16:53:14.809  9899 10139 V SoLoader: libjnigraphics.so not found on /data/app/so.onekey.app.wallet.dev.test-mQYoqB9LTIbax14XSlG1Aw==/base.apk!/lib/arm64-v8a
09-22 16:53:14.809  9899 10139 V SoLoader: libjnigraphics.so not found on /data/app/so.onekey.app.wallet.dev-l4KcIXL4m9xXjruuCBezUw==/base.apk!/lib/arm64-v8a
09-22 16:53:14.809  9899 10139 D SoLoader: libjnigraphics.so found on /system/lib64
09-22 16:53:14.810  9899 10139 D SoLoader: libjnigraphics.so loaded implicitly
09-22 16:53:14.817  9899 10139 W SoLoader: libimagepipeline.so not found on /data/app/so.onekey.app.wallet.dev.test-mQYoqB9LTIbax14XSlG1Aw==/base.apk!/lib/arm64-v8a flag: 4
09-22 16:53:14.817  9899 10139 W SoLoader: java.lang.UnsatisfiedLinkError: dlopen failed: library "/data/app/so.onekey.app.wallet.dev.test-mQYoqB9LTIbax14XSlG1Aw==/base.apk!/lib/arm64-v8a/libimagepipeline.so" not found
09-22 16:53:14.817  9899 10139 W SoLoader: 	at java.lang.Runtime.load0(Runtime.java:938)
09-22 16:53:14.817  9899 10139 W SoLoader: 	at java.lang.System.load(System.java:1631)
09-22 16:53:14.817  9899 10139 W SoLoader: 	at com.facebook.soloader.SoLoader$1.load(SoLoader.java:558)
09-22 16:53:14.817  9899 10139 W SoLoader: 	at com.facebook.soloader.DirectApkSoSource.loadLibrary(DirectApkSoSource.java:81)
09-22 16:53:14.817  9899 10139 W SoLoader: 	at com.facebook.soloader.SoLoader.doLoadLibraryBySoName(SoLoader.java:1067)
09-22 16:53:14.817  9899 10139 W SoLoader: 	at com.facebook.soloader.SoLoader.loadLibraryBySoNameImpl(SoLoader.java:943)
09-22 16:53:14.817  9899 10139 W SoLoader: 	at com.facebook.soloader.SoLoader.loadLibraryBySoName(SoLoader.java:855)
09-22 16:53:14.817  9899 10139 W SoLoader: 	at com.facebook.soloader.SoLoader.loadLibrary(SoLoader.java:802)
09-22 16:53:14.817  9899 10139 W SoLoader: 	at com.facebook.soloader.NativeLoaderToSoLoaderDelegate.loadLibrary(NativeLoaderToSoLoaderDelegate.java:29)
09-22 16:53:14.817  9899 10139 W SoLoader: 	at com.facebook.soloader.nativeloader.NativeLoader.loadLibrary(NativeLoader.java:51)
09-22 16:53:14.817  9899 10139 W SoLoader: 	at com.facebook.soloader.nativeloader.NativeLoader.loadLibrary(NativeLoader.java:30)
09-22 16:53:14.817  9899 10139 W SoLoader: 	at com.facebook.imagepipeline.memory.NativeMemoryChunk.<clinit>(NativeMemoryChunk.java:33)
09-22 16:53:14.817  9899 10139 W SoLoader: 	at com.facebook.imagepipeline.memory.NativeMemoryChunkPool.alloc(NativeMemoryChunkPool.java:31)
09-22 16:53:14.817  9899 10139 W SoLoader: 	at com.facebook.imagepipeline.memory.NativeMemoryChunkPool.alloc(NativeMemoryChunkPool.java:16)
09-22 16:53:14.817  9899 10139 W SoLoader: 	at com.facebook.imagepipeline.memory.BasePool.get(BasePool.java:256)
09-22 16:53:14.817  9899 10139 W SoLoader: 	at com.facebook.imagepipeline.memory.MemoryPooledByteBufferOutputStream.<init>(MemoryPooledByteBufferOutputStream.java:55)
09-22 16:53:14.817  9899 10139 W SoLoader: 	at com.facebook.imagepipeline.memory.MemoryPooledByteBufferFactory.newByteBuffer(MemoryPooledByteBufferFactory.java:75)
09-22 16:53:14.817  9899 10139 W SoLoader: 	at com.facebook.imagepipeline.memory.MemoryPooledByteBufferFactory.newByteBuffer(MemoryPooledByteBufferFactory.java:25)
09-22 16:53:14.817  9899 10139 W SoLoader: 	at com.facebook.imagepipeline.producers.LocalFetchProducer.getByteBufferBackedEncodedImage(LocalFetchProducer.java:83)
09-22 16:53:14.817  9899 10139 W SoLoader: 	at com.facebook.imagepipeline.producers.LocalFetchProducer.getEncodedImage(LocalFetchProducer.java:93)
09-22 16:53:14.817  9899 10139 W SoLoader: 	at com.facebook.imagepipeline.producers.LocalResourceFetchProducer.getEncodedImage(LocalResourceFetchProducer.java:37)
09-22 16:53:14.817  9899 10139 W SoLoader: 	at com.facebook.imagepipeline.producers.LocalFetchProducer$1.getResult(LocalFetchProducer.java:47)
09-22 16:53:14.817  9899 10139 W SoLoader: 	at com.facebook.imagepipeline.producers.LocalFetchProducer$1.getResult(LocalFetchProducer.java:43)
09-22 16:53:14.817  9899 10139 W SoLoader: 	at com.facebook.common.executors.StatefulRunnable.run(StatefulRunnable.java:46)
09-22 16:53:14.817  9899 10139 W SoLoader: 	at java.util.concurrent.ThreadPoolExecutor.runWorker(ThreadPoolExecutor.java:1167)
09-22 16:53:14.817  9899 10139 W SoLoader: 	at java.util.concurrent.ThreadPoolExecutor$Worker.run(ThreadPoolExecutor.java:641)
09-22 16:53:14.817  9899 10139 W SoLoader: 	at com.facebook.imagepipeline.core.PriorityThreadFactory$1.run(PriorityThreadFactory.java:52)
09-22 16:53:14.817  9899 10139 W SoLoader: 	at java.lang.Thread.run(Thread.java:919)
09-22 16:53:14.839  9899 10139 D SoLoader: libimagepipeline.so found on /data/app/so.onekey.app.wallet.dev-l4KcIXL4m9xXjruuCBezUw==/base.apk!/lib/arm64-v8a
09-22 16:53:14.858  9899  9912 I .app.wallet.de: Background concurrent copying GC freed 76002(3903KB) AllocSpace objects, 8(352KB) LOS objects, 23% free, 19MB/25MB, paused 292us total 143.214ms
09-22 16:53:15.091  9899 10088 I ReactNativeJS: 'LazyRenderWhenFocus >>>>>>>>>> ', { shouldFreeze: true,
09-22 16:53:15.091  9899 10088 I ReactNativeJS:   freezeWhenBlur: undefined,
09-22 16:53:15.091  9899 10088 I ReactNativeJS:   rootTabName: 'market' }
09-22 16:53:15.113  9899 10088 I ReactNativeJS: 'LazyRenderWhenFocus >>>>>>>>>> ', { shouldFreeze: true,
09-22 16:53:15.113  9899 10088 I ReactNativeJS:   freezeWhenBlur: undefined,
09-22 16:53:15.113  9899 10088 I ReactNativeJS:   rootTabName: 'swap' }
09-22 16:53:15.146  9899 10088 I ReactNativeJS: 'LazyRenderWhenFocus >>>>>>>>>> ', { shouldFreeze: true,
09-22 16:53:15.146  9899 10088 I ReactNativeJS:   freezeWhenBlur: undefined,
09-22 16:53:15.146  9899 10088 I ReactNativeJS:   rootTabName: 'discover' }
09-22 16:53:15.189  9899 10088 I ReactNativeJS: 'LazyRenderWhenFocus >>>>>>>>>> ', { shouldFreeze: true,
09-22 16:53:15.189  9899 10088 I ReactNativeJS:   freezeWhenBlur: undefined,
09-22 16:53:15.189  9899 10088 I ReactNativeJS:   rootTabName: 'me' }
09-22 16:53:15.273  9899 10088 W ReactNativeJS: `new NativeEventEmitter()` was called with a non-null argument without the required `addListener` method.
09-22 16:53:15.273  9899 10088 W ReactNativeJS: `new NativeEventEmitter()` was called with a non-null argument without the required `removeListeners` method.
09-22 16:53:15.412  9899 10089 D RNFBCrashlyticsInit: isCrashlyticsCollectionEnabled via RNFBMeta: true
09-22 16:53:15.412  9899 10089 D RNFBCrashlyticsInit: isCrashlyticsCollectionEnabled after checking crashlytics_debug_enabled: false
09-22 16:53:15.412  9899 10089 D RNFBCrashlyticsInit: isCrashlyticsCollectionEnabled final value: false
09-22 16:53:15.456  9899 10051 I OpenGLRenderer: Davey! duration=735ms; Flags=1, IntendedVsync=1346356402002, Vsync=1346356402002, OldestInputEvent=9223372036854775807, NewestInputEvent=0, HandleInputStart=1346357291140, AnimationStart=1346357304265, PerformTraversalsStart=1346368196182, DrawStart=1347084040474, SyncQueued=1347084680266, SyncStart=1347084984557, IssueDrawCommandsStart=1347085046391, SwapBuffers=1347085641349, FrameCompleted=1347092600224, DequeueBufferDuration=274000, QueueBufferDuration=2790000, 
09-22 16:53:15.457  9899  9899 I Choreographer: Skipped 43 frames!  The application may be doing too much work on its main thread.
09-22 16:53:15.460  9899 10089 D RNFBCrashlyticsInit: isCrashlyticsCollectionEnabled via RNFBMeta: true
09-22 16:53:15.460  9899 10089 D RNFBCrashlyticsInit: isCrashlyticsCollectionEnabled after checking crashlytics_debug_enabled: false
09-22 16:53:15.460  9899 10089 D RNFBCrashlyticsInit: isCrashlyticsCollectionEnabled final value: false
09-22 16:53:15.495  9899 10051 I OpenGLRenderer: Davey! duration=758ms; Flags=1, IntendedVsync=1346373068668, Vsync=1347089735306, OldestInputEvent=9223372036854775807, NewestInputEvent=0, HandleInputStart=1347095035057, AnimationStart=1347095067099, PerformTraversalsStart=1347114033349, DrawStart=1347127753766, SyncQueued=1347127996349, SyncStart=1347128535016, IssueDrawCommandsStart=1347128556641, SwapBuffers=1347129133932, FrameCompleted=1347132114099, DequeueBufferDuration=195000, QueueBufferDuration=253000, 
09-22 16:53:15.499  9899  9899 W .app.wallet.de: Accessing hidden method Lsun/misc/Unsafe;->getObject(Ljava/lang/Object;J)Ljava/lang/Object; (greylist, linking, allowed)
09-22 16:53:15.500  9899 10057 W .app.wallet.de: Accessing hidden method Lsun/misc/Unsafe;->getInt(Ljava/lang/Object;J)I (greylist, linking, allowed)
09-22 16:53:15.500  9899 10057 W .app.wallet.de: Accessing hidden method Lsun/misc/Unsafe;->getObject(Ljava/lang/Object;J)Ljava/lang/Object; (greylist, linking, allowed)
09-22 16:53:15.500  9899 10057 I chatty  : uid=10147(so.onekey.app.wallet.dev) pool-5-thread-1 identical 1 line
09-22 16:53:15.507  9899 10057 W .app.wallet.de: Accessing hidden method Lsun/misc/Unsafe;->getObject(Ljava/lang/Object;J)Ljava/lang/Object; (greylist, linking, allowed)
09-22 16:53:15.509  9899 10057 W .app.wallet.de: Accessing hidden method Lsun/misc/Unsafe;->getLong(Ljava/lang/Object;J)J (greylist,core-platform-api, linking, allowed)
09-22 16:53:15.509  9899 10057 W .app.wallet.de: Accessing hidden method Lsun/misc/Unsafe;->getObject(Ljava/lang/Object;J)Ljava/lang/Object; (greylist, linking, allowed)
09-22 16:53:15.509  9899 10057 W .app.wallet.de: Accessing hidden method Lsun/misc/Unsafe;->putInt(Ljava/lang/Object;JI)V (greylist, linking, allowed)
09-22 16:53:15.758  9899  9899 D RenderScript HIDL Adaptation: IRenderScriptDevice::getService()
09-22 16:53:15.760  9899  9899 D RenderScript HIDL Adaptation: IRenderScriptDevice::getService() returned 0x0
09-22 16:53:15.760  9899  9899 D RenderScript HIDL Adaptation: Using Fallback Path.
09-22 16:53:15.772  9899  9899 D         : Successfully queried cache dir: /data/user_de/0/so.onekey.app.wallet.dev/code_cache
09-22 16:53:15.772  9899  9899 D RenderScript: Setting cache dir: /data/user_de/0/so.onekey.app.wallet.dev/code_cache
09-22 16:53:15.814  9899  9899 W .app.wallet.de: Accessing hidden field Landroid/widget/ScrollView;->mScroller:Landroid/widget/OverScroller; (greylist, reflection, allowed)
09-22 16:53:15.873  9899  9899 I ReactNative: [GESTURE HANDLER] Gesture handler is already enabled for a parent view
09-22 16:53:15.886  9899  9899 W .app.wallet.de: Accessing hidden method Lsun/misc/Unsafe;->getObject(Ljava/lang/Object;J)Ljava/lang/Object; (greylist, linking, allowed)
09-22 16:53:15.886  9899  9899 W .app.wallet.de: Accessing hidden method Lsun/misc/Unsafe;->getObject(Ljava/lang/Object;J)Ljava/lang/Object; (greylist, linking, allowed)
09-22 16:53:15.886  9899 10057 W .app.wallet.de: Accessing hidden method Lsun/misc/Unsafe;->getInt(Ljava/lang/Object;J)I (greylist, linking, allowed)
09-22 16:53:15.886  9899 10057 W .app.wallet.de: Accessing hidden method Lsun/misc/Unsafe;->getObject(Ljava/lang/Object;J)Ljava/lang/Object; (greylist, linking, allowed)
09-22 16:53:15.886  9899 10057 W .app.wallet.de: Accessing hidden method Lsun/misc/Unsafe;->putInt(Ljava/lang/Object;JI)V (greylist, linking, allowed)
09-22 16:53:15.886  9899 10057 W .app.wallet.de: Accessing hidden method Lsun/misc/Unsafe;->getObject(Ljava/lang/Object;J)Ljava/lang/Object; (greylist, linking, allowed)
09-22 16:53:15.886  9899 10057 W .app.wallet.de: Accessing hidden method Lsun/misc/Unsafe;->getObject(Ljava/lang/Object;J)Ljava/lang/Object; (greylist, linking, allowed)
09-22 16:53:15.886  9899  9899 W .app.wallet.de: Accessing hidden method Lsun/misc/Unsafe;->getObject(Ljava/lang/Object;J)Ljava/lang/Object; (greylist, linking, allowed)
09-22 16:53:15.886  9899  9899 W .app.wallet.de: Accessing hidden method Lsun/misc/Unsafe;->getObject(Ljava/lang/Object;J)Ljava/lang/Object; (greylist, linking, allowed)
09-22 16:53:15.887  9899 10057 W .app.wallet.de: Accessing hidden method Lsun/misc/Unsafe;->getInt(Ljava/lang/Object;J)I (greylist, linking, allowed)
09-22 16:53:15.887  9899 10057 W .app.wallet.de: Accessing hidden method Lsun/misc/Unsafe;->getObject(Ljava/lang/Object;J)Ljava/lang/Object; (greylist, linking, allowed)
09-22 16:53:15.888  9899 10057 I chatty  : uid=10147(so.onekey.app.wallet.dev) pool-5-thread-1 identical 4 lines
09-22 16:53:15.888  9899 10057 W .app.wallet.de: Accessing hidden method Lsun/misc/Unsafe;->getObject(Ljava/lang/Object;J)Ljava/lang/Object; (greylist, linking, allowed)
09-22 16:53:15.991  9899  9914 W System  : A resource failed to call destroy. 
09-22 16:53:16.068  9899 10173 D ProfileInstaller: Installing profile for so.onekey.app.wallet.dev
09-22 16:53:16.129  9899 10089 W JIGUANG-JPush: [AndroidUtil] AndroidManifest.xml missing FileProvider: cn.jiguang.union.ads.service.JAdFileProvider, it necessary for inapp message
09-22 16:53:16.129  9899 10089 W JIGUANG-JPush: [AndroidUtil] The fileprovider required for inapp-message is incorrectly configured, please check AndroidManifest.xml
09-22 16:53:16.131  9899 10089 W JIGUANG-JCore: [JCoreManager] [requestPermission] context must instanceof Activity
09-22 16:53:16.131  9899 10141 E JIGUANG-JCore: [CheckManifestHelper] errorcode:1008,Invalid appKey : 1, Please get your Appkey from JIGUANG web console!
09-22 16:53:16.132  9899 10141 I chatty  : uid=10147(so.onekey.app.wallet.dev) jg_mn_pool_thre identical 1 line
09-22 16:53:16.133  9899 10141 E JIGUANG-JCore: [CheckManifestHelper] errorcode:1008,Invalid appKey : 1, Please get your Appkey from JIGUANG web console!
09-22 16:53:16.137  9899 10136 W JIGUANG-JPush: [AndroidUtil] AndroidManifest.xml missing FileProvider: cn.jiguang.union.ads.service.JAdFileProvider, it necessary for inapp message
09-22 16:53:16.137  9899 10136 W JIGUANG-JPush: [AndroidUtil] The fileprovider required for inapp-message is incorrectly configured, please check AndroidManifest.xml
09-22 16:53:16.206  9899 10136 W JIGUANG-JUnionAd: [InAppHelper] not allowed install apk by system
09-22 16:53:16.216  9899 10141 E JIGUANG-JCore: [CheckManifestHelper] errorcode:1008,Invalid appKey : 1, Please get your Appkey from JIGUANG web console!
09-22 16:53:16.324  9899 10136 W JIGUANG-JPush: [AsusPushHelper] AndroidManifest.xml missing receiver extends asus's AsusPushMessageReceiver
09-22 16:53:16.361  9899  9899 I Detox   : Network is busy, with 5 in-flight calls
09-22 16:53:16.537  9899  9899 I chatty  : uid=10147(so.onekey.app.wallet.dev) identical 11 lines
09-22 16:53:16.553  9899  9899 I Detox   : Network is busy, with 5 in-flight calls
09-22 16:53:16.569  9899  9899 I Detox   : Network is busy, with 5 in-flight calls
09-22 16:53:16.586  9899  9899 I Detox   : Network is busy, with 5 in-flight calls
09-22 16:53:16.603  9899  9899 I Detox   : Network is busy, with 5 in-flight calls
09-22 16:53:16.619  9899  9899 I Detox   : Network is busy, with 5 in-flight calls
09-22 16:53:17.790  9899  9899 I chatty  : uid=10147(so.onekey.app.wallet.dev) identical 69 lines
09-22 16:53:17.804  9899  9899 I Detox   : Network is busy, with 5 in-flight calls
09-22 16:53:17.804  9899  9899 W UiControllerImpl: Waiting for: DYNAMIC_TASKS_HAVE_IDLED for 200 iterations.
09-22 16:53:17.821  9899  9899 I Detox   : Network is busy, with 5 in-flight calls
09-22 16:53:18.104  9899  9899 I chatty  : uid=10147(so.onekey.app.wallet.dev) identical 17 lines
09-22 16:53:18.122  9899  9899 I Detox   : Network is busy, with 5 in-flight calls
09-22 16:53:18.137  9899  9899 I Detox   : Network is busy, with 5 in-flight calls
09-22 16:53:18.605  9899  9899 I chatty  : uid=10147(so.onekey.app.wallet.dev) identical 28 lines
09-22 16:53:18.622  9899  9899 I Detox   : Network is busy, with 5 in-flight calls
09-22 16:53:18.622  9899  9899 W UiControllerImpl: Waiting for: DYNAMIC_TASKS_HAVE_IDLED for 300 iterations.
09-22 16:53:18.639  9899  9899 I Detox   : Network is busy, with 5 in-flight calls
09-22 16:53:19.006  9899  9899 I chatty  : uid=10147(so.onekey.app.wallet.dev) identical 22 lines
09-22 16:53:19.023  9899  9899 I Detox   : Network is busy, with 5 in-flight calls
09-22 16:53:19.037  9899  9899 I Detox   : Network is busy, with 5 in-flight calls
09-22 16:53:20.122  9899  9899 I chatty  : uid=10147(so.onekey.app.wallet.dev) identical 65 lines
09-22 16:53:20.136  9899  9899 I Detox   : Network is busy, with 5 in-flight calls
09-22 16:53:20.153  9899  9899 I Detox   : Network is busy, with 5 in-flight calls
09-22 16:53:20.986  9899  9899 I chatty  : uid=10147(so.onekey.app.wallet.dev) identical 50 lines
09-22 16:53:21.003  9899  9899 I Detox   : Network is busy, with 5 in-flight calls
09-22 16:53:21.015  9899  9899 W UiControllerImpl: Waiting for: DYNAMIC_TASKS_HAVE_IDLED for 600 iterations.
09-22 16:53:21.019  9899  9899 I Detox   : Network is busy, with 5 in-flight calls
09-22 16:53:21.035  9899  9899 I Detox   : Network is busy, with 5 in-flight calls
09-22 16:53:21.041  9899  9914 W System  : A resource failed to call destroy. 
09-22 16:53:21.053  9899  9899 I Detox   : Network is busy, with 5 in-flight calls
09-22 16:53:21.055  9899 10063 D DetoxWSClient: Received action 'currentStatus' (ID #1, params={})
09-22 16:53:21.055  9899 10062 I DetoxDispatcher: Handling action 'currentStatus' (ID #1)...
09-22 16:53:21.057  9899  9899 I Detox   : Network is busy, with 5 in-flight calls
09-22 16:53:21.058  9899 10062 I DetoxWSClient: Sending out action 'currentStatusResult' (ID #1)
