09-22 19:34:16.863 12688 12884 W SoLoader: 	at com.facebook.soloader.SoLoader.loadLibrary(SoLoader.java:772)
09-22 19:34:16.863 12688 12884 W SoLoader: 	at com.facebook.yoga.YogaNative.<clinit>(YogaNative.java:16)
09-22 19:34:16.863 12688 12884 W SoLoader: 	at com.facebook.yoga.YogaNative.jni_YGConfigNewJNI(Native Method)
09-22 19:34:16.863 12688 12884 W SoLoader: 	at com.facebook.yoga.YogaConfigJNIBase.<init>(YogaConfigJNIBase.java:23)
09-22 19:34:16.863 12688 12884 W SoLoader: 	at com.facebook.yoga.YogaConfigJNIFinalizer.<init>(YogaConfigJNIFinalizer.java:12)
09-22 19:34:16.863 12688 12884 W SoLoader: 	at com.facebook.yoga.YogaConfigFactory.create(YogaConfigFactory.java:12)
09-22 19:34:16.863 12688 12884 W SoLoader: 	at com.facebook.react.uimanager.ReactYogaConfigProvider.get(ReactYogaConfigProvider.java:19)
09-22 19:34:16.863 12688 12884 W SoLoader: 	at com.facebook.react.uimanager.ReactShadowNodeImpl.<clinit>(ReactShadowNodeImpl.java:62)
09-22 19:34:16.863 12688 12884 W SoLoader: 	at com.facebook.react.uimanager.UIImplementation.createRootShadowNode(UIImplementation.java:96)
09-22 19:34:16.863 12688 12884 W SoLoader: 	at com.facebook.react.uimanager.UIImplementation.registerRootView(UIImplementation.java:150)
09-22 19:34:16.863 12688 12884 W SoLoader: 	at com.facebook.react.uimanager.UIManagerModule.addRootView(UIManagerModule.java:405)
09-22 19:34:16.863 12688 12884 W SoLoader: 	at com.facebook.react.ReactInstanceManager.attachRootViewToInstance(ReactInstanceManager.java:1267)
09-22 19:34:16.863 12688 12884 W SoLoader: 	at com.facebook.react.ReactInstanceManager.setupReactContext(ReactInstanceManager.java:1183)
09-22 19:34:16.863 12688 12884 W SoLoader: 	at com.facebook.react.ReactInstanceManager.access$1600(ReactInstanceManager.java:135)
09-22 19:34:16.863 12688 12884 W SoLoader: 	at com.facebook.react.ReactInstanceManager$5$2.run(ReactInstanceManager.java:1137)
09-22 19:34:16.863 12688 12884 W SoLoader: 	at android.os.Handler.handleCallback(Handler.java:883)
09-22 19:34:16.863 12688 12884 W SoLoader: 	at android.os.Handler.dispatchMessage(Handler.java:100)
09-22 19:34:16.863 12688 12884 W SoLoader: 	at com.facebook.react.bridge.queue.MessageQueueThreadHandler.dispatchMessage(MessageQueueThreadHandler.java:27)
09-22 19:34:16.863 12688 12884 W SoLoader: 	at android.os.Looper.loop(Looper.java:214)
09-22 19:34:16.863 12688 12884 W SoLoader: 	at com.facebook.react.bridge.queue.MessageQueueThreadImpl$4.run(MessageQueueThreadImpl.java:228)
09-22 19:34:16.863 12688 12884 W SoLoader: 	at java.lang.Thread.run(Thread.java:919)
09-22 19:34:16.873 12688 12884 D SoLoader: libyoga.so found on /data/app/so.onekey.app.wallet.dev-WAC2sBg5gJdOydgQ8XPQYQ==/base.apk!/lib/arm64-v8a
09-22 19:34:16.890 12688 12701 I .app.wallet.de: Background concurrent copying GC freed 65654(3547KB) AllocSpace objects, 8(1204KB) LOS objects, 33% free, 12MB/18MB, paused 668us total 168.334ms
09-22 19:34:16.893 12688 12688 D DetoxRNLoading: Listener-proxy method called: onReactContextInitialized
09-22 19:34:16.893 12688 12688 I DetoxRNLoading: Got new RN-context async'ly through listener
09-22 19:34:16.893 12688 12688 D DetoxRNLoading: Listener-proxy method called: equals
09-22 19:34:16.898 12688 12864 I DetoxRNIdleRes: Setting up Espresso Idling Resources for React Native
09-22 19:34:16.924 12688 12688 V NFC     : this device does not have NFC support
09-22 19:34:16.925 12688 12688 D OKLiteManager: NFC starting success
09-22 19:34:16.933 12688 12864 D AsyncStorageIR: Checking whether a custom IR for Async-Storage is required... (legacy=false)
09-22 19:34:16.933 12688 12864 D AsyncStorageIR: IR for Async-Storage is required! (legacy=false)
09-22 19:34:16.933 12688 12864 D AsyncStorageIR: Checking whether a custom IR for Async-Storage is required... (legacy=true)
09-22 19:34:16.934 12688 12864 D DetoxRNHelpers: Native RN module resolution (class com.facebook.react.modules.storage.AsyncStorageModule): no such class
09-22 19:34:16.935 12688 12688 D AsyncStorageIR: Async-storage is busy!
09-22 19:34:16.942 12688 12864 I DetoxDispatcher: Done with action '_init'
09-22 19:34:16.942 12688 12864 I DetoxDispatcher: Handling action 'isReady' (ID #-1000)...
09-22 19:34:16.944 12688 12688 W .app.wallet.de: Accessing hidden method Landroid/os/MessageQueue;->next()Landroid/os/Message; (greylist, reflection, allowed)
09-22 19:34:16.944 12688 12688 W .app.wallet.de: Accessing hidden field Landroid/os/MessageQueue;->mMessages:Landroid/os/Message; (greylist, reflection, allowed)
09-22 19:34:16.944 12688 12688 W .app.wallet.de: Accessing hidden method Landroid/os/Message;->recycleUnchecked()V (greylist, reflection, allowed)
09-22 19:34:16.967 12688 12884 I flipper : flipper: FlipperClient::addPlugin Fresco
09-22 19:34:17.887 12688 12701 I .app.wallet.de: NativeAlloc concurrent copying GC freed 57566(1677KB) AllocSpace objects, 0(0B) LOS objects, 32% free, 12MB/18MB, paused 200us total 115.042ms
09-22 19:34:18.397 12688 12688 W UiControllerImpl: Waiting for: DYNAMIC_TASKS_HAVE_IDLED for 100 iterations.
09-22 19:34:20.031 12688 12688 W UiControllerImpl: Waiting for: DYNAMIC_TASKS_HAVE_IDLED for 200 iterations.
09-22 19:34:20.331 12688 12883 I v8      : index.android.bundle:23253773: Invalid asm.js: Type mismatch in assignment
09-22 19:34:20.410 12688 12908 D ProfileInstaller: Installing profile for so.onekey.app.wallet.dev
09-22 19:34:20.555 12688 12883 V SoLoader: libexpo-modules-core.so not found on /data/app/so.onekey.app.wallet.dev-WAC2sBg5gJdOydgQ8XPQYQ==/lib/arm64
09-22 19:34:20.559 12688 12883 W SoLoader: libexpo-modules-core.so not found on /data/app/so.onekey.app.wallet.dev.test-Jkbu0Jkn_3pUtplRyaDQ9g==/base.apk!/lib/arm64-v8a flag: 4
09-22 19:34:20.559 12688 12883 W SoLoader: java.lang.UnsatisfiedLinkError: dlopen failed: library "/data/app/so.onekey.app.wallet.dev.test-Jkbu0Jkn_3pUtplRyaDQ9g==/base.apk!/lib/arm64-v8a/libexpo-modules-core.so" not found
09-22 19:34:20.559 12688 12883 W SoLoader: 	at java.lang.Runtime.load0(Runtime.java:938)
09-22 19:34:20.559 12688 12883 W SoLoader: 	at java.lang.System.load(System.java:1631)
09-22 19:34:20.559 12688 12883 W SoLoader: 	at com.facebook.soloader.SoLoader$1.load(SoLoader.java:558)
09-22 19:34:20.559 12688 12883 W SoLoader: 	at com.facebook.soloader.DirectApkSoSource.loadLibrary(DirectApkSoSource.java:81)
09-22 19:34:20.559 12688 12883 W SoLoader: 	at com.facebook.soloader.SoLoader.doLoadLibraryBySoName(SoLoader.java:1067)
09-22 19:34:20.559 12688 12883 W SoLoader: 	at com.facebook.soloader.SoLoader.loadLibraryBySoNameImpl(SoLoader.java:943)
09-22 19:34:20.559 12688 12883 W SoLoader: 	at com.facebook.soloader.SoLoader.loadLibraryBySoName(SoLoader.java:855)
09-22 19:34:20.559 12688 12883 W SoLoader: 	at com.facebook.soloader.SoLoader.loadLibrary(SoLoader.java:802)
09-22 19:34:20.559 12688 12883 W SoLoader: 	at com.facebook.soloader.SoLoader.loadLibrary(SoLoader.java:772)
09-22 19:34:20.559 12688 12883 W SoLoader: 	at expo.modules.kotlin.jni.JSIInteropModuleRegistry.<clinit>(JSIInteropModuleRegistry.kt:120)
09-22 19:34:20.559 12688 12883 W SoLoader: 	at expo.modules.kotlin.AppContext.installJSIInterop(AppContext.kt:127)
09-22 19:34:20.559 12688 12883 W SoLoader: 	at expo.modules.kotlin.KotlinInteropModuleRegistry.installJSIInterop(KotlinInteropModuleRegistry.kt:127)
09-22 19:34:20.559 12688 12883 W SoLoader: 	at expo.modules.adapters.react.NativeModulesProxy.getConstants(NativeModulesProxy.java:102)
09-22 19:34:20.559 12688 12883 W SoLoader: 	at com.facebook.react.bridge.JavaModuleWrapper.getConstants(JavaModuleWrapper.java:142)
09-22 19:34:20.559 12688 12883 W SoLoader: 	at com.facebook.jni.NativeRunnable.run(Native Method)
09-22 19:34:20.559 12688 12883 W SoLoader: 	at android.os.Handler.handleCallback(Handler.java:883)
09-22 19:34:20.559 12688 12883 W SoLoader: 	at android.os.Handler.dispatchMessage(Handler.java:100)
09-22 19:34:20.559 12688 12883 W SoLoader: 	at com.facebook.react.bridge.queue.MessageQueueThreadHandler.dispatchMessage(MessageQueueThreadHandler.java:27)
09-22 19:34:20.559 12688 12883 W SoLoader: 	at android.os.Looper.loop(Looper.java:214)
09-22 19:34:20.559 12688 12883 W SoLoader: 	at com.facebook.react.bridge.queue.MessageQueueThreadImpl$4.run(MessageQueueThreadImpl.java:228)
09-22 19:34:20.559 12688 12883 W SoLoader: 	at java.lang.Thread.run(Thread.java:919)
09-22 19:34:20.571 12688 12883 D SoLoader: libexpo-modules-core.so found on /data/app/so.onekey.app.wallet.dev-WAC2sBg5gJdOydgQ8XPQYQ==/base.apk!/lib/arm64-v8a
09-22 19:34:20.573 12688 12883 V SoLoader: libturbomodulejsijni.so not found on /data/app/so.onekey.app.wallet.dev-WAC2sBg5gJdOydgQ8XPQYQ==/lib/arm64
09-22 19:34:20.577 12688 12883 W SoLoader: libturbomodulejsijni.so not found on /data/app/so.onekey.app.wallet.dev.test-Jkbu0Jkn_3pUtplRyaDQ9g==/base.apk!/lib/arm64-v8a flag: 4
09-22 19:34:20.577 12688 12883 W SoLoader: java.lang.UnsatisfiedLinkError: dlopen failed: library "/data/app/so.onekey.app.wallet.dev.test-Jkbu0Jkn_3pUtplRyaDQ9g==/base.apk!/lib/arm64-v8a/libturbomodulejsijni.so" not found
09-22 19:34:20.577 12688 12883 W SoLoader: 	at java.lang.Runtime.load0(Runtime.java:938)
09-22 19:34:20.577 12688 12883 W SoLoader: 	at java.lang.System.load(System.java:1631)
09-22 19:34:20.577 12688 12883 W SoLoader: 	at com.facebook.soloader.SoLoader$1.load(SoLoader.java:558)
09-22 19:34:20.577 12688 12883 W SoLoader: 	at com.facebook.soloader.DirectApkSoSource.loadLibrary(DirectApkSoSource.java:81)
09-22 19:34:20.577 12688 12883 W SoLoader: 	at com.facebook.soloader.SoLoader.doLoadLibraryBySoName(SoLoader.java:1067)
09-22 19:34:20.577 12688 12883 W SoLoader: 	at com.facebook.soloader.SoLoader.loadLibraryBySoNameImpl(SoLoader.java:943)
09-22 19:34:20.577 12688 12883 W SoLoader: 	at com.facebook.soloader.SoLoader.loadLibraryBySoName(SoLoader.java:855)
09-22 19:34:20.577 12688 12883 W SoLoader: 	at com.facebook.soloader.SoLoader.loadLibrary(SoLoader.java:802)
09-22 19:34:20.577 12688 12883 W SoLoader: 	at com.facebook.soloader.SoLoader.loadLibrary(SoLoader.java:772)
09-22 19:34:20.577 12688 12883 W SoLoader: 	at com.facebook.react.turbomodule.core.CallInvokerHolderImpl.maybeLoadSoLibrary(CallInvokerHolderImpl.java:32)
09-22 19:34:20.577 12688 12883 W SoLoader: 	at com.facebook.react.turbomodule.core.CallInvokerHolderImpl.<init>(CallInvokerHolderImpl.java:25)
09-22 19:34:20.577 12688 12883 W SoLoader: 	at com.facebook.react.bridge.CatalystInstanceImpl.getJSCallInvokerHolder(Native Method)
09-22 19:34:20.577 12688 12883 W SoLoader: 	at com.facebook.react.bridge.CatalystInstanceImpl.getJSCallInvokerHolder(CatalystInstanceImpl.java:46)
09-22 19:34:20.577 12688 12883 W SoLoader: 	at expo.modules.adapters.react.services.UIManagerModuleWrapper.getJSCallInvokerHolder(UIManagerModuleWrapper.java:214)
09-22 19:34:20.577 12688 12883 W SoLoader: 	at expo.modules.kotlin.AppContext.installJSIInterop(AppContext.kt:138)
09-22 19:34:20.577 12688 12883 W SoLoader: 	at expo.modules.kotlin.KotlinInteropModuleRegistry.installJSIInterop(KotlinInteropModuleRegistry.kt:127)
09-22 19:34:20.577 12688 12883 W SoLoader: 	at expo.modules.adapters.react.NativeModulesProxy.getConstants(NativeModulesProxy.java:102)
09-22 19:34:20.577 12688 12883 W SoLoader: 	at com.facebook.react.bridge.JavaModuleWrapper.getConstants(JavaModuleWrapper.java:142)
09-22 19:34:20.577 12688 12883 W SoLoader: 	at com.facebook.jni.NativeRunnable.run(Native Method)
09-22 19:34:20.577 12688 12883 W SoLoader: 	at android.os.Handler.handleCallback(Handler.java:883)
09-22 19:34:20.577 12688 12883 W SoLoader: 	at android.os.Handler.dispatchMessage(Handler.java:100)
09-22 19:34:20.577 12688 12883 W SoLoader: 	at com.facebook.react.bridge.queue.MessageQueueThreadHandler.dispatchMessage(MessageQueueThreadHandler.java:27)
09-22 19:34:20.577 12688 12883 W SoLoader: 	at android.os.Looper.loop(Looper.java:214)
09-22 19:34:20.577 12688 12883 W SoLoader: 	at com.facebook.react.bridge.queue.MessageQueueThreadImpl$4.run(MessageQueueThreadImpl.java:228)
09-22 19:34:20.577 12688 12883 W SoLoader: 	at java.lang.Thread.run(Thread.java:919)
09-22 19:34:20.583 12688 12883 D SoLoader: libturbomodulejsijni.so found on /data/app/so.onekey.app.wallet.dev-WAC2sBg5gJdOydgQ8XPQYQ==/base.apk!/lib/arm64-v8a
09-22 19:34:20.583 12688 12883 I ExpoModulesCore: ✅ JSI interop was installed
09-22 19:34:20.613 12688 12883 I ExpoModulesCore: ✅ Constants were exported
09-22 19:34:20.656 12688 12883 V SoLoader: libreactnativeblob.so not found on /data/app/so.onekey.app.wallet.dev-WAC2sBg5gJdOydgQ8XPQYQ==/lib/arm64
09-22 19:34:20.660 12688 12883 W SoLoader: libreactnativeblob.so not found on /data/app/so.onekey.app.wallet.dev.test-Jkbu0Jkn_3pUtplRyaDQ9g==/base.apk!/lib/arm64-v8a flag: 4
09-22 19:34:20.660 12688 12883 W SoLoader: java.lang.UnsatisfiedLinkError: dlopen failed: library "/data/app/so.onekey.app.wallet.dev.test-Jkbu0Jkn_3pUtplRyaDQ9g==/base.apk!/lib/arm64-v8a/libreactnativeblob.so" not found
09-22 19:34:20.660 12688 12883 W SoLoader: 	at java.lang.Runtime.load0(Runtime.java:938)
09-22 19:34:20.660 12688 12883 W SoLoader: 	at java.lang.System.load(System.java:1631)
09-22 19:34:20.660 12688 12883 W SoLoader: 	at com.facebook.soloader.SoLoader$1.load(SoLoader.java:558)
09-22 19:34:20.660 12688 12883 W SoLoader: 	at com.facebook.soloader.DirectApkSoSource.loadLibrary(DirectApkSoSource.java:81)
09-22 19:34:20.660 12688 12883 W SoLoader: 	at com.facebook.soloader.SoLoader.doLoadLibraryBySoName(SoLoader.java:1067)
09-22 19:34:20.660 12688 12883 W SoLoader: 	at com.facebook.soloader.SoLoader.loadLibraryBySoNameImpl(SoLoader.java:943)
09-22 19:34:20.660 12688 12883 W SoLoader: 	at com.facebook.soloader.SoLoader.loadLibraryBySoName(SoLoader.java:855)
09-22 19:34:20.660 12688 12883 W SoLoader: 	at com.facebook.soloader.SoLoader.loadLibrary(SoLoader.java:802)
09-22 19:34:20.660 12688 12883 W SoLoader: 	at com.facebook.soloader.SoLoader.loadLibrary(SoLoader.java:772)
09-22 19:34:20.660 12688 12883 W SoLoader: 	at com.facebook.react.modules.blob.BlobCollector.<clinit>(BlobCollector.java:16)
09-22 19:34:20.660 12688 12883 W SoLoader: 	at com.facebook.react.modules.blob.BlobCollector.install(BlobCollector.java:20)
09-22 19:34:20.660 12688 12883 W SoLoader: 	at com.facebook.react.modules.blob.BlobModule.initialize(BlobModule.java:149)
09-22 19:34:20.660 12688 12883 W SoLoader: 	at com.facebook.react.bridge.ModuleHolder.doInitialize(ModuleHolder.java:236)
09-22 19:34:20.660 12688 12883 W SoLoader: 	at com.facebook.react.bridge.ModuleHolder.create(ModuleHolder.java:201)
09-22 19:34:20.660 12688 12883 W SoLoader: 	at com.facebook.react.bridge.ModuleHolder.getModule(ModuleHolder.java:156)
09-22 19:34:20.660 12688 12883 W SoLoader: 	at com.facebook.react.bridge.JavaModuleWrapper.getModule(JavaModuleWrapper.java:58)
09-22 19:34:20.660 12688 12883 W SoLoader: 	at com.facebook.react.bridge.JavaModuleWrapper.getConstants(JavaModuleWrapper.java:139)
09-22 19:34:20.660 12688 12883 W SoLoader: 	at com.facebook.jni.NativeRunnable.run(Native Method)
09-22 19:34:20.660 12688 12883 W SoLoader: 	at android.os.Handler.handleCallback(Handler.java:883)
09-22 19:34:20.660 12688 12883 W SoLoader: 	at android.os.Handler.dispatchMessage(Handler.java:100)
09-22 19:34:20.660 12688 12883 W SoLoader: 	at com.facebook.react.bridge.queue.MessageQueueThreadHandler.dispatchMessage(MessageQueueThreadHandler.java:27)
09-22 19:34:20.660 12688 12883 W SoLoader: 	at android.os.Looper.loop(Looper.java:214)
09-22 19:34:20.660 12688 12883 W SoLoader: 	at com.facebook.react.bridge.queue.MessageQueueThreadImpl$4.run(MessageQueueThreadImpl.java:228)
09-22 19:34:20.660 12688 12883 W SoLoader: 	at java.lang.Thread.run(Thread.java:919)
09-22 19:34:20.663 12688 12883 D SoLoader: libreactnativeblob.so found on /data/app/so.onekey.app.wallet.dev-WAC2sBg5gJdOydgQ8XPQYQ==/base.apk!/lib/arm64-v8a
09-22 19:34:20.664 12688 12883 I ReactNativeJS: Shims Injected: TextDecoder
09-22 19:34:20.664 12688 12883 I ReactNativeJS: Shims Injected: Buffer
09-22 19:34:20.665 12688 12883 I ReactNativeJS: Shims Injected: crypto
09-22 19:34:20.679 12688 12883 I ReactNativeJS: Shims Injected: atob
09-22 19:34:20.679 12688 12883 I ReactNativeJS: Shims Injected: btoa
09-22 19:34:20.679 12688 12883 I ReactNativeJS: Shims Injected: nextTick
09-22 19:34:20.681 12688 12883 I ReactNativeJS: Shims Injected: FileReader.prototype.readAsArrayBuffer
09-22 19:34:20.681 12688 12883 I ReactNativeJS: polyfillsPlatform.native shim loaded
09-22 19:34:20.700 12688 12883 I MMKV    : Loading C++ library...
09-22 19:34:20.703 12688 12883 I MMKV    : Installing MMKV JSI Bindings for MMKV root directory: /data/user/0/so.onekey.app.wallet.dev/files/mmkv
09-22 19:34:20.703 12688 12883 I MMKV    : <MMKV.cpp:165::initialize> version v1.2.15, page size 4096, arch arm64-v8a
09-22 19:34:20.703 12688 12883 I MMKV    : <MMKV.cpp:176::initialize> armv8 AES instructions is supported
09-22 19:34:20.703 12688 12883 I MMKV    : <MMKV.cpp:184::initialize> armv8 CRC32 instructions is supported
09-22 19:34:20.704 12688 12883 I MMKV    : <MMKV.cpp:208::initializeMMKV> root dir: /data/user/0/so.onekey.app.wallet.dev/files/mmkv
09-22 19:34:20.704 12688 12883 I MMKV    : Successfully installed MMKV JSI Bindings!
09-22 19:34:20.704 12688 12883 I RNMMKV  : Creating MMKV instance "onekey-app-setting"... (Path: , Encryption-Key: )
09-22 19:34:20.704 12688 12883 I MMKV    : <MemoryFile.cpp:97::open> open fd[0x9f], /data/user/0/so.onekey.app.wallet.dev/files/mmkv/onekey-app-setting
09-22 19:34:20.704 12688 12883 I MMKV    : <MemoryFile.cpp:97::open> open fd[0xa0], /data/user/0/so.onekey.app.wallet.dev/files/mmkv/onekey-app-setting.crc
09-22 19:34:20.704 12688 12883 I MMKV    : <MMKV_IO.cpp:81::loadFromFile> loading [onekey-app-setting] with 0 actual size, file size 4096, InterProcess 0, meta info version:0
09-22 19:34:20.704 12688 12883 I MMKV    : <MMKV_IO.cpp:130::loadFromFile> loaded [onekey-app-setting] with 0 key-values
09-22 19:34:21.012 12688 12883 W ReactNativeJS: debugLogger init warning, neither `global.$$onekeyAppStorage` nor `window.localStorage` found.
09-22 19:34:21.018 12688 12884 W System.err: java.lang.Exception: File does not exist
09-22 19:34:21.018 12688 12884 W System.err: 	at com.rnfs.RNFSManager.unlink(RNFSManager.java:654)
09-22 19:34:21.018 12688 12884 W System.err: 	at java.lang.reflect.Method.invoke(Native Method)
09-22 19:34:21.018 12688 12884 W System.err: 	at com.facebook.react.bridge.JavaMethodWrapper.invoke(JavaMethodWrapper.java:372)
09-22 19:34:21.018 12688 12884 W System.err: 	at com.facebook.react.bridge.JavaModuleWrapper.invoke(JavaModuleWrapper.java:188)
09-22 19:34:21.018 12688 12884 W System.err: 	at com.facebook.jni.NativeRunnable.run(Native Method)
09-22 19:34:21.018 12688 12884 W System.err: 	at android.os.Handler.handleCallback(Handler.java:883)
09-22 19:34:21.018 12688 12884 W System.err: 	at android.os.Handler.dispatchMessage(Handler.java:100)
09-22 19:34:21.018 12688 12884 W System.err: 	at com.facebook.react.bridge.queue.MessageQueueThreadHandler.dispatchMessage(MessageQueueThreadHandler.java:27)
09-22 19:34:21.019 12688 12884 W System.err: 	at androidx.test.espresso.base.Interrogator.loopAndInterrogate(Interrogator.java:14)
09-22 19:34:21.019 12688 12884 W System.err: 	at androidx.test.espresso.base.LooperIdlingResourceInterrogationHandler$2.run(LooperIdlingResourceInterrogationHandler.java:3)
09-22 19:34:21.019 12688 12884 W System.err: 	at android.os.Handler.handleCallback(Handler.java:883)
09-22 19:34:21.019 12688 12884 W System.err: 	at android.os.Handler.dispatchMessage(Handler.java:100)
09-22 19:34:21.019 12688 12884 W System.err: 	at android.os.Looper.loop(Looper.java:214)
09-22 19:34:21.019 12688 12884 W System.err: 	at com.facebook.react.bridge.queue.MessageQueueThreadImpl$4.run(MessageQueueThreadImpl.java:228)
09-22 19:34:21.019 12688 12884 W System.err: 	at java.lang.Thread.run(Thread.java:919)
09-22 19:34:21.026 12688 12883 V SoLoader: librealm.so not found on /data/app/so.onekey.app.wallet.dev-WAC2sBg5gJdOydgQ8XPQYQ==/lib/arm64
09-22 19:34:21.028 12688 12883 V SoLoader: libz.so not found on /data/app/so.onekey.app.wallet.dev-WAC2sBg5gJdOydgQ8XPQYQ==/lib/arm64
09-22 19:34:21.028 12688 12883 V SoLoader: libz.so not found on /data/app/so.onekey.app.wallet.dev.test-Jkbu0Jkn_3pUtplRyaDQ9g==/base.apk!/lib/arm64-v8a
09-22 19:34:21.028 12688 12883 V SoLoader: libz.so not found on /data/app/so.onekey.app.wallet.dev-WAC2sBg5gJdOydgQ8XPQYQ==/base.apk!/lib/arm64-v8a
09-22 19:34:21.028 12688 12883 D SoLoader: libz.so found on /system/lib64
09-22 19:34:21.028 12688 12883 D SoLoader: libz.so loaded implicitly
09-22 19:34:21.029 12688 12883 W SoLoader: librealm.so not found on /data/app/so.onekey.app.wallet.dev.test-Jkbu0Jkn_3pUtplRyaDQ9g==/base.apk!/lib/arm64-v8a flag: 4
09-22 19:34:21.029 12688 12883 W SoLoader: java.lang.UnsatisfiedLinkError: dlopen failed: library "/data/app/so.onekey.app.wallet.dev.test-Jkbu0Jkn_3pUtplRyaDQ9g==/base.apk!/lib/arm64-v8a/librealm.so" not found
09-22 19:34:21.029 12688 12883 W SoLoader: 	at java.lang.Runtime.load0(Runtime.java:938)
09-22 19:34:21.029 12688 12883 W SoLoader: 	at java.lang.System.load(System.java:1631)
09-22 19:34:21.029 12688 12883 W SoLoader: 	at com.facebook.soloader.SoLoader$1.load(SoLoader.java:558)
09-22 19:34:21.029 12688 12883 W SoLoader: 	at com.facebook.soloader.DirectApkSoSource.loadLibrary(DirectApkSoSource.java:81)
09-22 19:34:21.029 12688 12883 W SoLoader: 	at com.facebook.soloader.SoLoader.doLoadLibraryBySoName(SoLoader.java:1067)
09-22 19:34:21.029 12688 12883 W SoLoader: 	at com.facebook.soloader.SoLoader.loadLibraryBySoNameImpl(SoLoader.java:943)
09-22 19:34:21.029 12688 12883 W SoLoader: 	at com.facebook.soloader.SoLoader.loadLibraryBySoName(SoLoader.java:855)
09-22 19:34:21.029 12688 12883 W SoLoader: 	at com.facebook.soloader.SoLoader.loadLibrary(SoLoader.java:802)
09-22 19:34:21.029 12688 12883 W SoLoader: 	at com.facebook.soloader.SoLoader.loadLibrary(SoLoader.java:772)
09-22 19:34:21.029 12688 12883 W SoLoader: 	at io.realm.react.RealmReactModule.<clinit>(RealmReactModule.java:57)
09-22 19:34:21.029 12688 12883 W SoLoader: 	at io.realm.react.RealmReactPackage.getModule(RealmReactPackage.java:35)
09-22 19:34:21.029 12688 12883 W SoLoader: 	at com.facebook.react.TurboReactPackage$ModuleHolderProvider.get(TurboReactPackage.java:161)
09-22 19:34:21.029 12688 12883 W SoLoader: 	at com.facebook.react.TurboReactPackage$ModuleHolderProvider.get(TurboReactPackage.java:149)
09-22 19:34:21.029 12688 12883 W SoLoader: 	at com.facebook.react.bridge.ModuleHolder.create(ModuleHolder.java:191)
09-22 19:34:21.029 12688 12883 W SoLoader: 	at com.facebook.react.bridge.ModuleHolder.getModule(ModuleHolder.java:156)
09-22 19:34:21.029 12688 12883 W SoLoader: 	at com.facebook.react.bridge.JavaModuleWrapper.findMethods(JavaModuleWrapper.java:71)
09-22 19:34:21.029 12688 12883 W SoLoader: 	at com.facebook.react.bridge.JavaModuleWrapper.getMethodDescriptors(JavaModuleWrapper.java:111)
09-22 19:34:21.029 12688 12883 W SoLoader: 	at com.facebook.jni.NativeRunnable.run(Native Method)
09-22 19:34:21.029 12688 12883 W SoLoader: 	at android.os.Handler.handleCallback(Handler.java:883)
09-22 19:34:21.029 12688 12883 W SoLoader: 	at android.os.Handler.dispatchMessage(Handler.java:100)
09-22 19:34:21.029 12688 12883 W SoLoader: 	at com.facebook.react.bridge.queue.MessageQueueThreadHandler.dispatchMessage(MessageQueueThreadHandler.java:27)
09-22 19:34:21.029 12688 12883 W SoLoader: 	at android.os.Looper.loop(Looper.java:214)
09-22 19:34:21.029 12688 12883 W SoLoader: 	at com.facebook.react.bridge.queue.MessageQueueThreadImpl$4.run(MessageQueueThreadImpl.java:228)
09-22 19:34:21.029 12688 12883 W SoLoader: 	at java.lang.Thread.run(Thread.java:919)
09-22 19:34:21.081 12688 12883 D SoLoader: librealm.so found on /data/app/so.onekey.app.wallet.dev-WAC2sBg5gJdOydgQ8XPQYQ==/base.apk!/lib/arm64-v8a
09-22 19:34:21.082 12688 12883 V JSRealm : setDefaultRealmFileDirectory
09-22 19:34:21.082 12688 12883 D JSRealm : Absolute path: /data/data/so.onekey.app.wallet.dev/files
09-22 19:34:21.083 12688 12883 V JSRealm : install
09-22 19:34:21.083 12688 12883 V JSRealm : Building an exports object
09-22 19:34:21.083 12688 12883 V JSRealm : Initializing ...
09-22 19:34:21.192 12688 12883 W ReactNativeJS: @polkadot/api requires direct dependencies exactly matching version 10.7.1.
09-22 19:34:21.192 12688 12883 W ReactNativeJS: Either remove and explicitly install matching versions or dedupe using your package manager.
09-22 19:34:21.192 12688 12883 W ReactNativeJS: The following conflicting packages were found:
09-22 19:34:21.192 12688 12883 W ReactNativeJS: 	10.8.1	@polkadot/rpc-core
09-22 19:34:21.192 12688 12883 W ReactNativeJS: 	10.8.1	@polkadot/types-known
09-22 19:34:21.192 12688 12883 W ReactNativeJS: @polkadot/rpc-augment requires direct dependencies exactly matching version 10.8.1.
09-22 19:34:21.192 12688 12883 W ReactNativeJS: Either remove and explicitly install matching versions or dedupe using your package manager.
09-22 19:34:21.192 12688 12883 W ReactNativeJS: The following conflicting packages were found:
09-22 19:34:21.192 12688 12883 W ReactNativeJS: 	10.7.1	@polkadot/types
09-22 19:34:21.222 12688 12883 W ReactNativeJS: @polkadot/rpc-core requires direct dependencies exactly matching version 10.8.1.
09-22 19:34:21.222 12688 12883 W ReactNativeJS: Either remove and explicitly install matching versions or dedupe using your package manager.
09-22 19:34:21.222 12688 12883 W ReactNativeJS: The following conflicting packages were found:
09-22 19:34:21.222 12688 12883 W ReactNativeJS: 	10.7.1	@polkadot/rpc-provider
09-22 19:34:21.222 12688 12883 W ReactNativeJS: 	10.7.1	@polkadot/types
09-22 19:34:21.223 12688 12883 W ReactNativeJS: @polkadot/types requires direct dependencies exactly matching version 10.7.1.
09-22 19:34:21.223 12688 12883 W ReactNativeJS: Either remove and explicitly install matching versions or dedupe using your package manager.
09-22 19:34:21.223 12688 12883 W ReactNativeJS: The following conflicting packages were found:
09-22 19:34:21.223 12688 12883 W ReactNativeJS: 	10.8.1	@polkadot/types-codec
09-22 19:34:21.223 12688 12883 W ReactNativeJS: 	10.8.1	@polkadot/types-create
09-22 19:34:21.235 12688 12883 W ReactNativeJS: @polkadot/types-known requires direct dependencies exactly matching version 10.8.1.
09-22 19:34:21.235 12688 12883 W ReactNativeJS: Either remove and explicitly install matching versions or dedupe using your package manager.
09-22 19:34:21.235 12688 12883 W ReactNativeJS: The following conflicting packages were found:
09-22 19:34:21.235 12688 12883 W ReactNativeJS: 	10.7.1	@polkadot/types
09-22 19:34:21.289 12688 12883 V SoLoader: libreanimated.so not found on /data/app/so.onekey.app.wallet.dev-WAC2sBg5gJdOydgQ8XPQYQ==/lib/arm64
09-22 19:34:21.292 12688 12883 W SoLoader: libreanimated.so not found on /data/app/so.onekey.app.wallet.dev.test-Jkbu0Jkn_3pUtplRyaDQ9g==/base.apk!/lib/arm64-v8a flag: 4
09-22 19:34:21.292 12688 12883 W SoLoader: java.lang.UnsatisfiedLinkError: dlopen failed: library "/data/app/so.onekey.app.wallet.dev.test-Jkbu0Jkn_3pUtplRyaDQ9g==/base.apk!/lib/arm64-v8a/libreanimated.so" not found
09-22 19:34:21.292 12688 12883 W SoLoader: 	at java.lang.Runtime.load0(Runtime.java:938)
09-22 19:34:21.292 12688 12883 W SoLoader: 	at java.lang.System.load(System.java:1631)
09-22 19:34:21.292 12688 12883 W SoLoader: 	at com.facebook.soloader.SoLoader$1.load(SoLoader.java:558)
09-22 19:34:21.292 12688 12883 W SoLoader: 	at com.facebook.soloader.DirectApkSoSource.loadLibrary(DirectApkSoSource.java:81)
09-22 19:34:21.292 12688 12883 W SoLoader: 	at com.facebook.soloader.SoLoader.doLoadLibraryBySoName(SoLoader.java:1067)
09-22 19:34:21.292 12688 12883 W SoLoader: 	at com.facebook.soloader.SoLoader.loadLibraryBySoNameImpl(SoLoader.java:943)
09-22 19:34:21.292 12688 12883 W SoLoader: 	at com.facebook.soloader.SoLoader.loadLibraryBySoName(SoLoader.java:855)
09-22 19:34:21.292 12688 12883 W SoLoader: 	at com.facebook.soloader.SoLoader.loadLibrary(SoLoader.java:802)
09-22 19:34:21.292 12688 12883 W SoLoader: 	at com.facebook.soloader.SoLoader.loadLibrary(SoLoader.java:772)
09-22 19:34:21.292 12688 12883 W SoLoader: 	at com.swmansion.reanimated.nativeProxy.NativeProxyCommon.<clinit>(NativeProxyCommon.java:33)
09-22 19:34:21.292 12688 12883 W SoLoader: 	at com.swmansion.reanimated.NodesManager.initWithContext(NodesManager.java:112)
09-22 19:34:21.292 12688 12883 W SoLoader: 	at com.swmansion.reanimated.ReanimatedModule.installTurboModule(ReanimatedModule.java:100)
09-22 19:34:21.292 12688 12883 W SoLoader: 	at com.facebook.jni.NativeRunnable.run(Native Method)
09-22 19:34:21.292 12688 12883 W SoLoader: 	at android.os.Handler.handleCallback(Handler.java:883)
09-22 19:34:21.292 12688 12883 W SoLoader: 	at android.os.Handler.dispatchMessage(Handler.java:100)
09-22 19:34:21.292 12688 12883 W SoLoader: 	at com.facebook.react.bridge.queue.MessageQueueThreadHandler.dispatchMessage(MessageQueueThreadHandler.java:27)
09-22 19:34:21.292 12688 12883 W SoLoader: 	at android.os.Looper.loop(Looper.java:214)
09-22 19:34:21.292 12688 12883 W SoLoader: 	at com.facebook.react.bridge.queue.MessageQueueThreadImpl$4.run(MessageQueueThreadImpl.java:228)
09-22 19:34:21.292 12688 12883 W SoLoader: 	at java.lang.Thread.run(Thread.java:919)
09-22 19:34:21.308 12688 12883 D SoLoader: libreanimated.so found on /data/app/so.onekey.app.wallet.dev-WAC2sBg5gJdOydgQ8XPQYQ==/base.apk!/lib/arm64-v8a
09-22 19:34:21.449 12688 12883 I RNMMKV  : Creating MMKV instance "obsPersist"... (Path: , Encryption-Key: )
09-22 19:34:21.449 12688 12883 I MMKV    : <MemoryFile.cpp:97::open> open fd[0xb0], /data/user/0/so.onekey.app.wallet.dev/files/mmkv/obsPersist
09-22 19:34:21.449 12688 12883 I MMKV    : <MemoryFile.cpp:97::open> open fd[0xb1], /data/user/0/so.onekey.app.wallet.dev/files/mmkv/obsPersist.crc
09-22 19:34:21.449 12688 12883 I MMKV    : <MMKV_IO.cpp:81::loadFromFile> loading [obsPersist] with 0 actual size, file size 4096, InterProcess 0, meta info version:0
09-22 19:34:21.449 12688 12883 I MMKV    : <MMKV_IO.cpp:130::loadFromFile> loaded [obsPersist] with 0 key-values
09-22 19:34:21.465 12688 12883 W ReactNativeJS: `new NativeEventEmitter()` was called with a non-null argument without the required `addListener` method.
09-22 19:34:21.465 12688 12883 W ReactNativeJS: `new NativeEventEmitter()` was called with a non-null argument without the required `removeListeners` method.
09-22 19:34:21.601 12688 12883 I ReactNativeJS: Running "main
09-22 19:34:21.634 12688 12856 W .app.wallet.de: Accessing hidden method Ljava/io/ObjectStreamClass;->getConstructorId(Ljava/lang/Class;)J (greylist, reflection, allowed)
09-22 19:34:21.634 12688 12856 W .app.wallet.de: Accessing hidden field Lsun/misc/Unsafe;->theUnsafe:Lsun/misc/Unsafe; (greylist, reflection, allowed)
09-22 19:34:21.645 12688 12688 I ReactNative: [GESTURE HANDLER] Initialize gesture handler for root view com.facebook.react.ReactRootView{a222c24 V.E...... ......ID 0,0-1080,2022 #b}
09-22 19:34:21.853 12688 12883 D RNFBCrashlyticsInit: isCrashlyticsCollectionEnabled via RNFBMeta: true
09-22 19:34:21.853 12688 12883 D RNFBCrashlyticsInit: isCrashlyticsCollectionEnabled after checking crashlytics_debug_enabled: false
09-22 19:34:21.853 12688 12883 D RNFBCrashlyticsInit: isCrashlyticsCollectionEnabled final value: false
09-22 19:34:21.853 12688 12883 D RNFBCrashlyticsInit: isErrorGenerationOnJSCrashEnabled via RNFBJSON: true
09-22 19:34:21.853 12688 12883 D RNFBCrashlyticsInit: isErrorGenerationOnJSCrashEnabled final value: true
09-22 19:34:21.854 12688 12883 D RNFBCrashlyticsInit: isCrashlyticsJavascriptExceptionHandlerChainingEnabled via RNFBJSON: true
09-22 19:34:21.854 12688 12883 D RNFBCrashlyticsInit: isCrashlyticsJavascriptExceptionHandlerChainingEnabled final value: true
09-22 19:34:21.858 12688 12884 W .app.wallet.de: Accessing hidden field Landroid/app/ActivityThread;->sCurrentActivityThread:Landroid/app/ActivityThread; (greylist, reflection, allowed)
09-22 19:34:21.858 12688 12884 W .app.wallet.de: Accessing hidden method Landroid/app/ActivityThread;->getApplication()Landroid/app/Application; (greylist, reflection, allowed)
09-22 19:34:21.868 12688 12884 D ActionManager: addAction type:JPUSH,action:cn.jpush.android.helper.b
09-22 19:34:21.875 12688 12884 W .app.wallet.de: Accessing hidden method Landroid/app/ActivityThread;->currentActivityThread()Landroid/app/ActivityThread; (greylist, reflection, allowed)
09-22 19:34:21.875 12688 12884 W .app.wallet.de: Accessing hidden field Landroid/app/ActivityThread;->mActivities:Landroid/util/ArrayMap; (greylist, reflection, allowed)
09-22 19:34:21.875 12688 12884 W .app.wallet.de: Accessing hidden field Landroid/app/ActivityThread$ActivityClientRecord;->paused:Z (greylist, reflection, allowed)
09-22 19:34:21.875 12688 12884 W .app.wallet.de: Accessing hidden field Landroid/app/ActivityThread$ActivityClientRecord;->activity:Landroid/app/Activity; (greylist, reflection, allowed)
09-22 19:34:21.889 12688 12884 W .app.wallet.de: Accessing hidden method Landroid/view/Window;->getInsetsController()Landroid/view/WindowInsetsController; (blacklist, linking, denied)
09-22 19:34:21.892 12688 12884 D RNFBCrashlyticsInit: isCrashlyticsCollectionEnabled via RNFBMeta: true
09-22 19:34:21.892 12688 12884 D RNFBCrashlyticsInit: isCrashlyticsCollectionEnabled after checking crashlytics_debug_enabled: false
09-22 19:34:21.892 12688 12884 D RNFBCrashlyticsInit: isCrashlyticsCollectionEnabled final value: false
09-22 19:34:21.907 12688 12926 E JIGUANG-JOperate: [JOperateProccessHelper] The permission should be defined JO- so.onekey.app.wallet.dev.permission.JOPERATE_MESSAGE
09-22 19:34:21.908 12688 12926 E JIGUANG-JOperate: [JOperateProccessHelper] getReceiverPermission:so.onekey.app.wallet.dev.permission.JPUSH_MESSAGE
09-22 19:34:21.988 12688 12942 V SoLoader: libimagepipeline.so not found on /data/app/so.onekey.app.wallet.dev-WAC2sBg5gJdOydgQ8XPQYQ==/lib/arm64
09-22 19:34:21.992 12688 12947 E JIGUANG-JCore: [CheckManifestHelper] errorcode:1008,Invalid appKey : 1, Please get your Appkey from JIGUANG web console!
09-22 19:34:21.999 12688 12942 V SoLoader: libjnigraphics.so not found on /data/app/so.onekey.app.wallet.dev-WAC2sBg5gJdOydgQ8XPQYQ==/lib/arm64
09-22 19:34:21.999 12688 12942 V SoLoader: libjnigraphics.so not found on /data/app/so.onekey.app.wallet.dev.test-Jkbu0Jkn_3pUtplRyaDQ9g==/base.apk!/lib/arm64-v8a
09-22 19:34:21.999 12688 12942 V SoLoader: libjnigraphics.so not found on /data/app/so.onekey.app.wallet.dev-WAC2sBg5gJdOydgQ8XPQYQ==/base.apk!/lib/arm64-v8a
09-22 19:34:21.999 12688 12942 D SoLoader: libjnigraphics.so found on /system/lib64
09-22 19:34:21.999 12688 12942 D SoLoader: libjnigraphics.so loaded implicitly
09-22 19:34:22.001 12688 12942 W SoLoader: libimagepipeline.so not found on /data/app/so.onekey.app.wallet.dev.test-Jkbu0Jkn_3pUtplRyaDQ9g==/base.apk!/lib/arm64-v8a flag: 4
09-22 19:34:22.001 12688 12942 W SoLoader: java.lang.UnsatisfiedLinkError: dlopen failed: library "/data/app/so.onekey.app.wallet.dev.test-Jkbu0Jkn_3pUtplRyaDQ9g==/base.apk!/lib/arm64-v8a/libimagepipeline.so" not found
09-22 19:34:22.001 12688 12942 W SoLoader: 	at java.lang.Runtime.load0(Runtime.java:938)
09-22 19:34:22.001 12688 12942 W SoLoader: 	at java.lang.System.load(System.java:1631)
09-22 19:34:22.001 12688 12942 W SoLoader: 	at com.facebook.soloader.SoLoader$1.load(SoLoader.java:558)
09-22 19:34:22.001 12688 12942 W SoLoader: 	at com.facebook.soloader.DirectApkSoSource.loadLibrary(DirectApkSoSource.java:81)
09-22 19:34:22.001 12688 12942 W SoLoader: 	at com.facebook.soloader.SoLoader.doLoadLibraryBySoName(SoLoader.java:1067)
09-22 19:34:22.001 12688 12942 W SoLoader: 	at com.facebook.soloader.SoLoader.loadLibraryBySoNameImpl(SoLoader.java:943)
09-22 19:34:22.001 12688 12942 W SoLoader: 	at com.facebook.soloader.SoLoader.loadLibraryBySoName(SoLoader.java:855)
09-22 19:34:22.001 12688 12942 W SoLoader: 	at com.facebook.soloader.SoLoader.loadLibrary(SoLoader.java:802)
09-22 19:34:22.001 12688 12942 W SoLoader: 	at com.facebook.soloader.NativeLoaderToSoLoaderDelegate.loadLibrary(NativeLoaderToSoLoaderDelegate.java:29)
09-22 19:34:22.001 12688 12942 W SoLoader: 	at com.facebook.soloader.nativeloader.NativeLoader.loadLibrary(NativeLoader.java:51)
09-22 19:34:22.001 12688 12942 W SoLoader: 	at com.facebook.soloader.nativeloader.NativeLoader.loadLibrary(NativeLoader.java:30)
09-22 19:34:22.001 12688 12942 W SoLoader: 	at com.facebook.imagepipeline.memory.NativeMemoryChunk.<clinit>(NativeMemoryChunk.java:33)
09-22 19:34:22.001 12688 12942 W SoLoader: 	at com.facebook.imagepipeline.memory.NativeMemoryChunkPool.alloc(NativeMemoryChunkPool.java:31)
09-22 19:34:22.001 12688 12942 W SoLoader: 	at com.facebook.imagepipeline.memory.NativeMemoryChunkPool.alloc(NativeMemoryChunkPool.java:16)
09-22 19:34:22.001 12688 12942 W SoLoader: 	at com.facebook.imagepipeline.memory.BasePool.get(BasePool.java:256)
09-22 19:34:22.001 12688 12942 W SoLoader: 	at com.facebook.imagepipeline.memory.MemoryPooledByteBufferOutputStream.<init>(MemoryPooledByteBufferOutputStream.java:55)
09-22 19:34:22.001 12688 12942 W SoLoader: 	at com.facebook.imagepipeline.memory.MemoryPooledByteBufferFactory.newByteBuffer(MemoryPooledByteBufferFactory.java:75)
09-22 19:34:22.001 12688 12942 W SoLoader: 	at com.facebook.imagepipeline.memory.MemoryPooledByteBufferFactory.newByteBuffer(MemoryPooledByteBufferFactory.java:25)
09-22 19:34:22.001 12688 12942 W SoLoader: 	at com.facebook.imagepipeline.producers.LocalFetchProducer.getByteBufferBackedEncodedImage(LocalFetchProducer.java:83)
09-22 19:34:22.001 12688 12942 W SoLoader: 	at com.facebook.imagepipeline.producers.LocalFetchProducer.getEncodedImage(LocalFetchProducer.java:93)
09-22 19:34:22.001 12688 12942 W SoLoader: 	at com.facebook.imagepipeline.producers.LocalResourceFetchProducer.getEncodedImage(LocalResourceFetchProducer.java:37)
09-22 19:34:22.001 12688 12942 W SoLoader: 	at com.facebook.imagepipeline.producers.LocalFetchProducer$1.getResult(LocalFetchProducer.java:47)
09-22 19:34:22.001 12688 12942 W SoLoader: 	at com.facebook.imagepipeline.producers.LocalFetchProducer$1.getResult(LocalFetchProducer.java:43)
09-22 19:34:22.001 12688 12942 W SoLoader: 	at com.facebook.common.executors.StatefulRunnable.run(StatefulRunnable.java:46)
09-22 19:34:22.001 12688 12942 W SoLoader: 	at java.util.concurrent.ThreadPoolExecutor.runWorker(ThreadPoolExecutor.java:1167)
09-22 19:34:22.001 12688 12942 W SoLoader: 	at java.util.concurrent.ThreadPoolExecutor$Worker.run(ThreadPoolExecutor.java:641)
09-22 19:34:22.001 12688 12942 W SoLoader: 	at com.facebook.imagepipeline.core.PriorityThreadFactory$1.run(PriorityThreadFactory.java:52)
09-22 19:34:22.001 12688 12942 W SoLoader: 	at java.lang.Thread.run(Thread.java:919)
09-22 19:34:22.001 12688 12947 E JIGUANG-JCore: [CheckManifestHelper] errorcode:1008,Invalid appKey : 1, Please get your Appkey from JIGUANG web console!
09-22 19:34:22.008 12688 12947 I chatty  : uid=10155(so.onekey.app.wallet.dev) jg_mn_pool_thre identical 2 lines
09-22 19:34:22.009 12688 12947 E JIGUANG-JCore: [CheckManifestHelper] errorcode:1008,Invalid appKey : 1, Please get your Appkey from JIGUANG web console!
09-22 19:34:22.013 12688 12947 E JIGUANG-JCore: [CheckManifestHelper] errorcode:1008,Invalid appKey : 1, Please get your Appkey from JIGUANG web console!
09-22 19:34:22.023 12688 12942 D SoLoader: libimagepipeline.so found on /data/app/so.onekey.app.wallet.dev-WAC2sBg5gJdOydgQ8XPQYQ==/base.apk!/lib/arm64-v8a
09-22 19:34:22.025 12688 12884 W unknown:ViewManagerPropertyUpdater: Could not find generated setter for class com.swmansion.rnscreens.ScreensShadowNode
09-22 19:34:22.095 12688 12688 W .app.wallet.de: Accessing hidden method Lsun/misc/Unsafe;->getObject(Ljava/lang/Object;J)Ljava/lang/Object; (greylist, linking, allowed)
09-22 19:34:22.098 12688 12850 W .app.wallet.de: Accessing hidden method Lsun/misc/Unsafe;->getInt(Ljava/lang/Object;J)I (greylist, linking, allowed)
09-22 19:34:22.098 12688 12850 W .app.wallet.de: Accessing hidden method Lsun/misc/Unsafe;->getObject(Ljava/lang/Object;J)Ljava/lang/Object; (greylist, linking, allowed)
09-22 19:34:22.098 12688 12850 I chatty  : uid=10155(so.onekey.app.wallet.dev) pool-3-thread-1 identical 1 line
09-22 19:34:22.102 12688 12850 W .app.wallet.de: Accessing hidden method Lsun/misc/Unsafe;->getObject(Ljava/lang/Object;J)Ljava/lang/Object; (greylist, linking, allowed)
09-22 19:34:22.107 12688 12850 W .app.wallet.de: Accessing hidden method Lsun/misc/Unsafe;->getLong(Ljava/lang/Object;J)J (greylist,core-platform-api, linking, allowed)
09-22 19:34:22.108 12688 12850 W .app.wallet.de: Accessing hidden method Lsun/misc/Unsafe;->getObject(Ljava/lang/Object;J)Ljava/lang/Object; (greylist, linking, allowed)
09-22 19:34:22.108 12688 12850 W .app.wallet.de: Accessing hidden method Lsun/misc/Unsafe;->putInt(Ljava/lang/Object;JI)V (greylist, linking, allowed)
09-22 19:34:22.430 12688 12688 D RenderScript HIDL Adaptation: IRenderScriptDevice::getService()
09-22 19:34:22.432 12688 12688 D RenderScript HIDL Adaptation: IRenderScriptDevice::getService() returned 0x0
09-22 19:34:22.432 12688 12688 D RenderScript HIDL Adaptation: Using Fallback Path.
09-22 19:34:22.486 12688 12688 D         : Successfully queried cache dir: /data/user_de/0/so.onekey.app.wallet.dev/code_cache
09-22 19:34:22.486 12688 12688 D RenderScript: Setting cache dir: /data/user_de/0/so.onekey.app.wallet.dev/code_cache
09-22 19:34:22.574 12688 12883 I ReactNativeJS: 'LazyRenderWhenFocus >>>>>>>>>> ', { shouldFreeze: true,
09-22 19:34:22.574 12688 12883 I ReactNativeJS:   freezeWhenBlur: undefined,
09-22 19:34:22.574 12688 12883 I ReactNativeJS:   rootTabName: 'market' }
09-22 19:34:22.613 12688 12883 I ReactNativeJS: 'LazyRenderWhenFocus >>>>>>>>>> ', { shouldFreeze: true,
09-22 19:34:22.613 12688 12883 I ReactNativeJS:   freezeWhenBlur: undefined,
09-22 19:34:22.613 12688 12883 I ReactNativeJS:   rootTabName: 'swap' }
09-22 19:34:22.660 12688 12883 I ReactNativeJS: 'LazyRenderWhenFocus >>>>>>>>>> ', { shouldFreeze: true,
09-22 19:34:22.660 12688 12883 I ReactNativeJS:   freezeWhenBlur: undefined,
09-22 19:34:22.660 12688 12883 I ReactNativeJS:   rootTabName: 'discover' }
09-22 19:34:22.744 12688 12883 I ReactNativeJS: 'LazyRenderWhenFocus >>>>>>>>>> ', { shouldFreeze: true,
09-22 19:34:22.744 12688 12883 I ReactNativeJS:   freezeWhenBlur: undefined,
09-22 19:34:22.744 12688 12883 I ReactNativeJS:   rootTabName: 'me' }
09-22 19:34:22.839 12688 12688 W .app.wallet.de: Accessing hidden field Landroid/widget/ScrollView;->mScroller:Landroid/widget/OverScroller; (greylist, reflection, allowed)
09-22 19:34:22.909 12688 12883 W ReactNativeJS: `new NativeEventEmitter()` was called with a non-null argument without the required `addListener` method.
09-22 19:34:22.909 12688 12883 W ReactNativeJS: `new NativeEventEmitter()` was called with a non-null argument without the required `removeListeners` method.
09-22 19:34:23.021 12688 12884 D RNFBCrashlyticsInit: isCrashlyticsCollectionEnabled via RNFBMeta: true
09-22 19:34:23.021 12688 12884 D RNFBCrashlyticsInit: isCrashlyticsCollectionEnabled after checking crashlytics_debug_enabled: false
09-22 19:34:23.021 12688 12884 D RNFBCrashlyticsInit: isCrashlyticsCollectionEnabled final value: false
09-22 19:34:23.065 12688 12884 D RNFBCrashlyticsInit: isCrashlyticsCollectionEnabled via RNFBMeta: true
09-22 19:34:23.065 12688 12884 D RNFBCrashlyticsInit: isCrashlyticsCollectionEnabled after checking crashlytics_debug_enabled: false
09-22 19:34:23.065 12688 12884 D RNFBCrashlyticsInit: isCrashlyticsCollectionEnabled final value: false
09-22 19:34:23.475 12688 12688 I Choreographer: Skipped 36 frames!  The application may be doing too much work on its main thread.
09-22 19:34:23.554 12688 12688 I ReactNative: [GESTURE HANDLER] Gesture handler is already enabled for a parent view
09-22 19:34:23.569 12688 12688 W .app.wallet.de: Accessing hidden method Lsun/misc/Unsafe;->getObject(Ljava/lang/Object;J)Ljava/lang/Object; (greylist, linking, allowed)
09-22 19:34:23.569 12688 12850 W .app.wallet.de: Accessing hidden method Lsun/misc/Unsafe;->getInt(Ljava/lang/Object;J)I (greylist, linking, allowed)
09-22 19:34:23.569 12688 12850 W .app.wallet.de: Accessing hidden method Lsun/misc/Unsafe;->getObject(Ljava/lang/Object;J)Ljava/lang/Object; (greylist, linking, allowed)
09-22 19:34:23.569 12688 12850 W .app.wallet.de: Accessing hidden method Lsun/misc/Unsafe;->putInt(Ljava/lang/Object;JI)V (greylist, linking, allowed)
09-22 19:34:23.569 12688 12850 W .app.wallet.de: Accessing hidden method Lsun/misc/Unsafe;->getObject(Ljava/lang/Object;J)Ljava/lang/Object; (greylist, linking, allowed)
09-22 19:34:23.571 12688 12688 W .app.wallet.de: Accessing hidden method Lsun/misc/Unsafe;->getObject(Ljava/lang/Object;J)Ljava/lang/Object; (greylist, linking, allowed)
09-22 19:34:23.571 12688 12688 W .app.wallet.de: Accessing hidden method Lsun/misc/Unsafe;->getObject(Ljava/lang/Object;J)Ljava/lang/Object; (greylist, linking, allowed)
09-22 19:34:23.571 12688 12850 W .app.wallet.de: Accessing hidden method Lsun/misc/Unsafe;->getInt(Ljava/lang/Object;J)I (greylist, linking, allowed)
09-22 19:34:23.571 12688 12850 W .app.wallet.de: Accessing hidden method Lsun/misc/Unsafe;->getObject(Ljava/lang/Object;J)Ljava/lang/Object; (greylist, linking, allowed)
09-22 19:34:23.571 12688 12850 W .app.wallet.de: Accessing hidden method Lsun/misc/Unsafe;->getObject(Ljava/lang/Object;J)Ljava/lang/Object; (greylist, linking, allowed)
09-22 19:34:23.571 12688 12850 W .app.wallet.de: Accessing hidden method Lsun/misc/Unsafe;->getInt(Ljava/lang/Object;J)I (greylist, linking, allowed)
09-22 19:34:23.571 12688 12850 W .app.wallet.de: Accessing hidden method Lsun/misc/Unsafe;->getObject(Ljava/lang/Object;J)Ljava/lang/Object; (greylist, linking, allowed)
09-22 19:34:23.572 12688 12850 I chatty  : uid=10155(so.onekey.app.wallet.dev) pool-3-thread-1 identical 2 lines
09-22 19:34:23.572 12688 12850 W .app.wallet.de: Accessing hidden method Lsun/misc/Unsafe;->getObject(Ljava/lang/Object;J)Ljava/lang/Object; (greylist, linking, allowed)
09-22 19:34:23.610 12688 12884 W JIGUANG-JPush: [AndroidUtil] AndroidManifest.xml missing FileProvider: cn.jiguang.union.ads.service.JAdFileProvider, it necessary for inapp message
09-22 19:34:23.610 12688 12884 W JIGUANG-JPush: [AndroidUtil] The fileprovider required for inapp-message is incorrectly configured, please check AndroidManifest.xml
09-22 19:34:23.612 12688 12947 E JIGUANG-JCore: [CheckManifestHelper] errorcode:1008,Invalid appKey : 1, Please get your Appkey from JIGUANG web console!
09-22 19:34:23.613 12688 12884 W JIGUANG-JCore: [JCoreManager] [requestPermission] context must instanceof Activity
09-22 19:34:23.614 12688 12947 E JIGUANG-JCore: [CheckManifestHelper] errorcode:1008,Invalid appKey : 1, Please get your Appkey from JIGUANG web console!
09-22 19:34:23.616 12688 12947 E JIGUANG-JCore: [CheckManifestHelper] errorcode:1008,Invalid appKey : 1, Please get your Appkey from JIGUANG web console!
09-22 19:34:23.618 12688 12920 W JIGUANG-JPush: [AndroidUtil] AndroidManifest.xml missing FileProvider: cn.jiguang.union.ads.service.JAdFileProvider, it necessary for inapp message
09-22 19:34:23.618 12688 12920 W JIGUANG-JPush: [AndroidUtil] The fileprovider required for inapp-message is incorrectly configured, please check AndroidManifest.xml
09-22 19:34:23.641 12688 12920 W JIGUANG-JUnionAd: [InAppHelper] not allowed install apk by system
09-22 19:34:23.648 12688 12947 E JIGUANG-JCore: [CheckManifestHelper] errorcode:1008,Invalid appKey : 1, Please get your Appkey from JIGUANG web console!
09-22 19:34:23.657 12688 12844 I OpenGLRenderer: Davey! duration=793ms; Flags=0, IntendedVsync=5829909049308, Vsync=5830509049284, OldestInputEvent=9223372036854775807, NewestInputEvent=0, HandleInputStart=5830521537362, AnimationStart=5830521559737, PerformTraversalsStart=5830647964237, DrawStart=5830650930612, SyncQueued=5830686418737, SyncStart=5830687180195, IssueDrawCommandsStart=5830698580279, SwapBuffers=5830699323445, FrameCompleted=5830703474154, DequeueBufferDuration=1268000, QueueBufferDuration=702000, 
09-22 19:34:23.675 12688 12920 W JIGUANG-JPush: [AsusPushHelper] AndroidManifest.xml missing receiver extends asus's AsusPushMessageReceiver
09-22 19:34:23.793 12688 12688 I Detox   : UIManagerModule is busy
09-22 19:34:23.803 12688 12688 I Detox   : Network is busy, with 5 in-flight calls
09-22 19:34:23.997 12688 12688 I chatty  : uid=10155(so.onekey.app.wallet.dev) identical 12 lines
09-22 19:34:24.014 12688 12688 I Detox   : Network is busy, with 5 in-flight calls
09-22 19:34:24.024 12688 12968 W .app.wallet.de: Accessing hidden method Lsun/misc/Unsafe;->getObject(Ljava/lang/Object;J)Ljava/lang/Object; (greylist, linking, allowed)
09-22 19:34:24.024 12688 12850 W .app.wallet.de: Accessing hidden method Lsun/misc/Unsafe;->getObject(Ljava/lang/Object;J)Ljava/lang/Object; (greylist, linking, allowed)
09-22 19:34:24.024 12688 12850 I chatty  : uid=10155(so.onekey.app.wallet.dev) pool-3-thread-1 identical 1 line
09-22 19:34:24.025 12688 12850 W .app.wallet.de: Accessing hidden method Lsun/misc/Unsafe;->getObject(Ljava/lang/Object;J)Ljava/lang/Object; (greylist, linking, allowed)
09-22 19:34:24.025 12688 12850 W .app.wallet.de: Accessing hidden method Lsun/misc/Unsafe;->getLong(Ljava/lang/Object;J)J (greylist,core-platform-api, linking, allowed)
09-22 19:34:24.025 12688 12850 W .app.wallet.de: Accessing hidden method Lsun/misc/Unsafe;->getObject(Ljava/lang/Object;J)Ljava/lang/Object; (greylist, linking, allowed)
09-22 19:34:24.025 12688 12850 W .app.wallet.de: Accessing hidden method Lsun/misc/Unsafe;->getLong(Ljava/lang/Object;J)J (greylist,core-platform-api, linking, allowed)
