--------- beginning of main
09-22 19:34:10.896 12688 12688 I .app.wallet.de: Late-enabling -Xcheck:jni
09-22 19:34:10.916 12688 12688 E .app.wallet.de: Unknown bits set in runtime_flags: 0x8000
--------- beginning of system
09-22 19:34:10.951 12688 12688 W ActivityThread: Package uses different ABI(s) than its instrumentation: package[so.onekey.app.wallet.dev]: arm64-v8a, null instrumentation[so.onekey.app.wallet.dev.test]: null, null
09-22 19:34:10.955 12688 12688 I .app.wallet.de: The ClassLoaderContext is a special shared library.
09-22 19:34:12.282 12688 12688 I chatty  : uid=10155(so.onekey.app.wallet.dev) identical 2 lines
09-22 19:34:12.283 12688 12688 I .app.wallet.de: The ClassLoaderContext is a special shared library.
09-22 19:34:13.981 12688 12688 W .app.wallet.de: Accessing hidden method Landroid/app/Instrumentation;->execStartActivity(Landroid/content/Context;Landroid/os/IBinder;Landroid/os/IBinder;Landroid/app/Activity;Landroid/content/Intent;ILandroid/os/Bundle;)Landroid/app/Instrumentation$ActivityResult; (greylist, linking, allowed)
09-22 19:34:13.981 12688 12688 W .app.wallet.de: Accessing hidden method Landroid/app/Instrumentation;->execStartActivity(Landroid/content/Context;Landroid/os/IBinder;Landroid/os/IBinder;Ljava/lang/String;Landroid/content/Intent;ILandroid/os/Bundle;)Landroid/app/Instrumentation$ActivityResult; (greylist, linking, allowed)
09-22 19:34:13.988 12688 12688 I MonitoringInstr: newApplication called!
09-22 19:34:14.056 12688 12688 I FirebaseApp: Device unlocked: initializing all Firebase APIs for app [DEFAULT]
09-22 19:34:14.090 12688 12688 I FirebaseCrashlytics: Initializing Firebase Crashlytics 18.3.6 for so.onekey.app.wallet.dev
09-22 19:34:14.105 12688 12722 I DynamiteModule: Considering local module com.google.android.gms.measurement.dynamite:88 and remote module com.google.android.gms.measurement.dynamite:15
09-22 19:34:14.105 12688 12722 I DynamiteModule: Selected local version of com.google.android.gms.measurement.dynamite
09-22 19:34:14.169 12688 12688 I FirebaseInitProvider: FirebaseApp initialization successful
09-22 19:34:14.169 12688 12688 D ReactNativeFirebaseApp: received application context.
09-22 19:34:14.180 12688 12725 D libcrashlytics: Initializing libcrashlytics version 3.2.0
09-22 19:34:14.239 12688 12688 D RNFBCrashlyticsInit: isCrashlyticsCollectionEnabled via RNFBMeta: true
09-22 19:34:14.239 12688 12688 D RNFBCrashlyticsInit: isCrashlyticsCollectionEnabled after checking crashlytics_debug_enabled: false
09-22 19:34:14.239 12688 12688 D RNFBCrashlyticsInit: isCrashlyticsCollectionEnabled final value: false
09-22 19:34:14.239 12688 12688 I RNFBCrashlyticsInit: initialization successful
09-22 19:34:14.252 12688 12725 D libcrashlytics: Initializing native crash handling successful.
09-22 19:34:14.256 12688 12740 D NetworkSecurityConfig: Using Network Security Config from resource network_security_config debugBuild: true
09-22 19:34:14.272 12688 12688 I MonitoringInstr: Instrumentation started!
09-22 19:34:14.279 12688 12688 I AndroidJUnitRunner: onCreate Bundle[{debug=false, detoxServer=ws://localhost:63556, detoxSessionId=cdb5c14d-68f9-b750-161c-c2ecef2c4361}]
09-22 19:34:14.280 12688 12688 V TestEventClient: No service name argument was given (testDiscoveryService, testRunEventService or orchestratorService)
09-22 19:34:14.281 12688 12688 W .app.wallet.de: Accessing hidden field Landroid/database/CursorWindow;->sCursorWindowSize:I (greylist, reflection, allowed)
09-22 19:34:14.281 12688 12748 D AndroidJUnitRunner: onStart is called.
09-22 19:34:14.284 12688 12688 W .app.wallet.de: Accessing hidden method Ldalvik/system/BaseDexClassLoader;->getLdLibraryPath()Ljava/lang/String; (greylist,core-platform-api, reflection, allowed)
09-22 19:34:14.293 12688 12728 I FA      : App measurement initialized, version: 76003
09-22 19:34:14.293 12688 12728 I FA      : To enable debug logging run: adb shell setprop log.tag.FA VERBOSE
09-22 19:34:14.293 12688 12728 I FA      : To enable faster debug mode event logging run:
09-22 19:34:14.293 12688 12728 I FA      :   adb shell setprop debug.firebase.analytics.app so.onekey.app.wallet.dev
09-22 19:34:14.430 12688 12757 V SoLoader: libfbjni.so not found on /data/app/so.onekey.app.wallet.dev-WAC2sBg5gJdOydgQ8XPQYQ==/lib/arm64
09-22 19:34:14.432 12688 12757 V SoLoader: libandroid.so not found on /data/app/so.onekey.app.wallet.dev-WAC2sBg5gJdOydgQ8XPQYQ==/lib/arm64
09-22 19:34:14.432 12688 12757 V SoLoader: libandroid.so not found on /data/app/so.onekey.app.wallet.dev.test-Jkbu0Jkn_3pUtplRyaDQ9g==/base.apk!/lib/arm64-v8a
09-22 19:34:14.432 12688 12757 V SoLoader: libandroid.so not found on /data/app/so.onekey.app.wallet.dev-WAC2sBg5gJdOydgQ8XPQYQ==/base.apk!/lib/arm64-v8a
09-22 19:34:14.432 12688 12757 D SoLoader: libandroid.so found on /system/lib64
09-22 19:34:14.432 12688 12757 D SoLoader: libandroid.so loaded implicitly
09-22 19:34:14.432 12688 12757 V SoLoader: liblog.so not found on /data/app/so.onekey.app.wallet.dev-WAC2sBg5gJdOydgQ8XPQYQ==/lib/arm64
09-22 19:34:14.433 12688 12757 V SoLoader: liblog.so not found on /data/app/so.onekey.app.wallet.dev.test-Jkbu0Jkn_3pUtplRyaDQ9g==/base.apk!/lib/arm64-v8a
09-22 19:34:14.433 12688 12757 V SoLoader: liblog.so not found on /data/app/so.onekey.app.wallet.dev-WAC2sBg5gJdOydgQ8XPQYQ==/base.apk!/lib/arm64-v8a
09-22 19:34:14.433 12688 12757 D SoLoader: liblog.so found on /system/lib64
09-22 19:34:14.433 12688 12757 D SoLoader: liblog.so loaded implicitly
09-22 19:34:14.433 12688 12757 V SoLoader: libm.so not found on /data/app/so.onekey.app.wallet.dev-WAC2sBg5gJdOydgQ8XPQYQ==/lib/arm64
09-22 19:34:14.433 12688 12757 V SoLoader: libm.so not found on /data/app/so.onekey.app.wallet.dev.test-Jkbu0Jkn_3pUtplRyaDQ9g==/base.apk!/lib/arm64-v8a
09-22 19:34:14.433 12688 12757 V SoLoader: libm.so not found on /data/app/so.onekey.app.wallet.dev-WAC2sBg5gJdOydgQ8XPQYQ==/base.apk!/lib/arm64-v8a
09-22 19:34:14.433 12688 12757 D SoLoader: libm.so found on /system/lib64
09-22 19:34:14.433 12688 12757 D SoLoader: libm.so loaded implicitly
09-22 19:34:14.433 12688 12757 V SoLoader: libdl.so not found on /data/app/so.onekey.app.wallet.dev-WAC2sBg5gJdOydgQ8XPQYQ==/lib/arm64
09-22 19:34:14.433 12688 12757 V SoLoader: libdl.so not found on /data/app/so.onekey.app.wallet.dev.test-Jkbu0Jkn_3pUtplRyaDQ9g==/base.apk!/lib/arm64-v8a
09-22 19:34:14.433 12688 12757 V SoLoader: libdl.so not found on /data/app/so.onekey.app.wallet.dev-WAC2sBg5gJdOydgQ8XPQYQ==/base.apk!/lib/arm64-v8a
09-22 19:34:14.433 12688 12757 D SoLoader: libdl.so found on /system/lib64
09-22 19:34:14.433 12688 12757 D SoLoader: libdl.so loaded implicitly
09-22 19:34:14.433 12688 12757 V SoLoader: libc.so not found on /data/app/so.onekey.app.wallet.dev-WAC2sBg5gJdOydgQ8XPQYQ==/lib/arm64
09-22 19:34:14.433 12688 12757 V SoLoader: libc.so not found on /data/app/so.onekey.app.wallet.dev.test-Jkbu0Jkn_3pUtplRyaDQ9g==/base.apk!/lib/arm64-v8a
09-22 19:34:14.433 12688 12757 V SoLoader: libc.so not found on /data/app/so.onekey.app.wallet.dev-WAC2sBg5gJdOydgQ8XPQYQ==/base.apk!/lib/arm64-v8a
09-22 19:34:14.433 12688 12757 D SoLoader: libc.so found on /system/lib64
09-22 19:34:14.433 12688 12757 D SoLoader: libc.so loaded implicitly
09-22 19:34:14.434 12688 12757 W SoLoader: libfbjni.so not found on /data/app/so.onekey.app.wallet.dev.test-Jkbu0Jkn_3pUtplRyaDQ9g==/base.apk!/lib/arm64-v8a flag: 4
09-22 19:34:14.434 12688 12757 W SoLoader: java.lang.UnsatisfiedLinkError: dlopen failed: library "/data/app/so.onekey.app.wallet.dev.test-Jkbu0Jkn_3pUtplRyaDQ9g==/base.apk!/lib/arm64-v8a/libfbjni.so" not found
09-22 19:34:14.434 12688 12757 W SoLoader: 	at java.lang.Runtime.load0(Runtime.java:938)
09-22 19:34:14.434 12688 12757 W SoLoader: 	at java.lang.System.load(System.java:1631)
09-22 19:34:14.434 12688 12757 W SoLoader: 	at com.facebook.soloader.SoLoader$1.load(SoLoader.java:558)
09-22 19:34:14.434 12688 12757 W SoLoader: 	at com.facebook.soloader.DirectApkSoSource.loadLibrary(DirectApkSoSource.java:81)
09-22 19:34:14.434 12688 12757 W SoLoader: 	at com.facebook.soloader.SoLoader.doLoadLibraryBySoName(SoLoader.java:1067)
09-22 19:34:14.434 12688 12757 W SoLoader: 	at com.facebook.soloader.SoLoader.loadLibraryBySoNameImpl(SoLoader.java:943)
09-22 19:34:14.434 12688 12757 W SoLoader: 	at com.facebook.soloader.SoLoader.loadLibraryBySoName(SoLoader.java:855)
09-22 19:34:14.434 12688 12757 W SoLoader: 	at com.facebook.soloader.SoLoader.loadLibrary(SoLoader.java:802)
09-22 19:34:14.434 12688 12757 W SoLoader: 	at com.facebook.soloader.NativeLoaderToSoLoaderDelegate.loadLibrary(NativeLoaderToSoLoaderDelegate.java:29)
09-22 19:34:14.434 12688 12757 W SoLoader: 	at com.facebook.soloader.nativeloader.NativeLoader.loadLibrary(NativeLoader.java:51)
09-22 19:34:14.434 12688 12757 W SoLoader: 	at com.facebook.soloader.nativeloader.NativeLoader.loadLibrary(NativeLoader.java:30)
09-22 19:34:14.434 12688 12757 W SoLoader: 	at com.facebook.jni.HybridData.<clinit>(HybridData.java:34)
09-22 19:34:14.434 12688 12757 W SoLoader: 	at com.facebook.flipper.android.FlipperThread.run(FlipperThread.java:25)
09-22 19:34:14.438 12688 12757 W linker  : Warning: "/data/app/so.onekey.app.wallet.dev-WAC2sBg5gJdOydgQ8XPQYQ==/base.apk!/lib/arm64-v8a/libc++_shared.so" unused DT entry: unknown processor-specific (type 0x70000001 arg 0x0) (ignoring)
09-22 19:34:14.443 12688 12757 D SoLoader: libfbjni.so found on /data/app/so.onekey.app.wallet.dev-WAC2sBg5gJdOydgQ8XPQYQ==/base.apk!/lib/arm64-v8a
09-22 19:34:14.443 12688 12757 V SoLoader: libflipper.so not found on /data/app/so.onekey.app.wallet.dev-WAC2sBg5gJdOydgQ8XPQYQ==/lib/arm64
09-22 19:34:14.445 12688 12757 W SoLoader: libflipper.so not found on /data/app/so.onekey.app.wallet.dev.test-Jkbu0Jkn_3pUtplRyaDQ9g==/base.apk!/lib/arm64-v8a flag: 4
09-22 19:34:14.445 12688 12757 W SoLoader: java.lang.UnsatisfiedLinkError: dlopen failed: library "/data/app/so.onekey.app.wallet.dev.test-Jkbu0Jkn_3pUtplRyaDQ9g==/base.apk!/lib/arm64-v8a/libflipper.so" not found
09-22 19:34:14.445 12688 12757 W SoLoader: 	at java.lang.Runtime.load0(Runtime.java:938)
09-22 19:34:14.445 12688 12757 W SoLoader: 	at java.lang.System.load(System.java:1631)
09-22 19:34:14.445 12688 12757 W SoLoader: 	at com.facebook.soloader.SoLoader$1.load(SoLoader.java:558)
09-22 19:34:14.445 12688 12757 W SoLoader: 	at com.facebook.soloader.DirectApkSoSource.loadLibrary(DirectApkSoSource.java:81)
09-22 19:34:14.445 12688 12757 W SoLoader: 	at com.facebook.soloader.SoLoader.doLoadLibraryBySoName(SoLoader.java:1067)
09-22 19:34:14.445 12688 12757 W SoLoader: 	at com.facebook.soloader.SoLoader.loadLibraryBySoNameImpl(SoLoader.java:943)
09-22 19:34:14.445 12688 12757 W SoLoader: 	at com.facebook.soloader.SoLoader.loadLibraryBySoName(SoLoader.java:855)
09-22 19:34:14.445 12688 12757 W SoLoader: 	at com.facebook.soloader.SoLoader.loadLibrary(SoLoader.java:802)
09-22 19:34:14.445 12688 12757 W SoLoader: 	at com.facebook.soloader.SoLoader.loadLibrary(SoLoader.java:772)
09-22 19:34:14.445 12688 12757 W SoLoader: 	at com.facebook.flipper.android.EventBase.<clinit>(EventBase.java:19)
09-22 19:34:14.445 12688 12757 W SoLoader: 	at com.facebook.flipper.android.FlipperThread.run(FlipperThread.java:25)
09-22 19:34:14.459 12688 12757 D SoLoader: libflipper.so found on /data/app/so.onekey.app.wallet.dev-WAC2sBg5gJdOydgQ8XPQYQ==/base.apk!/lib/arm64-v8a
09-22 19:34:14.481 12688 12759 W unknown:InspectorPackagerConnection: Couldn't connect to packager, will silently retry
09-22 19:34:14.485 12688 12758 W unknown:ReconnectingWebSocket: Couldn't connect to "ws://localhost:8081/message?device=Android%20SDK%20built%20for%20arm64%20-%2010%20-%20API%2029&app=so.onekey.app.wallet.dev&clientid=BridgeDevSupportManager", will silently retry
09-22 19:34:14.495 12688 12688 W .app.wallet.de: Accessing hidden field Landroid/view/View;->mKeyedTags:Landroid/util/SparseArray; (greylist, reflection, allowed)
09-22 19:34:14.495 12688 12688 W .app.wallet.de: Accessing hidden field Landroid/view/View;->mListenerInfo:Landroid/view/View$ListenerInfo; (greylist, reflection, allowed)
09-22 19:34:14.495 12688 12688 W .app.wallet.de: Accessing hidden field Landroid/view/View$ListenerInfo;->mOnClickListener:Landroid/view/View$OnClickListener; (greylist, reflection, allowed)
09-22 19:34:14.498 12688 12688 I flipper : flipper: FlipperClient::addPlugin Inspector
09-22 19:34:14.499 12688 12688 I flipper : flipper: FlipperClient::addPlugin Databases
09-22 19:34:14.499 12688 12688 I flipper : flipper: FlipperClient::addPlugin Preferences
09-22 19:34:14.499 12688 12688 I flipper : flipper: FlipperClient::addPlugin rn-perf-monitor
09-22 19:34:14.499 12688 12688 I flipper : flipper: FlipperClient::addPlugin CrashReporter
09-22 19:34:14.501 12688 12688 I flipper : flipper: FlipperClient::addPlugin Network
09-22 19:34:14.511 12688 12756 W .app.wallet.de: Accessing hidden method Landroid/app/AppGlobals;->getInitialApplication()Landroid/app/Application; (greylist, reflection, allowed)
09-22 19:34:14.516 12688 12688 I WebViewFactory: Loading com.google.android.webview version 91.0.4472.114 (code 447211484)
09-22 19:34:14.519 12688 12688 I .app.wallet.de: The ClassLoaderContext is a special shared library.
09-22 19:34:14.523 12688 12688 I .app.wallet.de: The ClassLoaderContext is a special shared library.
09-22 19:34:14.644 12688 12688 W .app.wallet.de: Accessing hidden method Landroid/os/Trace;->isTagEnabled(J)Z (greylist, reflection, allowed)
09-22 19:34:14.644 12688 12688 W .app.wallet.de: Accessing hidden method Landroid/os/Trace;->traceBegin(JLjava/lang/String;)V (greylist, reflection, allowed)
09-22 19:34:14.644 12688 12688 W .app.wallet.de: Accessing hidden method Landroid/os/Trace;->traceEnd(J)V (greylist, reflection, allowed)
09-22 19:34:14.644 12688 12688 W .app.wallet.de: Accessing hidden method Landroid/os/Trace;->asyncTraceBegin(JLjava/lang/String;I)V (greylist, reflection, allowed)
09-22 19:34:14.644 12688 12688 W .app.wallet.de: Accessing hidden method Landroid/os/Trace;->asyncTraceEnd(JLjava/lang/String;I)V (greylist, reflection, allowed)
09-22 19:34:14.684 12688 12688 I cr_LibraryLoader: Loaded native library version number "91.0.4472.114"
09-22 19:34:14.685 12688 12688 I cr_CachingUmaRecorder: Flushed 6 samples from 6 histograms.
09-22 19:34:14.860 12688 12688 I Choreographer: Skipped 35 frames!  The application may be doing too much work on its main thread.
09-22 19:34:14.905 12688 12748 D TestRequestBuilder: Using class path scanning to discover tests
09-22 19:34:14.905 12688 12748 I TestRequestBuilder: Scanning classpath to find tests in paths [/data/app/so.onekey.app.wallet.dev.test-Jkbu0Jkn_3pUtplRyaDQ9g==/base.apk]
09-22 19:34:14.905 12688 12829 W .app.wallet.de: Accessing hidden method Llibcore/io/Memory;->peekLong(JZ)J (greylist, reflection, allowed)
09-22 19:34:14.905 12688 12829 W .app.wallet.de: Accessing hidden method Llibcore/io/Memory;->pokeLong(JJZ)V (greylist, reflection, allowed)
09-22 19:34:14.905 12688 12829 W .app.wallet.de: Accessing hidden method Llibcore/io/Memory;->pokeInt(JIZ)V (greylist, reflection, allowed)
09-22 19:34:14.905 12688 12829 W .app.wallet.de: Accessing hidden method Llibcore/io/Memory;->peekInt(JZ)I (greylist, reflection, allowed)
09-22 19:34:14.905 12688 12829 W .app.wallet.de: Accessing hidden method Llibcore/io/Memory;->pokeByte(JB)V (greylist, reflection, allowed)
09-22 19:34:14.905 12688 12829 W .app.wallet.de: Accessing hidden method Llibcore/io/Memory;->peekByte(J)B (greylist, reflection, allowed)
09-22 19:34:14.905 12688 12829 W .app.wallet.de: Accessing hidden method Llibcore/io/Memory;->pokeByteArray(J[BII)V (greylist, reflection, allowed)
09-22 19:34:14.905 12688 12829 W .app.wallet.de: Accessing hidden method Llibcore/io/Memory;->peekByteArray(J[BII)V (greylist, reflection, allowed)
09-22 19:34:14.905 12688 12829 W .app.wallet.de: Accessing hidden method Lsun/misc/Unsafe;->objectFieldOffset(Ljava/lang/reflect/Field;)J (greylist,core-platform-api, reflection, allowed)
09-22 19:34:14.905 12688 12829 W .app.wallet.de: Accessing hidden method Lsun/misc/Unsafe;->getLong(Ljava/lang/Object;J)J (greylist,core-platform-api, reflection, allowed)
09-22 19:34:14.905 12688 12748 W .app.wallet.de: Opening an oat file without a class loader. Are you using the deprecated DexFile APIs?
09-22 19:34:14.905 12688 12829 W .app.wallet.de: Accessing hidden field Ljava/nio/Buffer;->address:J (greylist, reflection, allowed)
09-22 19:34:14.905 12688 12829 W .app.wallet.de: Accessing hidden method Lsun/misc/Unsafe;->arrayBaseOffset(Ljava/lang/Class;)I (greylist,core-platform-api, reflection, allowed)
09-22 19:34:14.905 12688 12829 W .app.wallet.de: Accessing hidden method Lsun/misc/Unsafe;->arrayIndexScale(Ljava/lang/Class;)I (greylist, reflection, allowed)
09-22 19:34:14.905 12688 12829 W .app.wallet.de: Accessing hidden method Lsun/misc/Unsafe;->getInt(Ljava/lang/Object;J)I (greylist, reflection, allowed)
09-22 19:34:14.905 12688 12829 W .app.wallet.de: Accessing hidden method Lsun/misc/Unsafe;->putInt(Ljava/lang/Object;JI)V (greylist, reflection, allowed)
09-22 19:34:14.905 12688 12829 W .app.wallet.de: Accessing hidden method Lsun/misc/Unsafe;->getLong(Ljava/lang/Object;J)J (greylist,core-platform-api, reflection, allowed)
09-22 19:34:14.906 12688 12829 W .app.wallet.de: Accessing hidden method Lsun/misc/Unsafe;->putLong(Ljava/lang/Object;JJ)V (greylist, reflection, allowed)
09-22 19:34:14.906 12688 12829 W .app.wallet.de: Accessing hidden method Lsun/misc/Unsafe;->getObject(Ljava/lang/Object;J)Ljava/lang/Object; (greylist, reflection, allowed)
09-22 19:34:14.906 12688 12829 W .app.wallet.de: Accessing hidden method Lsun/misc/Unsafe;->putObject(Ljava/lang/Object;JLjava/lang/Object;)V (greylist, reflection, allowed)
09-22 19:34:15.162 12688 12748 I .app.wallet.de: Waiting for a blocking GC ClassLinker
09-22 19:34:15.168 12688 12748 I .app.wallet.de: WaitForGcToComplete blocked ClassLinker on ClassLinker for 5.932ms
09-22 19:34:15.232 12688 12748 D AndroidJUnitRunner: Use the raw file system for managing file I/O.
09-22 19:34:15.233 12688 12748 D TestExecutor: Adding listener androidx.test.internal.runner.listener.LogRunListener
09-22 19:34:15.233 12688 12748 D TestExecutor: Adding listener androidx.test.internal.runner.listener.InstrumentationResultPrinter
09-22 19:34:15.233 12688 12748 D TestExecutor: Adding listener androidx.test.internal.runner.listener.ActivityFinisherRunListener
09-22 19:34:15.233 12688 12748 D TestExecutor: Adding listener androidx.test.internal.runner.listener.TraceRunListener
09-22 19:34:15.234 12688 12748 I TestRunner: run started: 1 tests
09-22 19:34:15.235 12688 12748 I TestRunner: started: runDetoxTests(so.onekey.app.wallet.DetoxTest)
09-22 19:34:15.246 12688 12748 D EventInjectionStrategy: Creating injection strategy with input manager.
09-22 19:34:15.247 12688 12748 W .app.wallet.de: Accessing hidden method Landroid/hardware/input/InputManager;->getInstance()Landroid/hardware/input/InputManager; (greylist, reflection, allowed)
09-22 19:34:15.247 12688 12748 W .app.wallet.de: Accessing hidden method Landroid/hardware/input/InputManager;->injectInputEvent(Landroid/view/InputEvent;I)Z (greylist, reflection, allowed)
09-22 19:34:15.247 12688 12748 W .app.wallet.de: Accessing hidden field Landroid/hardware/input/InputManager;->INJECT_INPUT_EVENT_MODE_WAIT_FOR_FINISH:I (greylist, reflection, allowed)
09-22 19:34:15.251 12688 12748 W .app.wallet.de: Accessing hidden field Ljava/lang/reflect/Field;->accessFlags:I (greylist, reflection, allowed)
09-22 19:34:15.303 12688 12688 W ActivityThread: handleWindowVisibility: no activity for token android.os.BinderProxy@77e702a
09-22 19:34:15.351 12688 12688 W RenderThread: type=1400 audit(0.0:66): avc: denied { write } for name="property_service" dev="tmpfs" ino=6654 scontext=u:r:untrusted_app:s0:c155,c256,c512,c768 tcontext=u:object_r:property_socket:s0 tclass=sock_file permissive=0
09-22 19:34:15.357 12688 12846 D libEGL  : Emulator has host GPU support, qemu.gles is set to 1.
09-22 19:34:15.359 12688 12846 W libc    : Unable to set property "qemu.gles" to "1": connection failed; errno=13 (Permission denied)
09-22 19:34:15.435 12688 12846 D libEGL  : loaded /vendor/lib64/egl/libEGL_emulation.so
09-22 19:34:15.437 12688 12688 D LifecycleMonitor: Lifecycle status change: so.onekey.app.wallet.MainActivity@85cd593 in: PRE_ON_CREATE
09-22 19:34:15.442 12688 12846 D libEGL  : loaded /vendor/lib64/egl/libGLESv1_CM_emulation.so
09-22 19:34:15.446 12688 12846 D libEGL  : loaded /vendor/lib64/egl/libGLESv2_emulation.so
09-22 19:34:15.497 12688 12847 W .app.wallet.de: Accessing hidden method Lsun/misc/Unsafe;->getInt(Ljava/lang/Object;J)I (greylist, linking, allowed)
09-22 19:34:15.497 12688 12847 W .app.wallet.de: Accessing hidden method Lsun/misc/Unsafe;->getObject(Ljava/lang/Object;J)Ljava/lang/Object; (greylist, linking, allowed)
09-22 19:34:15.497 12688 12847 W .app.wallet.de: Accessing hidden method Lsun/misc/Unsafe;->putInt(Ljava/lang/Object;JI)V (greylist, linking, allowed)
09-22 19:34:15.497 12688 12847 W .app.wallet.de: Accessing hidden method Lsun/misc/Unsafe;->getLong(Ljava/lang/Object;J)J (greylist,core-platform-api, linking, allowed)
09-22 19:34:15.500 12688 12688 W .app.wallet.de: Accessing hidden method Landroid/view/View;->computeFitSystemWindows(Landroid/graphics/Rect;Landroid/graphics/Rect;)Z (greylist, reflection, allowed)
09-22 19:34:15.501 12688 12688 W .app.wallet.de: Accessing hidden method Landroid/view/ViewGroup;->makeOptionalFitsSystemWindows()V (greylist, reflection, allowed)
09-22 19:34:15.501 12688 12847 W .app.wallet.de: Accessing hidden method Lsun/misc/Unsafe;->putObject(Ljava/lang/Object;JLjava/lang/Object;)V (greylist, linking, allowed)
09-22 19:34:15.502 12688 12847 W .app.wallet.de: Accessing hidden method Lsun/misc/Unsafe;->putLong(Ljava/lang/Object;JJ)V (greylist, linking, allowed)
09-22 19:34:15.503 12688 12847 W .app.wallet.de: Accessing hidden method Lsun/misc/Unsafe;->getLong(Ljava/lang/Object;J)J (greylist,core-platform-api, linking, allowed)
09-22 19:34:15.504 12688 12688 D LifecycleMonitor: Lifecycle status change: so.onekey.app.wallet.MainActivity@85cd593 in: CREATED
09-22 19:34:15.507 12688 12847 W .app.wallet.de: Accessing hidden method Lsun/misc/Unsafe;->allocateInstance(Ljava/lang/Class;)Ljava/lang/Object; (greylist, linking, allowed)
09-22 19:34:15.508 12688 12847 W .app.wallet.de: Accessing hidden method Llibcore/io/Memory;->pokeByte(JB)V (greylist, reflection, allowed)
09-22 19:34:15.508 12688 12847 W .app.wallet.de: Accessing hidden method Llibcore/io/Memory;->peekByte(J)B (greylist, reflection, allowed)
09-22 19:34:15.508 12688 12847 W .app.wallet.de: Accessing hidden method Lsun/misc/Unsafe;->getInt(Ljava/lang/Object;J)I (greylist, reflection, allowed)
09-22 19:34:15.508 12688 12847 W .app.wallet.de: Accessing hidden method Lsun/misc/Unsafe;->putInt(Ljava/lang/Object;JI)V (greylist, reflection, allowed)
09-22 19:34:15.508 12688 12847 W .app.wallet.de: Accessing hidden method Lsun/misc/Unsafe;->getLong(Ljava/lang/Object;J)J (greylist,core-platform-api, reflection, allowed)
09-22 19:34:15.508 12688 12847 W .app.wallet.de: Accessing hidden method Lsun/misc/Unsafe;->putLong(Ljava/lang/Object;JJ)V (greylist, reflection, allowed)
09-22 19:34:15.508 12688 12847 W .app.wallet.de: Accessing hidden method Lsun/misc/Unsafe;->getObject(Ljava/lang/Object;J)Ljava/lang/Object; (greylist, reflection, allowed)
09-22 19:34:15.508 12688 12847 W .app.wallet.de: Accessing hidden method Lsun/misc/Unsafe;->putObject(Ljava/lang/Object;JLjava/lang/Object;)V (greylist, reflection, allowed)
09-22 19:34:15.511 12688 12847 W .app.wallet.de: Accessing hidden method Lsun/misc/Unsafe;->getObject(Ljava/lang/Object;J)Ljava/lang/Object; (greylist, linking, allowed)
09-22 19:34:15.511 12688 12847 W .app.wallet.de: Accessing hidden method Lsun/misc/Unsafe;->putObject(Ljava/lang/Object;JLjava/lang/Object;)V (greylist, linking, allowed)
09-22 19:34:15.512 12688 12847 W unknown:ReactNative: The packager does not seem to be running as we got an IOException requesting its status: Failed to connect to localhost/127.0.0.1:8081
09-22 19:34:15.514 12688 12688 D LifecycleMonitor: Lifecycle status change: so.onekey.app.wallet.MainActivity@85cd593 in: STARTED
09-22 19:34:15.519 12688 12688 D LifecycleMonitor: Lifecycle status change: so.onekey.app.wallet.MainActivity@85cd593 in: RESUMED
09-22 19:34:15.557 12688 12850 W .app.wallet.de: Accessing hidden method Lsun/misc/Unsafe;->getObject(Ljava/lang/Object;J)Ljava/lang/Object; (greylist, linking, allowed)
09-22 19:34:15.557 12688 12850 W .app.wallet.de: Accessing hidden method Lsun/misc/Unsafe;->putObject(Ljava/lang/Object;JLjava/lang/Object;)V (greylist, linking, allowed)
09-22 19:34:15.557 12688 12850 W .app.wallet.de: Accessing hidden method Lsun/misc/Unsafe;->getInt(Ljava/lang/Object;J)I (greylist, linking, allowed)
09-22 19:34:15.557 12688 12850 W .app.wallet.de: Accessing hidden method Lsun/misc/Unsafe;->getObject(Ljava/lang/Object;J)Ljava/lang/Object; (greylist, linking, allowed)
09-22 19:34:15.557 12688 12850 W .app.wallet.de: Accessing hidden method Lsun/misc/Unsafe;->putInt(Ljava/lang/Object;JI)V (greylist, linking, allowed)
09-22 19:34:15.588 12688 12728 I FA      : Tag Manager is not found and thus will not be used
09-22 19:34:15.683 12688 12688 W unknown:ReactNative: Packager connection already open, nooping.
09-22 19:34:15.683 12688 12853 V SoLoader: libv8executor.so not found on /data/app/so.onekey.app.wallet.dev-WAC2sBg5gJdOydgQ8XPQYQ==/lib/arm64
09-22 19:34:15.686 12688 12688 W .app.wallet.de: Accessing hidden method Landroid/view/WindowInsets$Type;->ime()I (blacklist, linking, denied)
09-22 19:34:15.692 12688 12853 W SoLoader: libv8executor.so not found on /data/app/so.onekey.app.wallet.dev.test-Jkbu0Jkn_3pUtplRyaDQ9g==/base.apk!/lib/arm64-v8a flag: 4
09-22 19:34:15.692 12688 12853 W SoLoader: java.lang.UnsatisfiedLinkError: dlopen failed: library "/data/app/so.onekey.app.wallet.dev.test-Jkbu0Jkn_3pUtplRyaDQ9g==/base.apk!/lib/arm64-v8a/libv8executor.so" not found
09-22 19:34:15.692 12688 12853 W SoLoader: 	at java.lang.Runtime.load0(Runtime.java:938)
09-22 19:34:15.692 12688 12853 W SoLoader: 	at java.lang.System.load(System.java:1631)
09-22 19:34:15.692 12688 12853 W SoLoader: 	at com.facebook.soloader.SoLoader$1.load(SoLoader.java:558)
09-22 19:34:15.692 12688 12853 W SoLoader: 	at com.facebook.soloader.DirectApkSoSource.loadLibrary(DirectApkSoSource.java:81)
09-22 19:34:15.692 12688 12853 W SoLoader: 	at com.facebook.soloader.SoLoader.doLoadLibraryBySoName(SoLoader.java:1067)
09-22 19:34:15.692 12688 12853 W SoLoader: 	at com.facebook.soloader.SoLoader.loadLibraryBySoNameImpl(SoLoader.java:943)
09-22 19:34:15.692 12688 12853 W SoLoader: 	at com.facebook.soloader.SoLoader.loadLibraryBySoName(SoLoader.java:855)
09-22 19:34:15.692 12688 12853 W SoLoader: 	at com.facebook.soloader.SoLoader.loadLibrary(SoLoader.java:802)
09-22 19:34:15.692 12688 12853 W SoLoader: 	at com.facebook.soloader.SoLoader.loadLibrary(SoLoader.java:772)
09-22 19:34:15.692 12688 12853 W SoLoader: 	at io.csie.kudo.reactnative.v8.executor.V8Executor.<clinit>(V8Executor.java:22)
09-22 19:34:15.692 12688 12853 W SoLoader: 	at io.csie.kudo.reactnative.v8.executor.V8ExecutorFactory.create(V8ExecutorFactory.java:50)
09-22 19:34:15.692 12688 12853 W SoLoader: 	at com.facebook.react.ReactInstanceManager$5.run(ReactInstanceManager.java:1110)
09-22 19:34:15.692 12688 12853 W SoLoader: 	at java.lang.Thread.run(Thread.java:919)
09-22 19:34:15.695 12688 12844 D HostConnection: HostConnection::get() New Host Connection established 0x784a4cdce0, tid 12844
09-22 19:34:15.696 12688 12844 D HostConnection: HostComposition ext ANDROID_EMU_CHECKSUM_HELPER_v1 ANDROID_EMU_native_sync_v2 ANDROID_EMU_native_sync_v3 ANDROID_EMU_native_sync_v4 ANDROID_EMU_dma_v1 ANDROID_EMU_direct_mem ANDROID_EMU_vulkan ANDROID_EMU_deferred_vulkan_commands ANDROID_EMU_vulkan_null_optional_strings ANDROID_EMU_vulkan_create_resources_with_requirements ANDROID_EMU_YUV_Cache ANDROID_EMU_vulkan_ignored_handles ANDROID_EMU_vulkan_free_memory_sync ANDROID_EMU_vulkan_shader_float16_int8 ANDROID_EMU_vulkan_async_queue_submit ANDROID_EMU_sync_buffer_data ANDROID_EMU_vulkan_async_qsri GL_OES_EGL_image_external_essl3 GL_OES_vertex_array_object GL_KHR_texture_compression_astc_ldr ANDROID_EMU_host_side_tracing ANDROID_EMU_gles_max_version_3_0 
09-22 19:34:15.716 12688 12853 W linker  : Warning: "/data/app/so.onekey.app.wallet.dev-WAC2sBg5gJdOydgQ8XPQYQ==/base.apk!/lib/arm64-v8a/libruntimeexecutor.so" unused DT entry: unknown processor-specific (type 0x70000001 arg 0x0) (ignoring)
09-22 19:34:15.717 12688 12853 I chatty  : uid=10155(so.onekey.app.wallet.dev) create_react_co identical 1 line
09-22 19:34:15.717 12688 12853 W linker  : Warning: "/data/app/so.onekey.app.wallet.dev-WAC2sBg5gJdOydgQ8XPQYQ==/base.apk!/lib/arm64-v8a/libruntimeexecutor.so" unused DT entry: unknown processor-specific (type 0x70000001 arg 0x0) (ignoring)
09-22 19:34:15.720 12688 12844 W OpenGLRenderer: Failed to choose config with EGL_SWAP_BEHAVIOR_PRESERVED, retrying without...
09-22 19:34:15.725 12688 12844 D EGL_emulation: eglCreateContext: 0x784f60df00: maj 3 min 0 rcv 3
09-22 19:34:15.727 12688 12844 D EGL_emulation: eglMakeCurrent: 0x784f60df00: ver 3 0 (tinfo 0x784a5b4400)
09-22 19:34:15.747 12688 12853 D SoLoader: libv8executor.so found on /data/app/so.onekey.app.wallet.dev-WAC2sBg5gJdOydgQ8XPQYQ==/base.apk!/lib/arm64-v8a
09-22 19:34:15.752 12688 12844 W Gralloc3: mapper 3.x is not supported
09-22 19:34:15.756 12688 12844 D HostConnection: createUnique: call
09-22 19:34:15.756 12688 12844 D HostConnection: HostConnection::get() New Host Connection established 0x784f60e040, tid 12844
09-22 19:34:15.760 12688 12844 D HostConnection: HostComposition ext ANDROID_EMU_CHECKSUM_HELPER_v1 ANDROID_EMU_native_sync_v2 ANDROID_EMU_native_sync_v3 ANDROID_EMU_native_sync_v4 ANDROID_EMU_dma_v1 ANDROID_EMU_direct_mem ANDROID_EMU_vulkan ANDROID_EMU_deferred_vulkan_commands ANDROID_EMU_vulkan_null_optional_strings ANDROID_EMU_vulkan_create_resources_with_requirements ANDROID_EMU_YUV_Cache ANDROID_EMU_vulkan_ignored_handles ANDROID_EMU_vulkan_free_memory_sync ANDROID_EMU_vulkan_shader_float16_int8 ANDROID_EMU_vulkan_async_queue_submit ANDROID_EMU_sync_buffer_data ANDROID_EMU_vulkan_async_qsri GL_OES_EGL_image_external_essl3 GL_OES_vertex_array_object GL_KHR_texture_compression_astc_ldr ANDROID_EMU_host_side_tracing ANDROID_EMU_gles_max_version_3_0 
09-22 19:34:15.761 12688 12844 D eglCodecCommon: allocate: Ask for block of size 0x1000
09-22 19:34:15.761 12688 12844 D eglCodecCommon: allocate: ioctl allocate returned offset 0x1ff69c000 size 0x8000
09-22 19:34:15.764 12688 12844 D EGL_emulation: eglMakeCurrent: 0x784f60df00: ver 3 0 (tinfo 0x784a5b4400)
09-22 19:34:15.764 12688 12853 V AsyncStorageExpoMigration: No scoped database found
09-22 19:34:15.894 12688 12748 I Detox   : Detox server connection details: url=ws://localhost:63556, sessionId=cdb5c14d-68f9-b750-161c-c2ecef2c4361
09-22 19:34:15.907 12688 12864 I DetoxDispatcher: Handling action '_init' (ID #0)...
09-22 19:34:15.907 12688 12864 I Detox   : Connecting to server...
09-22 19:34:15.907 12688 12864 I DetoxWSClient: At connectToServer
09-22 19:34:15.975 12688 12867 D DetoxWSClient: At onOpen
09-22 19:34:15.975 12688 12867 I DetoxWSClient: Sending out action 'login' (ID #0)
09-22 19:34:15.975 12688 12853 I ExpoModulesCore: ✅ AppContext was initialized
09-22 19:34:15.975 12688 12867 I Detox   : Connected to server!
09-22 19:34:15.985 12688 12853 D ReactNativeBleManager: BleManager created
09-22 19:34:15.990 12688 12867 D DetoxWSClient: Received action 'loginSuccess' (ID #0, params={"testerConnected":true,"appConnected":true})
09-22 19:34:16.026 12688 12688 D InstallReferrerState: OK
09-22 19:34:16.032 12688 12867 D DetoxWSClient: Received action 'isReady' (ID #-1000, params={})
09-22 19:34:16.052 12688 12701 I .app.wallet.de: NativeAlloc concurrent copying GC freed 14961(1600KB) AllocSpace objects, 4(208KB) LOS objects, 43% free, 8034KB/13MB, paused 53us total 173.093ms
09-22 19:34:16.063 12688 12853 V SoLoader: libreactnativejni.so not found on /data/app/so.onekey.app.wallet.dev-WAC2sBg5gJdOydgQ8XPQYQ==/lib/arm64
09-22 19:34:16.076 12688 12853 W SoLoader: libreactnativejni.so not found on /data/app/so.onekey.app.wallet.dev.test-Jkbu0Jkn_3pUtplRyaDQ9g==/base.apk!/lib/arm64-v8a flag: 4
09-22 19:34:16.076 12688 12853 W SoLoader: java.lang.UnsatisfiedLinkError: dlopen failed: library "/data/app/so.onekey.app.wallet.dev.test-Jkbu0Jkn_3pUtplRyaDQ9g==/base.apk!/lib/arm64-v8a/libreactnativejni.so" not found
09-22 19:34:16.076 12688 12853 W SoLoader: 	at java.lang.Runtime.load0(Runtime.java:938)
09-22 19:34:16.076 12688 12853 W SoLoader: 	at java.lang.System.load(System.java:1631)
09-22 19:34:16.076 12688 12853 W SoLoader: 	at com.facebook.soloader.SoLoader$1.load(SoLoader.java:558)
09-22 19:34:16.076 12688 12853 W SoLoader: 	at com.facebook.soloader.DirectApkSoSource.loadLibrary(DirectApkSoSource.java:81)
09-22 19:34:16.076 12688 12853 W SoLoader: 	at com.facebook.soloader.SoLoader.doLoadLibraryBySoName(SoLoader.java:1067)
09-22 19:34:16.076 12688 12853 W SoLoader: 	at com.facebook.soloader.SoLoader.loadLibraryBySoNameImpl(SoLoader.java:943)
09-22 19:34:16.076 12688 12853 W SoLoader: 	at com.facebook.soloader.SoLoader.loadLibraryBySoName(SoLoader.java:855)
09-22 19:34:16.076 12688 12853 W SoLoader: 	at com.facebook.soloader.SoLoader.loadLibrary(SoLoader.java:802)
09-22 19:34:16.076 12688 12853 W SoLoader: 	at com.facebook.soloader.SoLoader.loadLibrary(SoLoader.java:772)
09-22 19:34:16.076 12688 12853 W SoLoader: 	at com.facebook.react.bridge.ReactBridge.staticInit(ReactBridge.java:34)
09-22 19:34:16.076 12688 12853 W SoLoader: 	at com.facebook.react.bridge.CatalystInstanceImpl.<clinit>(CatalystInstanceImpl.java:49)
09-22 19:34:16.076 12688 12853 W SoLoader: 	at com.facebook.react.bridge.CatalystInstanceImpl$Builder.build(CatalystInstanceImpl.java:705)
09-22 19:34:16.076 12688 12853 W SoLoader: 	at com.facebook.react.ReactInstanceManager.createReactContext(ReactInstanceManager.java:1353)
09-22 19:34:16.076 12688 12853 W SoLoader: 	at com.facebook.react.ReactInstanceManager.access$1200(ReactInstanceManager.java:135)
09-22 19:34:16.076 12688 12853 W SoLoader: 	at com.facebook.react.ReactInstanceManager$5.run(ReactInstanceManager.java:1109)
09-22 19:34:16.076 12688 12853 W SoLoader: 	at java.lang.Thread.run(Thread.java:919)
09-22 19:34:16.101 12688 12853 D SoLoader: libreactnativejni.so found on /data/app/so.onekey.app.wallet.dev-WAC2sBg5gJdOydgQ8XPQYQ==/base.apk!/lib/arm64-v8a
09-22 19:34:16.143 12688 12853 W unknown:ReactContext: initializeMessageQueueThreads() is called.
09-22 19:34:16.525 12688 12688 W unknown:ReactNative: Packager connection already open, nooping.
09-22 19:34:16.638 12688 12884 I .app.wallet.de: Waiting for a blocking GC ClassLinker
09-22 19:34:16.662 12688 12883 I ReactNativeJNI: Cannot load codecache file: /data/user/0/so.onekey.app.wallet.dev/code_cache/index.android.bundle
09-22 19:34:16.667 12688 12884 I .app.wallet.de: WaitForGcToComplete blocked ClassLinker on ClassLinker for 28.633ms
09-22 19:34:16.676 12688 12884 W unknown:ViewManagerPropertyUpdater: Could not find generated setter for class com.facebook.react.views.drawer.ReactDrawerLayoutManager
09-22 19:34:16.687 12688 12884 W unknown:ViewManagerPropertyUpdater: Could not find generated setter for class com.facebook.react.uimanager.LayoutShadowNode
09-22 19:34:16.692 12688 12884 W unknown:ViewManagerPropertyUpdater: Could not find generated setter for class com.facebook.react.views.scroll.ReactHorizontalScrollViewManager
09-22 19:34:16.695 12688 12884 W unknown:ViewManagerPropertyUpdater: Could not find generated setter for class com.facebook.react.views.scroll.ReactHorizontalScrollContainerViewManager
09-22 19:34:16.695 12688 12884 W unknown:ViewManagerPropertyUpdater: Could not find generated setter for class com.facebook.react.views.progressbar.ReactProgressBarViewManager
09-22 19:34:16.696 12688 12884 W unknown:ViewManagerPropertyUpdater: Could not find generated setter for class com.facebook.react.views.progressbar.ProgressBarShadowNode
09-22 19:34:16.697 12688 12884 W unknown:ViewManagerPropertyUpdater: Could not find generated setter for class com.facebook.react.views.scroll.ReactScrollViewManager
09-22 19:34:16.701 12688 12884 W unknown:ViewManagerPropertyUpdater: Could not find generated setter for class com.facebook.react.views.slider.ReactSliderManager
09-22 19:34:16.702 12688 12884 W unknown:ViewManagerPropertyUpdater: Could not find generated setter for class com.facebook.react.views.slider.ReactSliderManager$ReactSliderShadowNode
09-22 19:34:16.703 12688 12884 W unknown:ViewManagerPropertyUpdater: Could not find generated setter for class com.facebook.react.views.switchview.ReactSwitchManager
09-22 19:34:16.706 12688 12884 W unknown:ViewManagerPropertyUpdater: Could not find generated setter for class com.facebook.react.views.switchview.ReactSwitchManager$ReactSwitchShadowNode
09-22 19:34:16.706 12688 12884 W unknown:ViewManagerPropertyUpdater: Could not find generated setter for class com.facebook.react.views.swiperefresh.SwipeRefreshLayoutManager
09-22 19:34:16.707 12688 12884 W unknown:ViewManagerPropertyUpdater: Could not find generated setter for class com.facebook.react.views.text.frescosupport.FrescoBasedReactTextInlineImageViewManager
09-22 19:34:16.708 12688 12884 W unknown:ViewManagerPropertyUpdater: Could not find generated setter for class com.facebook.react.views.text.frescosupport.FrescoBasedReactTextInlineImageShadowNode
09-22 19:34:16.709 12688 12884 W unknown:ViewManagerPropertyUpdater: Could not find generated setter for class com.facebook.react.views.image.ReactImageManager
09-22 19:34:16.710 12688 12884 W unknown:ViewManagerPropertyUpdater: Could not find generated setter for class com.facebook.react.views.modal.ReactModalHostManager
09-22 19:34:16.711 12688 12884 W unknown:ViewManagerPropertyUpdater: Could not find generated setter for class com.facebook.react.views.modal.ModalHostShadowNode
09-22 19:34:16.711 12688 12884 W unknown:ViewManagerPropertyUpdater: Could not find generated setter for class com.facebook.react.views.text.ReactRawTextManager
09-22 19:34:16.711 12688 12884 W unknown:ViewManagerPropertyUpdater: Could not find generated setter for class com.facebook.react.views.text.ReactRawTextShadowNode
09-22 19:34:16.711 12688 12884 W unknown:ViewManagerPropertyUpdater: Could not find generated setter for class com.facebook.react.views.textinput.ReactTextInputManager
09-22 19:34:16.713 12688 12884 W unknown:ViewManagerPropertyUpdater: Could not find generated setter for class com.facebook.react.views.textinput.ReactTextInputShadowNode
09-22 19:34:16.715 12688 12884 W unknown:ViewManagerPropertyUpdater: Could not find generated setter for class com.facebook.react.views.text.ReactTextViewManager
09-22 19:34:16.716 12688 12884 W unknown:ViewManagerPropertyUpdater: Could not find generated setter for class com.facebook.react.views.text.ReactTextShadowNode
09-22 19:34:16.716 12688 12884 W unknown:ViewManagerPropertyUpdater: Could not find generated setter for class com.facebook.react.views.view.ReactViewManager
09-22 19:34:16.720 12688 12884 W unknown:ViewManagerPropertyUpdater: Could not find generated setter for class com.facebook.react.views.text.ReactVirtualTextViewManager
09-22 19:34:16.720 12688 12884 W unknown:ViewManagerPropertyUpdater: Could not find generated setter for class com.facebook.react.views.text.ReactVirtualTextShadowNode
09-22 19:34:16.721 12688 12884 W unknown:ViewManagerPropertyUpdater: Could not find generated setter for class com.facebook.react.views.unimplementedview.ReactUnimplementedViewManager
09-22 19:34:16.721 12688 12884 W unknown:ViewManagerPropertyUpdater: Could not find generated setter for class com.reactnativegooglesignin.RNGoogleSigninButtonViewManager
09-22 19:34:16.724 12688 12884 W unknown:ViewManagerPropertyUpdater: Could not find generated setter for class com.reactnativecommunity.slider.ReactSliderManager
09-22 19:34:16.725 12688 12884 W unknown:ViewManagerPropertyUpdater: Could not find generated setter for class com.reactnativecommunity.slider.ReactSliderManager$ReactSliderShadowNode
09-22 19:34:16.726 12688 12884 W unknown:ViewManagerPropertyUpdater: Could not find generated setter for class expo.modules.kotlin.views.GroupViewManagerWrapper
09-22 19:34:16.728 12688 12884 W unknown:ViewManagerPropertyUpdater: Could not find generated setter for class expo.modules.kotlin.views.SimpleViewManagerWrapper
09-22 19:34:16.728 12688 12884 W unknown:ViewManagerPropertyUpdater: Could not find generated setter for class com.airbnb.android.react.lottie.LottieAnimationViewManager
09-22 19:34:16.731 12688 12884 W unknown:ViewManagerPropertyUpdater: Could not find generated setter for class com.rncamerakit.CKCameraManager
09-22 19:34:16.732 12688 12884 W unknown:ViewManagerPropertyUpdater: Could not find generated setter for class com.dylanvann.fastimage.FastImageViewManager
09-22 19:34:16.733 12688 12884 W unknown:ViewManagerPropertyUpdater: Could not find generated setter for class com.swmansion.gesturehandler.react.RNGestureHandlerRootViewManager
09-22 19:34:16.733 12688 12884 W unknown:ViewManagerPropertyUpdater: Could not find generated setter for class com.swmansion.gesturehandler.react.RNGestureHandlerButtonViewManager
09-22 19:34:16.734 12688 12884 W unknown:ViewManagerPropertyUpdater: Could not find generated setter for class com.rnnestedscrollview.ReactNestedScrollViewManager
09-22 19:34:16.736 12688 12884 W unknown:ViewManagerPropertyUpdater: Could not find generated setter for class com.rnnestedscrollview.ReactHorizontalNestedScrollViewManager
09-22 19:34:16.739 12688 12884 W unknown:ViewManagerPropertyUpdater: Could not find generated setter for class com.rnnestedscrollview.ReactHorizontalNestedScrollContainerViewManager
09-22 19:34:16.739 12688 12884 W unknown:ViewManagerPropertyUpdater: Could not find generated setter for class com.reactnativepagerview.PagerViewViewManager
09-22 19:34:16.740 12688 12884 W unknown:ViewManagerPropertyUpdater: Could not find generated setter for class com.th3rdwave.safeareacontext.SafeAreaProviderManager
09-22 19:34:16.741 12688 12884 W unknown:ViewManagerPropertyUpdater: Could not find generated setter for class com.th3rdwave.safeareacontext.SafeAreaViewManager
09-22 19:34:16.741 12688 12884 W unknown:ViewManagerPropertyUpdater: Could not find generated setter for class com.th3rdwave.safeareacontext.SafeAreaViewShadowNode
09-22 19:34:16.742 12688 12884 W unknown:ViewManagerPropertyUpdater: Could not find generated setter for class com.swmansion.rnscreens.ScreenContainerViewManager
09-22 19:34:16.743 12688 12884 W unknown:ViewManagerPropertyUpdater: Could not find generated setter for class com.swmansion.rnscreens.ScreenViewManager
09-22 19:34:16.744 12688 12884 W unknown:ViewManagerPropertyUpdater: Could not find generated setter for class com.swmansion.rnscreens.ScreenStackViewManager
09-22 19:34:16.744 12688 12884 W unknown:ViewManagerPropertyUpdater: Could not find generated setter for class com.swmansion.rnscreens.ScreenStackHeaderConfigViewManager
09-22 19:34:16.752 12688 12884 W unknown:ViewManagerPropertyUpdater: Could not find generated setter for class com.swmansion.rnscreens.ScreenStackHeaderSubviewManager
09-22 19:34:16.752 12688 12884 W unknown:ViewManagerPropertyUpdater: Could not find generated setter for class com.swmansion.rnscreens.SearchBarManager
09-22 19:34:16.756 12688 12884 W unknown:ViewManagerPropertyUpdater: Could not find generated setter for class com.horcrux.svg.RenderableViewManager$DefsViewManager
09-22 19:34:16.757 12688 12884 W unknown:ViewManagerPropertyUpdater: Could not find generated setter for class com.horcrux.svg.VirtualViewManager$RenderableShadowNode
09-22 19:34:16.758 12688 12884 W unknown:ViewManagerPropertyUpdater: Could not find generated setter for class com.horcrux.svg.RenderableViewManager$MarkerManager
09-22 19:34:16.761 12688 12884 W unknown:ViewManagerPropertyUpdater: Could not find generated setter for class com.horcrux.svg.RenderableViewManager$ForeignObjectManager
09-22 19:34:16.763 12688 12884 W unknown:ViewManagerPropertyUpdater: Could not find generated setter for class com.horcrux.svg.RenderableViewManager$EllipseViewManager
09-22 19:34:16.764 12688 12884 W unknown:ViewManagerPropertyUpdater: Could not find generated setter for class com.horcrux.svg.RenderableViewManager$LineViewManager
09-22 19:34:16.766 12688 12884 W unknown:ViewManagerPropertyUpdater: Could not find generated setter for class com.horcrux.svg.RenderableViewManager$LinearGradientManager
09-22 19:34:16.767 12688 12884 W unknown:ViewManagerPropertyUpdater: Could not find generated setter for class com.horcrux.svg.RenderableViewManager$GroupViewManager
09-22 19:34:16.772 12688 12884 W unknown:ViewManagerPropertyUpdater: Could not find generated setter for class com.horcrux.svg.RenderableViewManager$TextViewManager
09-22 19:34:16.775 12688 12884 W unknown:ViewManagerPropertyUpdater: Could not find generated setter for class com.horcrux.svg.RenderableViewManager$ImageViewManager
09-22 19:34:16.782 12688 12884 W unknown:ViewManagerPropertyUpdater: Could not find generated setter for class com.horcrux.svg.RenderableViewManager$ClipPathViewManager
09-22 19:34:16.784 12688 12884 W unknown:ViewManagerPropertyUpdater: Could not find generated setter for class com.horcrux.svg.RenderableViewManager$RadialGradientManager
09-22 19:34:16.790 12688 12884 W unknown:ViewManagerPropertyUpdater: Could not find generated setter for class com.horcrux.svg.RenderableViewManager$MaskManager
09-22 19:34:16.794 12688 12884 W unknown:ViewManagerPropertyUpdater: Could not find generated setter for class com.horcrux.svg.RenderableViewManager$SymbolManager
09-22 19:34:16.802 12688 12884 W unknown:ViewManagerPropertyUpdater: Could not find generated setter for class com.horcrux.svg.RenderableViewManager$PatternManager
09-22 19:34:16.804 12688 12884 W unknown:ViewManagerPropertyUpdater: Could not find generated setter for class com.horcrux.svg.RenderableViewManager$RectViewManager
09-22 19:34:16.805 12688 12890 W .app.wallet.de: Accessing hidden method Landroid/os/WorkSource;->add(I)Z (greylist, reflection, allowed)
09-22 19:34:16.805 12688 12890 W .app.wallet.de: Accessing hidden method Landroid/os/WorkSource;->add(ILjava/lang/String;)Z (greylist, reflection, allowed)
09-22 19:34:16.805 12688 12890 W .app.wallet.de: Accessing hidden method Landroid/os/WorkSource;->size()I (greylist, reflection, allowed)
09-22 19:34:16.805 12688 12890 W .app.wallet.de: Accessing hidden method Landroid/os/WorkSource;->get(I)I (greylist, reflection, allowed)
09-22 19:34:16.805 12688 12890 W .app.wallet.de: Accessing hidden method Landroid/os/WorkSource;->getName(I)Ljava/lang/String; (greylist, reflection, allowed)
09-22 19:34:16.805 12688 12890 W .app.wallet.de: Accessing hidden method Landroid/os/WorkSource;->isEmpty()Z (greylist-max-o, reflection, denied)
09-22 19:34:16.808 12688 12884 W unknown:ViewManagerPropertyUpdater: Could not find generated setter for class com.horcrux.svg.RenderableViewManager$TextPathViewManager
09-22 19:34:16.816 12688 12884 W unknown:ViewManagerPropertyUpdater: Could not find generated setter for class com.horcrux.svg.SvgViewManager
09-22 19:34:16.822 12688 12884 W unknown:ViewManagerPropertyUpdater: Could not find generated setter for class com.horcrux.svg.RenderableViewManager$PathViewManager
09-22 19:34:16.828 12688 12884 W unknown:ViewManagerPropertyUpdater: Could not find generated setter for class com.horcrux.svg.RenderableViewManager$UseViewManager
09-22 19:34:16.830 12688 12884 W unknown:ViewManagerPropertyUpdater: Could not find generated setter for class com.horcrux.svg.RenderableViewManager$CircleViewManager
09-22 19:34:16.832 12688 12884 W unknown:ViewManagerPropertyUpdater: Could not find generated setter for class com.horcrux.svg.RenderableViewManager$TSpanViewManager
09-22 19:34:16.834 12688 12884 W unknown:ViewManagerPropertyUpdater: Could not find generated setter for class com.reactnativecommunity.webview.RNCWebViewManager
09-22 19:34:16.839 12688 12884 W unknown:ViewManagerPropertyUpdater: Could not find generated setter for class so.onekey.app.wallet.viewManager.homePage.HomePageManager
09-22 19:34:16.852 12688 12884 W unknown:ReactContext: initializeMessageQueueThreads() is called.
09-22 19:34:16.855 12688 12884 V SoLoader: libyoga.so not found on /data/app/so.onekey.app.wallet.dev-WAC2sBg5gJdOydgQ8XPQYQ==/lib/arm64
09-22 19:34:16.863 12688 12884 W SoLoader: libyoga.so not found on /data/app/so.onekey.app.wallet.dev.test-Jkbu0Jkn_3pUtplRyaDQ9g==/base.apk!/lib/arm64-v8a flag: 4
09-22 19:34:16.863 12688 12884 W SoLoader: java.lang.UnsatisfiedLinkError: dlopen failed: library "/data/app/so.onekey.app.wallet.dev.test-Jkbu0Jkn_3pUtplRyaDQ9g==/base.apk!/lib/arm64-v8a/libyoga.so" not found
09-22 19:34:16.863 12688 12884 W SoLoader: 	at java.lang.Runtime.load0(Runtime.java:938)
09-22 19:34:16.863 12688 12884 W SoLoader: 	at java.lang.System.load(System.java:1631)
09-22 19:34:16.863 12688 12884 W SoLoader: 	at com.facebook.soloader.SoLoader$1.load(SoLoader.java:558)
09-22 19:34:16.863 12688 12884 W SoLoader: 	at com.facebook.soloader.DirectApkSoSource.loadLibrary(DirectApkSoSource.java:81)
09-22 19:34:16.863 12688 12884 W SoLoader: 	at com.facebook.soloader.SoLoader.doLoadLibraryBySoName(SoLoader.java:1067)
09-22 19:34:16.863 12688 12884 W SoLoader: 	at com.facebook.soloader.SoLoader.loadLibraryBySoNameImpl(SoLoader.java:943)
09-22 19:34:16.863 12688 12884 W SoLoader: 	at com.facebook.soloader.SoLoader.loadLibraryBySoName(SoLoader.java:855)
09-22 19:34:16.863 12688 12884 W SoLoader: 	at com.facebook.soloader.SoLoader.loadLibrary(SoLoader.java:802)
