09-22 19:34:24.025 12688 12850 W .app.wallet.de: Accessing hidden method Lsun/misc/Unsafe;->putInt(Ljava/lang/Object;JI)V (greylist, linking, allowed)
09-22 19:34:24.031 12688 12688 I Detox   : Network is busy, with 4 in-flight calls
09-22 19:34:24.431 12688 12688 I chatty  : uid=10155(so.onekey.app.wallet.dev) identical 24 lines
09-22 19:34:24.448 12688 12688 I Detox   : Network is busy, with 4 in-flight calls
09-22 19:34:24.462 12688 12971 W .app.wallet.de: Accessing hidden method Lsun/misc/Unsafe;->getObject(Ljava/lang/Object;J)Ljava/lang/Object; (greylist, linking, allowed)
09-22 19:34:24.467 12688 12688 I Detox   : Network is busy, with 4 in-flight calls
09-22 19:34:24.468 12688 12850 W .app.wallet.de: Accessing hidden method Lsun/misc/Unsafe;->getObject(Ljava/lang/Object;J)Ljava/lang/Object; (greylist, linking, allowed)
09-22 19:34:24.468 12688 12850 W .app.wallet.de: Accessing hidden method Lsun/misc/Unsafe;->putInt(Ljava/lang/Object;JI)V (greylist, linking, allowed)
09-22 19:34:24.469 12688 12850 W .app.wallet.de: Accessing hidden method Lsun/misc/Unsafe;->getObject(Ljava/lang/Object;J)Ljava/lang/Object; (greylist, linking, allowed)
09-22 19:34:24.473 12688 12850 W .app.wallet.de: Accessing hidden method Lsun/misc/Unsafe;->getObject(Ljava/lang/Object;J)Ljava/lang/Object; (greylist, linking, allowed)
09-22 19:34:24.473 12688 12850 W .app.wallet.de: Accessing hidden method Lsun/misc/Unsafe;->getLong(Ljava/lang/Object;J)J (greylist,core-platform-api, linking, allowed)
09-22 19:34:24.473 12688 12850 W .app.wallet.de: Accessing hidden method Lsun/misc/Unsafe;->getObject(Ljava/lang/Object;J)Ljava/lang/Object; (greylist, linking, allowed)
09-22 19:34:24.474 12688 12850 W .app.wallet.de: Accessing hidden method Lsun/misc/Unsafe;->putInt(Ljava/lang/Object;JI)V (greylist, linking, allowed)
09-22 19:34:24.480 12688 12688 I Detox   : Network is busy, with 4 in-flight calls
09-22 19:34:24.498 12688 12688 I Detox   : Network is busy, with 3 in-flight calls
09-22 19:34:24.514 12688 12688 I Detox   : Network is busy, with 3 in-flight calls
09-22 19:34:24.519 12688 12967 W .app.wallet.de: Accessing hidden method Lsun/misc/Unsafe;->getObject(Ljava/lang/Object;J)Ljava/lang/Object; (greylist, linking, allowed)
09-22 19:34:24.519 12688 12850 W .app.wallet.de: Accessing hidden method Lsun/misc/Unsafe;->getObject(Ljava/lang/Object;J)Ljava/lang/Object; (greylist, linking, allowed)
09-22 19:34:24.519 12688 12850 W .app.wallet.de: Accessing hidden method Lsun/misc/Unsafe;->putInt(Ljava/lang/Object;JI)V (greylist, linking, allowed)
09-22 19:34:24.519 12688 12850 W .app.wallet.de: Accessing hidden method Lsun/misc/Unsafe;->getObject(Ljava/lang/Object;J)Ljava/lang/Object; (greylist, linking, allowed)
09-22 19:34:24.521 12688 12850 W .app.wallet.de: Accessing hidden method Lsun/misc/Unsafe;->getObject(Ljava/lang/Object;J)Ljava/lang/Object; (greylist, linking, allowed)
09-22 19:34:24.527 12688 12850 W .app.wallet.de: Accessing hidden method Lsun/misc/Unsafe;->getLong(Ljava/lang/Object;J)J (greylist,core-platform-api, linking, allowed)
09-22 19:34:24.527 12688 12850 W .app.wallet.de: Accessing hidden method Lsun/misc/Unsafe;->getObject(Ljava/lang/Object;J)Ljava/lang/Object; (greylist, linking, allowed)
09-22 19:34:24.528 12688 12850 W .app.wallet.de: Accessing hidden method Lsun/misc/Unsafe;->putInt(Ljava/lang/Object;JI)V (greylist, linking, allowed)
09-22 19:34:24.531 12688 12688 I Detox   : Network is busy, with 3 in-flight calls
09-22 19:34:24.565 12688 12688 I chatty  : uid=10155(so.onekey.app.wallet.dev) identical 2 lines
09-22 19:34:24.581 12688 12688 I Detox   : Network is busy, with 3 in-flight calls
09-22 19:34:24.597 12688 12688 I Detox   : Network is busy, with 2 in-flight calls
09-22 19:34:24.603 12688 12701 I .app.wallet.de: Background concurrent copying GC freed 22831(1717KB) AllocSpace objects, 5(4420KB) LOS objects, 14% free, 35MB/41MB, paused 24us total 149.631ms
09-22 19:34:24.606 12688 12703 W System  : A resource failed to call destroy. 
09-22 19:34:24.607 12688 12703 W System  : A resource failed to call destroy. 
09-22 19:34:24.614 12688 12688 I Detox   : Network is busy, with 2 in-flight calls
09-22 19:34:25.847 12688 12688 I chatty  : uid=10155(so.onekey.app.wallet.dev) identical 74 lines
09-22 19:34:25.864 12688 12688 I Detox   : Network is busy, with 2 in-flight calls
09-22 19:34:25.864 12688 12688 W UiControllerImpl: Waiting for: DYNAMIC_TASKS_HAVE_IDLED for 200 iterations.
09-22 19:34:25.880 12688 12688 I Detox   : Network is busy, with 2 in-flight calls
09-22 19:34:25.980 12688 12688 I chatty  : uid=10155(so.onekey.app.wallet.dev) identical 6 lines
09-22 19:34:25.997 12688 12688 I Detox   : Network is busy, with 2 in-flight calls
09-22 19:34:26.014 12688 12688 I Detox   : Network is busy, with 2 in-flight calls
09-22 19:34:26.016 12688 12867 D DetoxWSClient: Received action 'currentStatus' (ID #1, params={})
09-22 19:34:26.017 12688 12865 I DetoxDispatcher: Handling action 'currentStatus' (ID #1)...
09-22 19:34:26.025 12688 12688 I Detox   : Network is busy, with 2 in-flight calls
09-22 19:34:26.025 12688 12688 D AsyncStorageIR: Async-storage is busy!
09-22 19:34:26.030 12688 12865 I DetoxWSClient: Sending out action 'currentStatusResult' (ID #1)
09-22 19:34:26.031 12688 12865 I DetoxDispatcher: Done with action 'currentStatus'
09-22 19:34:26.031 12688 12688 I Detox   : Network is busy, with 2 in-flight calls
09-22 19:34:26.516 12688 12688 I chatty  : uid=10155(so.onekey.app.wallet.dev) identical 58 lines
09-22 19:34:26.516 12688 12688 I Detox   : Network is busy, with 2 in-flight calls
09-22 19:34:26.516 12688 12688 W UiControllerImpl: Waiting for: DYNAMIC_TASKS_HAVE_IDLED for 300 iterations.
09-22 19:34:26.530 12688 12688 I Detox   : Network is busy, with 2 in-flight calls
09-22 19:34:26.530 12688 12688 I Detox   : Network is busy, with 2 in-flight calls
09-22 19:34:26.548 12688 12688 I Detox   : Network is busy, with 2 in-flight calls
09-22 19:34:28.132 12688 12688 I chatty  : uid=10155(so.onekey.app.wallet.dev) identical 190 lines
09-22 19:34:28.133 12688 12688 I Detox   : Network is busy, with 2 in-flight calls
09-22 19:34:28.133 12688 12688 W UiControllerImpl: Waiting for: DYNAMIC_TASKS_HAVE_IDLED for 500 iterations.
09-22 19:34:28.147 12688 12688 I Detox   : Network is busy, with 2 in-flight calls
09-22 19:34:28.548 12688 12688 I chatty  : uid=10155(so.onekey.app.wallet.dev) identical 48 lines
09-22 19:34:28.548 12688 12688 I Detox   : Network is busy, with 2 in-flight calls
09-22 19:34:28.567 12688 12688 I Detox   : Network is busy, with 2 in-flight calls
09-22 19:34:28.797 12688 12688 I chatty  : uid=10155(so.onekey.app.wallet.dev) identical 29 lines
09-22 19:34:28.805 12688 12688 I Detox   : Network is busy, with 2 in-flight calls
09-22 19:34:28.805 12688 12688 W IdlingPolicy: These resources are not idle: [com.wix.detox.reactnative.idlingresources.NetworkIdlingResource]
09-22 19:34:28.813 12688 12688 I Detox   : Network is busy, with 2 in-flight calls
09-22 19:34:28.881 12688 12688 I chatty  : uid=10155(so.onekey.app.wallet.dev) identical 13 lines
09-22 19:34:28.881 12688 12688 I Detox   : Network is busy, with 2 in-flight calls
09-22 19:34:28.881 12688 12688 W UiControllerImpl: Waiting for: DYNAMIC_TASKS_HAVE_IDLED for 600 iterations.
09-22 19:34:28.896 12688 12688 I Detox   : Network is busy, with 2 in-flight calls
09-22 19:34:29.597 12688 12688 I chatty  : uid=10155(so.onekey.app.wallet.dev) identical 127 lines
09-22 19:34:29.597 12688 12688 I Detox   : Network is busy, with 2 in-flight calls
09-22 19:34:29.600 12688 12883 E ReactNativeJS: { context: 'core' }, { context: 'core/relayer' }, [Error: socket stalled]
09-22 19:34:29.610 12688 12883 E ReactNativeJS: 'WalletConnect V2 Core ERROR: relayer_transport_closed >>>>>> ', undefined
09-22 19:34:29.611 12688 12883 E ReactNativeJS: { context: 'core' }, 'closeTransport called before connection was established'
09-22 19:34:29.611 12688 12883 E ReactNativeJS: { context: 'client' }, 'closeTransport called before connection was established'
09-22 19:34:29.612 12688 12883 E ReactNativeJS: { context: 'core' }, 'closeTransport called before connection was established'
09-22 19:34:29.612 12688 12883 E ReactNativeJS: 'createWeb3WalletV2 ERROR:', [Error: closeTransport called before connection was established]
09-22 19:34:29.613 12688 12688 I Detox   : Network is busy, with 2 in-flight calls
09-22 19:34:29.613 12688 12688 I chatty  : uid=10155(so.onekey.app.wallet.dev) identical 1 line
09-22 19:34:29.613 12688 12688 I Detox   : Network is busy, with 2 in-flight calls
09-22 19:34:29.613 12688 12884 E unknown:ReactNative: console.error: {"context":"core"} {"context":"core/relayer"} Error: socket stalled, js engine: v8, stack:
09-22 19:34:29.613 12688 12884 E unknown:ReactNative: p@50:240
09-22 19:34:29.613 12688 12884 E unknown:ReactNative: p@50:355
09-22 19:34:29.613 12688 12884 E unknown:ReactNative: new s@48:362
09-22 19:34:29.613 12688 12884 E unknown:ReactNative: f.<anonymous>@42:1043
09-22 19:34:29.613 12688 12884 E unknown:ReactNative: new f@42:1221
09-22 19:34:29.613 12688 12884 E unknown:ReactNative: b@42:2420
09-22 19:34:29.613 12688 12884 E unknown:ReactNative: Object.error@512:1745
09-22 19:34:29.613 12688 12884 E unknown:ReactNative: Object.error@8067:3297
09-22 19:34:29.613 12688 12884 E unknown:ReactNative: Object.error@8067:4311
09-22 19:34:29.613 12688 12884 E unknown:ReactNative: Object.error@8067:4311
09-22 19:34:29.618 12688 12884 E unknown:ReactNative: console.error: WalletConnect V2 Core ERROR: relayer_transport_closed >>>>>>  undefined, js engine: v8, stack:
09-22 19:34:29.618 12688 12884 E unknown:ReactNative: p@50:240
09-22 19:34:29.618 12688 12884 E unknown:ReactNative: p@50:355
09-22 19:34:29.618 12688 12884 E unknown:ReactNative: new s@48:362
09-22 19:34:29.618 12688 12884 E unknown:ReactNative: f.<anonymous>@42:1043
09-22 19:34:29.618 12688 12884 E unknown:ReactNative: new f@42:1221
09-22 19:34:29.618 12688 12884 E unknown:ReactNative: b@42:2420
09-22 19:34:29.618 12688 12884 E unknown:ReactNative: Object.error@512:1745
09-22 19:34:29.618 12688 12884 E unknown:ReactNative: s.<anonymous>@8050:2248
09-22 19:34:29.618 12688 12884 E unknown:ReactNative: Object.p@627:1873
09-22 19:34:29.618 12688 12884 E unknown:ReactNative: s.emit@627:4098
09-22 19:34:29.620 12688 12884 E unknown:ReactNative: console.error: {"context":"core"} closeTransport called before connection was established, js engine: v8, stack:
09-22 19:34:29.620 12688 12884 E unknown:ReactNative: p@50:240
09-22 19:34:29.620 12688 12884 E unknown:ReactNative: p@50:355
09-22 19:34:29.620 12688 12884 E unknown:ReactNative: new s@48:362
09-22 19:34:29.620 12688 12884 E unknown:ReactNative: f.<anonymous>@42:1043
09-22 19:34:29.620 12688 12884 E unknown:ReactNative: new f@42:1221
09-22 19:34:29.620 12688 12884 E unknown:ReactNative: b@42:2420
09-22 19:34:29.620 12688 12884 E unknown:ReactNative: Object.error@512:1745
09-22 19:34:29.620 12688 12884 E unknown:ReactNative: Object.error@8067:3297
09-22 19:34:29.620 12688 12884 E unknown:ReactNative: Object.error@8067:4311
09-22 19:34:29.620 12688 12884 E unknown:ReactNative: s.<anonymous>@8052:68629
09-22 19:34:29.621 12688 12884 E unknown:ReactNative: console.error: {"context":"client"} closeTransport called before connection was established, js engine: v8, stack:
09-22 19:34:29.621 12688 12884 E unknown:ReactNative: p@50:240
09-22 19:34:29.621 12688 12884 E unknown:ReactNative: p@50:355
09-22 19:34:29.621 12688 12884 E unknown:ReactNative: new s@48:362
09-22 19:34:29.621 12688 12884 E unknown:ReactNative: f.<anonymous>@42:1043
09-22 19:34:29.621 12688 12884 E unknown:ReactNative: new f@42:1221
09-22 19:34:29.621 12688 12884 E unknown:ReactNative: b@42:2420
09-22 19:34:29.621 12688 12884 E unknown:ReactNative: Object.error@512:1745
09-22 19:34:29.621 12688 12884 E unknown:ReactNative: Object.error@8067:3297
09-22 19:34:29.621 12688 12884 E unknown:ReactNative: Object.error@8067:4311
09-22 19:34:29.621 12688 12884 E unknown:ReactNative: d.<anonymous>@8113:32589
09-22 19:34:29.625 12688 12884 E unknown:ReactNative: console.error: {"context":"core"} closeTransport called before connection was established, js engine: v8, stack:
09-22 19:34:29.625 12688 12884 E unknown:ReactNative: p@50:240
09-22 19:34:29.625 12688 12884 E unknown:ReactNative: p@50:355
09-22 19:34:29.625 12688 12884 E unknown:ReactNative: new s@48:362
09-22 19:34:29.625 12688 12884 E unknown:ReactNative: f.<anonymous>@42:1043
09-22 19:34:29.625 12688 12884 E unknown:ReactNative: new f@42:1221
09-22 19:34:29.625 12688 12884 E unknown:ReactNative: b@42:2420
09-22 19:34:29.625 12688 12884 E unknown:ReactNative: Object.error@512:1745
09-22 19:34:29.625 12688 12884 E unknown:ReactNative: Object.error@8067:3297
09-22 19:34:29.625 12688 12884 E unknown:ReactNative: Object.error@8067:4311
09-22 19:34:29.625 12688 12884 E unknown:ReactNative: l.<anonymous>@8106:12485
09-22 19:34:29.626 12688 12884 E unknown:ReactNative: console.error: createWeb3WalletV2 ERROR: Error: closeTransport called before connection was established, js engine: v8, stack:
09-22 19:34:29.626 12688 12884 E unknown:ReactNative: p@50:240
09-22 19:34:29.626 12688 12884 E unknown:ReactNative: p@50:355
09-22 19:34:29.626 12688 12884 E unknown:ReactNative: new s@48:362
09-22 19:34:29.626 12688 12884 E unknown:ReactNative: f.<anonymous>@42:1043
09-22 19:34:29.626 12688 12884 E unknown:ReactNative: new f@42:1221
09-22 19:34:29.626 12688 12884 E unknown:ReactNative: b@42:2420
09-22 19:34:29.626 12688 12884 E unknown:ReactNative: Object.error@512:1745
09-22 19:34:29.626 12688 12884 E unknown:ReactNative: s.<anonymous>@8050:1585
09-22 19:34:29.626 12688 12884 E unknown:ReactNative: Generator.throw@-1
09-22 19:34:29.626 12688 12884 E unknown:ReactNative: n@353:69
09-22 19:34:29.630 12688 12688 I Detox   : Network is busy, with 2 in-flight calls
09-22 19:34:29.700 12688 12688 I chatty  : uid=10155(so.onekey.app.wallet.dev) identical 13 lines
09-22 19:34:29.700 12688 12688 I Detox   : Network is busy, with 2 in-flight calls
09-22 19:34:29.700 12688 12688 W UiControllerImpl: Waiting for: DYNAMIC_TASKS_HAVE_IDLED for 700 iterations.
09-22 19:34:29.712 12688 12688 I Detox   : Network is busy, with 2 in-flight calls
09-22 19:34:30.546 12688 12688 I chatty  : uid=10155(so.onekey.app.wallet.dev) identical 151 lines
09-22 19:34:30.546 12688 12688 I Detox   : Network is busy, with 2 in-flight calls
09-22 19:34:30.563 12688 12688 I Detox   : Network is busy, with 2 in-flight calls
09-22 19:34:31.296 12688 12688 I chatty  : uid=10155(so.onekey.app.wallet.dev) identical 133 lines
09-22 19:34:31.296 12688 12688 I Detox   : Network is busy, with 2 in-flight calls
09-22 19:34:31.296 12688 12688 W UiControllerImpl: Waiting for: DYNAMIC_TASKS_HAVE_IDLED for 900 iterations.
09-22 19:34:31.313 12688 12688 I Detox   : Network is busy, with 2 in-flight calls
09-22 19:34:32.113 12688 12688 I chatty  : uid=10155(so.onekey.app.wallet.dev) identical 145 lines
09-22 19:34:32.113 12688 12688 I Detox   : Network is busy, with 2 in-flight calls
09-22 19:34:32.120 12688 12688 W UiControllerImpl: Waiting for: DYNAMIC_TASKS_HAVE_IDLED for 1000 iterations.
09-22 19:34:32.130 12688 12688 I Detox   : Network is busy, with 2 in-flight calls
09-22 19:34:32.565 12688 12688 I chatty  : uid=10155(so.onekey.app.wallet.dev) identical 79 lines
09-22 19:34:32.565 12688 12688 I Detox   : Network is busy, with 2 in-flight calls
09-22 19:34:32.579 12688 12688 I Detox   : Network is busy, with 2 in-flight calls
09-22 19:34:32.946 12688 12688 I chatty  : uid=10155(so.onekey.app.wallet.dev) identical 67 lines
09-22 19:34:32.946 12688 12688 I Detox   : Network is busy, with 2 in-flight calls
09-22 19:34:32.963 12688 12688 I Detox   : Network is busy, with 2 in-flight calls
09-22 19:34:33.763 12688 12688 I chatty  : uid=10155(so.onekey.app.wallet.dev) identical 145 lines
09-22 19:34:33.763 12688 12688 I Detox   : Network is busy, with 2 in-flight calls
09-22 19:34:33.763 12688 12688 W UiControllerImpl: Waiting for: DYNAMIC_TASKS_HAVE_IDLED for 1200 iterations.
09-22 19:34:33.780 12688 12688 I Detox   : Network is busy, with 2 in-flight calls
09-22 19:34:33.797 12688 12688 I chatty  : uid=10155(so.onekey.app.wallet.dev) identical 5 lines
09-22 19:34:33.805 12688 12688 I Detox   : Network is busy, with 2 in-flight calls
09-22 19:34:33.806 12688 12688 W IdlingPolicy: These resources are not idle: [com.wix.detox.reactnative.idlingresources.NetworkIdlingResource]
09-22 19:34:33.813 12688 12688 I Detox   : Network is busy, with 2 in-flight calls
09-22 19:34:34.563 12688 12688 I chatty  : uid=10155(so.onekey.app.wallet.dev) identical 182 lines
09-22 19:34:34.563 12688 12688 I Detox   : Network is busy, with 2 in-flight calls
09-22 19:34:34.579 12688 12688 I Detox   : Network is busy, with 2 in-flight calls
09-22 19:34:35.383 12688 12688 I chatty  : uid=10155(so.onekey.app.wallet.dev) identical 194 lines
09-22 19:34:35.383 12688 12688 I Detox   : Network is busy, with 2 in-flight calls
09-22 19:34:35.383 12688 12688 W UiControllerImpl: Waiting for: DYNAMIC_TASKS_HAVE_IDLED for 1400 iterations.
09-22 19:34:35.396 12688 12688 I Detox   : Network is busy, with 2 in-flight calls
09-22 19:34:36.047 12688 12688 I chatty  : uid=10155(so.onekey.app.wallet.dev) identical 158 lines
09-22 19:34:36.047 12688 12688 I Detox   : Network is busy, with 2 in-flight calls
09-22 19:34:36.056 12688 12867 D DetoxWSClient: Received action 'currentStatus' (ID #2, params={})
09-22 19:34:36.056 12688 12865 I DetoxDispatcher: Handling action 'currentStatus' (ID #2)...
09-22 19:34:36.057 12688 12688 I Detox   : Network is busy, with 2 in-flight calls
09-22 19:34:36.058 12688 12865 I DetoxWSClient: Sending out action 'currentStatusResult' (ID #2)
09-22 19:34:36.058 12688 12865 I DetoxDispatcher: Done with action 'currentStatus'
09-22 19:34:36.063 12688 12688 I Detox   : Network is busy, with 2 in-flight calls
09-22 19:34:36.147 12688 12688 I chatty  : uid=10155(so.onekey.app.wallet.dev) identical 28 lines
09-22 19:34:36.147 12688 12688 I Detox   : Network is busy, with 2 in-flight calls
09-22 19:34:36.147 12688 12688 W UiControllerImpl: Waiting for: DYNAMIC_TASKS_HAVE_IDLED for 1500 iterations.
09-22 19:34:36.163 12688 12688 I Detox   : Network is busy, with 2 in-flight calls
09-22 19:34:36.482 12688 12688 I chatty  : uid=10155(so.onekey.app.wallet.dev) identical 98 lines
09-22 19:34:36.482 12688 12688 I Detox   : Network is busy, with 2 in-flight calls
09-22 19:34:36.496 12688 12688 I Detox   : Network is busy, with 2 in-flight calls
09-22 19:34:36.584 12688 12688 I chatty  : uid=10155(so.onekey.app.wallet.dev) identical 28 lines
09-22 19:34:36.584 12688 12688 I Detox   : Network is busy, with 2 in-flight calls
09-22 19:34:36.597 12688 12688 I Detox   : Network is busy, with 2 in-flight calls
09-22 19:34:36.647 12688 12688 I chatty  : uid=10155(so.onekey.app.wallet.dev) identical 18 lines
09-22 19:34:36.647 12688 12688 I Detox   : Network is busy, with 2 in-flight calls
09-22 19:34:36.664 12688 12688 I Detox   : Network is busy, with 2 in-flight calls
09-22 19:34:36.664 12688 12688 I chatty  : uid=10155(so.onekey.app.wallet.dev) identical 3 lines
09-22 19:34:36.664 12688 12688 I Detox   : Network is busy, with 2 in-flight calls
09-22 19:34:36.679 12688 12688 I Detox   : Network is busy, with 2 in-flight calls
09-22 19:34:37.413 12688 12688 I chatty  : uid=10155(so.onekey.app.wallet.dev) identical 223 lines
09-22 19:34:37.413 12688 12688 I Detox   : Network is busy, with 2 in-flight calls
09-22 19:34:37.429 12688 12688 I Detox   : Network is busy, with 2 in-flight calls
09-22 19:34:38.583 12688 12688 I chatty  : uid=10155(so.onekey.app.wallet.dev) identical 348 lines
09-22 19:34:38.583 12688 12688 I Detox   : Network is busy, with 2 in-flight calls
09-22 19:34:38.596 12688 12688 I Detox   : Network is busy, with 2 in-flight calls
09-22 19:34:38.596 12688 12688 I chatty  : uid=10155(so.onekey.app.wallet.dev) identical 3 lines
09-22 19:34:38.596 12688 12688 I Detox   : Network is busy, with 2 in-flight calls
09-22 19:34:38.612 12688 12688 I Detox   : Network is busy, with 2 in-flight calls
09-22 19:34:38.799 12688 12688 I chatty  : uid=10155(so.onekey.app.wallet.dev) identical 59 lines
09-22 19:34:38.807 12688 12688 I Detox   : Network is busy, with 2 in-flight calls
09-22 19:34:38.807 12688 12688 W IdlingPolicy: These resources are not idle: [com.wix.detox.reactnative.idlingresources.NetworkIdlingResource]
09-22 19:34:38.813 12688 12688 I Detox   : Network is busy, with 2 in-flight calls
09-22 19:34:40.232 12688 12688 I chatty  : uid=10155(so.onekey.app.wallet.dev) identical 514 lines
09-22 19:34:40.233 12688 12688 I Detox   : Network is busy, with 2 in-flight calls
09-22 19:34:40.233 12688 12688 W UiControllerImpl: Waiting for: DYNAMIC_TASKS_HAVE_IDLED for 2000 iterations.
09-22 19:34:40.247 12688 12688 I Detox   : Network is busy, with 2 in-flight calls
09-22 19:34:40.599 12688 12688 I chatty  : uid=10155(so.onekey.app.wallet.dev) identical 130 lines
09-22 19:34:40.599 12688 12688 I Detox   : Network is busy, with 2 in-flight calls
09-22 19:34:40.613 12688 12688 I Detox   : Network is busy, with 2 in-flight calls
09-22 19:34:42.599 12688 12688 I chatty  : uid=10155(so.onekey.app.wallet.dev) identical 718 lines
09-22 19:34:42.599 12688 12688 I Detox   : Network is busy, with 2 in-flight calls
09-22 19:34:42.612 12688 12688 I Detox   : Network is busy, with 2 in-flight calls
09-22 19:34:42.612 12688 12688 I chatty  : uid=10155(so.onekey.app.wallet.dev) identical 4 lines
09-22 19:34:42.612 12688 12688 I Detox   : Network is busy, with 2 in-flight calls
09-22 19:34:42.629 12688 12688 I Detox   : Network is busy, with 2 in-flight calls
09-22 19:34:42.664 12688 12688 I chatty  : uid=10155(so.onekey.app.wallet.dev) identical 16 lines
09-22 19:34:42.664 12688 12688 I Detox   : Network is busy, with 2 in-flight calls
09-22 19:34:42.664 12688 12688 W UiControllerImpl: Waiting for: DYNAMIC_TASKS_HAVE_IDLED for 2300 iterations.
09-22 19:34:42.680 12688 12688 I Detox   : Network is busy, with 2 in-flight calls
09-22 19:34:43.799 12688 12688 I chatty  : uid=10155(so.onekey.app.wallet.dev) identical 407 lines
09-22 19:34:43.810 12688 12688 I Detox   : Network is busy, with 2 in-flight calls
09-22 19:34:43.810 12688 12688 W IdlingPolicy: These resources are not idle: [com.wix.detox.reactnative.idlingresources.NetworkIdlingResource]
09-22 19:34:43.812 12688 12688 I Detox   : Network is busy, with 2 in-flight calls
09-22 19:34:44.615 12688 12688 I chatty  : uid=10155(so.onekey.app.wallet.dev) identical 341 lines
09-22 19:34:44.615 12688 12688 I Detox   : Network is busy, with 2 in-flight calls
09-22 19:34:44.629 12688 12688 I Detox   : Network is busy, with 2 in-flight calls
09-22 19:34:45.114 12688 12688 I chatty  : uid=10155(so.onekey.app.wallet.dev) identical 208 lines
09-22 19:34:45.114 12688 12688 I Detox   : Network is busy, with 2 in-flight calls
09-22 19:34:45.114 12688 12688 W UiControllerImpl: Waiting for: DYNAMIC_TASKS_HAVE_IDLED for 2600 iterations.
09-22 19:34:45.130 12688 12688 I Detox   : Network is busy, with 2 in-flight calls
09-22 19:34:45.932 12688 12688 I chatty  : uid=10155(so.onekey.app.wallet.dev) identical 341 lines
09-22 19:34:45.932 12688 12688 I Detox   : Network is busy, with 2 in-flight calls
09-22 19:34:45.933 12688 12688 W UiControllerImpl: Waiting for: DYNAMIC_TASKS_HAVE_IDLED for 2700 iterations.
09-22 19:34:45.947 12688 12688 I Detox   : Network is busy, with 2 in-flight calls
09-22 19:34:46.063 12688 12688 I chatty  : uid=10155(so.onekey.app.wallet.dev) identical 54 lines
09-22 19:34:46.063 12688 12688 I Detox   : Network is busy, with 2 in-flight calls
09-22 19:34:46.065 12688 12867 D DetoxWSClient: Received action 'currentStatus' (ID #3, params={})
09-22 19:34:46.065 12688 12865 I DetoxDispatcher: Handling action 'currentStatus' (ID #3)...
09-22 19:34:46.066 12688 12688 I Detox   : Network is busy, with 2 in-flight calls
09-22 19:34:46.067 12688 12865 I DetoxWSClient: Sending out action 'currentStatusResult' (ID #3)
09-22 19:34:46.067 12688 12865 I DetoxDispatcher: Done with action 'currentStatus'
09-22 19:34:46.079 12688 12688 I Detox   : Network is busy, with 2 in-flight calls
09-22 19:34:46.613 12688 12688 I chatty  : uid=10155(so.onekey.app.wallet.dev) identical 262 lines
09-22 19:34:46.613 12688 12688 I Detox   : Network is busy, with 2 in-flight calls
09-22 19:34:46.629 12688 12688 I Detox   : Network is busy, with 2 in-flight calls
09-22 19:34:46.629 12688 12688 I chatty  : uid=10155(so.onekey.app.wallet.dev) identical 6 lines
09-22 19:34:46.629 12688 12688 I Detox   : Network is busy, with 2 in-flight calls
09-22 19:34:46.647 12688 12688 I Detox   : Network is busy, with 2 in-flight calls
09-22 19:34:47.531 12688 12688 I chatty  : uid=10155(so.onekey.app.wallet.dev) identical 430 lines
09-22 19:34:47.531 12688 12688 I Detox   : Network is busy, with 2 in-flight calls
09-22 19:34:47.531 12688 12688 W UiControllerImpl: Waiting for: DYNAMIC_TASKS_HAVE_IDLED for 2900 iterations.
09-22 19:34:47.548 12688 12688 I Detox   : Network is busy, with 2 in-flight calls
09-22 19:34:48.630 12688 12688 I chatty  : uid=10155(so.onekey.app.wallet.dev) identical 526 lines
09-22 19:34:48.630 12688 12688 I Detox   : Network is busy, with 2 in-flight calls
09-22 19:34:48.646 12688 12688 I Detox   : Network is busy, with 2 in-flight calls
09-22 19:34:48.798 12688 12688 I chatty  : uid=10155(so.onekey.app.wallet.dev) identical 79 lines
09-22 19:34:48.810 12688 12688 I Detox   : Network is busy, with 2 in-flight calls
09-22 19:34:48.810 12688 12688 W IdlingPolicy: These resources are not idle: [com.wix.detox.reactnative.idlingresources.NetworkIdlingResource]
09-22 19:34:48.813 12688 12688 I Detox   : Network is busy, with 2 in-flight calls
09-22 19:34:50.646 12688 12688 I chatty  : uid=10155(so.onekey.app.wallet.dev) identical 997 lines
09-22 19:34:50.646 12688 12688 I Detox   : Network is busy, with 2 in-flight calls
09-22 19:34:50.664 12688 12688 I Detox   : Network is busy, with 2 in-flight calls
09-22 19:34:50.799 12688 12688 I chatty  : uid=10155(so.onekey.app.wallet.dev) identical 79 lines
09-22 19:34:50.799 12688 12688 I Detox   : Network is busy, with 2 in-flight calls
09-22 19:34:50.800 12688 12688 W UiControllerImpl: Waiting for: DYNAMIC_TASKS_HAVE_IDLED for 3300 iterations.
09-22 19:34:50.813 12688 12688 I Detox   : Network is busy, with 2 in-flight calls
09-22 19:34:51.051 12688 12688 I chatty  : uid=10155(so.onekey.app.wallet.dev) identical 133 lines
09-22 19:34:51.051 12688 12688 I Detox   : Network is busy, with 2 in-flight calls
09-22 19:34:51.064 12688 12688 I Detox   : Network is busy, with 2 in-flight calls
09-22 19:34:52.447 12688 12688 I chatty  : uid=10155(so.onekey.app.wallet.dev) identical 745 lines
09-22 19:34:52.447 12688 12688 I Detox   : Network is busy, with 2 in-flight calls
09-22 19:34:52.447 12688 12688 W UiControllerImpl: Waiting for: DYNAMIC_TASKS_HAVE_IDLED for 3500 iterations.
09-22 19:34:52.463 12688 12688 I Detox   : Network is busy, with 2 in-flight calls
09-22 19:34:52.646 12688 12688 I chatty  : uid=10155(so.onekey.app.wallet.dev) identical 106 lines
09-22 19:34:52.646 12688 12688 I Detox   : Network is busy, with 2 in-flight calls
09-22 19:34:52.663 12688 12688 I Detox   : Network is busy, with 2 in-flight calls
09-22 19:34:53.802 12688 12688 I chatty  : uid=10155(so.onekey.app.wallet.dev) identical 619 lines
09-22 19:34:53.802 12688 12688 I Detox   : Network is busy, with 2 in-flight calls
09-22 19:34:53.810 12688 12985 W .app.wallet.de: Accessing hidden method Lsun/misc/Unsafe;->getObject(Ljava/lang/Object;J)Ljava/lang/Object; (greylist, linking, allowed)
09-22 19:34:53.811 12688 12688 I Detox   : Network is busy, with 2 in-flight calls
09-22 19:34:53.811 12688 12688 W IdlingPolicy: These resources are not idle: [com.wix.detox.reactnative.idlingresources.NetworkIdlingResource]
09-22 19:34:53.814 12688 12688 I Detox   : Network is busy, with 2 in-flight calls
09-22 19:34:53.814 12688 12688 I chatty  : uid=10155(so.onekey.app.wallet.dev) identical 8 lines
09-22 19:34:53.814 12688 12688 I Detox   : Network is busy, with 2 in-flight calls
09-22 19:34:53.816 12688 13042 W .app.wallet.de: Accessing hidden method Lsun/misc/Unsafe;->getObject(Ljava/lang/Object;J)Ljava/lang/Object; (greylist, linking, allowed)
09-22 19:34:53.816 12688 13042 W .app.wallet.de: Accessing hidden method Lsun/misc/Unsafe;->putInt(Ljava/lang/Object;JI)V (greylist, linking, allowed)
09-22 19:34:53.817 12688 13042 W .app.wallet.de: Accessing hidden method Lsun/misc/Unsafe;->getObject(Ljava/lang/Object;J)Ljava/lang/Object; (greylist, linking, allowed)
09-22 19:34:53.830 12688 12688 I Detox   : Network is busy, with 2 in-flight calls
09-22 19:34:53.864 12688 12688 I chatty  : uid=10155(so.onekey.app.wallet.dev) identical 28 lines
09-22 19:34:53.864 12688 12688 I Detox   : Network is busy, with 2 in-flight calls
09-22 19:34:53.877 12688 12740 W System  : Ignoring header If-None-Match because its value was null.
09-22 19:34:53.879 12688 12688 I Detox   : Network is busy, with 2 in-flight calls
09-22 19:34:53.896 12688 12688 I chatty  : uid=10155(so.onekey.app.wallet.dev) identical 18 lines
09-22 19:34:53.896 12688 12688 I Detox   : Network is busy, with 2 in-flight calls
09-22 19:34:53.912 12688 12688 I Detox   : Network is busy, with 2 in-flight calls
09-22 19:34:53.930 12688 12688 I chatty  : uid=10155(so.onekey.app.wallet.dev) identical 18 lines
09-22 19:34:53.930 12688 12688 I Detox   : Network is busy, with 2 in-flight calls
09-22 19:34:53.930 12688 12688 W UiControllerImpl: Waiting for: DYNAMIC_TASKS_HAVE_IDLED for 3700 iterations.
09-22 19:34:53.946 12688 12688 I Detox   : Network is busy, with 2 in-flight calls
09-22 19:34:54.664 12688 12688 I chatty  : uid=10155(so.onekey.app.wallet.dev) identical 438 lines
09-22 19:34:54.664 12688 12688 I Detox   : Network is busy, with 2 in-flight calls
09-22 19:34:54.680 12688 12688 I Detox   : Network is busy, with 2 in-flight calls
09-22 19:34:54.734 12688 12688 I chatty  : uid=10155(so.onekey.app.wallet.dev) identical 38 lines
09-22 19:34:54.734 12688 12688 I Detox   : Network is busy, with 2 in-flight calls
09-22 19:34:54.735 12688 12688 W UiControllerImpl: Waiting for: DYNAMIC_TASKS_HAVE_IDLED for 3800 iterations.
09-22 19:34:54.747 12688 12688 I Detox   : Network is busy, with 2 in-flight calls
09-22 19:34:55.547 12688 12688 I chatty  : uid=10155(so.onekey.app.wallet.dev) identical 488 lines
09-22 19:34:55.547 12688 12688 I Detox   : Network is busy, with 2 in-flight calls
09-22 19:34:55.548 12688 12688 W UiControllerImpl: Waiting for: DYNAMIC_TASKS_HAVE_IDLED for 3900 iterations.
09-22 19:34:55.563 12688 12688 I Detox   : Network is busy, with 2 in-flight calls
09-22 19:34:56.080 12688 12688 I chatty  : uid=10155(so.onekey.app.wallet.dev) identical 318 lines
09-22 19:34:56.080 12688 12688 I Detox   : Network is busy, with 2 in-flight calls
09-22 19:34:56.088 12688 12867 D DetoxWSClient: Received action 'currentStatus' (ID #4, params={})
09-22 19:34:56.089 12688 12865 I DetoxDispatcher: Handling action 'currentStatus' (ID #4)...
09-22 19:34:56.091 12688 12688 I Detox   : Network is busy, with 2 in-flight calls
09-22 19:34:56.093 12688 12865 I DetoxWSClient: Sending out action 'currentStatusResult' (ID #4)
09-22 19:34:56.093 12688 12865 I DetoxDispatcher: Done with action 'currentStatus'
09-22 19:34:56.097 12688 12688 I Detox   : Network is busy, with 2 in-flight calls
09-22 19:34:56.531 12688 12688 I chatty  : uid=10155(so.onekey.app.wallet.dev) identical 295 lines
09-22 19:34:56.531 12688 12688 I Detox   : Network is busy, with 2 in-flight calls
09-22 19:34:56.547 12688 12688 I Detox   : Network is busy, with 2 in-flight calls
09-22 19:34:56.563 12688 12688 I chatty  : uid=10155(so.onekey.app.wallet.dev) identical 20 lines
09-22 19:34:56.563 12688 12688 I Detox   : Network is busy, with 2 in-flight calls
09-22 19:34:56.580 12688 12688 I Detox   : Network is busy, with 2 in-flight calls
09-22 19:34:56.664 12688 12688 I chatty  : uid=10155(so.onekey.app.wallet.dev) identical 64 lines
09-22 19:34:56.664 12688 12688 I Detox   : Network is busy, with 2 in-flight calls
09-22 19:34:56.680 12688 12688 I Detox   : Network is busy, with 2 in-flight calls
09-22 19:34:57.963 12688 12688 I chatty  : uid=10155(so.onekey.app.wallet.dev) identical 856 lines
09-22 19:34:57.964 12688 12688 I Detox   : Network is busy, with 2 in-flight calls
09-22 19:34:57.964 12688 12688 W UiControllerImpl: Waiting for: DYNAMIC_TASKS_HAVE_IDLED for 4200 iterations.
09-22 19:34:57.979 12688 12688 I Detox   : Network is busy, with 2 in-flight calls
09-22 19:34:58.449 12688 12688 I chatty  : uid=10155(so.onekey.app.wallet.dev) identical 317 lines
09-22 19:34:58.449 12688 12688 I Detox   : Network is busy, with 2 in-flight calls
09-22 19:34:58.457 12688 12967 W .app.wallet.de: Accessing hidden method Lsun/misc/Unsafe;->getObject(Ljava/lang/Object;J)Ljava/lang/Object; (greylist, linking, allowed)
09-22 19:34:58.460 12688 13042 W .app.wallet.de: Accessing hidden method Lsun/misc/Unsafe;->getObject(Ljava/lang/Object;J)Ljava/lang/Object; (greylist, linking, allowed)
09-22 19:34:58.460 12688 13042 W .app.wallet.de: Accessing hidden method Lsun/misc/Unsafe;->getObject(Ljava/lang/Object;J)Ljava/lang/Object; (greylist, linking, allowed)
09-22 19:34:58.463 12688 12688 I Detox   : Network is busy, with 2 in-flight calls
09-22 19:34:58.681 12688 12688 I chatty  : uid=10155(so.onekey.app.wallet.dev) identical 152 lines
09-22 19:34:58.682 12688 12688 I Detox   : Network is busy, with 2 in-flight calls
09-22 19:34:58.697 12688 12688 I Detox   : Network is busy, with 2 in-flight calls
09-22 19:34:58.731 12688 12688 I chatty  : uid=10155(so.onekey.app.wallet.dev) identical 31 lines
09-22 19:34:58.731 12688 12688 I Detox   : Network is busy, with 2 in-flight calls
09-22 19:34:58.731 12688 12688 W UiControllerImpl: Waiting for: DYNAMIC_TASKS_HAVE_IDLED for 4300 iterations.
09-22 19:34:58.747 12688 12688 I Detox   : Network is busy, with 2 in-flight calls
09-22 19:34:58.798 12688 12688 I chatty  : uid=10155(so.onekey.app.wallet.dev) identical 43 lines
09-22 19:34:58.813 12688 12688 I Detox   : Network is busy, with 2 in-flight calls
09-22 19:34:58.813 12688 12688 W IdlingPolicy: These resources are not idle: [com.wix.detox.reactnative.idlingresources.NetworkIdlingResource]
09-22 19:34:58.814 12688 12688 I Detox   : Network is busy, with 2 in-flight calls
09-22 19:35:00.366 12688 12688 I chatty  : uid=10155(so.onekey.app.wallet.dev) identical 1126 lines
09-22 19:35:00.366 12688 12688 I Detox   : Network is busy, with 2 in-flight calls
09-22 19:35:00.367 12688 12688 W UiControllerImpl: Waiting for: DYNAMIC_TASKS_HAVE_IDLED for 4500 iterations.
09-22 19:35:00.380 12688 12688 I Detox   : Network is busy, with 2 in-flight calls
09-22 19:35:00.696 12688 12688 I chatty  : uid=10155(so.onekey.app.wallet.dev) identical 230 lines
09-22 19:35:00.696 12688 12688 I Detox   : Network is busy, with 2 in-flight calls
09-22 19:35:00.696 12688 12688 I Detox   : Network is busy, with 2 in-flight calls
09-22 19:35:00.696 12688 12688 I chatty  : uid=10155(so.onekey.app.wallet.dev) identical 2 lines
09-22 19:35:00.696 12688 12688 I Detox   : Network is busy, with 2 in-flight calls
09-22 19:35:00.696 12688 12688 I Detox   : Network is busy, with 2 in-flight calls
09-22 19:35:01.165 12688 12688 I chatty  : uid=10155(so.onekey.app.wallet.dev) identical 338 lines
09-22 19:35:01.165 12688 12688 I Detox   : Network is busy, with 2 in-flight calls
09-22 19:35:01.165 12688 12688 W UiControllerImpl: Waiting for: DYNAMIC_TASKS_HAVE_IDLED for 4600 iterations.
09-22 19:35:01.179 12688 12688 I Detox   : Network is busy, with 2 in-flight calls
09-22 19:35:02.699 12688 12688 I chatty  : uid=10155(so.onekey.app.wallet.dev) identical 1102 lines
09-22 19:35:02.699 12688 12688 I Detox   : Network is busy, with 2 in-flight calls
09-22 19:35:02.713 12688 12688 I Detox   : Network is busy, with 2 in-flight calls
09-22 19:35:02.796 12688 12688 I chatty  : uid=10155(so.onekey.app.wallet.dev) identical 70 lines
09-22 19:35:02.796 12688 12688 I Detox   : Network is busy, with 2 in-flight calls
09-22 19:35:02.796 12688 12688 W UiControllerImpl: Waiting for: DYNAMIC_TASKS_HAVE_IDLED for 4800 iterations.
09-22 19:35:02.813 12688 12688 I Detox   : Network is busy, with 2 in-flight calls
09-22 19:35:03.816 12688 12688 I chatty  : uid=10155(so.onekey.app.wallet.dev) identical 731 lines
09-22 19:35:03.816 12688 12688 I Detox   : Network is busy, with 2 in-flight calls
09-22 19:35:03.816 12688 12688 W IdlingPolicy: These resources are not idle: [com.wix.detox.reactnative.idlingresources.NetworkIdlingResource]
09-22 19:35:03.830 12688 12688 I Detox   : Network is busy, with 2 in-flight calls
09-22 19:35:04.430 12688 12688 I chatty  : uid=10155(so.onekey.app.wallet.dev) identical 479 lines
09-22 19:35:04.430 12688 12688 I Detox   : Network is busy, with 2 in-flight calls
09-22 19:35:04.430 12688 12688 W UiControllerImpl: Waiting for: DYNAMIC_TASKS_HAVE_IDLED for 5000 iterations.
09-22 19:35:04.447 12688 12688 I Detox   : Network is busy, with 2 in-flight calls
09-22 19:35:04.714 12688 12688 I chatty  : uid=10155(so.onekey.app.wallet.dev) identical 219 lines
09-22 19:35:04.714 12688 12688 I Detox   : Network is busy, with 2 in-flight calls
09-22 19:35:04.730 12688 12688 I Detox   : Network is busy, with 2 in-flight calls
09-22 19:35:05.250 12688 12688 I chatty  : uid=10155(so.onekey.app.wallet.dev) identical 414 lines
09-22 19:35:05.250 12688 12688 I Detox   : Network is busy, with 2 in-flight calls
09-22 19:35:05.250 12688 12688 W UiControllerImpl: Waiting for: DYNAMIC_TASKS_HAVE_IDLED for 5100 iterations.
09-22 19:35:05.264 12688 12688 I Detox   : Network is busy, with 2 in-flight calls
09-22 19:35:06.097 12688 12688 I chatty  : uid=10155(so.onekey.app.wallet.dev) identical 661 lines
09-22 19:35:06.097 12688 12688 I Detox   : Network is busy, with 2 in-flight calls
09-22 19:35:06.108 12688 12867 D DetoxWSClient: Received action 'currentStatus' (ID #5, params={})
09-22 19:35:06.108 12688 12865 I DetoxDispatcher: Handling action 'currentStatus' (ID #5)...
09-22 19:35:06.110 12688 12688 I Detox   : Network is busy, with 2 in-flight calls
09-22 19:35:06.112 12688 12865 I DetoxWSClient: Sending out action 'currentStatusResult' (ID #5)
09-22 19:35:06.112 12688 12688 I Detox   : Network is busy, with 2 in-flight calls
09-22 19:35:06.113 12688 12688 I chatty  : uid=10155(so.onekey.app.wallet.dev) identical 6 lines
09-22 19:35:06.113 12688 12688 I Detox   : Network is busy, with 2 in-flight calls
09-22 19:35:06.113 12688 12865 I DetoxDispatcher: Done with action 'currentStatus'
09-22 19:35:06.113 12688 12688 I Detox   : Network is busy, with 2 in-flight calls
09-22 19:35:06.714 12688 12688 I chatty  : uid=10155(so.onekey.app.wallet.dev) identical 508 lines
09-22 19:35:06.714 12688 12688 I Detox   : Network is busy, with 2 in-flight calls
09-22 19:35:06.730 12688 12688 I Detox   : Network is busy, with 2 in-flight calls
09-22 19:35:06.831 12688 12688 I chatty  : uid=10155(so.onekey.app.wallet.dev) identical 96 lines
09-22 19:35:06.831 12688 12688 I Detox   : Network is busy, with 2 in-flight calls
09-22 19:35:06.831 12688 12688 W UiControllerImpl: Waiting for: DYNAMIC_TASKS_HAVE_IDLED for 5300 iterations.
09-22 19:35:06.847 12688 12688 I Detox   : Network is busy, with 2 in-flight calls
09-22 19:35:08.733 12688 12688 I chatty  : uid=10155(so.onekey.app.wallet.dev) identical 1594 lines
09-22 19:35:08.733 12688 12688 I Detox   : Network is busy, with 2 in-flight calls
09-22 19:35:08.747 12688 12688 I Detox   : Network is busy, with 2 in-flight calls
09-22 19:35:08.813 12688 12688 I chatty  : uid=10155(so.onekey.app.wallet.dev) identical 69 lines
09-22 19:35:08.818 12688 12688 I Detox   : Network is busy, with 2 in-flight calls
09-22 19:35:08.818 12688 12688 W IdlingPolicy: These resources are not idle: [com.wix.detox.reactnative.idlingresources.NetworkIdlingResource]
09-22 19:35:08.830 12688 12688 I Detox   : Network is busy, with 2 in-flight calls
09-22 19:35:09.282 12688 12688 I chatty  : uid=10155(so.onekey.app.wallet.dev) identical 418 lines
09-22 19:35:09.282 12688 12688 I Detox   : Network is busy, with 2 in-flight calls
09-22 19:35:09.282 12688 12688 W UiControllerImpl: Waiting for: DYNAMIC_TASKS_HAVE_IDLED for 5600 iterations.
09-22 19:35:09.297 12688 12688 I Detox   : Network is busy, with 2 in-flight calls
09-22 19:35:10.731 12688 12688 I chatty  : uid=10155(so.onekey.app.wallet.dev) identical 1303 lines
09-22 19:35:10.731 12688 12688 I Detox   : Network is busy, with 2 in-flight calls
09-22 19:35:10.746 12688 12688 I Detox   : Network is busy, with 2 in-flight calls
09-22 19:35:10.915 12688 12688 I chatty  : uid=10155(so.onekey.app.wallet.dev) identical 163 lines
09-22 19:35:10.915 12688 12688 I Detox   : Network is busy, with 2 in-flight calls
09-22 19:35:10.915 12688 12688 W UiControllerImpl: Waiting for: DYNAMIC_TASKS_HAVE_IDLED for 5800 iterations.
09-22 19:35:10.931 12688 12688 I Detox   : Network is busy, with 2 in-flight calls
09-22 19:35:12.581 12688 12688 I chatty  : uid=10155(so.onekey.app.wallet.dev) identical 1468 lines
09-22 19:35:12.581 12688 12688 I Detox   : Network is busy, with 2 in-flight calls
09-22 19:35:12.582 12688 12688 W UiControllerImpl: Waiting for: DYNAMIC_TASKS_HAVE_IDLED for 6000 iterations.
09-22 19:35:12.596 12688 12688 I Detox   : Network is busy, with 2 in-flight calls
09-22 19:35:12.747 12688 12688 I chatty  : uid=10155(so.onekey.app.wallet.dev) identical 148 lines
09-22 19:35:12.747 12688 12688 I Detox   : Network is busy, with 2 in-flight calls
09-22 19:35:12.764 12688 12688 I Detox   : Network is busy, with 2 in-flight calls
09-22 19:35:13.813 12688 12688 I chatty  : uid=10155(so.onekey.app.wallet.dev) identical 959 lines
09-22 19:35:13.819 12688 12688 I Detox   : Network is busy, with 2 in-flight calls
09-22 19:35:13.819 12688 12688 W IdlingPolicy: These resources are not idle: [com.wix.detox.reactnative.idlingresources.NetworkIdlingResource]
09-22 19:35:13.831 12688 12688 I Detox   : Network is busy, with 2 in-flight calls
09-22 19:35:14.213 12688 12688 I chatty  : uid=10155(so.onekey.app.wallet.dev) identical 382 lines
09-22 19:35:14.213 12688 12688 I Detox   : Network is busy, with 2 in-flight calls
09-22 19:35:14.213 12688 12688 W UiControllerImpl: Waiting for: DYNAMIC_TASKS_HAVE_IDLED for 6200 iterations.
09-22 19:35:14.230 12688 12688 I Detox   : Network is busy, with 2 in-flight calls
09-22 19:35:14.764 12688 12688 I chatty  : uid=10155(so.onekey.app.wallet.dev) identical 526 lines
09-22 19:35:14.764 12688 12688 I Detox   : Network is busy, with 2 in-flight calls
09-22 19:35:14.780 12688 12688 I Detox   : Network is busy, with 2 in-flight calls
09-22 19:35:15.847 12688 12688 I chatty  : uid=10155(so.onekey.app.wallet.dev) identical 1038 lines
09-22 19:35:15.847 12688 12688 I Detox   : Network is busy, with 2 in-flight calls
09-22 19:35:15.847 12688 12688 W UiControllerImpl: Waiting for: DYNAMIC_TASKS_HAVE_IDLED for 6400 iterations.
09-22 19:35:15.864 12688 12688 I Detox   : Network is busy, with 2 in-flight calls
09-22 19:35:16.113 12688 12688 I chatty  : uid=10155(so.onekey.app.wallet.dev) identical 254 lines
09-22 19:35:16.113 12688 12688 I Detox   : Network is busy, with 2 in-flight calls
09-22 19:35:16.128 12688 12867 D DetoxWSClient: Received action 'currentStatus' (ID #6, params={})
09-22 19:35:16.128 12688 12865 I DetoxDispatcher: Handling action 'currentStatus' (ID #6)...
09-22 19:35:16.130 12688 12688 I Detox   : Network is busy, with 2 in-flight calls
09-22 19:35:16.131 12688 12688 I chatty  : uid=10155(so.onekey.app.wallet.dev) identical 1 line
09-22 19:35:16.131 12688 12688 I Detox   : Network is busy, with 2 in-flight calls
09-22 19:35:16.131 12688 12865 I DetoxWSClient: Sending out action 'currentStatusResult' (ID #6)
09-22 19:35:16.131 12688 12688 I Detox   : Network is busy, with 2 in-flight calls
09-22 19:35:16.131 12688 12688 I chatty  : uid=10155(so.onekey.app.wallet.dev) identical 13 lines
09-22 19:35:16.131 12688 12688 I Detox   : Network is busy, with 2 in-flight calls
09-22 19:35:16.132 12688 12865 I DetoxDispatcher: Done with action 'currentStatus'
09-22 19:35:16.146 12688 12688 I Detox   : Network is busy, with 2 in-flight calls
09-22 19:35:16.765 12688 12688 I chatty  : uid=10155(so.onekey.app.wallet.dev) identical 644 lines
09-22 19:35:16.765 12688 12688 I Detox   : Network is busy, with 2 in-flight calls
09-22 19:35:16.779 12688 12688 I Detox   : Network is busy, with 2 in-flight calls
09-22 19:35:17.433 12688 12688 I chatty  : uid=10155(so.onekey.app.wallet.dev) identical 678 lines
09-22 19:35:17.433 12688 12688 I Detox   : Network is busy, with 2 in-flight calls
09-22 19:35:17.434 12688 12688 W UiControllerImpl: Waiting for: DYNAMIC_TASKS_HAVE_IDLED for 6600 iterations.
09-22 19:35:17.446 12688 12688 I Detox   : Network is busy, with 2 in-flight calls
09-22 19:35:18.263 12688 12688 I chatty  : uid=10155(so.onekey.app.wallet.dev) identical 848 lines
09-22 19:35:18.263 12688 12688 I Detox   : Network is busy, with 2 in-flight calls
09-22 19:35:18.264 12688 12688 W UiControllerImpl: Waiting for: DYNAMIC_TASKS_HAVE_IDLED for 6700 iterations.
09-22 19:35:18.280 12688 12688 I Detox   : Network is busy, with 2 in-flight calls
09-22 19:35:18.383 12688 12688 I chatty  : uid=10155(so.onekey.app.wallet.dev) identical 117 lines
09-22 19:35:18.383 12688 12688 I Detox   : Network is busy, with 2 in-flight calls
09-22 19:35:18.398 12688 12688 I Detox   : Network is busy, with 2 in-flight calls
09-22 19:35:18.785 12688 12688 I chatty  : uid=10155(so.onekey.app.wallet.dev) identical 406 lines
09-22 19:35:18.785 12688 12688 I Detox   : Network is busy, with 2 in-flight calls
09-22 19:35:18.796 12688 12688 I Detox   : Network is busy, with 2 in-flight calls
09-22 19:35:18.813 12688 12688 I chatty  : uid=10155(so.onekey.app.wallet.dev) identical 33 lines
09-22 19:35:18.821 12688 12688 I Detox   : Network is busy, with 2 in-flight calls
09-22 19:35:18.821 12688 12688 W IdlingPolicy: These resources are not idle: [com.wix.detox.reactnative.idlingresources.NetworkIdlingResource]
09-22 19:35:18.830 12688 12688 I Detox   : Network is busy, with 2 in-flight calls
09-22 19:35:19.065 12688 12688 I chatty  : uid=10155(so.onekey.app.wallet.dev) identical 268 lines
09-22 19:35:19.065 12688 12688 I Detox   : Network is busy, with 2 in-flight calls
09-22 19:35:19.065 12688 12688 W UiControllerImpl: Waiting for: DYNAMIC_TASKS_HAVE_IDLED for 6800 iterations.
09-22 19:35:19.079 12688 12688 I Detox   : Network is busy, with 2 in-flight calls
09-22 19:35:19.349 12688 12688 I chatty  : uid=10155(so.onekey.app.wallet.dev) identical 304 lines
09-22 19:35:19.349 12688 12688 I Detox   : Network is busy, with 2 in-flight calls
09-22 19:35:19.365 12688 12688 I Detox   : Network is busy, with 2 in-flight calls
09-22 19:35:20.797 12688 12688 I chatty  : uid=10155(so.onekey.app.wallet.dev) identical 1564 lines
09-22 19:35:20.797 12688 12688 I Detox   : Network is busy, with 2 in-flight calls
09-22 19:35:20.813 12688 12688 I Detox   : Network is busy, with 2 in-flight calls
09-22 19:35:21.781 12688 12688 I chatty  : uid=10155(so.onekey.app.wallet.dev) identical 1006 lines
09-22 19:35:21.781 12688 12688 I Detox   : Network is busy, with 2 in-flight calls
09-22 19:35:21.781 12688 12688 W UiControllerImpl: Waiting for: DYNAMIC_TASKS_HAVE_IDLED for 7100 iterations.
09-22 19:35:21.797 12688 12688 I Detox   : Network is busy, with 2 in-flight calls
09-22 19:35:22.646 12688 12688 I chatty  : uid=10155(so.onekey.app.wallet.dev) identical 934 lines
09-22 19:35:22.646 12688 12688 I Detox   : Network is busy, with 2 in-flight calls
09-22 19:35:22.646 12688 12688 W UiControllerImpl: Waiting for: DYNAMIC_TASKS_HAVE_IDLED for 7200 iterations.
09-22 19:35:22.663 12688 12688 I Detox   : Network is busy, with 2 in-flight calls
09-22 19:35:22.818 12688 12688 I chatty  : uid=10155(so.onekey.app.wallet.dev) identical 165 lines
09-22 19:35:22.818 12688 12688 I Detox   : Network is busy, with 2 in-flight calls
09-22 19:35:22.819 12688 12688 I Detox   : Network is busy, with 2 in-flight calls
09-22 19:35:23.430 12688 12688 I chatty  : uid=10155(so.onekey.app.wallet.dev) identical 677 lines
09-22 19:35:23.430 12688 12688 I Detox   : Network is busy, with 2 in-flight calls
09-22 19:35:23.430 12688 12688 W UiControllerImpl: Waiting for: DYNAMIC_TASKS_HAVE_IDLED for 7300 iterations.
09-22 19:35:23.447 12688 12688 I Detox   : Network is busy, with 2 in-flight calls
09-22 19:35:23.799 12688 12688 I chatty  : uid=10155(so.onekey.app.wallet.dev) identical 395 lines
09-22 19:35:23.806 12688 12688 I Detox   : Network is busy, with 2 in-flight calls
09-22 19:35:23.812 12688 12688 I Detox   : Wait is over: App is now idle!
09-22 19:35:23.813 12688 12688 I Detox   : Network is busy, with 2 in-flight calls
--------- beginning of crash
09-22 19:35:23.815 12688 12864 E AndroidRuntime: FATAL EXCEPTION: detox.primary
09-22 19:35:23.815 12688 12864 E AndroidRuntime: Process: so.onekey.app.wallet.dev, PID: 12688
09-22 19:35:23.815 12688 12864 E AndroidRuntime: java.lang.RuntimeException: java.util.concurrent.ExecutionException: androidx.test.espresso.IdlingResourceTimeoutException: Wait for [com.wix.detox.reactnative.idlingresources.NetworkIdlingResource] to become idle timed out
09-22 19:35:23.815 12688 12864 E AndroidRuntime: 	at androidx.test.espresso.Espresso.onIdle(Espresso.java:15)
09-22 19:35:23.815 12688 12864 E AndroidRuntime: 	at com.wix.detox.TestEngineFacade.awaitIdle(TestEngineFacade.kt:12)
09-22 19:35:23.815 12688 12864 E AndroidRuntime: 	at com.wix.detox.adapters.server.ReadyActionHandler.handle(DetoxActionHandlers.kt:25)
