09-22 13:40:54.323 12242 12242 I chatty  : uid=10159(so.onekey.app.wallet.dev) identical 5 lines
09-22 13:40:54.339 12242 12242 I Detox   : Network is busy, with 2 in-flight calls
09-22 13:40:54.355 12242 12503 D ProfileInstaller: Installing profile for so.onekey.app.wallet.dev
09-22 13:40:54.356 12242 12242 I Detox   : Network is busy, with 2 in-flight calls
09-22 13:40:54.439 12242 12242 I chatty  : uid=10159(so.onekey.app.wallet.dev) identical 5 lines
09-22 13:40:54.456 12242 12242 I Detox   : Network is busy, with 2 in-flight calls
09-22 13:40:54.473 12242 12242 I Detox   : Network is busy, with 2 in-flight calls
09-22 13:40:54.773 12242 12242 I chatty  : uid=10159(so.onekey.app.wallet.dev) identical 18 lines
09-22 13:40:54.789 12242 12242 I Detox   : Network is busy, with 2 in-flight calls
09-22 13:40:54.799 12242 12474 W .app.wallet.de: Accessing hidden method Lsun/misc/Unsafe;->getObject(Ljava/lang/Object;J)Ljava/lang/Object; (greylist, linking, allowed)
09-22 13:40:54.799 12242 12376 W .app.wallet.de: Accessing hidden method Lsun/misc/Unsafe;->getObject(Ljava/lang/Object;J)Ljava/lang/Object; (greylist, linking, allowed)
09-22 13:40:54.799 12242 12376 I chatty  : uid=10159(so.onekey.app.wallet.dev) pool-3-thread-1 identical 1 line
09-22 13:40:54.800 12242 12376 W .app.wallet.de: Accessing hidden method Lsun/misc/Unsafe;->getObject(Ljava/lang/Object;J)Ljava/lang/Object; (greylist, linking, allowed)
09-22 13:40:54.800 12242 12376 W .app.wallet.de: Accessing hidden method Lsun/misc/Unsafe;->getLong(Ljava/lang/Object;J)J (greylist,core-platform-api, linking, allowed)
09-22 13:40:54.800 12242 12376 W .app.wallet.de: Accessing hidden method Lsun/misc/Unsafe;->getObject(Ljava/lang/Object;J)Ljava/lang/Object; (greylist, linking, allowed)
09-22 13:40:54.800 12242 12376 W .app.wallet.de: Accessing hidden method Lsun/misc/Unsafe;->putInt(Ljava/lang/Object;JI)V (greylist, linking, allowed)
09-22 13:40:54.806 12242 12242 I Detox   : Network is busy, with 2 in-flight calls
09-22 13:40:54.823 12242 12242 I Detox   : Network is busy, with 2 in-flight calls
09-22 13:40:54.839 12242 12242 I Detox   : Network is busy, with 1 in-flight calls
09-22 13:40:54.857 12242 12242 I chatty  : uid=10159(so.onekey.app.wallet.dev) identical 1 line
09-22 13:40:54.873 12242 12242 I Detox   : Network is busy, with 1 in-flight calls
09-22 13:40:54.882 12242 12257 W System  : A resource failed to call destroy. 
09-22 13:40:54.889 12242 12242 I Detox   : Network is busy, with 1 in-flight calls
09-22 13:40:54.923 12242 12242 I chatty  : uid=10159(so.onekey.app.wallet.dev) identical 2 lines
09-22 13:40:54.941 12242 12242 I Detox   : Network is busy, with 1 in-flight calls
09-22 13:40:54.941 12242 12242 W UiControllerImpl: Waiting for: DYNAMIC_TASKS_HAVE_IDLED for 200 iterations.
09-22 13:40:54.956 12242 12242 I Detox   : Network is busy, with 1 in-flight calls
09-22 13:40:55.707 12242 12242 I chatty  : uid=10159(so.onekey.app.wallet.dev) identical 45 lines
09-22 13:40:55.723 12242 12242 I Detox   : Network is busy, with 1 in-flight calls
09-22 13:40:55.740 12242 12242 I Detox   : Network is busy, with 1 in-flight calls
09-22 13:40:55.756 12242 12242 I chatty  : uid=10159(so.onekey.app.wallet.dev) identical 1 line
09-22 13:40:55.773 12242 12242 I Detox   : Network is busy, with 1 in-flight calls
09-22 13:40:55.773 12242 12242 W UiControllerImpl: Waiting for: DYNAMIC_TASKS_HAVE_IDLED for 300 iterations.
09-22 13:40:55.789 12242 12242 I Detox   : Network is busy, with 1 in-flight calls
09-22 13:40:56.439 12242 12242 I chatty  : uid=10159(so.onekey.app.wallet.dev) identical 39 lines
09-22 13:40:56.456 12242 12242 I Detox   : Network is busy, with 1 in-flight calls
09-22 13:40:56.472 12242 12242 I Detox   : Network is busy, with 1 in-flight calls
09-22 13:40:57.389 12242 12242 I chatty  : uid=10159(so.onekey.app.wallet.dev) identical 55 lines
09-22 13:40:57.408 12242 12242 I Detox   : Network is busy, with 1 in-flight calls
09-22 13:40:57.408 12242 12242 W UiControllerImpl: Waiting for: DYNAMIC_TASKS_HAVE_IDLED for 500 iterations.
09-22 13:40:57.423 12242 12242 I Detox   : Network is busy, with 1 in-flight calls
09-22 13:40:58.106 12242 12242 I chatty  : uid=10159(so.onekey.app.wallet.dev) identical 41 lines
09-22 13:40:58.125 12242 12242 I Detox   : Network is busy, with 1 in-flight calls
09-22 13:40:58.125 12242 12242 W UiControllerImpl: Waiting for: DYNAMIC_TASKS_HAVE_IDLED for 600 iterations.
09-22 13:40:58.139 12242 12242 I Detox   : Network is busy, with 1 in-flight calls
09-22 13:40:58.458 12242 12242 I chatty  : uid=10159(so.onekey.app.wallet.dev) identical 19 lines
09-22 13:40:58.474 12242 12242 I Detox   : Network is busy, with 1 in-flight calls
09-22 13:40:58.489 12242 12242 I Detox   : Network is busy, with 1 in-flight calls
09-22 13:40:58.573 12242 12242 I chatty  : uid=10159(so.onekey.app.wallet.dev) identical 5 lines
09-22 13:40:58.580 12242 12242 I Detox   : Network is busy, with 1 in-flight calls
09-22 13:40:58.581 12242 12242 W IdlingPolicy: These resources are not idle: [com.wix.detox.reactnative.idlingresources.NetworkIdlingResource]
09-22 13:40:58.589 12242 12242 I Detox   : Network is busy, with 1 in-flight calls
09-22 13:40:58.625 12242 12242 I chatty  : uid=10159(so.onekey.app.wallet.dev) identical 4 lines
09-22 13:40:58.625 12242 12242 I Detox   : Network is busy, with 1 in-flight calls
09-22 13:40:58.626 12242 12399 E ReactNativeJS: { context: 'core' }, { context: 'core/relayer' }, [Error: socket stalled]
09-22 13:40:58.639 12242 12242 I Detox   : Network is busy, with 1 in-flight calls
09-22 13:40:58.639 12242 12242 I Detox   : Network is busy, with 1 in-flight calls
09-22 13:40:58.640 12242 12400 E unknown:ReactNative: console.error: {"context":"core"} {"context":"core/relayer"} Error: socket stalled, js engine: v8, stack:
09-22 13:40:58.640 12242 12400 E unknown:ReactNative: p@50:240
09-22 13:40:58.640 12242 12400 E unknown:ReactNative: p@50:355
09-22 13:40:58.640 12242 12400 E unknown:ReactNative: new s@48:362
09-22 13:40:58.640 12242 12400 E unknown:ReactNative: f.<anonymous>@42:1043
09-22 13:40:58.640 12242 12400 E unknown:ReactNative: new f@42:1221
09-22 13:40:58.640 12242 12400 E unknown:ReactNative: b@42:2420
09-22 13:40:58.640 12242 12400 E unknown:ReactNative: Object.error@512:1745
09-22 13:40:58.640 12242 12400 E unknown:ReactNative: Object.error@8067:3297
09-22 13:40:58.640 12242 12400 E unknown:ReactNative: Object.error@8067:4311
09-22 13:40:58.640 12242 12400 E unknown:ReactNative: Object.error@8067:4311
09-22 13:40:58.640 12242 12399 E ReactNativeJS: 'WalletConnect V2 Core ERROR: relayer_transport_closed >>>>>> ', undefined
09-22 13:40:58.645 12242 12400 E unknown:ReactNative: console.error: WalletConnect V2 Core ERROR: relayer_transport_closed >>>>>>  undefined, js engine: v8, stack:
09-22 13:40:58.645 12242 12400 E unknown:ReactNative: p@50:240
09-22 13:40:58.645 12242 12400 E unknown:ReactNative: p@50:355
09-22 13:40:58.645 12242 12400 E unknown:ReactNative: new s@48:362
09-22 13:40:58.645 12242 12400 E unknown:ReactNative: f.<anonymous>@42:1043
09-22 13:40:58.645 12242 12400 E unknown:ReactNative: new f@42:1221
09-22 13:40:58.645 12242 12400 E unknown:ReactNative: b@42:2420
09-22 13:40:58.645 12242 12400 E unknown:ReactNative: Object.error@512:1745
09-22 13:40:58.645 12242 12400 E unknown:ReactNative: s.<anonymous>@8050:2248
09-22 13:40:58.645 12242 12400 E unknown:ReactNative: Object.p@627:1873
09-22 13:40:58.645 12242 12400 E unknown:ReactNative: s.emit@627:4098
09-22 13:40:58.645 12242 12399 E ReactNativeJS: { context: 'core' }, 'closeTransport called before connection was established'
09-22 13:40:58.646 12242 12399 E ReactNativeJS: { context: 'client' }, 'closeTransport called before connection was established'
09-22 13:40:58.647 12242 12399 E ReactNativeJS: { context: 'core' }, 'closeTransport called before connection was established'
09-22 13:40:58.647 12242 12399 E ReactNativeJS: 'createWeb3WalletV2 ERROR:', [Error: closeTransport called before connection was established]
09-22 13:40:58.650 12242 12400 E unknown:ReactNative: console.error: {"context":"core"} closeTransport called before connection was established, js engine: v8, stack:
09-22 13:40:58.650 12242 12400 E unknown:ReactNative: p@50:240
09-22 13:40:58.650 12242 12400 E unknown:ReactNative: p@50:355
09-22 13:40:58.650 12242 12400 E unknown:ReactNative: new s@48:362
09-22 13:40:58.650 12242 12400 E unknown:ReactNative: f.<anonymous>@42:1043
09-22 13:40:58.650 12242 12400 E unknown:ReactNative: new f@42:1221
09-22 13:40:58.650 12242 12400 E unknown:ReactNative: b@42:2420
09-22 13:40:58.650 12242 12400 E unknown:ReactNative: Object.error@512:1745
09-22 13:40:58.650 12242 12400 E unknown:ReactNative: Object.error@8067:3297
09-22 13:40:58.650 12242 12400 E unknown:ReactNative: Object.error@8067:4311
09-22 13:40:58.650 12242 12400 E unknown:ReactNative: s.<anonymous>@8052:68629
09-22 13:40:58.655 12242 12242 I Detox   : Network is busy, with 1 in-flight calls
09-22 13:40:58.655 12242 12242 I Detox   : Network is busy, with 1 in-flight calls
09-22 13:40:58.655 12242 12400 E unknown:ReactNative: console.error: {"context":"client"} closeTransport called before connection was established, js engine: v8, stack:
09-22 13:40:58.655 12242 12400 E unknown:ReactNative: p@50:240
09-22 13:40:58.655 12242 12400 E unknown:ReactNative: p@50:355
09-22 13:40:58.655 12242 12400 E unknown:ReactNative: new s@48:362
09-22 13:40:58.655 12242 12400 E unknown:ReactNative: f.<anonymous>@42:1043
09-22 13:40:58.655 12242 12400 E unknown:ReactNative: new f@42:1221
09-22 13:40:58.655 12242 12400 E unknown:ReactNative: b@42:2420
09-22 13:40:58.655 12242 12400 E unknown:ReactNative: Object.error@512:1745
09-22 13:40:58.655 12242 12400 E unknown:ReactNative: Object.error@8067:3297
09-22 13:40:58.655 12242 12400 E unknown:ReactNative: Object.error@8067:4311
09-22 13:40:58.655 12242 12400 E unknown:ReactNative: d.<anonymous>@8113:32589
09-22 13:40:58.658 12242 12400 E unknown:ReactNative: console.error: {"context":"core"} closeTransport called before connection was established, js engine: v8, stack:
09-22 13:40:58.658 12242 12400 E unknown:ReactNative: p@50:240
09-22 13:40:58.658 12242 12400 E unknown:ReactNative: p@50:355
09-22 13:40:58.658 12242 12400 E unknown:ReactNative: new s@48:362
09-22 13:40:58.658 12242 12400 E unknown:ReactNative: f.<anonymous>@42:1043
09-22 13:40:58.658 12242 12400 E unknown:ReactNative: new f@42:1221
09-22 13:40:58.658 12242 12400 E unknown:ReactNative: b@42:2420
09-22 13:40:58.658 12242 12400 E unknown:ReactNative: Object.error@512:1745
09-22 13:40:58.658 12242 12400 E unknown:ReactNative: Object.error@8067:3297
09-22 13:40:58.658 12242 12400 E unknown:ReactNative: Object.error@8067:4311
09-22 13:40:58.658 12242 12400 E unknown:ReactNative: l.<anonymous>@8106:12485
09-22 13:40:58.659 12242 12400 E unknown:ReactNative: console.error: createWeb3WalletV2 ERROR: Error: closeTransport called before connection was established, js engine: v8, stack:
09-22 13:40:58.659 12242 12400 E unknown:ReactNative: p@50:240
09-22 13:40:58.659 12242 12400 E unknown:ReactNative: p@50:355
09-22 13:40:58.659 12242 12400 E unknown:ReactNative: new s@48:362
09-22 13:40:58.659 12242 12400 E unknown:ReactNative: f.<anonymous>@42:1043
09-22 13:40:58.659 12242 12400 E unknown:ReactNative: new f@42:1221
09-22 13:40:58.659 12242 12400 E unknown:ReactNative: b@42:2420
09-22 13:40:58.659 12242 12400 E unknown:ReactNative: Object.error@512:1745
09-22 13:40:58.659 12242 12400 E unknown:ReactNative: s.<anonymous>@8050:1585
09-22 13:40:58.659 12242 12400 E unknown:ReactNative: Generator.throw@-1
09-22 13:40:58.659 12242 12400 E unknown:ReactNative: n@353:69
09-22 13:40:58.674 12242 12242 I Detox   : Network is busy, with 1 in-flight calls
09-22 13:40:59.110 12242 12242 I chatty  : uid=10159(so.onekey.app.wallet.dev) identical 52 lines
09-22 13:40:59.110 12242 12242 I Detox   : Network is busy, with 1 in-flight calls
09-22 13:40:59.114 12242 12391 D DetoxWSClient: Received action 'currentStatus' (ID #1, params={})
09-22 13:40:59.114 12242 12390 I DetoxDispatcher: Handling action 'currentStatus' (ID #1)...
09-22 13:40:59.116 12242 12242 I Detox   : Network is busy, with 1 in-flight calls
09-22 13:40:59.117 12242 12390 I DetoxWSClient: Sending out action 'currentStatusResult' (ID #1)
09-22 13:40:59.118 12242 12390 I DetoxDispatcher: Done with action 'currentStatus'
09-22 13:40:59.122 12242 12242 I Detox   : Network is busy, with 1 in-flight calls
09-22 13:40:59.139 12242 12242 I chatty  : uid=10159(so.onekey.app.wallet.dev) identical 4 lines
09-22 13:40:59.139 12242 12242 I Detox   : Network is busy, with 1 in-flight calls
09-22 13:40:59.155 12242 12242 I Detox   : Network is busy, with 1 in-flight calls
09-22 13:40:59.172 12242 12242 I chatty  : uid=10159(so.onekey.app.wallet.dev) identical 4 lines
09-22 13:40:59.172 12242 12242 I Detox   : Network is busy, with 1 in-flight calls
09-22 13:40:59.183 12242 12474 W .app.wallet.de: Accessing hidden method Lsun/misc/Unsafe;->getObject(Ljava/lang/Object;J)Ljava/lang/Object; (greylist, linking, allowed)
09-22 13:40:59.184 12242 12376 W .app.wallet.de: Accessing hidden method Lsun/misc/Unsafe;->getObject(Ljava/lang/Object;J)Ljava/lang/Object; (greylist, linking, allowed)
09-22 13:40:59.184 12242 12376 W .app.wallet.de: Accessing hidden method Lsun/misc/Unsafe;->putInt(Ljava/lang/Object;JI)V (greylist, linking, allowed)
09-22 13:40:59.184 12242 12376 W .app.wallet.de: Accessing hidden method Lsun/misc/Unsafe;->getObject(Ljava/lang/Object;J)Ljava/lang/Object; (greylist, linking, allowed)
09-22 13:40:59.189 12242 12242 I Detox   : Network is busy, with 1 in-flight calls
09-22 13:40:59.223 12242 12242 I chatty  : uid=10159(so.onekey.app.wallet.dev) identical 7 lines
09-22 13:40:59.223 12242 12242 I Detox   : Network is busy, with 1 in-flight calls
09-22 13:40:59.239 12242 12242 I Detox   : Network is busy, with 1 in-flight calls
09-22 13:41:00.473 12242 12242 I chatty  : uid=10159(so.onekey.app.wallet.dev) identical 223 lines
09-22 13:41:00.473 12242 12242 I Detox   : Network is busy, with 1 in-flight calls
09-22 13:41:00.473 12242 12242 W UiControllerImpl: Waiting for: DYNAMIC_TASKS_HAVE_IDLED for 900 iterations.
09-22 13:41:00.489 12242 12242 I Detox   : Network is busy, with 1 in-flight calls
09-22 13:41:00.489 12242 12242 I chatty  : uid=10159(so.onekey.app.wallet.dev) identical 1 line
09-22 13:41:00.490 12242 12242 I Detox   : Network is busy, with 1 in-flight calls
09-22 13:41:00.506 12242 12242 I Detox   : Network is busy, with 1 in-flight calls
09-22 13:41:00.690 12242 12242 I chatty  : uid=10159(so.onekey.app.wallet.dev) identical 34 lines
09-22 13:41:00.690 12242 12242 I Detox   : Network is busy, with 1 in-flight calls
09-22 13:41:00.699 12242 12474 W .app.wallet.de: Accessing hidden method Lsun/misc/Unsafe;->getObject(Ljava/lang/Object;J)Ljava/lang/Object; (greylist, linking, allowed)
09-22 13:41:00.699 12242 12376 W .app.wallet.de: Accessing hidden method Lsun/misc/Unsafe;->getObject(Ljava/lang/Object;J)Ljava/lang/Object; (greylist, linking, allowed)
09-22 13:41:00.699 12242 12376 W .app.wallet.de: Accessing hidden method Lsun/misc/Unsafe;->getObject(Ljava/lang/Object;J)Ljava/lang/Object; (greylist, linking, allowed)
09-22 13:41:00.705 12242 12242 I Detox   : Network is busy, with 1 in-flight calls
09-22 13:41:01.173 12242 12242 I chatty  : uid=10159(so.onekey.app.wallet.dev) identical 85 lines
09-22 13:41:01.173 12242 12242 I Detox   : Network is busy, with 1 in-flight calls
09-22 13:41:01.173 12242 12242 W UiControllerImpl: Waiting for: DYNAMIC_TASKS_HAVE_IDLED for 1000 iterations.
09-22 13:41:01.189 12242 12242 I Detox   : Network is busy, with 1 in-flight calls
09-22 13:41:01.506 12242 12242 I chatty  : uid=10159(so.onekey.app.wallet.dev) identical 58 lines
09-22 13:41:01.506 12242 12242 I Detox   : Network is busy, with 1 in-flight calls
09-22 13:41:01.523 12242 12242 I Detox   : Network is busy, with 1 in-flight calls
09-22 13:41:02.491 12242 12242 I chatty  : uid=10159(so.onekey.app.wallet.dev) identical 175 lines
09-22 13:41:02.491 12242 12242 I Detox   : Network is busy, with 1 in-flight calls
09-22 13:41:02.505 12242 12242 I Detox   : Network is busy, with 1 in-flight calls
09-22 13:41:02.807 12242 12242 I chatty  : uid=10159(so.onekey.app.wallet.dev) identical 55 lines
09-22 13:41:02.807 12242 12242 I Detox   : Network is busy, with 1 in-flight calls
09-22 13:41:02.807 12242 12242 W UiControllerImpl: Waiting for: DYNAMIC_TASKS_HAVE_IDLED for 1200 iterations.
09-22 13:41:02.822 12242 12242 I Detox   : Network is busy, with 1 in-flight calls
09-22 13:41:03.289 12242 12242 I chatty  : uid=10159(so.onekey.app.wallet.dev) identical 85 lines
09-22 13:41:03.290 12242 12242 I Detox   : Network is busy, with 1 in-flight calls
09-22 13:41:03.296 12242 12494 W .app.wallet.de: Accessing hidden method Lsun/misc/Unsafe;->getObject(Ljava/lang/Object;J)Ljava/lang/Object; (greylist, linking, allowed)
09-22 13:41:03.297 12242 12376 W .app.wallet.de: Accessing hidden method Lsun/misc/Unsafe;->getObject(Ljava/lang/Object;J)Ljava/lang/Object; (greylist, linking, allowed)
09-22 13:41:03.297 12242 12376 W .app.wallet.de: Accessing hidden method Lsun/misc/Unsafe;->getObject(Ljava/lang/Object;J)Ljava/lang/Object; (greylist, linking, allowed)
09-22 13:41:03.308 12242 12242 I Detox   : Network is busy, with 1 in-flight calls
09-22 13:41:03.573 12242 12242 I chatty  : uid=10159(so.onekey.app.wallet.dev) identical 50 lines
09-22 13:41:03.583 12242 12242 I Detox   : Network is busy, with 1 in-flight calls
09-22 13:41:03.583 12242 12242 W IdlingPolicy: These resources are not idle: [com.wix.detox.reactnative.idlingresources.NetworkIdlingResource]
09-22 13:41:03.583 12242 12242 W UiControllerImpl: Waiting for: DYNAMIC_TASKS_HAVE_IDLED for 1300 iterations.
09-22 13:41:03.589 12242 12242 I Detox   : Network is busy, with 1 in-flight calls
09-22 13:41:04.006 12242 12242 I chatty  : uid=10159(so.onekey.app.wallet.dev) identical 102 lines
09-22 13:41:04.006 12242 12242 I Detox   : Network is busy, with 1 in-flight calls
09-22 13:41:04.016 12242 12399 E ReactNativeJS: 'WalletConnect V2 Core ERROR: WebSocket ERROR > register_error  >>>>>> ', 'WebSocket connection failed for URL: wss://relay.walletconnect.com?auth=eyJhbGciOiJFZERTQSIsInR5cCI6'
09-22 13:41:04.018 12242 12399 E ReactNativeJS: 'WalletConnect V2 doReconnect close connection ERROR: ', [Error: Connection already closed]
09-22 13:41:04.022 12242 12242 I Detox   : Network is busy, with 1 in-flight calls
09-22 13:41:04.022 12242 12242 I chatty  : uid=10159(so.onekey.app.wallet.dev) identical 2 lines
09-22 13:41:04.022 12242 12242 I Detox   : Network is busy, with 1 in-flight calls
09-22 13:41:04.027 12242 12400 E unknown:ReactNative: console.error: WalletConnect V2 Core ERROR: WebSocket ERROR > register_error  >>>>>>  WebSocket connection failed for URL: wss://relay.walletconnect.com?auth=eyJhbGciOiJFZERTQSIsInR5cCI6, js engine: v8, stack:
09-22 13:41:04.027 12242 12400 E unknown:ReactNative: p@50:240
09-22 13:41:04.027 12242 12400 E unknown:ReactNative: p@50:355
09-22 13:41:04.027 12242 12400 E unknown:ReactNative: new s@48:362
09-22 13:41:04.027 12242 12400 E unknown:ReactNative: f.<anonymous>@42:1043
09-22 13:41:04.027 12242 12400 E unknown:ReactNative: new f@42:1221
09-22 13:41:04.027 12242 12400 E unknown:ReactNative: b@42:2420
09-22 13:41:04.027 12242 12400 E unknown:ReactNative: Object.error@512:1745
09-22 13:41:04.027 12242 12400 E unknown:ReactNative: s.<anonymous>@8050:3300
09-22 13:41:04.027 12242 12400 E unknown:ReactNative: Object.p@627:1905
09-22 13:41:04.027 12242 12400 E unknown:ReactNative: s.emit@627:4041
09-22 13:41:04.030 12242 12400 E unknown:ReactNative: console.error: WalletConnect V2 doReconnect close connection ERROR:  Error: Connection already closed, js engine: v8, stack:
09-22 13:41:04.030 12242 12400 E unknown:ReactNative: p@50:240
09-22 13:41:04.030 12242 12400 E unknown:ReactNative: p@50:355
09-22 13:41:04.030 12242 12400 E unknown:ReactNative: new s@48:362
09-22 13:41:04.030 12242 12400 E unknown:ReactNative: f.<anonymous>@42:1043
09-22 13:41:04.030 12242 12400 E unknown:ReactNative: new f@42:1221
09-22 13:41:04.030 12242 12400 E unknown:ReactNative: b@42:2420
09-22 13:41:04.030 12242 12400 E unknown:ReactNative: Object.error@512:1745
09-22 13:41:04.030 12242 12400 E unknown:ReactNative: <unknown>@8050:2541
09-22 13:41:04.030 12242 12400 E unknown:ReactNative: Generator.throw@-1
09-22 13:41:04.030 12242 12400 E unknown:ReactNative: n@353:69
09-22 13:41:04.039 12242 12242 I Detox   : Network is busy, with 1 in-flight calls
09-22 13:41:04.339 12242 12242 I chatty  : uid=10159(so.onekey.app.wallet.dev) identical 74 lines
09-22 13:41:04.339 12242 12242 I Detox   : Network is busy, with 1 in-flight calls
09-22 13:41:04.340 12242 12242 W UiControllerImpl: Waiting for: DYNAMIC_TASKS_HAVE_IDLED for 1400 iterations.
09-22 13:41:04.356 12242 12242 I Detox   : Network is busy, with 1 in-flight calls
09-22 13:41:04.507 12242 12242 I chatty  : uid=10159(so.onekey.app.wallet.dev) identical 38 lines
09-22 13:41:04.507 12242 12242 I Detox   : Network is busy, with 1 in-flight calls
09-22 13:41:04.522 12242 12242 I Detox   : Network is busy, with 1 in-flight calls
09-22 13:41:04.891 12242 12242 I chatty  : uid=10159(so.onekey.app.wallet.dev) identical 90 lines
09-22 13:41:04.891 12242 12242 I Detox   : Network is busy, with 1 in-flight calls
09-22 13:41:04.898 12242 12474 W .app.wallet.de: Accessing hidden method Lsun/misc/Unsafe;->getObject(Ljava/lang/Object;J)Ljava/lang/Object; (greylist, linking, allowed)
09-22 13:41:04.898 12242 12376 W .app.wallet.de: Accessing hidden method Lsun/misc/Unsafe;->getObject(Ljava/lang/Object;J)Ljava/lang/Object; (greylist, linking, allowed)
09-22 13:41:04.898 12242 12376 W .app.wallet.de: Accessing hidden method Lsun/misc/Unsafe;->getObject(Ljava/lang/Object;J)Ljava/lang/Object; (greylist, linking, allowed)
09-22 13:41:04.907 12242 12242 I Detox   : Wait is over: App is now idle!
09-22 13:41:04.907 12242 12389 I DetoxWSClient: Sending out action 'ready' (ID #-1000)
09-22 13:41:04.907 12242 12389 I DetoxDispatcher: Done with action 'isReady'
09-22 13:41:04.907 12242 12389 I DetoxDispatcher: Handling action 'loginSuccess' (ID #0)...
09-22 13:41:04.907 12242 12389 I DetoxDispatcher: Done with action 'loginSuccess'
09-22 13:41:04.907 12242 12389 I DetoxDispatcher: Handling action 'isReady' (ID #-1000)...
09-22 13:41:04.910 12242 12242 I Detox   : Wait is over: App is now idle!
09-22 13:41:04.911 12242 12389 I DetoxWSClient: Sending out action 'ready' (ID #-1000)
09-22 13:41:04.911 12242 12389 I DetoxDispatcher: Done with action 'isReady'
