--------- beginning of main
09-22 13:40:47.190 12242 12242 I .app.wallet.de: Late-enabling -Xcheck:jni
09-22 13:40:47.197 12242 12242 E .app.wallet.de: Unknown bits set in runtime_flags: 0x8000
--------- beginning of system
09-22 13:40:47.219 12242 12242 W ActivityThread: Package uses different ABI(s) than its instrumentation: package[so.onekey.app.wallet.dev]: arm64-v8a, null instrumentation[so.onekey.app.wallet.dev.test]: null, null
09-22 13:40:47.224 12242 12242 I .app.wallet.de: The ClassLoaderContext is a special shared library.
09-22 13:40:47.719 12242 12242 I chatty  : uid=10159(so.onekey.app.wallet.dev) identical 2 lines
09-22 13:40:47.720 12242 12242 I .app.wallet.de: The ClassLoaderContext is a special shared library.
09-22 13:40:48.212 12242 12242 W .app.wallet.de: Accessing hidden method Landroid/app/Instrumentation;->execStartActivity(Landroid/content/Context;Landroid/os/IBinder;Landroid/os/IBinder;Landroid/app/Activity;Landroid/content/Intent;ILandroid/os/Bundle;)Landroid/app/Instrumentation$ActivityResult; (greylist, linking, allowed)
09-22 13:40:48.212 12242 12242 W .app.wallet.de: Accessing hidden method Landroid/app/Instrumentation;->execStartActivity(Landroid/content/Context;Landroid/os/IBinder;Landroid/os/IBinder;Ljava/lang/String;Landroid/content/Intent;ILandroid/os/Bundle;)Landroid/app/Instrumentation$ActivityResult; (greylist, linking, allowed)
09-22 13:40:48.214 12242 12242 I MonitoringInstr: newApplication called!
09-22 13:40:48.250 12242 12242 I FirebaseApp: Device unlocked: initializing all Firebase APIs for app [DEFAULT]
09-22 13:40:48.267 12242 12242 I FirebaseCrashlytics: Initializing Firebase Crashlytics 18.3.6 for so.onekey.app.wallet.dev
09-22 13:40:48.273 12242 12277 I DynamiteModule: Considering local module com.google.android.gms.measurement.dynamite:88 and remote module com.google.android.gms.measurement.dynamite:15
09-22 13:40:48.273 12242 12277 I DynamiteModule: Selected local version of com.google.android.gms.measurement.dynamite
09-22 13:40:48.289 12242 12280 D libcrashlytics: Initializing libcrashlytics version 3.2.0
09-22 13:40:48.292 12242 12242 I FirebaseInitProvider: FirebaseApp initialization successful
09-22 13:40:48.293 12242 12242 D ReactNativeFirebaseApp: received application context.
09-22 13:40:48.305 12242 12280 D libcrashlytics: Initializing native crash handling successful.
09-22 13:40:48.310 12242 12242 D RNFBCrashlyticsInit: isCrashlyticsCollectionEnabled via RNFBMeta: true
09-22 13:40:48.310 12242 12242 D RNFBCrashlyticsInit: isCrashlyticsCollectionEnabled after checking crashlytics_debug_enabled: false
09-22 13:40:48.310 12242 12242 D RNFBCrashlyticsInit: isCrashlyticsCollectionEnabled final value: false
09-22 13:40:48.311 12242 12242 I RNFBCrashlyticsInit: initialization successful
09-22 13:40:48.322 12242 12298 D NetworkSecurityConfig: Using Network Security Config from resource network_security_config debugBuild: true
09-22 13:40:48.326 12242 12242 I MonitoringInstr: Instrumentation started!
09-22 13:40:48.328 12242 12242 I AndroidJUnitRunner: onCreate Bundle[{debug=false, detoxServer=ws://localhost:53807, detoxSessionId=eb4caba8-cad3-6cb7-1d7e-39cfc4baa0e9}]
09-22 13:40:48.328 12242 12242 V TestEventClient: No service name argument was given (testDiscoveryService, testRunEventService or orchestratorService)
09-22 13:40:48.329 12242 12242 W .app.wallet.de: Accessing hidden field Landroid/database/CursorWindow;->sCursorWindowSize:I (greylist, reflection, allowed)
09-22 13:40:48.329 12242 12303 D AndroidJUnitRunner: onStart is called.
09-22 13:40:48.330 12242 12242 W .app.wallet.de: Accessing hidden method Ldalvik/system/BaseDexClassLoader;->getLdLibraryPath()Ljava/lang/String; (greylist,core-platform-api, reflection, allowed)
09-22 13:40:48.336 12242 12282 I FA      : App measurement initialized, version: 76003
09-22 13:40:48.336 12242 12282 I FA      : To enable debug logging run: adb shell setprop log.tag.FA VERBOSE
09-22 13:40:48.336 12242 12282 I FA      : To enable faster debug mode event logging run:
09-22 13:40:48.336 12242 12282 I FA      :   adb shell setprop debug.firebase.analytics.app so.onekey.app.wallet.dev
09-22 13:40:48.381 12242 12311 V SoLoader: libfbjni.so not found on /data/app/so.onekey.app.wallet.dev-dtH-N-zbT51Z9ypM1jYP3g==/lib/arm64
09-22 13:40:48.383 12242 12311 V SoLoader: libandroid.so not found on /data/app/so.onekey.app.wallet.dev-dtH-N-zbT51Z9ypM1jYP3g==/lib/arm64
09-22 13:40:48.383 12242 12311 V SoLoader: libandroid.so not found on /data/app/so.onekey.app.wallet.dev.test-XNBxDD4vJVlAM1dglgWXCA==/base.apk!/lib/arm64-v8a
09-22 13:40:48.383 12242 12311 V SoLoader: libandroid.so not found on /data/app/so.onekey.app.wallet.dev-dtH-N-zbT51Z9ypM1jYP3g==/base.apk!/lib/arm64-v8a
09-22 13:40:48.383 12242 12311 D SoLoader: libandroid.so found on /system/lib64
09-22 13:40:48.383 12242 12311 D SoLoader: libandroid.so loaded implicitly
09-22 13:40:48.383 12242 12311 V SoLoader: liblog.so not found on /data/app/so.onekey.app.wallet.dev-dtH-N-zbT51Z9ypM1jYP3g==/lib/arm64
09-22 13:40:48.383 12242 12311 V SoLoader: liblog.so not found on /data/app/so.onekey.app.wallet.dev.test-XNBxDD4vJVlAM1dglgWXCA==/base.apk!/lib/arm64-v8a
09-22 13:40:48.383 12242 12311 V SoLoader: liblog.so not found on /data/app/so.onekey.app.wallet.dev-dtH-N-zbT51Z9ypM1jYP3g==/base.apk!/lib/arm64-v8a
09-22 13:40:48.383 12242 12311 D SoLoader: liblog.so found on /system/lib64
09-22 13:40:48.383 12242 12311 D SoLoader: liblog.so loaded implicitly
09-22 13:40:48.383 12242 12311 V SoLoader: libm.so not found on /data/app/so.onekey.app.wallet.dev-dtH-N-zbT51Z9ypM1jYP3g==/lib/arm64
09-22 13:40:48.383 12242 12311 V SoLoader: libm.so not found on /data/app/so.onekey.app.wallet.dev.test-XNBxDD4vJVlAM1dglgWXCA==/base.apk!/lib/arm64-v8a
09-22 13:40:48.383 12242 12311 V SoLoader: libm.so not found on /data/app/so.onekey.app.wallet.dev-dtH-N-zbT51Z9ypM1jYP3g==/base.apk!/lib/arm64-v8a
09-22 13:40:48.383 12242 12311 D SoLoader: libm.so found on /system/lib64
09-22 13:40:48.383 12242 12311 D SoLoader: libm.so loaded implicitly
09-22 13:40:48.383 12242 12311 V SoLoader: libdl.so not found on /data/app/so.onekey.app.wallet.dev-dtH-N-zbT51Z9ypM1jYP3g==/lib/arm64
09-22 13:40:48.383 12242 12311 V SoLoader: libdl.so not found on /data/app/so.onekey.app.wallet.dev.test-XNBxDD4vJVlAM1dglgWXCA==/base.apk!/lib/arm64-v8a
09-22 13:40:48.383 12242 12311 V SoLoader: libdl.so not found on /data/app/so.onekey.app.wallet.dev-dtH-N-zbT51Z9ypM1jYP3g==/base.apk!/lib/arm64-v8a
09-22 13:40:48.383 12242 12311 D SoLoader: libdl.so found on /system/lib64
09-22 13:40:48.383 12242 12311 D SoLoader: libdl.so loaded implicitly
09-22 13:40:48.383 12242 12311 V SoLoader: libc.so not found on /data/app/so.onekey.app.wallet.dev-dtH-N-zbT51Z9ypM1jYP3g==/lib/arm64
09-22 13:40:48.383 12242 12311 V SoLoader: libc.so not found on /data/app/so.onekey.app.wallet.dev.test-XNBxDD4vJVlAM1dglgWXCA==/base.apk!/lib/arm64-v8a
09-22 13:40:48.383 12242 12311 V SoLoader: libc.so not found on /data/app/so.onekey.app.wallet.dev-dtH-N-zbT51Z9ypM1jYP3g==/base.apk!/lib/arm64-v8a
09-22 13:40:48.383 12242 12311 D SoLoader: libc.so found on /system/lib64
09-22 13:40:48.383 12242 12311 D SoLoader: libc.so loaded implicitly
09-22 13:40:48.384 12242 12311 W SoLoader: libfbjni.so not found on /data/app/so.onekey.app.wallet.dev.test-XNBxDD4vJVlAM1dglgWXCA==/base.apk!/lib/arm64-v8a flag: 4
09-22 13:40:48.384 12242 12311 W SoLoader: java.lang.UnsatisfiedLinkError: dlopen failed: library "/data/app/so.onekey.app.wallet.dev.test-XNBxDD4vJVlAM1dglgWXCA==/base.apk!/lib/arm64-v8a/libfbjni.so" not found
09-22 13:40:48.384 12242 12311 W SoLoader: 	at java.lang.Runtime.load0(Runtime.java:938)
09-22 13:40:48.384 12242 12311 W SoLoader: 	at java.lang.System.load(System.java:1631)
09-22 13:40:48.384 12242 12311 W SoLoader: 	at com.facebook.soloader.SoLoader$1.load(SoLoader.java:558)
09-22 13:40:48.384 12242 12311 W SoLoader: 	at com.facebook.soloader.DirectApkSoSource.loadLibrary(DirectApkSoSource.java:81)
09-22 13:40:48.384 12242 12311 W SoLoader: 	at com.facebook.soloader.SoLoader.doLoadLibraryBySoName(SoLoader.java:1067)
09-22 13:40:48.384 12242 12311 W SoLoader: 	at com.facebook.soloader.SoLoader.loadLibraryBySoNameImpl(SoLoader.java:943)
09-22 13:40:48.384 12242 12311 W SoLoader: 	at com.facebook.soloader.SoLoader.loadLibraryBySoName(SoLoader.java:855)
09-22 13:40:48.384 12242 12311 W SoLoader: 	at com.facebook.soloader.SoLoader.loadLibrary(SoLoader.java:802)
09-22 13:40:48.384 12242 12311 W SoLoader: 	at com.facebook.soloader.NativeLoaderToSoLoaderDelegate.loadLibrary(NativeLoaderToSoLoaderDelegate.java:29)
09-22 13:40:48.384 12242 12311 W SoLoader: 	at com.facebook.soloader.nativeloader.NativeLoader.loadLibrary(NativeLoader.java:51)
09-22 13:40:48.384 12242 12311 W SoLoader: 	at com.facebook.soloader.nativeloader.NativeLoader.loadLibrary(NativeLoader.java:30)
09-22 13:40:48.384 12242 12311 W SoLoader: 	at com.facebook.jni.HybridData.<clinit>(HybridData.java:34)
09-22 13:40:48.384 12242 12311 W SoLoader: 	at com.facebook.flipper.android.FlipperThread.run(FlipperThread.java:25)
09-22 13:40:48.388 12242 12311 W linker  : Warning: "/data/app/so.onekey.app.wallet.dev-dtH-N-zbT51Z9ypM1jYP3g==/base.apk!/lib/arm64-v8a/libc++_shared.so" unused DT entry: unknown processor-specific (type 0x70000001 arg 0x0) (ignoring)
09-22 13:40:48.389 12242 12311 D SoLoader: libfbjni.so found on /data/app/so.onekey.app.wallet.dev-dtH-N-zbT51Z9ypM1jYP3g==/base.apk!/lib/arm64-v8a
09-22 13:40:48.389 12242 12311 V SoLoader: libflipper.so not found on /data/app/so.onekey.app.wallet.dev-dtH-N-zbT51Z9ypM1jYP3g==/lib/arm64
09-22 13:40:48.391 12242 12313 W unknown:ReconnectingWebSocket: Couldn't connect to "ws://localhost:8081/message?device=Android%20SDK%20built%20for%20arm64%20-%2010%20-%20API%2029&app=so.onekey.app.wallet.dev&clientid=BridgeDevSupportManager", will silently retry
09-22 13:40:48.391 12242 12314 W unknown:InspectorPackagerConnection: Couldn't connect to packager, will silently retry
09-22 13:40:48.391 12242 12311 W SoLoader: libflipper.so not found on /data/app/so.onekey.app.wallet.dev.test-XNBxDD4vJVlAM1dglgWXCA==/base.apk!/lib/arm64-v8a flag: 4
09-22 13:40:48.391 12242 12311 W SoLoader: java.lang.UnsatisfiedLinkError: dlopen failed: library "/data/app/so.onekey.app.wallet.dev.test-XNBxDD4vJVlAM1dglgWXCA==/base.apk!/lib/arm64-v8a/libflipper.so" not found
09-22 13:40:48.391 12242 12311 W SoLoader: 	at java.lang.Runtime.load0(Runtime.java:938)
09-22 13:40:48.391 12242 12311 W SoLoader: 	at java.lang.System.load(System.java:1631)
09-22 13:40:48.391 12242 12311 W SoLoader: 	at com.facebook.soloader.SoLoader$1.load(SoLoader.java:558)
09-22 13:40:48.391 12242 12311 W SoLoader: 	at com.facebook.soloader.DirectApkSoSource.loadLibrary(DirectApkSoSource.java:81)
09-22 13:40:48.391 12242 12311 W SoLoader: 	at com.facebook.soloader.SoLoader.doLoadLibraryBySoName(SoLoader.java:1067)
09-22 13:40:48.391 12242 12311 W SoLoader: 	at com.facebook.soloader.SoLoader.loadLibraryBySoNameImpl(SoLoader.java:943)
09-22 13:40:48.391 12242 12311 W SoLoader: 	at com.facebook.soloader.SoLoader.loadLibraryBySoName(SoLoader.java:855)
09-22 13:40:48.391 12242 12311 W SoLoader: 	at com.facebook.soloader.SoLoader.loadLibrary(SoLoader.java:802)
09-22 13:40:48.391 12242 12311 W SoLoader: 	at com.facebook.soloader.SoLoader.loadLibrary(SoLoader.java:772)
09-22 13:40:48.391 12242 12311 W SoLoader: 	at com.facebook.flipper.android.EventBase.<clinit>(EventBase.java:19)
09-22 13:40:48.391 12242 12311 W SoLoader: 	at com.facebook.flipper.android.FlipperThread.run(FlipperThread.java:25)
09-22 13:40:48.395 12242 12311 D SoLoader: libflipper.so found on /data/app/so.onekey.app.wallet.dev-dtH-N-zbT51Z9ypM1jYP3g==/base.apk!/lib/arm64-v8a
09-22 13:40:48.413 12242 12242 W .app.wallet.de: Accessing hidden field Landroid/view/View;->mKeyedTags:Landroid/util/SparseArray; (greylist, reflection, allowed)
09-22 13:40:48.413 12242 12242 W .app.wallet.de: Accessing hidden field Landroid/view/View;->mListenerInfo:Landroid/view/View$ListenerInfo; (greylist, reflection, allowed)
09-22 13:40:48.414 12242 12242 W .app.wallet.de: Accessing hidden field Landroid/view/View$ListenerInfo;->mOnClickListener:Landroid/view/View$OnClickListener; (greylist, reflection, allowed)
09-22 13:40:48.415 12242 12242 I flipper : flipper: FlipperClient::addPlugin Inspector
09-22 13:40:48.415 12242 12242 I flipper : flipper: FlipperClient::addPlugin Databases
09-22 13:40:48.415 12242 12242 I flipper : flipper: FlipperClient::addPlugin Preferences
09-22 13:40:48.416 12242 12242 I flipper : flipper: FlipperClient::addPlugin rn-perf-monitor
09-22 13:40:48.416 12242 12242 I flipper : flipper: FlipperClient::addPlugin CrashReporter
09-22 13:40:48.416 12242 12242 I flipper : flipper: FlipperClient::addPlugin Network
09-22 13:40:48.426 12242 12311 W .app.wallet.de: Accessing hidden method Landroid/app/AppGlobals;->getInitialApplication()Landroid/app/Application; (greylist, reflection, allowed)
09-22 13:40:48.429 12242 12242 I WebViewFactory: Loading com.google.android.webview version 91.0.4472.114 (code 447211484)
09-22 13:40:48.431 12242 12242 I .app.wallet.de: The ClassLoaderContext is a special shared library.
09-22 13:40:48.434 12242 12242 I .app.wallet.de: The ClassLoaderContext is a special shared library.
09-22 13:40:48.501 12242 12242 W .app.wallet.de: Accessing hidden method Landroid/os/Trace;->isTagEnabled(J)Z (greylist, reflection, allowed)
09-22 13:40:48.501 12242 12242 W .app.wallet.de: Accessing hidden method Landroid/os/Trace;->traceBegin(JLjava/lang/String;)V (greylist, reflection, allowed)
09-22 13:40:48.501 12242 12242 W .app.wallet.de: Accessing hidden method Landroid/os/Trace;->traceEnd(J)V (greylist, reflection, allowed)
09-22 13:40:48.501 12242 12242 W .app.wallet.de: Accessing hidden method Landroid/os/Trace;->asyncTraceBegin(JLjava/lang/String;I)V (greylist, reflection, allowed)
09-22 13:40:48.501 12242 12242 W .app.wallet.de: Accessing hidden method Landroid/os/Trace;->asyncTraceEnd(JLjava/lang/String;I)V (greylist, reflection, allowed)
09-22 13:40:48.520 12242 12242 I cr_LibraryLoader: Loaded native library version number "91.0.4472.114"
09-22 13:40:48.521 12242 12242 I cr_CachingUmaRecorder: Flushed 5 samples from 5 histograms.
09-22 13:40:48.602 12242 12363 W .app.wallet.de: Accessing hidden method Llibcore/io/Memory;->peekLong(JZ)J (greylist, reflection, allowed)
09-22 13:40:48.602 12242 12363 W .app.wallet.de: Accessing hidden method Llibcore/io/Memory;->pokeLong(JJZ)V (greylist, reflection, allowed)
09-22 13:40:48.602 12242 12363 W .app.wallet.de: Accessing hidden method Llibcore/io/Memory;->pokeInt(JIZ)V (greylist, reflection, allowed)
09-22 13:40:48.602 12242 12363 W .app.wallet.de: Accessing hidden method Llibcore/io/Memory;->peekInt(JZ)I (greylist, reflection, allowed)
09-22 13:40:48.602 12242 12363 W .app.wallet.de: Accessing hidden method Llibcore/io/Memory;->pokeByte(JB)V (greylist, reflection, allowed)
09-22 13:40:48.602 12242 12363 W .app.wallet.de: Accessing hidden method Llibcore/io/Memory;->peekByte(J)B (greylist, reflection, allowed)
09-22 13:40:48.602 12242 12363 W .app.wallet.de: Accessing hidden method Llibcore/io/Memory;->pokeByteArray(J[BII)V (greylist, reflection, allowed)
09-22 13:40:48.602 12242 12363 W .app.wallet.de: Accessing hidden method Llibcore/io/Memory;->peekByteArray(J[BII)V (greylist, reflection, allowed)
09-22 13:40:48.603 12242 12363 W .app.wallet.de: Accessing hidden method Lsun/misc/Unsafe;->objectFieldOffset(Ljava/lang/reflect/Field;)J (greylist,core-platform-api, reflection, allowed)
09-22 13:40:48.603 12242 12363 W .app.wallet.de: Accessing hidden method Lsun/misc/Unsafe;->getLong(Ljava/lang/Object;J)J (greylist,core-platform-api, reflection, allowed)
09-22 13:40:48.603 12242 12363 W .app.wallet.de: Accessing hidden field Ljava/nio/Buffer;->address:J (greylist, reflection, allowed)
09-22 13:40:48.603 12242 12363 W .app.wallet.de: Accessing hidden method Lsun/misc/Unsafe;->arrayBaseOffset(Ljava/lang/Class;)I (greylist,core-platform-api, reflection, allowed)
09-22 13:40:48.603 12242 12363 W .app.wallet.de: Accessing hidden method Lsun/misc/Unsafe;->arrayIndexScale(Ljava/lang/Class;)I (greylist, reflection, allowed)
09-22 13:40:48.603 12242 12363 W .app.wallet.de: Accessing hidden method Lsun/misc/Unsafe;->getInt(Ljava/lang/Object;J)I (greylist, reflection, allowed)
09-22 13:40:48.603 12242 12363 W .app.wallet.de: Accessing hidden method Lsun/misc/Unsafe;->putInt(Ljava/lang/Object;JI)V (greylist, reflection, allowed)
09-22 13:40:48.603 12242 12363 W .app.wallet.de: Accessing hidden method Lsun/misc/Unsafe;->getLong(Ljava/lang/Object;J)J (greylist,core-platform-api, reflection, allowed)
09-22 13:40:48.603 12242 12363 W .app.wallet.de: Accessing hidden method Lsun/misc/Unsafe;->putLong(Ljava/lang/Object;JJ)V (greylist, reflection, allowed)
09-22 13:40:48.603 12242 12363 W .app.wallet.de: Accessing hidden method Lsun/misc/Unsafe;->getObject(Ljava/lang/Object;J)Ljava/lang/Object; (greylist, reflection, allowed)
09-22 13:40:48.603 12242 12363 W .app.wallet.de: Accessing hidden method Lsun/misc/Unsafe;->putObject(Ljava/lang/Object;JLjava/lang/Object;)V (greylist, reflection, allowed)
09-22 13:40:48.607 12242 12303 D TestRequestBuilder: Using class path scanning to discover tests
09-22 13:40:48.608 12242 12303 I TestRequestBuilder: Scanning classpath to find tests in paths [/data/app/so.onekey.app.wallet.dev.test-XNBxDD4vJVlAM1dglgWXCA==/base.apk]
09-22 13:40:48.608 12242 12303 W .app.wallet.de: Opening an oat file without a class loader. Are you using the deprecated DexFile APIs?
09-22 13:40:48.761 12242 12303 D AndroidJUnitRunner: Use the raw file system for managing file I/O.
09-22 13:40:48.761 12242 12303 D TestExecutor: Adding listener androidx.test.internal.runner.listener.LogRunListener
09-22 13:40:48.761 12242 12303 D TestExecutor: Adding listener androidx.test.internal.runner.listener.InstrumentationResultPrinter
09-22 13:40:48.761 12242 12303 D TestExecutor: Adding listener androidx.test.internal.runner.listener.ActivityFinisherRunListener
09-22 13:40:48.761 12242 12303 D TestExecutor: Adding listener androidx.test.internal.runner.listener.TraceRunListener
09-22 13:40:48.762 12242 12303 I TestRunner: run started: 1 tests
09-22 13:40:48.762 12242 12303 I TestRunner: started: runDetoxTests(so.onekey.app.wallet.DetoxTest)
09-22 13:40:48.768 12242 12303 D EventInjectionStrategy: Creating injection strategy with input manager.
09-22 13:40:48.769 12242 12303 W .app.wallet.de: Accessing hidden method Landroid/hardware/input/InputManager;->getInstance()Landroid/hardware/input/InputManager; (greylist, reflection, allowed)
09-22 13:40:48.769 12242 12303 W .app.wallet.de: Accessing hidden method Landroid/hardware/input/InputManager;->injectInputEvent(Landroid/view/InputEvent;I)Z (greylist, reflection, allowed)
09-22 13:40:48.769 12242 12303 W .app.wallet.de: Accessing hidden field Landroid/hardware/input/InputManager;->INJECT_INPUT_EVENT_MODE_WAIT_FOR_FINISH:I (greylist, reflection, allowed)
09-22 13:40:48.771 12242 12303 W .app.wallet.de: Accessing hidden field Ljava/lang/reflect/Field;->accessFlags:I (greylist, reflection, allowed)
09-22 13:40:48.783 12242 12242 W ActivityThread: handleWindowVisibility: no activity for token android.os.BinderProxy@73d8aa4
09-22 13:40:48.801 12242 12242 W RenderThread: type=1400 audit(0.0:80): avc: denied { write } for name="property_service" dev="tmpfs" ino=7379 scontext=u:r:untrusted_app:s0:c159,c256,c512,c768 tcontext=u:object_r:property_socket:s0 tclass=sock_file permissive=0
09-22 13:40:48.804 12242 12373 D libEGL  : Emulator has host GPU support, qemu.gles is set to 1.
09-22 13:40:48.804 12242 12373 W libc    : Unable to set property "qemu.gles" to "1": connection failed; errno=13 (Permission denied)
09-22 13:40:48.825 12242 12242 D LifecycleMonitor: Lifecycle status change: so.onekey.app.wallet.MainActivity@8c253c5 in: PRE_ON_CREATE
09-22 13:40:48.851 12242 12373 D libEGL  : loaded /vendor/lib64/egl/libEGL_emulation.so
09-22 13:40:48.852 12242 12374 W .app.wallet.de: Accessing hidden method Lsun/misc/Unsafe;->getInt(Ljava/lang/Object;J)I (greylist, linking, allowed)
09-22 13:40:48.852 12242 12374 W .app.wallet.de: Accessing hidden method Lsun/misc/Unsafe;->getObject(Ljava/lang/Object;J)Ljava/lang/Object; (greylist, linking, allowed)
09-22 13:40:48.853 12242 12374 W .app.wallet.de: Accessing hidden method Lsun/misc/Unsafe;->putInt(Ljava/lang/Object;JI)V (greylist, linking, allowed)
09-22 13:40:48.853 12242 12373 D libEGL  : loaded /vendor/lib64/egl/libGLESv1_CM_emulation.so
09-22 13:40:48.853 12242 12374 W .app.wallet.de: Accessing hidden method Lsun/misc/Unsafe;->getLong(Ljava/lang/Object;J)J (greylist,core-platform-api, linking, allowed)
09-22 13:40:48.855 12242 12374 W .app.wallet.de: Accessing hidden method Lsun/misc/Unsafe;->putObject(Ljava/lang/Object;JLjava/lang/Object;)V (greylist, linking, allowed)
09-22 13:40:48.855 12242 12374 W .app.wallet.de: Accessing hidden method Lsun/misc/Unsafe;->putLong(Ljava/lang/Object;JJ)V (greylist, linking, allowed)
09-22 13:40:48.856 12242 12373 D libEGL  : loaded /vendor/lib64/egl/libGLESv2_emulation.so
09-22 13:40:48.862 12242 12242 W .app.wallet.de: Accessing hidden method Landroid/view/View;->computeFitSystemWindows(Landroid/graphics/Rect;Landroid/graphics/Rect;)Z (greylist, reflection, allowed)
09-22 13:40:48.863 12242 12242 W .app.wallet.de: Accessing hidden method Landroid/view/ViewGroup;->makeOptionalFitsSystemWindows()V (greylist, reflection, allowed)
09-22 13:40:48.864 12242 12374 W .app.wallet.de: Accessing hidden method Lsun/misc/Unsafe;->getLong(Ljava/lang/Object;J)J (greylist,core-platform-api, linking, allowed)
09-22 13:40:48.866 12242 12374 W .app.wallet.de: Accessing hidden method Lsun/misc/Unsafe;->allocateInstance(Ljava/lang/Class;)Ljava/lang/Object; (greylist, linking, allowed)
09-22 13:40:48.867 12242 12374 W .app.wallet.de: Accessing hidden method Llibcore/io/Memory;->pokeByte(JB)V (greylist, reflection, allowed)
09-22 13:40:48.867 12242 12374 W .app.wallet.de: Accessing hidden method Llibcore/io/Memory;->peekByte(J)B (greylist, reflection, allowed)
09-22 13:40:48.867 12242 12374 W .app.wallet.de: Accessing hidden method Lsun/misc/Unsafe;->getInt(Ljava/lang/Object;J)I (greylist, reflection, allowed)
09-22 13:40:48.867 12242 12374 W .app.wallet.de: Accessing hidden method Lsun/misc/Unsafe;->putInt(Ljava/lang/Object;JI)V (greylist, reflection, allowed)
09-22 13:40:48.867 12242 12374 W .app.wallet.de: Accessing hidden method Lsun/misc/Unsafe;->getLong(Ljava/lang/Object;J)J (greylist,core-platform-api, reflection, allowed)
09-22 13:40:48.867 12242 12242 D LifecycleMonitor: Lifecycle status change: so.onekey.app.wallet.MainActivity@8c253c5 in: CREATED
09-22 13:40:48.867 12242 12374 W .app.wallet.de: Accessing hidden method Lsun/misc/Unsafe;->putLong(Ljava/lang/Object;JJ)V (greylist, reflection, allowed)
09-22 13:40:48.868 12242 12374 W .app.wallet.de: Accessing hidden method Lsun/misc/Unsafe;->getObject(Ljava/lang/Object;J)Ljava/lang/Object; (greylist, reflection, allowed)
09-22 13:40:48.868 12242 12374 W .app.wallet.de: Accessing hidden method Lsun/misc/Unsafe;->putObject(Ljava/lang/Object;JLjava/lang/Object;)V (greylist, reflection, allowed)
09-22 13:40:48.878 12242 12242 D LifecycleMonitor: Lifecycle status change: so.onekey.app.wallet.MainActivity@8c253c5 in: STARTED
09-22 13:40:48.879 12242 12374 W .app.wallet.de: Accessing hidden method Lsun/misc/Unsafe;->getObject(Ljava/lang/Object;J)Ljava/lang/Object; (greylist, linking, allowed)
09-22 13:40:48.879 12242 12374 W .app.wallet.de: Accessing hidden method Lsun/misc/Unsafe;->putObject(Ljava/lang/Object;JLjava/lang/Object;)V (greylist, linking, allowed)
09-22 13:40:48.880 12242 12374 W unknown:ReactNative: The packager does not seem to be running as we got an IOException requesting its status: Failed to connect to localhost/127.0.0.1:8081
09-22 13:40:48.883 12242 12242 D LifecycleMonitor: Lifecycle status change: so.onekey.app.wallet.MainActivity@8c253c5 in: RESUMED
09-22 13:40:48.904 12242 12376 W .app.wallet.de: Accessing hidden method Lsun/misc/Unsafe;->getObject(Ljava/lang/Object;J)Ljava/lang/Object; (greylist, linking, allowed)
09-22 13:40:48.904 12242 12376 W .app.wallet.de: Accessing hidden method Lsun/misc/Unsafe;->putObject(Ljava/lang/Object;JLjava/lang/Object;)V (greylist, linking, allowed)
09-22 13:40:48.904 12242 12376 W .app.wallet.de: Accessing hidden method Lsun/misc/Unsafe;->getInt(Ljava/lang/Object;J)I (greylist, linking, allowed)
09-22 13:40:48.904 12242 12376 W .app.wallet.de: Accessing hidden method Lsun/misc/Unsafe;->getObject(Ljava/lang/Object;J)Ljava/lang/Object; (greylist, linking, allowed)
09-22 13:40:48.904 12242 12376 W .app.wallet.de: Accessing hidden method Lsun/misc/Unsafe;->putInt(Ljava/lang/Object;JI)V (greylist, linking, allowed)
09-22 13:40:48.934 12242 12282 I FA      : Tag Manager is not found and thus will not be used
09-22 13:40:48.960 12242 12242 W unknown:ReactNative: Packager connection already open, nooping.
09-22 13:40:48.961 12242 12379 V SoLoader: libv8executor.so not found on /data/app/so.onekey.app.wallet.dev-dtH-N-zbT51Z9ypM1jYP3g==/lib/arm64
09-22 13:40:48.962 12242 12242 W .app.wallet.de: Accessing hidden method Landroid/view/WindowInsets$Type;->ime()I (blacklist, linking, denied)
09-22 13:40:48.963 12242 12379 W SoLoader: libv8executor.so not found on /data/app/so.onekey.app.wallet.dev.test-XNBxDD4vJVlAM1dglgWXCA==/base.apk!/lib/arm64-v8a flag: 4
09-22 13:40:48.963 12242 12379 W SoLoader: java.lang.UnsatisfiedLinkError: dlopen failed: library "/data/app/so.onekey.app.wallet.dev.test-XNBxDD4vJVlAM1dglgWXCA==/base.apk!/lib/arm64-v8a/libv8executor.so" not found
09-22 13:40:48.963 12242 12379 W SoLoader: 	at java.lang.Runtime.load0(Runtime.java:938)
09-22 13:40:48.963 12242 12379 W SoLoader: 	at java.lang.System.load(System.java:1631)
09-22 13:40:48.963 12242 12379 W SoLoader: 	at com.facebook.soloader.SoLoader$1.load(SoLoader.java:558)
09-22 13:40:48.963 12242 12379 W SoLoader: 	at com.facebook.soloader.DirectApkSoSource.loadLibrary(DirectApkSoSource.java:81)
09-22 13:40:48.963 12242 12379 W SoLoader: 	at com.facebook.soloader.SoLoader.doLoadLibraryBySoName(SoLoader.java:1067)
09-22 13:40:48.963 12242 12379 W SoLoader: 	at com.facebook.soloader.SoLoader.loadLibraryBySoNameImpl(SoLoader.java:943)
09-22 13:40:48.963 12242 12379 W SoLoader: 	at com.facebook.soloader.SoLoader.loadLibraryBySoName(SoLoader.java:855)
09-22 13:40:48.963 12242 12379 W SoLoader: 	at com.facebook.soloader.SoLoader.loadLibrary(SoLoader.java:802)
09-22 13:40:48.963 12242 12379 W SoLoader: 	at com.facebook.soloader.SoLoader.loadLibrary(SoLoader.java:772)
09-22 13:40:48.963 12242 12379 W SoLoader: 	at io.csie.kudo.reactnative.v8.executor.V8Executor.<clinit>(V8Executor.java:22)
09-22 13:40:48.963 12242 12379 W SoLoader: 	at io.csie.kudo.reactnative.v8.executor.V8ExecutorFactory.create(V8ExecutorFactory.java:50)
09-22 13:40:48.963 12242 12379 W SoLoader: 	at com.facebook.react.ReactInstanceManager$5.run(ReactInstanceManager.java:1110)
09-22 13:40:48.963 12242 12379 W SoLoader: 	at java.lang.Thread.run(Thread.java:919)
09-22 13:40:48.967 12242 12379 W linker  : Warning: "/data/app/so.onekey.app.wallet.dev-dtH-N-zbT51Z9ypM1jYP3g==/base.apk!/lib/arm64-v8a/libruntimeexecutor.so" unused DT entry: unknown processor-specific (type 0x70000001 arg 0x0) (ignoring)
09-22 13:40:48.968 12242 12379 I chatty  : uid=10159(so.onekey.app.wallet.dev) create_react_co identical 1 line
09-22 13:40:48.968 12242 12379 W linker  : Warning: "/data/app/so.onekey.app.wallet.dev-dtH-N-zbT51Z9ypM1jYP3g==/base.apk!/lib/arm64-v8a/libruntimeexecutor.so" unused DT entry: unknown processor-specific (type 0x70000001 arg 0x0) (ignoring)
09-22 13:40:48.984 12242 12379 D SoLoader: libv8executor.so found on /data/app/so.onekey.app.wallet.dev-dtH-N-zbT51Z9ypM1jYP3g==/base.apk!/lib/arm64-v8a
09-22 13:40:48.986 12242 12371 D HostConnection: HostConnection::get() New Host Connection established 0x6fd90cc4e0, tid 12371
09-22 13:40:48.989 12242 12371 D HostConnection: HostComposition ext ANDROID_EMU_CHECKSUM_HELPER_v1 ANDROID_EMU_native_sync_v2 ANDROID_EMU_native_sync_v3 ANDROID_EMU_native_sync_v4 ANDROID_EMU_dma_v1 ANDROID_EMU_direct_mem ANDROID_EMU_vulkan ANDROID_EMU_deferred_vulkan_commands ANDROID_EMU_vulkan_null_optional_strings ANDROID_EMU_vulkan_create_resources_with_requirements ANDROID_EMU_YUV_Cache ANDROID_EMU_vulkan_ignored_handles ANDROID_EMU_vulkan_free_memory_sync ANDROID_EMU_vulkan_shader_float16_int8 ANDROID_EMU_vulkan_async_queue_submit ANDROID_EMU_sync_buffer_data ANDROID_EMU_vulkan_async_qsri GL_OES_EGL_image_external_essl3 GL_OES_vertex_array_object GL_KHR_texture_compression_astc_ldr ANDROID_EMU_host_side_tracing ANDROID_EMU_gles_max_version_3_0 
09-22 13:40:48.995 12242 12379 V AsyncStorageExpoMigration: No scoped database found
09-22 13:40:48.999 12242 12371 W OpenGLRenderer: Failed to choose config with EGL_SWAP_BEHAVIOR_PRESERVED, retrying without...
09-22 13:40:49.000 12242 12371 D EGL_emulation: eglCreateContext: 0x6fd90cd840: maj 3 min 0 rcv 3
09-22 13:40:49.000 12242 12371 D EGL_emulation: eglMakeCurrent: 0x6fd90cd840: ver 3 0 (tinfo 0x6fd9174380)
09-22 13:40:49.003 12242 12371 W Gralloc3: mapper 3.x is not supported
09-22 13:40:49.005 12242 12371 D HostConnection: createUnique: call
09-22 13:40:49.005 12242 12371 D HostConnection: HostConnection::get() New Host Connection established 0x6fd90cd980, tid 12371
09-22 13:40:49.005 12242 12371 D HostConnection: HostComposition ext ANDROID_EMU_CHECKSUM_HELPER_v1 ANDROID_EMU_native_sync_v2 ANDROID_EMU_native_sync_v3 ANDROID_EMU_native_sync_v4 ANDROID_EMU_dma_v1 ANDROID_EMU_direct_mem ANDROID_EMU_vulkan ANDROID_EMU_deferred_vulkan_commands ANDROID_EMU_vulkan_null_optional_strings ANDROID_EMU_vulkan_create_resources_with_requirements ANDROID_EMU_YUV_Cache ANDROID_EMU_vulkan_ignored_handles ANDROID_EMU_vulkan_free_memory_sync ANDROID_EMU_vulkan_shader_float16_int8 ANDROID_EMU_vulkan_async_queue_submit ANDROID_EMU_sync_buffer_data ANDROID_EMU_vulkan_async_qsri GL_OES_EGL_image_external_essl3 GL_OES_vertex_array_object GL_KHR_texture_compression_astc_ldr ANDROID_EMU_host_side_tracing ANDROID_EMU_gles_max_version_3_0 
09-22 13:40:49.006 12242 12371 D eglCodecCommon: allocate: Ask for block of size 0x1000
09-22 13:40:49.006 12242 12371 D eglCodecCommon: allocate: ioctl allocate returned offset 0x1fffe0000 size 0x8000
09-22 13:40:49.008 12242 12371 D EGL_emulation: eglMakeCurrent: 0x6fd90cd840: ver 3 0 (tinfo 0x6fd9174380)
09-22 13:40:49.080 12242 12303 I Detox   : Detox server connection details: url=ws://localhost:53807, sessionId=eb4caba8-cad3-6cb7-1d7e-39cfc4baa0e9
09-22 13:40:49.084 12242 12389 I DetoxDispatcher: Handling action '_init' (ID #0)...
09-22 13:40:49.084 12242 12389 I Detox   : Connecting to server...
09-22 13:40:49.084 12242 12389 I DetoxWSClient: At connectToServer
09-22 13:40:49.100 12242 12391 D DetoxWSClient: At onOpen
09-22 13:40:49.100 12242 12391 I DetoxWSClient: Sending out action 'login' (ID #0)
09-22 13:40:49.100 12242 12391 I Detox   : Connected to server!
09-22 13:40:49.108 12242 12391 D DetoxWSClient: Received action 'loginSuccess' (ID #0, params={"testerConnected":true,"appConnected":true})
09-22 13:40:49.119 12242 12379 I ExpoModulesCore: ✅ AppContext was initialized
09-22 13:40:49.120 12242 12379 D ReactNativeBleManager: BleManager created
09-22 13:40:49.130 12242 12242 D InstallReferrerState: OK
09-22 13:40:49.144 12242 12379 V SoLoader: libreactnativejni.so not found on /data/app/so.onekey.app.wallet.dev-dtH-N-zbT51Z9ypM1jYP3g==/lib/arm64
09-22 13:40:49.147 12242 12379 W SoLoader: libreactnativejni.so not found on /data/app/so.onekey.app.wallet.dev.test-XNBxDD4vJVlAM1dglgWXCA==/base.apk!/lib/arm64-v8a flag: 4
09-22 13:40:49.147 12242 12379 W SoLoader: java.lang.UnsatisfiedLinkError: dlopen failed: library "/data/app/so.onekey.app.wallet.dev.test-XNBxDD4vJVlAM1dglgWXCA==/base.apk!/lib/arm64-v8a/libreactnativejni.so" not found
09-22 13:40:49.147 12242 12379 W SoLoader: 	at java.lang.Runtime.load0(Runtime.java:938)
09-22 13:40:49.147 12242 12379 W SoLoader: 	at java.lang.System.load(System.java:1631)
09-22 13:40:49.147 12242 12379 W SoLoader: 	at com.facebook.soloader.SoLoader$1.load(SoLoader.java:558)
09-22 13:40:49.147 12242 12379 W SoLoader: 	at com.facebook.soloader.DirectApkSoSource.loadLibrary(DirectApkSoSource.java:81)
09-22 13:40:49.147 12242 12379 W SoLoader: 	at com.facebook.soloader.SoLoader.doLoadLibraryBySoName(SoLoader.java:1067)
09-22 13:40:49.147 12242 12379 W SoLoader: 	at com.facebook.soloader.SoLoader.loadLibraryBySoNameImpl(SoLoader.java:943)
09-22 13:40:49.147 12242 12379 W SoLoader: 	at com.facebook.soloader.SoLoader.loadLibraryBySoName(SoLoader.java:855)
09-22 13:40:49.147 12242 12379 W SoLoader: 	at com.facebook.soloader.SoLoader.loadLibrary(SoLoader.java:802)
09-22 13:40:49.147 12242 12379 W SoLoader: 	at com.facebook.soloader.SoLoader.loadLibrary(SoLoader.java:772)
09-22 13:40:49.147 12242 12379 W SoLoader: 	at com.facebook.react.bridge.ReactBridge.staticInit(ReactBridge.java:34)
09-22 13:40:49.147 12242 12379 W SoLoader: 	at com.facebook.react.bridge.CatalystInstanceImpl.<clinit>(CatalystInstanceImpl.java:49)
09-22 13:40:49.147 12242 12379 W SoLoader: 	at com.facebook.react.bridge.CatalystInstanceImpl$Builder.build(CatalystInstanceImpl.java:705)
09-22 13:40:49.147 12242 12379 W SoLoader: 	at com.facebook.react.ReactInstanceManager.createReactContext(ReactInstanceManager.java:1353)
09-22 13:40:49.147 12242 12379 W SoLoader: 	at com.facebook.react.ReactInstanceManager.access$1200(ReactInstanceManager.java:135)
09-22 13:40:49.147 12242 12379 W SoLoader: 	at com.facebook.react.ReactInstanceManager$5.run(ReactInstanceManager.java:1109)
09-22 13:40:49.147 12242 12379 W SoLoader: 	at java.lang.Thread.run(Thread.java:919)
09-22 13:40:49.149 12242 12379 D SoLoader: libreactnativejni.so found on /data/app/so.onekey.app.wallet.dev-dtH-N-zbT51Z9ypM1jYP3g==/base.apk!/lib/arm64-v8a
09-22 13:40:49.152 12242 12391 D DetoxWSClient: Received action 'isReady' (ID #-1000, params={})
09-22 13:40:49.165 12242 12379 W unknown:ReactContext: initializeMessageQueueThreads() is called.
09-22 13:40:49.374 12242 12242 W unknown:ReactNative: Packager connection already open, nooping.
09-22 13:40:49.420 12242 12399 I ReactNativeJNI: Cannot load codecache file: /data/user/0/so.onekey.app.wallet.dev/code_cache/index.android.bundle
09-22 13:40:49.434 12242 12400 W unknown:ViewManagerPropertyUpdater: Could not find generated setter for class com.facebook.react.views.drawer.ReactDrawerLayoutManager
09-22 13:40:49.440 12242 12400 W unknown:ViewManagerPropertyUpdater: Could not find generated setter for class com.facebook.react.uimanager.LayoutShadowNode
09-22 13:40:49.441 12242 12400 W unknown:ViewManagerPropertyUpdater: Could not find generated setter for class com.facebook.react.views.scroll.ReactHorizontalScrollViewManager
09-22 13:40:49.442 12242 12400 W unknown:ViewManagerPropertyUpdater: Could not find generated setter for class com.facebook.react.views.scroll.ReactHorizontalScrollContainerViewManager
09-22 13:40:49.443 12242 12400 W unknown:ViewManagerPropertyUpdater: Could not find generated setter for class com.facebook.react.views.progressbar.ReactProgressBarViewManager
09-22 13:40:49.443 12242 12400 W unknown:ViewManagerPropertyUpdater: Could not find generated setter for class com.facebook.react.views.progressbar.ProgressBarShadowNode
09-22 13:40:49.444 12242 12400 W unknown:ViewManagerPropertyUpdater: Could not find generated setter for class com.facebook.react.views.scroll.ReactScrollViewManager
09-22 13:40:49.444 12242 12400 W unknown:ViewManagerPropertyUpdater: Could not find generated setter for class com.facebook.react.views.slider.ReactSliderManager
09-22 13:40:49.445 12242 12400 W unknown:ViewManagerPropertyUpdater: Could not find generated setter for class com.facebook.react.views.slider.ReactSliderManager$ReactSliderShadowNode
09-22 13:40:49.446 12242 12400 W unknown:ViewManagerPropertyUpdater: Could not find generated setter for class com.facebook.react.views.switchview.ReactSwitchManager
09-22 13:40:49.446 12242 12400 W unknown:ViewManagerPropertyUpdater: Could not find generated setter for class com.facebook.react.views.switchview.ReactSwitchManager$ReactSwitchShadowNode
09-22 13:40:49.447 12242 12400 W unknown:ViewManagerPropertyUpdater: Could not find generated setter for class com.facebook.react.views.swiperefresh.SwipeRefreshLayoutManager
09-22 13:40:49.447 12242 12400 W unknown:ViewManagerPropertyUpdater: Could not find generated setter for class com.facebook.react.views.text.frescosupport.FrescoBasedReactTextInlineImageViewManager
09-22 13:40:49.447 12242 12400 W unknown:ViewManagerPropertyUpdater: Could not find generated setter for class com.facebook.react.views.text.frescosupport.FrescoBasedReactTextInlineImageShadowNode
09-22 13:40:49.448 12242 12400 W unknown:ViewManagerPropertyUpdater: Could not find generated setter for class com.facebook.react.views.image.ReactImageManager
09-22 13:40:49.449 12242 12400 W unknown:ViewManagerPropertyUpdater: Could not find generated setter for class com.facebook.react.views.modal.ReactModalHostManager
09-22 13:40:49.449 12242 12400 W unknown:ViewManagerPropertyUpdater: Could not find generated setter for class com.facebook.react.views.modal.ModalHostShadowNode
09-22 13:40:49.449 12242 12400 W unknown:ViewManagerPropertyUpdater: Could not find generated setter for class com.facebook.react.views.text.ReactRawTextManager
09-22 13:40:49.450 12242 12400 W unknown:ViewManagerPropertyUpdater: Could not find generated setter for class com.facebook.react.views.text.ReactRawTextShadowNode
09-22 13:40:49.450 12242 12400 W unknown:ViewManagerPropertyUpdater: Could not find generated setter for class com.facebook.react.views.textinput.ReactTextInputManager
09-22 13:40:49.451 12242 12400 W unknown:ViewManagerPropertyUpdater: Could not find generated setter for class com.facebook.react.views.textinput.ReactTextInputShadowNode
09-22 13:40:49.451 12242 12400 W unknown:ViewManagerPropertyUpdater: Could not find generated setter for class com.facebook.react.views.text.ReactTextViewManager
09-22 13:40:49.452 12242 12400 W unknown:ViewManagerPropertyUpdater: Could not find generated setter for class com.facebook.react.views.text.ReactTextShadowNode
09-22 13:40:49.452 12242 12400 W unknown:ViewManagerPropertyUpdater: Could not find generated setter for class com.facebook.react.views.view.ReactViewManager
09-22 13:40:49.454 12242 12400 W unknown:ViewManagerPropertyUpdater: Could not find generated setter for class com.facebook.react.views.text.ReactVirtualTextViewManager
09-22 13:40:49.454 12242 12400 W unknown:ViewManagerPropertyUpdater: Could not find generated setter for class com.facebook.react.views.text.ReactVirtualTextShadowNode
09-22 13:40:49.454 12242 12400 W unknown:ViewManagerPropertyUpdater: Could not find generated setter for class com.facebook.react.views.unimplementedview.ReactUnimplementedViewManager
09-22 13:40:49.454 12242 12400 W unknown:ViewManagerPropertyUpdater: Could not find generated setter for class com.reactnativegooglesignin.RNGoogleSigninButtonViewManager
09-22 13:40:49.455 12242 12400 W unknown:ViewManagerPropertyUpdater: Could not find generated setter for class com.reactnativecommunity.slider.ReactSliderManager
09-22 13:40:49.455 12242 12400 W unknown:ViewManagerPropertyUpdater: Could not find generated setter for class com.reactnativecommunity.slider.ReactSliderManager$ReactSliderShadowNode
09-22 13:40:49.456 12242 12400 W unknown:ViewManagerPropertyUpdater: Could not find generated setter for class expo.modules.kotlin.views.GroupViewManagerWrapper
09-22 13:40:49.456 12242 12400 W unknown:ViewManagerPropertyUpdater: Could not find generated setter for class expo.modules.kotlin.views.SimpleViewManagerWrapper
09-22 13:40:49.457 12242 12400 W unknown:ViewManagerPropertyUpdater: Could not find generated setter for class com.airbnb.android.react.lottie.LottieAnimationViewManager
09-22 13:40:49.457 12242 12400 W unknown:ViewManagerPropertyUpdater: Could not find generated setter for class com.rncamerakit.CKCameraManager
09-22 13:40:49.458 12242 12400 W unknown:ViewManagerPropertyUpdater: Could not find generated setter for class com.dylanvann.fastimage.FastImageViewManager
09-22 13:40:49.458 12242 12400 W unknown:ViewManagerPropertyUpdater: Could not find generated setter for class com.swmansion.gesturehandler.react.RNGestureHandlerRootViewManager
09-22 13:40:49.458 12242 12400 W unknown:ViewManagerPropertyUpdater: Could not find generated setter for class com.swmansion.gesturehandler.react.RNGestureHandlerButtonViewManager
09-22 13:40:49.459 12242 12400 W unknown:ViewManagerPropertyUpdater: Could not find generated setter for class com.rnnestedscrollview.ReactNestedScrollViewManager
09-22 13:40:49.459 12242 12400 W unknown:ViewManagerPropertyUpdater: Could not find generated setter for class com.rnnestedscrollview.ReactHorizontalNestedScrollViewManager
09-22 13:40:49.460 12242 12400 W unknown:ViewManagerPropertyUpdater: Could not find generated setter for class com.rnnestedscrollview.ReactHorizontalNestedScrollContainerViewManager
09-22 13:40:49.460 12242 12400 W unknown:ViewManagerPropertyUpdater: Could not find generated setter for class com.reactnativepagerview.PagerViewViewManager
09-22 13:40:49.461 12242 12400 W unknown:ViewManagerPropertyUpdater: Could not find generated setter for class com.th3rdwave.safeareacontext.SafeAreaProviderManager
09-22 13:40:49.461 12242 12400 W unknown:ViewManagerPropertyUpdater: Could not find generated setter for class com.th3rdwave.safeareacontext.SafeAreaViewManager
09-22 13:40:49.462 12242 12400 W unknown:ViewManagerPropertyUpdater: Could not find generated setter for class com.th3rdwave.safeareacontext.SafeAreaViewShadowNode
09-22 13:40:49.463 12242 12400 W unknown:ViewManagerPropertyUpdater: Could not find generated setter for class com.swmansion.rnscreens.ScreenContainerViewManager
09-22 13:40:49.463 12242 12400 W unknown:ViewManagerPropertyUpdater: Could not find generated setter for class com.swmansion.rnscreens.ScreenViewManager
09-22 13:40:49.465 12242 12400 W unknown:ViewManagerPropertyUpdater: Could not find generated setter for class com.swmansion.rnscreens.ScreenStackViewManager
09-22 13:40:49.465 12242 12400 W unknown:ViewManagerPropertyUpdater: Could not find generated setter for class com.swmansion.rnscreens.ScreenStackHeaderConfigViewManager
09-22 13:40:49.466 12242 12400 W unknown:ViewManagerPropertyUpdater: Could not find generated setter for class com.swmansion.rnscreens.ScreenStackHeaderSubviewManager
09-22 13:40:49.466 12242 12400 W unknown:ViewManagerPropertyUpdater: Could not find generated setter for class com.swmansion.rnscreens.SearchBarManager
09-22 13:40:49.467 12242 12400 W unknown:ViewManagerPropertyUpdater: Could not find generated setter for class com.horcrux.svg.RenderableViewManager$DefsViewManager
09-22 13:40:49.468 12242 12400 W unknown:ViewManagerPropertyUpdater: Could not find generated setter for class com.horcrux.svg.VirtualViewManager$RenderableShadowNode
09-22 13:40:49.468 12242 12400 W unknown:ViewManagerPropertyUpdater: Could not find generated setter for class com.horcrux.svg.RenderableViewManager$MarkerManager
09-22 13:40:49.470 12242 12400 W unknown:ViewManagerPropertyUpdater: Could not find generated setter for class com.horcrux.svg.RenderableViewManager$ForeignObjectManager
09-22 13:40:49.470 12242 12400 W unknown:ViewManagerPropertyUpdater: Could not find generated setter for class com.horcrux.svg.RenderableViewManager$EllipseViewManager
09-22 13:40:49.471 12242 12400 W unknown:ViewManagerPropertyUpdater: Could not find generated setter for class com.horcrux.svg.RenderableViewManager$LineViewManager
09-22 13:40:49.472 12242 12400 W unknown:ViewManagerPropertyUpdater: Could not find generated setter for class com.horcrux.svg.RenderableViewManager$LinearGradientManager
09-22 13:40:49.472 12242 12400 W unknown:ViewManagerPropertyUpdater: Could not find generated setter for class com.horcrux.svg.RenderableViewManager$GroupViewManager
09-22 13:40:49.473 12242 12400 W unknown:ViewManagerPropertyUpdater: Could not find generated setter for class com.horcrux.svg.RenderableViewManager$TextViewManager
09-22 13:40:49.474 12242 12400 W unknown:ViewManagerPropertyUpdater: Could not find generated setter for class com.horcrux.svg.RenderableViewManager$ImageViewManager
09-22 13:40:49.475 12242 12400 W unknown:ViewManagerPropertyUpdater: Could not find generated setter for class com.horcrux.svg.RenderableViewManager$ClipPathViewManager
09-22 13:40:49.477 12242 12400 W unknown:ViewManagerPropertyUpdater: Could not find generated setter for class com.horcrux.svg.RenderableViewManager$RadialGradientManager
09-22 13:40:49.480 12242 12400 W unknown:ViewManagerPropertyUpdater: Could not find generated setter for class com.horcrux.svg.RenderableViewManager$MaskManager
09-22 13:40:49.481 12242 12400 W unknown:ViewManagerPropertyUpdater: Could not find generated setter for class com.horcrux.svg.RenderableViewManager$SymbolManager
09-22 13:40:49.482 12242 12400 W unknown:ViewManagerPropertyUpdater: Could not find generated setter for class com.horcrux.svg.RenderableViewManager$PatternManager
09-22 13:40:49.483 12242 12400 W unknown:ViewManagerPropertyUpdater: Could not find generated setter for class com.horcrux.svg.RenderableViewManager$RectViewManager
09-22 13:40:49.484 12242 12400 W unknown:ViewManagerPropertyUpdater: Could not find generated setter for class com.horcrux.svg.RenderableViewManager$TextPathViewManager
09-22 13:40:49.485 12242 12400 W unknown:ViewManagerPropertyUpdater: Could not find generated setter for class com.horcrux.svg.SvgViewManager
09-22 13:40:49.486 12242 12400 W unknown:ViewManagerPropertyUpdater: Could not find generated setter for class com.horcrux.svg.RenderableViewManager$PathViewManager
09-22 13:40:49.486 12242 12400 W unknown:ViewManagerPropertyUpdater: Could not find generated setter for class com.horcrux.svg.RenderableViewManager$UseViewManager
09-22 13:40:49.487 12242 12400 W unknown:ViewManagerPropertyUpdater: Could not find generated setter for class com.horcrux.svg.RenderableViewManager$CircleViewManager
09-22 13:40:49.488 12242 12400 W unknown:ViewManagerPropertyUpdater: Could not find generated setter for class com.horcrux.svg.RenderableViewManager$TSpanViewManager
09-22 13:40:49.488 12242 12400 W unknown:ViewManagerPropertyUpdater: Could not find generated setter for class com.reactnativecommunity.webview.RNCWebViewManager
09-22 13:40:49.491 12242 12400 W unknown:ViewManagerPropertyUpdater: Could not find generated setter for class so.onekey.app.wallet.viewManager.homePage.HomePageManager
09-22 13:40:49.496 12242 12400 W unknown:ReactContext: initializeMessageQueueThreads() is called.
09-22 13:40:49.497 12242 12400 V SoLoader: libyoga.so not found on /data/app/so.onekey.app.wallet.dev-dtH-N-zbT51Z9ypM1jYP3g==/lib/arm64
09-22 13:40:49.500 12242 12400 W SoLoader: libyoga.so not found on /data/app/so.onekey.app.wallet.dev.test-XNBxDD4vJVlAM1dglgWXCA==/base.apk!/lib/arm64-v8a flag: 4
09-22 13:40:49.500 12242 12400 W SoLoader: java.lang.UnsatisfiedLinkError: dlopen failed: library "/data/app/so.onekey.app.wallet.dev.test-XNBxDD4vJVlAM1dglgWXCA==/base.apk!/lib/arm64-v8a/libyoga.so" not found
09-22 13:40:49.500 12242 12400 W SoLoader: 	at java.lang.Runtime.load0(Runtime.java:938)
09-22 13:40:49.500 12242 12400 W SoLoader: 	at java.lang.System.load(System.java:1631)
09-22 13:40:49.500 12242 12400 W SoLoader: 	at com.facebook.soloader.SoLoader$1.load(SoLoader.java:558)
09-22 13:40:49.500 12242 12400 W SoLoader: 	at com.facebook.soloader.DirectApkSoSource.loadLibrary(DirectApkSoSource.java:81)
09-22 13:40:49.500 12242 12400 W SoLoader: 	at com.facebook.soloader.SoLoader.doLoadLibraryBySoName(SoLoader.java:1067)
09-22 13:40:49.500 12242 12400 W SoLoader: 	at com.facebook.soloader.SoLoader.loadLibraryBySoNameImpl(SoLoader.java:943)
09-22 13:40:49.500 12242 12400 W SoLoader: 	at com.facebook.soloader.SoLoader.loadLibraryBySoName(SoLoader.java:855)
09-22 13:40:49.500 12242 12400 W SoLoader: 	at com.facebook.soloader.SoLoader.loadLibrary(SoLoader.java:802)
09-22 13:40:49.500 12242 12400 W SoLoader: 	at com.facebook.soloader.SoLoader.loadLibrary(SoLoader.java:772)
09-22 13:40:49.500 12242 12400 W SoLoader: 	at com.facebook.yoga.YogaNative.<clinit>(YogaNative.java:16)
09-22 13:40:49.500 12242 12400 W SoLoader: 	at com.facebook.yoga.YogaNative.jni_YGConfigNewJNI(Native Method)
09-22 13:40:49.500 12242 12400 W SoLoader: 	at com.facebook.yoga.YogaConfigJNIBase.<init>(YogaConfigJNIBase.java:23)
09-22 13:40:49.500 12242 12400 W SoLoader: 	at com.facebook.yoga.YogaConfigJNIFinalizer.<init>(YogaConfigJNIFinalizer.java:12)
09-22 13:40:49.500 12242 12400 W SoLoader: 	at com.facebook.yoga.YogaConfigFactory.create(YogaConfigFactory.java:12)
09-22 13:40:49.500 12242 12400 W SoLoader: 	at com.facebook.react.uimanager.ReactYogaConfigProvider.get(ReactYogaConfigProvider.java:19)
09-22 13:40:49.500 12242 12400 W SoLoader: 	at com.facebook.react.uimanager.ReactShadowNodeImpl.<clinit>(ReactShadowNodeImpl.java:62)
09-22 13:40:49.500 12242 12400 W SoLoader: 	at com.facebook.react.uimanager.UIImplementation.createRootShadowNode(UIImplementation.java:96)
09-22 13:40:49.500 12242 12400 W SoLoader: 	at com.facebook.react.uimanager.UIImplementation.registerRootView(UIImplementation.java:150)
09-22 13:40:49.500 12242 12400 W SoLoader: 	at com.facebook.react.uimanager.UIManagerModule.addRootView(UIManagerModule.java:405)
09-22 13:40:49.500 12242 12400 W SoLoader: 	at com.facebook.react.ReactInstanceManager.attachRootViewToInstance(ReactInstanceManager.java:1267)
