09-22 13:40:49.500 12242 12400 W SoLoader: 	at com.facebook.react.ReactInstanceManager.setupReactContext(ReactInstanceManager.java:1183)
09-22 13:40:49.500 12242 12400 W SoLoader: 	at com.facebook.react.ReactInstanceManager.access$1600(ReactInstanceManager.java:135)
09-22 13:40:49.500 12242 12400 W SoLoader: 	at com.facebook.react.ReactInstanceManager$5$2.run(ReactInstanceManager.java:1137)
09-22 13:40:49.500 12242 12400 W SoLoader: 	at android.os.Handler.handleCallback(Handler.java:883)
09-22 13:40:49.500 12242 12400 W SoLoader: 	at android.os.Handler.dispatchMessage(Handler.java:100)
09-22 13:40:49.500 12242 12400 W SoLoader: 	at com.facebook.react.bridge.queue.MessageQueueThreadHandler.dispatchMessage(MessageQueueThreadHandler.java:27)
09-22 13:40:49.500 12242 12400 W SoLoader: 	at android.os.Looper.loop(Looper.java:214)
09-22 13:40:49.500 12242 12400 W SoLoader: 	at com.facebook.react.bridge.queue.MessageQueueThreadImpl$4.run(MessageQueueThreadImpl.java:228)
09-22 13:40:49.500 12242 12400 W SoLoader: 	at java.lang.Thread.run(Thread.java:919)
09-22 13:40:49.503 12242 12400 D SoLoader: libyoga.so found on /data/app/so.onekey.app.wallet.dev-dtH-N-zbT51Z9ypM1jYP3g==/base.apk!/lib/arm64-v8a
09-22 13:40:49.509 12242 12242 D DetoxRNLoading: Listener-proxy method called: onReactContextInitialized
09-22 13:40:49.509 12242 12242 I DetoxRNLoading: Got new RN-context async'ly through listener
09-22 13:40:49.510 12242 12242 D DetoxRNLoading: Listener-proxy method called: equals
09-22 13:40:49.510 12242 12389 I DetoxRNIdleRes: Setting up Espresso Idling Resources for React Native
09-22 13:40:49.515 12242 12242 V NFC     : this device does not have NFC support
09-22 13:40:49.515 12242 12242 D OKLiteManager: NFC starting success
09-22 13:40:49.520 12242 12389 D AsyncStorageIR: Checking whether a custom IR for Async-Storage is required... (legacy=false)
09-22 13:40:49.520 12242 12389 D AsyncStorageIR: IR for Async-Storage is required! (legacy=false)
09-22 13:40:49.520 12242 12389 D AsyncStorageIR: Checking whether a custom IR for Async-Storage is required... (legacy=true)
09-22 13:40:49.520 12242 12389 D DetoxRNHelpers: Native RN module resolution (class com.facebook.react.modules.storage.AsyncStorageModule): no such class
09-22 13:40:49.528 12242 12242 D AsyncStorageIR: Async-storage is busy!
09-22 13:40:49.532 12242 12389 I DetoxDispatcher: Done with action '_init'
09-22 13:40:49.532 12242 12389 I DetoxDispatcher: Handling action 'isReady' (ID #-1000)...
09-22 13:40:49.533 12242 12242 W .app.wallet.de: Accessing hidden method Landroid/os/MessageQueue;->next()Landroid/os/Message; (greylist, reflection, allowed)
09-22 13:40:49.534 12242 12242 W .app.wallet.de: Accessing hidden field Landroid/os/MessageQueue;->mMessages:Landroid/os/Message; (greylist, reflection, allowed)
09-22 13:40:49.534 12242 12242 W .app.wallet.de: Accessing hidden method Landroid/os/Message;->recycleUnchecked()V (greylist, reflection, allowed)
09-22 13:40:49.564 12242 12400 I flipper : flipper: FlipperClient::addPlugin Fresco
09-22 13:40:50.939 12242 12242 W UiControllerImpl: Waiting for: DYNAMIC_TASKS_HAVE_IDLED for 100 iterations.
09-22 13:40:51.218 12242 12399 I v8      : index.android.bundle:23253773: Invalid asm.js: Type mismatch in assignment
09-22 13:40:51.328 12242 12399 V SoLoader: libexpo-modules-core.so not found on /data/app/so.onekey.app.wallet.dev-dtH-N-zbT51Z9ypM1jYP3g==/lib/arm64
09-22 13:40:51.332 12242 12399 W SoLoader: libexpo-modules-core.so not found on /data/app/so.onekey.app.wallet.dev.test-XNBxDD4vJVlAM1dglgWXCA==/base.apk!/lib/arm64-v8a flag: 4
09-22 13:40:51.332 12242 12399 W SoLoader: java.lang.UnsatisfiedLinkError: dlopen failed: library "/data/app/so.onekey.app.wallet.dev.test-XNBxDD4vJVlAM1dglgWXCA==/base.apk!/lib/arm64-v8a/libexpo-modules-core.so" not found
09-22 13:40:51.332 12242 12399 W SoLoader: 	at java.lang.Runtime.load0(Runtime.java:938)
09-22 13:40:51.332 12242 12399 W SoLoader: 	at java.lang.System.load(System.java:1631)
09-22 13:40:51.332 12242 12399 W SoLoader: 	at com.facebook.soloader.SoLoader$1.load(SoLoader.java:558)
09-22 13:40:51.332 12242 12399 W SoLoader: 	at com.facebook.soloader.DirectApkSoSource.loadLibrary(DirectApkSoSource.java:81)
09-22 13:40:51.332 12242 12399 W SoLoader: 	at com.facebook.soloader.SoLoader.doLoadLibraryBySoName(SoLoader.java:1067)
09-22 13:40:51.332 12242 12399 W SoLoader: 	at com.facebook.soloader.SoLoader.loadLibraryBySoNameImpl(SoLoader.java:943)
09-22 13:40:51.332 12242 12399 W SoLoader: 	at com.facebook.soloader.SoLoader.loadLibraryBySoName(SoLoader.java:855)
09-22 13:40:51.332 12242 12399 W SoLoader: 	at com.facebook.soloader.SoLoader.loadLibrary(SoLoader.java:802)
09-22 13:40:51.332 12242 12399 W SoLoader: 	at com.facebook.soloader.SoLoader.loadLibrary(SoLoader.java:772)
09-22 13:40:51.332 12242 12399 W SoLoader: 	at expo.modules.kotlin.jni.JSIInteropModuleRegistry.<clinit>(JSIInteropModuleRegistry.kt:120)
09-22 13:40:51.332 12242 12399 W SoLoader: 	at expo.modules.kotlin.AppContext.installJSIInterop(AppContext.kt:127)
09-22 13:40:51.332 12242 12399 W SoLoader: 	at expo.modules.kotlin.KotlinInteropModuleRegistry.installJSIInterop(KotlinInteropModuleRegistry.kt:127)
09-22 13:40:51.332 12242 12399 W SoLoader: 	at expo.modules.adapters.react.NativeModulesProxy.getConstants(NativeModulesProxy.java:102)
09-22 13:40:51.332 12242 12399 W SoLoader: 	at com.facebook.react.bridge.JavaModuleWrapper.getConstants(JavaModuleWrapper.java:142)
09-22 13:40:51.332 12242 12399 W SoLoader: 	at com.facebook.jni.NativeRunnable.run(Native Method)
09-22 13:40:51.332 12242 12399 W SoLoader: 	at android.os.Handler.handleCallback(Handler.java:883)
09-22 13:40:51.332 12242 12399 W SoLoader: 	at android.os.Handler.dispatchMessage(Handler.java:100)
09-22 13:40:51.332 12242 12399 W SoLoader: 	at com.facebook.react.bridge.queue.MessageQueueThreadHandler.dispatchMessage(MessageQueueThreadHandler.java:27)
09-22 13:40:51.332 12242 12399 W SoLoader: 	at android.os.Looper.loop(Looper.java:214)
09-22 13:40:51.332 12242 12399 W SoLoader: 	at com.facebook.react.bridge.queue.MessageQueueThreadImpl$4.run(MessageQueueThreadImpl.java:228)
09-22 13:40:51.332 12242 12399 W SoLoader: 	at java.lang.Thread.run(Thread.java:919)
09-22 13:40:51.340 12242 12399 D SoLoader: libexpo-modules-core.so found on /data/app/so.onekey.app.wallet.dev-dtH-N-zbT51Z9ypM1jYP3g==/base.apk!/lib/arm64-v8a
09-22 13:40:51.340 12242 12399 V SoLoader: libturbomodulejsijni.so not found on /data/app/so.onekey.app.wallet.dev-dtH-N-zbT51Z9ypM1jYP3g==/lib/arm64
09-22 13:40:51.342 12242 12399 W SoLoader: libturbomodulejsijni.so not found on /data/app/so.onekey.app.wallet.dev.test-XNBxDD4vJVlAM1dglgWXCA==/base.apk!/lib/arm64-v8a flag: 4
09-22 13:40:51.342 12242 12399 W SoLoader: java.lang.UnsatisfiedLinkError: dlopen failed: library "/data/app/so.onekey.app.wallet.dev.test-XNBxDD4vJVlAM1dglgWXCA==/base.apk!/lib/arm64-v8a/libturbomodulejsijni.so" not found
09-22 13:40:51.342 12242 12399 W SoLoader: 	at java.lang.Runtime.load0(Runtime.java:938)
09-22 13:40:51.342 12242 12399 W SoLoader: 	at java.lang.System.load(System.java:1631)
09-22 13:40:51.342 12242 12399 W SoLoader: 	at com.facebook.soloader.SoLoader$1.load(SoLoader.java:558)
09-22 13:40:51.342 12242 12399 W SoLoader: 	at com.facebook.soloader.DirectApkSoSource.loadLibrary(DirectApkSoSource.java:81)
09-22 13:40:51.342 12242 12399 W SoLoader: 	at com.facebook.soloader.SoLoader.doLoadLibraryBySoName(SoLoader.java:1067)
09-22 13:40:51.342 12242 12399 W SoLoader: 	at com.facebook.soloader.SoLoader.loadLibraryBySoNameImpl(SoLoader.java:943)
09-22 13:40:51.342 12242 12399 W SoLoader: 	at com.facebook.soloader.SoLoader.loadLibraryBySoName(SoLoader.java:855)
09-22 13:40:51.342 12242 12399 W SoLoader: 	at com.facebook.soloader.SoLoader.loadLibrary(SoLoader.java:802)
09-22 13:40:51.342 12242 12399 W SoLoader: 	at com.facebook.soloader.SoLoader.loadLibrary(SoLoader.java:772)
09-22 13:40:51.342 12242 12399 W SoLoader: 	at com.facebook.react.turbomodule.core.CallInvokerHolderImpl.maybeLoadSoLibrary(CallInvokerHolderImpl.java:32)
09-22 13:40:51.342 12242 12399 W SoLoader: 	at com.facebook.react.turbomodule.core.CallInvokerHolderImpl.<init>(CallInvokerHolderImpl.java:25)
09-22 13:40:51.342 12242 12399 W SoLoader: 	at com.facebook.react.bridge.CatalystInstanceImpl.getJSCallInvokerHolder(Native Method)
09-22 13:40:51.342 12242 12399 W SoLoader: 	at com.facebook.react.bridge.CatalystInstanceImpl.getJSCallInvokerHolder(CatalystInstanceImpl.java:46)
09-22 13:40:51.342 12242 12399 W SoLoader: 	at expo.modules.adapters.react.services.UIManagerModuleWrapper.getJSCallInvokerHolder(UIManagerModuleWrapper.java:214)
09-22 13:40:51.342 12242 12399 W SoLoader: 	at expo.modules.kotlin.AppContext.installJSIInterop(AppContext.kt:138)
09-22 13:40:51.342 12242 12399 W SoLoader: 	at expo.modules.kotlin.KotlinInteropModuleRegistry.installJSIInterop(KotlinInteropModuleRegistry.kt:127)
09-22 13:40:51.342 12242 12399 W SoLoader: 	at expo.modules.adapters.react.NativeModulesProxy.getConstants(NativeModulesProxy.java:102)
09-22 13:40:51.342 12242 12399 W SoLoader: 	at com.facebook.react.bridge.JavaModuleWrapper.getConstants(JavaModuleWrapper.java:142)
09-22 13:40:51.342 12242 12399 W SoLoader: 	at com.facebook.jni.NativeRunnable.run(Native Method)
09-22 13:40:51.342 12242 12399 W SoLoader: 	at android.os.Handler.handleCallback(Handler.java:883)
09-22 13:40:51.342 12242 12399 W SoLoader: 	at android.os.Handler.dispatchMessage(Handler.java:100)
09-22 13:40:51.342 12242 12399 W SoLoader: 	at com.facebook.react.bridge.queue.MessageQueueThreadHandler.dispatchMessage(MessageQueueThreadHandler.java:27)
09-22 13:40:51.342 12242 12399 W SoLoader: 	at android.os.Looper.loop(Looper.java:214)
09-22 13:40:51.342 12242 12399 W SoLoader: 	at com.facebook.react.bridge.queue.MessageQueueThreadImpl$4.run(MessageQueueThreadImpl.java:228)
09-22 13:40:51.342 12242 12399 W SoLoader: 	at java.lang.Thread.run(Thread.java:919)
09-22 13:40:51.345 12242 12399 D SoLoader: libturbomodulejsijni.so found on /data/app/so.onekey.app.wallet.dev-dtH-N-zbT51Z9ypM1jYP3g==/base.apk!/lib/arm64-v8a
09-22 13:40:51.346 12242 12399 I ExpoModulesCore: ✅ JSI interop was installed
09-22 13:40:51.380 12242 12399 I ExpoModulesCore: ✅ Constants were exported
09-22 13:40:51.409 12242 12399 V SoLoader: libreactnativeblob.so not found on /data/app/so.onekey.app.wallet.dev-dtH-N-zbT51Z9ypM1jYP3g==/lib/arm64
09-22 13:40:51.411 12242 12399 W SoLoader: libreactnativeblob.so not found on /data/app/so.onekey.app.wallet.dev.test-XNBxDD4vJVlAM1dglgWXCA==/base.apk!/lib/arm64-v8a flag: 4
09-22 13:40:51.411 12242 12399 W SoLoader: java.lang.UnsatisfiedLinkError: dlopen failed: library "/data/app/so.onekey.app.wallet.dev.test-XNBxDD4vJVlAM1dglgWXCA==/base.apk!/lib/arm64-v8a/libreactnativeblob.so" not found
09-22 13:40:51.411 12242 12399 W SoLoader: 	at java.lang.Runtime.load0(Runtime.java:938)
09-22 13:40:51.411 12242 12399 W SoLoader: 	at java.lang.System.load(System.java:1631)
09-22 13:40:51.411 12242 12399 W SoLoader: 	at com.facebook.soloader.SoLoader$1.load(SoLoader.java:558)
09-22 13:40:51.411 12242 12399 W SoLoader: 	at com.facebook.soloader.DirectApkSoSource.loadLibrary(DirectApkSoSource.java:81)
09-22 13:40:51.411 12242 12399 W SoLoader: 	at com.facebook.soloader.SoLoader.doLoadLibraryBySoName(SoLoader.java:1067)
09-22 13:40:51.411 12242 12399 W SoLoader: 	at com.facebook.soloader.SoLoader.loadLibraryBySoNameImpl(SoLoader.java:943)
09-22 13:40:51.411 12242 12399 W SoLoader: 	at com.facebook.soloader.SoLoader.loadLibraryBySoName(SoLoader.java:855)
09-22 13:40:51.411 12242 12399 W SoLoader: 	at com.facebook.soloader.SoLoader.loadLibrary(SoLoader.java:802)
09-22 13:40:51.411 12242 12399 W SoLoader: 	at com.facebook.soloader.SoLoader.loadLibrary(SoLoader.java:772)
09-22 13:40:51.411 12242 12399 W SoLoader: 	at com.facebook.react.modules.blob.BlobCollector.<clinit>(BlobCollector.java:16)
09-22 13:40:51.411 12242 12399 W SoLoader: 	at com.facebook.react.modules.blob.BlobCollector.install(BlobCollector.java:20)
09-22 13:40:51.411 12242 12399 W SoLoader: 	at com.facebook.react.modules.blob.BlobModule.initialize(BlobModule.java:149)
09-22 13:40:51.411 12242 12399 W SoLoader: 	at com.facebook.react.bridge.ModuleHolder.doInitialize(ModuleHolder.java:236)
09-22 13:40:51.411 12242 12399 W SoLoader: 	at com.facebook.react.bridge.ModuleHolder.create(ModuleHolder.java:201)
09-22 13:40:51.411 12242 12399 W SoLoader: 	at com.facebook.react.bridge.ModuleHolder.getModule(ModuleHolder.java:156)
09-22 13:40:51.411 12242 12399 W SoLoader: 	at com.facebook.react.bridge.JavaModuleWrapper.getModule(JavaModuleWrapper.java:58)
09-22 13:40:51.411 12242 12399 W SoLoader: 	at com.facebook.react.bridge.JavaModuleWrapper.getConstants(JavaModuleWrapper.java:139)
09-22 13:40:51.411 12242 12399 W SoLoader: 	at com.facebook.jni.NativeRunnable.run(Native Method)
09-22 13:40:51.411 12242 12399 W SoLoader: 	at android.os.Handler.handleCallback(Handler.java:883)
09-22 13:40:51.411 12242 12399 W SoLoader: 	at android.os.Handler.dispatchMessage(Handler.java:100)
09-22 13:40:51.411 12242 12399 W SoLoader: 	at com.facebook.react.bridge.queue.MessageQueueThreadHandler.dispatchMessage(MessageQueueThreadHandler.java:27)
09-22 13:40:51.411 12242 12399 W SoLoader: 	at android.os.Looper.loop(Looper.java:214)
09-22 13:40:51.411 12242 12399 W SoLoader: 	at com.facebook.react.bridge.queue.MessageQueueThreadImpl$4.run(MessageQueueThreadImpl.java:228)
09-22 13:40:51.411 12242 12399 W SoLoader: 	at java.lang.Thread.run(Thread.java:919)
09-22 13:40:51.413 12242 12399 D SoLoader: libreactnativeblob.so found on /data/app/so.onekey.app.wallet.dev-dtH-N-zbT51Z9ypM1jYP3g==/base.apk!/lib/arm64-v8a
09-22 13:40:51.413 12242 12399 I ReactNativeJS: Shims Injected: TextDecoder
09-22 13:40:51.414 12242 12399 I ReactNativeJS: Shims Injected: Buffer
09-22 13:40:51.414 12242 12399 I ReactNativeJS: Shims Injected: crypto
09-22 13:40:51.422 12242 12399 I ReactNativeJS: Shims Injected: atob
09-22 13:40:51.422 12242 12399 I ReactNativeJS: Shims Injected: btoa
09-22 13:40:51.422 12242 12399 I ReactNativeJS: Shims Injected: nextTick
09-22 13:40:51.423 12242 12399 I ReactNativeJS: Shims Injected: FileReader.prototype.readAsArrayBuffer
09-22 13:40:51.423 12242 12399 I ReactNativeJS: polyfillsPlatform.native shim loaded
09-22 13:40:51.437 12242 12399 I MMKV    : Loading C++ library...
09-22 13:40:51.439 12242 12399 I MMKV    : Installing MMKV JSI Bindings for MMKV root directory: /data/user/0/so.onekey.app.wallet.dev/files/mmkv
09-22 13:40:51.440 12242 12399 I MMKV    : <MMKV.cpp:165::initialize> version v1.2.15, page size 4096, arch arm64-v8a
09-22 13:40:51.440 12242 12399 I MMKV    : <MMKV.cpp:176::initialize> armv8 AES instructions is supported
09-22 13:40:51.440 12242 12399 I MMKV    : <MMKV.cpp:184::initialize> armv8 CRC32 instructions is supported
09-22 13:40:51.440 12242 12399 I MMKV    : <MMKV.cpp:208::initializeMMKV> root dir: /data/user/0/so.onekey.app.wallet.dev/files/mmkv
09-22 13:40:51.440 12242 12399 I MMKV    : Successfully installed MMKV JSI Bindings!
09-22 13:40:51.440 12242 12399 I RNMMKV  : Creating MMKV instance "onekey-app-setting"... (Path: , Encryption-Key: )
09-22 13:40:51.440 12242 12399 I MMKV    : <MemoryFile.cpp:97::open> open fd[0xa0], /data/user/0/so.onekey.app.wallet.dev/files/mmkv/onekey-app-setting
09-22 13:40:51.440 12242 12399 I MMKV    : <MemoryFile.cpp:97::open> open fd[0xa1], /data/user/0/so.onekey.app.wallet.dev/files/mmkv/onekey-app-setting.crc
09-22 13:40:51.440 12242 12399 I MMKV    : <MMKV_IO.cpp:81::loadFromFile> loading [onekey-app-setting] with 0 actual size, file size 4096, InterProcess 0, meta info version:0
09-22 13:40:51.440 12242 12399 I MMKV    : <MMKV_IO.cpp:130::loadFromFile> loaded [onekey-app-setting] with 0 key-values
09-22 13:40:51.594 12242 12399 W ReactNativeJS: debugLogger init warning, neither `global.$$onekeyAppStorage` nor `window.localStorage` found.
09-22 13:40:51.598 12242 12400 W System.err: java.lang.Exception: File does not exist
09-22 13:40:51.598 12242 12400 W System.err: 	at com.rnfs.RNFSManager.unlink(RNFSManager.java:654)
09-22 13:40:51.598 12242 12400 W System.err: 	at java.lang.reflect.Method.invoke(Native Method)
09-22 13:40:51.598 12242 12400 W System.err: 	at com.facebook.react.bridge.JavaMethodWrapper.invoke(JavaMethodWrapper.java:372)
09-22 13:40:51.598 12242 12400 W System.err: 	at com.facebook.react.bridge.JavaModuleWrapper.invoke(JavaModuleWrapper.java:188)
09-22 13:40:51.598 12242 12400 W System.err: 	at com.facebook.jni.NativeRunnable.run(Native Method)
09-22 13:40:51.598 12242 12400 W System.err: 	at android.os.Handler.handleCallback(Handler.java:883)
09-22 13:40:51.598 12242 12400 W System.err: 	at android.os.Handler.dispatchMessage(Handler.java:100)
09-22 13:40:51.598 12242 12400 W System.err: 	at com.facebook.react.bridge.queue.MessageQueueThreadHandler.dispatchMessage(MessageQueueThreadHandler.java:27)
09-22 13:40:51.598 12242 12400 W System.err: 	at androidx.test.espresso.base.Interrogator.loopAndInterrogate(Interrogator.java:14)
09-22 13:40:51.598 12242 12400 W System.err: 	at androidx.test.espresso.base.LooperIdlingResourceInterrogationHandler$2.run(LooperIdlingResourceInterrogationHandler.java:3)
09-22 13:40:51.598 12242 12400 W System.err: 	at android.os.Handler.handleCallback(Handler.java:883)
09-22 13:40:51.598 12242 12400 W System.err: 	at android.os.Handler.dispatchMessage(Handler.java:100)
09-22 13:40:51.598 12242 12400 W System.err: 	at android.os.Looper.loop(Looper.java:214)
09-22 13:40:51.598 12242 12400 W System.err: 	at com.facebook.react.bridge.queue.MessageQueueThreadImpl$4.run(MessageQueueThreadImpl.java:228)
09-22 13:40:51.598 12242 12400 W System.err: 	at java.lang.Thread.run(Thread.java:919)
09-22 13:40:51.602 12242 12399 V SoLoader: librealm.so not found on /data/app/so.onekey.app.wallet.dev-dtH-N-zbT51Z9ypM1jYP3g==/lib/arm64
09-22 13:40:51.604 12242 12399 V SoLoader: libz.so not found on /data/app/so.onekey.app.wallet.dev-dtH-N-zbT51Z9ypM1jYP3g==/lib/arm64
09-22 13:40:51.604 12242 12399 V SoLoader: libz.so not found on /data/app/so.onekey.app.wallet.dev.test-XNBxDD4vJVlAM1dglgWXCA==/base.apk!/lib/arm64-v8a
09-22 13:40:51.604 12242 12399 V SoLoader: libz.so not found on /data/app/so.onekey.app.wallet.dev-dtH-N-zbT51Z9ypM1jYP3g==/base.apk!/lib/arm64-v8a
09-22 13:40:51.604 12242 12399 D SoLoader: libz.so found on /system/lib64
09-22 13:40:51.604 12242 12399 D SoLoader: libz.so loaded implicitly
09-22 13:40:51.604 12242 12399 W SoLoader: librealm.so not found on /data/app/so.onekey.app.wallet.dev.test-XNBxDD4vJVlAM1dglgWXCA==/base.apk!/lib/arm64-v8a flag: 4
09-22 13:40:51.604 12242 12399 W SoLoader: java.lang.UnsatisfiedLinkError: dlopen failed: library "/data/app/so.onekey.app.wallet.dev.test-XNBxDD4vJVlAM1dglgWXCA==/base.apk!/lib/arm64-v8a/librealm.so" not found
09-22 13:40:51.604 12242 12399 W SoLoader: 	at java.lang.Runtime.load0(Runtime.java:938)
09-22 13:40:51.604 12242 12399 W SoLoader: 	at java.lang.System.load(System.java:1631)
09-22 13:40:51.604 12242 12399 W SoLoader: 	at com.facebook.soloader.SoLoader$1.load(SoLoader.java:558)
09-22 13:40:51.604 12242 12399 W SoLoader: 	at com.facebook.soloader.DirectApkSoSource.loadLibrary(DirectApkSoSource.java:81)
09-22 13:40:51.604 12242 12399 W SoLoader: 	at com.facebook.soloader.SoLoader.doLoadLibraryBySoName(SoLoader.java:1067)
09-22 13:40:51.604 12242 12399 W SoLoader: 	at com.facebook.soloader.SoLoader.loadLibraryBySoNameImpl(SoLoader.java:943)
09-22 13:40:51.604 12242 12399 W SoLoader: 	at com.facebook.soloader.SoLoader.loadLibraryBySoName(SoLoader.java:855)
09-22 13:40:51.604 12242 12399 W SoLoader: 	at com.facebook.soloader.SoLoader.loadLibrary(SoLoader.java:802)
09-22 13:40:51.604 12242 12399 W SoLoader: 	at com.facebook.soloader.SoLoader.loadLibrary(SoLoader.java:772)
09-22 13:40:51.604 12242 12399 W SoLoader: 	at io.realm.react.RealmReactModule.<clinit>(RealmReactModule.java:57)
09-22 13:40:51.604 12242 12399 W SoLoader: 	at io.realm.react.RealmReactPackage.getModule(RealmReactPackage.java:35)
09-22 13:40:51.604 12242 12399 W SoLoader: 	at com.facebook.react.TurboReactPackage$ModuleHolderProvider.get(TurboReactPackage.java:161)
09-22 13:40:51.604 12242 12399 W SoLoader: 	at com.facebook.react.TurboReactPackage$ModuleHolderProvider.get(TurboReactPackage.java:149)
09-22 13:40:51.604 12242 12399 W SoLoader: 	at com.facebook.react.bridge.ModuleHolder.create(ModuleHolder.java:191)
09-22 13:40:51.604 12242 12399 W SoLoader: 	at com.facebook.react.bridge.ModuleHolder.getModule(ModuleHolder.java:156)
09-22 13:40:51.604 12242 12399 W SoLoader: 	at com.facebook.react.bridge.JavaModuleWrapper.findMethods(JavaModuleWrapper.java:71)
09-22 13:40:51.604 12242 12399 W SoLoader: 	at com.facebook.react.bridge.JavaModuleWrapper.getMethodDescriptors(JavaModuleWrapper.java:111)
09-22 13:40:51.604 12242 12399 W SoLoader: 	at com.facebook.jni.NativeRunnable.run(Native Method)
09-22 13:40:51.604 12242 12399 W SoLoader: 	at android.os.Handler.handleCallback(Handler.java:883)
09-22 13:40:51.604 12242 12399 W SoLoader: 	at android.os.Handler.dispatchMessage(Handler.java:100)
09-22 13:40:51.604 12242 12399 W SoLoader: 	at com.facebook.react.bridge.queue.MessageQueueThreadHandler.dispatchMessage(MessageQueueThreadHandler.java:27)
09-22 13:40:51.604 12242 12399 W SoLoader: 	at android.os.Looper.loop(Looper.java:214)
09-22 13:40:51.604 12242 12399 W SoLoader: 	at com.facebook.react.bridge.queue.MessageQueueThreadImpl$4.run(MessageQueueThreadImpl.java:228)
09-22 13:40:51.604 12242 12399 W SoLoader: 	at java.lang.Thread.run(Thread.java:919)
09-22 13:40:51.620 12242 12399 D SoLoader: librealm.so found on /data/app/so.onekey.app.wallet.dev-dtH-N-zbT51Z9ypM1jYP3g==/base.apk!/lib/arm64-v8a
09-22 13:40:51.620 12242 12399 V JSRealm : setDefaultRealmFileDirectory
09-22 13:40:51.620 12242 12399 D JSRealm : Absolute path: /data/data/so.onekey.app.wallet.dev/files
09-22 13:40:51.620 12242 12399 V JSRealm : install
09-22 13:40:51.620 12242 12399 V JSRealm : Building an exports object
09-22 13:40:51.620 12242 12399 V JSRealm : Initializing ...
09-22 13:40:51.660 12242 12399 W ReactNativeJS: @polkadot/api requires direct dependencies exactly matching version 10.7.1.
09-22 13:40:51.660 12242 12399 W ReactNativeJS: Either remove and explicitly install matching versions or dedupe using your package manager.
09-22 13:40:51.660 12242 12399 W ReactNativeJS: The following conflicting packages were found:
09-22 13:40:51.660 12242 12399 W ReactNativeJS: 	10.8.1	@polkadot/rpc-core
09-22 13:40:51.660 12242 12399 W ReactNativeJS: 	10.8.1	@polkadot/types-known
09-22 13:40:51.660 12242 12399 W ReactNativeJS: @polkadot/rpc-augment requires direct dependencies exactly matching version 10.8.1.
09-22 13:40:51.660 12242 12399 W ReactNativeJS: Either remove and explicitly install matching versions or dedupe using your package manager.
09-22 13:40:51.660 12242 12399 W ReactNativeJS: The following conflicting packages were found:
09-22 13:40:51.660 12242 12399 W ReactNativeJS: 	10.7.1	@polkadot/types
09-22 13:40:51.677 12242 12399 W ReactNativeJS: @polkadot/rpc-core requires direct dependencies exactly matching version 10.8.1.
09-22 13:40:51.677 12242 12399 W ReactNativeJS: Either remove and explicitly install matching versions or dedupe using your package manager.
09-22 13:40:51.677 12242 12399 W ReactNativeJS: The following conflicting packages were found:
09-22 13:40:51.677 12242 12399 W ReactNativeJS: 	10.7.1	@polkadot/rpc-provider
09-22 13:40:51.677 12242 12399 W ReactNativeJS: 	10.7.1	@polkadot/types
09-22 13:40:51.677 12242 12399 W ReactNativeJS: @polkadot/types requires direct dependencies exactly matching version 10.7.1.
09-22 13:40:51.677 12242 12399 W ReactNativeJS: Either remove and explicitly install matching versions or dedupe using your package manager.
09-22 13:40:51.677 12242 12399 W ReactNativeJS: The following conflicting packages were found:
09-22 13:40:51.677 12242 12399 W ReactNativeJS: 	10.8.1	@polkadot/types-codec
09-22 13:40:51.677 12242 12399 W ReactNativeJS: 	10.8.1	@polkadot/types-create
09-22 13:40:51.684 12242 12399 W ReactNativeJS: @polkadot/types-known requires direct dependencies exactly matching version 10.8.1.
09-22 13:40:51.684 12242 12399 W ReactNativeJS: Either remove and explicitly install matching versions or dedupe using your package manager.
09-22 13:40:51.684 12242 12399 W ReactNativeJS: The following conflicting packages were found:
09-22 13:40:51.684 12242 12399 W ReactNativeJS: 	10.7.1	@polkadot/types
09-22 13:40:51.715 12242 12399 V SoLoader: libreanimated.so not found on /data/app/so.onekey.app.wallet.dev-dtH-N-zbT51Z9ypM1jYP3g==/lib/arm64
09-22 13:40:51.716 12242 12399 W SoLoader: libreanimated.so not found on /data/app/so.onekey.app.wallet.dev.test-XNBxDD4vJVlAM1dglgWXCA==/base.apk!/lib/arm64-v8a flag: 4
09-22 13:40:51.716 12242 12399 W SoLoader: java.lang.UnsatisfiedLinkError: dlopen failed: library "/data/app/so.onekey.app.wallet.dev.test-XNBxDD4vJVlAM1dglgWXCA==/base.apk!/lib/arm64-v8a/libreanimated.so" not found
09-22 13:40:51.716 12242 12399 W SoLoader: 	at java.lang.Runtime.load0(Runtime.java:938)
09-22 13:40:51.716 12242 12399 W SoLoader: 	at java.lang.System.load(System.java:1631)
09-22 13:40:51.716 12242 12399 W SoLoader: 	at com.facebook.soloader.SoLoader$1.load(SoLoader.java:558)
09-22 13:40:51.716 12242 12399 W SoLoader: 	at com.facebook.soloader.DirectApkSoSource.loadLibrary(DirectApkSoSource.java:81)
09-22 13:40:51.716 12242 12399 W SoLoader: 	at com.facebook.soloader.SoLoader.doLoadLibraryBySoName(SoLoader.java:1067)
09-22 13:40:51.716 12242 12399 W SoLoader: 	at com.facebook.soloader.SoLoader.loadLibraryBySoNameImpl(SoLoader.java:943)
09-22 13:40:51.716 12242 12399 W SoLoader: 	at com.facebook.soloader.SoLoader.loadLibraryBySoName(SoLoader.java:855)
09-22 13:40:51.716 12242 12399 W SoLoader: 	at com.facebook.soloader.SoLoader.loadLibrary(SoLoader.java:802)
09-22 13:40:51.716 12242 12399 W SoLoader: 	at com.facebook.soloader.SoLoader.loadLibrary(SoLoader.java:772)
09-22 13:40:51.716 12242 12399 W SoLoader: 	at com.swmansion.reanimated.nativeProxy.NativeProxyCommon.<clinit>(NativeProxyCommon.java:33)
09-22 13:40:51.716 12242 12399 W SoLoader: 	at com.swmansion.reanimated.NodesManager.initWithContext(NodesManager.java:112)
09-22 13:40:51.716 12242 12399 W SoLoader: 	at com.swmansion.reanimated.ReanimatedModule.installTurboModule(ReanimatedModule.java:100)
09-22 13:40:51.716 12242 12399 W SoLoader: 	at com.facebook.jni.NativeRunnable.run(Native Method)
09-22 13:40:51.716 12242 12399 W SoLoader: 	at android.os.Handler.handleCallback(Handler.java:883)
09-22 13:40:51.716 12242 12399 W SoLoader: 	at android.os.Handler.dispatchMessage(Handler.java:100)
09-22 13:40:51.716 12242 12399 W SoLoader: 	at com.facebook.react.bridge.queue.MessageQueueThreadHandler.dispatchMessage(MessageQueueThreadHandler.java:27)
09-22 13:40:51.716 12242 12399 W SoLoader: 	at android.os.Looper.loop(Looper.java:214)
09-22 13:40:51.716 12242 12399 W SoLoader: 	at com.facebook.react.bridge.queue.MessageQueueThreadImpl$4.run(MessageQueueThreadImpl.java:228)
09-22 13:40:51.716 12242 12399 W SoLoader: 	at java.lang.Thread.run(Thread.java:919)
09-22 13:40:51.724 12242 12399 D SoLoader: libreanimated.so found on /data/app/so.onekey.app.wallet.dev-dtH-N-zbT51Z9ypM1jYP3g==/base.apk!/lib/arm64-v8a
09-22 13:40:51.799 12242 12399 I RNMMKV  : Creating MMKV instance "obsPersist"... (Path: , Encryption-Key: )
09-22 13:40:51.799 12242 12399 I MMKV    : <MemoryFile.cpp:97::open> open fd[0xb0], /data/user/0/so.onekey.app.wallet.dev/files/mmkv/obsPersist
09-22 13:40:51.800 12242 12399 I MMKV    : <MemoryFile.cpp:97::open> open fd[0xb1], /data/user/0/so.onekey.app.wallet.dev/files/mmkv/obsPersist.crc
09-22 13:40:51.800 12242 12399 I MMKV    : <MMKV_IO.cpp:81::loadFromFile> loading [obsPersist] with 0 actual size, file size 4096, InterProcess 0, meta info version:0
09-22 13:40:51.800 12242 12399 I MMKV    : <MMKV_IO.cpp:130::loadFromFile> loaded [obsPersist] with 0 key-values
09-22 13:40:51.810 12242 12399 W ReactNativeJS: `new NativeEventEmitter()` was called with a non-null argument without the required `addListener` method.
09-22 13:40:51.810 12242 12399 W ReactNativeJS: `new NativeEventEmitter()` was called with a non-null argument without the required `removeListeners` method.
09-22 13:40:51.882 12242 12399 I ReactNativeJS: Running "main
09-22 13:40:51.892 12242 12399 I ReactNativeJNI: Memory warning (pressure level: TRIM_MEMORY_RUNNING_LOW) received by JS VM, ignoring because it's non-severe
09-22 13:40:51.900 12242 12382 W .app.wallet.de: Accessing hidden method Ljava/io/ObjectStreamClass;->getConstructorId(Ljava/lang/Class;)J (greylist, reflection, allowed)
09-22 13:40:51.900 12242 12382 W .app.wallet.de: Accessing hidden field Lsun/misc/Unsafe;->theUnsafe:Lsun/misc/Unsafe; (greylist, reflection, allowed)
09-22 13:40:51.905 12242 12242 I ReactNative: [GESTURE HANDLER] Initialize gesture handler for root view com.facebook.react.ReactRootView{c07640b V.E...... ......ID 0,0-1080,2022 #b}
09-22 13:40:51.994 12242 12399 D RNFBCrashlyticsInit: isCrashlyticsCollectionEnabled via RNFBMeta: true
09-22 13:40:51.994 12242 12399 D RNFBCrashlyticsInit: isCrashlyticsCollectionEnabled after checking crashlytics_debug_enabled: false
09-22 13:40:51.994 12242 12399 D RNFBCrashlyticsInit: isCrashlyticsCollectionEnabled final value: false
09-22 13:40:51.994 12242 12399 D RNFBCrashlyticsInit: isErrorGenerationOnJSCrashEnabled via RNFBJSON: true
09-22 13:40:51.994 12242 12399 D RNFBCrashlyticsInit: isErrorGenerationOnJSCrashEnabled final value: true
09-22 13:40:51.994 12242 12399 D RNFBCrashlyticsInit: isCrashlyticsJavascriptExceptionHandlerChainingEnabled via RNFBJSON: true
09-22 13:40:51.994 12242 12399 D RNFBCrashlyticsInit: isCrashlyticsJavascriptExceptionHandlerChainingEnabled final value: true
09-22 13:40:51.997 12242 12400 W .app.wallet.de: Accessing hidden field Landroid/app/ActivityThread;->sCurrentActivityThread:Landroid/app/ActivityThread; (greylist, reflection, allowed)
09-22 13:40:51.997 12242 12400 W .app.wallet.de: Accessing hidden method Landroid/app/ActivityThread;->getApplication()Landroid/app/Application; (greylist, reflection, allowed)
09-22 13:40:52.000 12242 12400 D ActionManager: addAction type:JPUSH,action:cn.jpush.android.helper.b
09-22 13:40:52.003 12242 12400 W .app.wallet.de: Accessing hidden method Landroid/app/ActivityThread;->currentActivityThread()Landroid/app/ActivityThread; (greylist, reflection, allowed)
09-22 13:40:52.003 12242 12400 W .app.wallet.de: Accessing hidden field Landroid/app/ActivityThread;->mActivities:Landroid/util/ArrayMap; (greylist, reflection, allowed)
09-22 13:40:52.003 12242 12400 W .app.wallet.de: Accessing hidden field Landroid/app/ActivityThread$ActivityClientRecord;->paused:Z (greylist, reflection, allowed)
09-22 13:40:52.003 12242 12400 W .app.wallet.de: Accessing hidden field Landroid/app/ActivityThread$ActivityClientRecord;->activity:Landroid/app/Activity; (greylist, reflection, allowed)
09-22 13:40:52.006 12242 12400 W .app.wallet.de: Accessing hidden method Landroid/view/Window;->getInsetsController()Landroid/view/WindowInsetsController; (blacklist, linking, denied)
09-22 13:40:52.011 12242 12400 D RNFBCrashlyticsInit: isCrashlyticsCollectionEnabled via RNFBMeta: true
09-22 13:40:52.011 12242 12400 D RNFBCrashlyticsInit: isCrashlyticsCollectionEnabled after checking crashlytics_debug_enabled: false
09-22 13:40:52.011 12242 12400 D RNFBCrashlyticsInit: isCrashlyticsCollectionEnabled final value: false
09-22 13:40:52.012 12242 12436 E JIGUANG-JOperate: [JOperateProccessHelper] The permission should be defined JO- so.onekey.app.wallet.dev.permission.JOPERATE_MESSAGE
09-22 13:40:52.013 12242 12436 E JIGUANG-JOperate: [JOperateProccessHelper] getReceiverPermission:so.onekey.app.wallet.dev.permission.JPUSH_MESSAGE
09-22 13:40:52.029 12242 12400 W unknown:ViewManagerPropertyUpdater: Could not find generated setter for class com.swmansion.rnscreens.ScreensShadowNode
09-22 13:40:52.046 12242 12454 E JIGUANG-JCore: [CheckManifestHelper] errorcode:1008,Invalid appKey : 1, Please get your Appkey from JIGUANG web console!
09-22 13:40:52.048 12242 12455 V SoLoader: libimagepipeline.so not found on /data/app/so.onekey.app.wallet.dev-dtH-N-zbT51Z9ypM1jYP3g==/lib/arm64
09-22 13:40:52.049 12242 12454 E JIGUANG-JCore: [CheckManifestHelper] errorcode:1008,Invalid appKey : 1, Please get your Appkey from JIGUANG web console!
09-22 13:40:52.049 12242 12455 V SoLoader: libjnigraphics.so not found on /data/app/so.onekey.app.wallet.dev-dtH-N-zbT51Z9ypM1jYP3g==/lib/arm64
09-22 13:40:52.049 12242 12455 V SoLoader: libjnigraphics.so not found on /data/app/so.onekey.app.wallet.dev.test-XNBxDD4vJVlAM1dglgWXCA==/base.apk!/lib/arm64-v8a
09-22 13:40:52.049 12242 12455 V SoLoader: libjnigraphics.so not found on /data/app/so.onekey.app.wallet.dev-dtH-N-zbT51Z9ypM1jYP3g==/base.apk!/lib/arm64-v8a
09-22 13:40:52.049 12242 12455 D SoLoader: libjnigraphics.so found on /system/lib64
09-22 13:40:52.049 12242 12455 D SoLoader: libjnigraphics.so loaded implicitly
09-22 13:40:52.050 12242 12454 E JIGUANG-JCore: [CheckManifestHelper] errorcode:1008,Invalid appKey : 1, Please get your Appkey from JIGUANG web console!
09-22 13:40:52.050 12242 12455 W SoLoader: libimagepipeline.so not found on /data/app/so.onekey.app.wallet.dev.test-XNBxDD4vJVlAM1dglgWXCA==/base.apk!/lib/arm64-v8a flag: 4
09-22 13:40:52.050 12242 12455 W SoLoader: java.lang.UnsatisfiedLinkError: dlopen failed: library "/data/app/so.onekey.app.wallet.dev.test-XNBxDD4vJVlAM1dglgWXCA==/base.apk!/lib/arm64-v8a/libimagepipeline.so" not found
09-22 13:40:52.050 12242 12455 W SoLoader: 	at java.lang.Runtime.load0(Runtime.java:938)
09-22 13:40:52.050 12242 12455 W SoLoader: 	at java.lang.System.load(System.java:1631)
09-22 13:40:52.050 12242 12455 W SoLoader: 	at com.facebook.soloader.SoLoader$1.load(SoLoader.java:558)
09-22 13:40:52.050 12242 12455 W SoLoader: 	at com.facebook.soloader.DirectApkSoSource.loadLibrary(DirectApkSoSource.java:81)
09-22 13:40:52.050 12242 12455 W SoLoader: 	at com.facebook.soloader.SoLoader.doLoadLibraryBySoName(SoLoader.java:1067)
09-22 13:40:52.050 12242 12455 W SoLoader: 	at com.facebook.soloader.SoLoader.loadLibraryBySoNameImpl(SoLoader.java:943)
09-22 13:40:52.050 12242 12455 W SoLoader: 	at com.facebook.soloader.SoLoader.loadLibraryBySoName(SoLoader.java:855)
09-22 13:40:52.050 12242 12455 W SoLoader: 	at com.facebook.soloader.SoLoader.loadLibrary(SoLoader.java:802)
09-22 13:40:52.050 12242 12455 W SoLoader: 	at com.facebook.soloader.NativeLoaderToSoLoaderDelegate.loadLibrary(NativeLoaderToSoLoaderDelegate.java:29)
09-22 13:40:52.050 12242 12455 W SoLoader: 	at com.facebook.soloader.nativeloader.NativeLoader.loadLibrary(NativeLoader.java:51)
09-22 13:40:52.050 12242 12455 W SoLoader: 	at com.facebook.soloader.nativeloader.NativeLoader.loadLibrary(NativeLoader.java:30)
09-22 13:40:52.050 12242 12455 W SoLoader: 	at com.facebook.imagepipeline.memory.NativeMemoryChunk.<clinit>(NativeMemoryChunk.java:33)
09-22 13:40:52.050 12242 12455 W SoLoader: 	at com.facebook.imagepipeline.memory.NativeMemoryChunkPool.alloc(NativeMemoryChunkPool.java:31)
09-22 13:40:52.050 12242 12455 W SoLoader: 	at com.facebook.imagepipeline.memory.NativeMemoryChunkPool.alloc(NativeMemoryChunkPool.java:16)
09-22 13:40:52.050 12242 12455 W SoLoader: 	at com.facebook.imagepipeline.memory.BasePool.get(BasePool.java:256)
09-22 13:40:52.050 12242 12455 W SoLoader: 	at com.facebook.imagepipeline.memory.MemoryPooledByteBufferOutputStream.<init>(MemoryPooledByteBufferOutputStream.java:55)
09-22 13:40:52.050 12242 12455 W SoLoader: 	at com.facebook.imagepipeline.memory.MemoryPooledByteBufferFactory.newByteBuffer(MemoryPooledByteBufferFactory.java:75)
09-22 13:40:52.050 12242 12455 W SoLoader: 	at com.facebook.imagepipeline.memory.MemoryPooledByteBufferFactory.newByteBuffer(MemoryPooledByteBufferFactory.java:25)
09-22 13:40:52.050 12242 12455 W SoLoader: 	at com.facebook.imagepipeline.producers.LocalFetchProducer.getByteBufferBackedEncodedImage(LocalFetchProducer.java:83)
09-22 13:40:52.050 12242 12455 W SoLoader: 	at com.facebook.imagepipeline.producers.LocalFetchProducer.getEncodedImage(LocalFetchProducer.java:93)
09-22 13:40:52.050 12242 12455 W SoLoader: 	at com.facebook.imagepipeline.producers.LocalResourceFetchProducer.getEncodedImage(LocalResourceFetchProducer.java:37)
09-22 13:40:52.050 12242 12455 W SoLoader: 	at com.facebook.imagepipeline.producers.LocalFetchProducer$1.getResult(LocalFetchProducer.java:47)
09-22 13:40:52.050 12242 12455 W SoLoader: 	at com.facebook.imagepipeline.producers.LocalFetchProducer$1.getResult(LocalFetchProducer.java:43)
09-22 13:40:52.050 12242 12455 W SoLoader: 	at com.facebook.common.executors.StatefulRunnable.run(StatefulRunnable.java:46)
09-22 13:40:52.050 12242 12455 W SoLoader: 	at java.util.concurrent.ThreadPoolExecutor.runWorker(ThreadPoolExecutor.java:1167)
09-22 13:40:52.050 12242 12455 W SoLoader: 	at java.util.concurrent.ThreadPoolExecutor$Worker.run(ThreadPoolExecutor.java:641)
09-22 13:40:52.050 12242 12455 W SoLoader: 	at com.facebook.imagepipeline.core.PriorityThreadFactory$1.run(PriorityThreadFactory.java:52)
09-22 13:40:52.050 12242 12455 W SoLoader: 	at java.lang.Thread.run(Thread.java:919)
09-22 13:40:52.051 12242 12454 E JIGUANG-JCore: [CheckManifestHelper] errorcode:1008,Invalid appKey : 1, Please get your Appkey from JIGUANG web console!
09-22 13:40:52.052 12242 12454 I chatty  : uid=10159(so.onekey.app.wallet.dev) jg_mn_pool_thre identical 1 line
09-22 13:40:52.053 12242 12454 E JIGUANG-JCore: [CheckManifestHelper] errorcode:1008,Invalid appKey : 1, Please get your Appkey from JIGUANG web console!
09-22 13:40:52.054 12242 12455 D SoLoader: libimagepipeline.so found on /data/app/so.onekey.app.wallet.dev-dtH-N-zbT51Z9ypM1jYP3g==/base.apk!/lib/arm64-v8a
09-22 13:40:52.228 12242 12399 I ReactNativeJS: 'LazyRenderWhenFocus >>>>>>>>>> ', { shouldFreeze: true,
09-22 13:40:52.228 12242 12399 I ReactNativeJS:   freezeWhenBlur: undefined,
09-22 13:40:52.228 12242 12399 I ReactNativeJS:   rootTabName: 'market' }
09-22 13:40:52.245 12242 12399 I ReactNativeJS: 'LazyRenderWhenFocus >>>>>>>>>> ', { shouldFreeze: true,
09-22 13:40:52.245 12242 12399 I ReactNativeJS:   freezeWhenBlur: undefined,
09-22 13:40:52.245 12242 12399 I ReactNativeJS:   rootTabName: 'swap' }
09-22 13:40:52.258 12242 12399 I ReactNativeJS: 'LazyRenderWhenFocus >>>>>>>>>> ', { shouldFreeze: true,
09-22 13:40:52.258 12242 12399 I ReactNativeJS:   freezeWhenBlur: undefined,
09-22 13:40:52.258 12242 12399 I ReactNativeJS:   rootTabName: 'discover' }
09-22 13:40:52.281 12242 12399 I ReactNativeJS: 'LazyRenderWhenFocus >>>>>>>>>> ', { shouldFreeze: true,
09-22 13:40:52.281 12242 12399 I ReactNativeJS:   freezeWhenBlur: undefined,
09-22 13:40:52.281 12242 12399 I ReactNativeJS:   rootTabName: 'me' }
09-22 13:40:52.334 12242 12399 W ReactNativeJS: `new NativeEventEmitter()` was called with a non-null argument without the required `addListener` method.
09-22 13:40:52.334 12242 12399 W ReactNativeJS: `new NativeEventEmitter()` was called with a non-null argument without the required `removeListeners` method.
09-22 13:40:52.381 12242 12400 D RNFBCrashlyticsInit: isCrashlyticsCollectionEnabled via RNFBMeta: true
09-22 13:40:52.381 12242 12400 D RNFBCrashlyticsInit: isCrashlyticsCollectionEnabled after checking crashlytics_debug_enabled: false
09-22 13:40:52.381 12242 12400 D RNFBCrashlyticsInit: isCrashlyticsCollectionEnabled final value: false
09-22 13:40:52.410 12242 12400 D RNFBCrashlyticsInit: isCrashlyticsCollectionEnabled via RNFBMeta: true
09-22 13:40:52.410 12242 12400 D RNFBCrashlyticsInit: isCrashlyticsCollectionEnabled after checking crashlytics_debug_enabled: false
09-22 13:40:52.410 12242 12400 D RNFBCrashlyticsInit: isCrashlyticsCollectionEnabled final value: false
09-22 13:40:52.411 12242 12242 W .app.wallet.de: Accessing hidden method Lsun/misc/Unsafe;->getObject(Ljava/lang/Object;J)Ljava/lang/Object; (greylist, linking, allowed)
09-22 13:40:52.412 12242 12376 W .app.wallet.de: Accessing hidden method Lsun/misc/Unsafe;->getInt(Ljava/lang/Object;J)I (greylist, linking, allowed)
09-22 13:40:52.412 12242 12376 W .app.wallet.de: Accessing hidden method Lsun/misc/Unsafe;->getObject(Ljava/lang/Object;J)Ljava/lang/Object; (greylist, linking, allowed)
09-22 13:40:52.412 12242 12376 I chatty  : uid=10159(so.onekey.app.wallet.dev) pool-3-thread-1 identical 1 line
09-22 13:40:52.414 12242 12376 W .app.wallet.de: Accessing hidden method Lsun/misc/Unsafe;->getObject(Ljava/lang/Object;J)Ljava/lang/Object; (greylist, linking, allowed)
09-22 13:40:52.415 12242 12376 W .app.wallet.de: Accessing hidden method Lsun/misc/Unsafe;->getLong(Ljava/lang/Object;J)J (greylist,core-platform-api, linking, allowed)
09-22 13:40:52.415 12242 12376 W .app.wallet.de: Accessing hidden method Lsun/misc/Unsafe;->getObject(Ljava/lang/Object;J)Ljava/lang/Object; (greylist, linking, allowed)
09-22 13:40:52.415 12242 12376 W .app.wallet.de: Accessing hidden method Lsun/misc/Unsafe;->putInt(Ljava/lang/Object;JI)V (greylist, linking, allowed)
09-22 13:40:52.428 12242 12466 W .app.wallet.de: Accessing hidden method Landroid/os/WorkSource;->add(I)Z (greylist, reflection, allowed)
09-22 13:40:52.428 12242 12466 W .app.wallet.de: Accessing hidden method Landroid/os/WorkSource;->add(ILjava/lang/String;)Z (greylist, reflection, allowed)
09-22 13:40:52.428 12242 12466 W .app.wallet.de: Accessing hidden method Landroid/os/WorkSource;->size()I (greylist, reflection, allowed)
09-22 13:40:52.428 12242 12466 W .app.wallet.de: Accessing hidden method Landroid/os/WorkSource;->get(I)I (greylist, reflection, allowed)
09-22 13:40:52.428 12242 12466 W .app.wallet.de: Accessing hidden method Landroid/os/WorkSource;->getName(I)Ljava/lang/String; (greylist, reflection, allowed)
09-22 13:40:52.428 12242 12466 W .app.wallet.de: Accessing hidden method Landroid/os/WorkSource;->isEmpty()Z (greylist-max-o, reflection, denied)
09-22 13:40:52.630 12242 12242 D RenderScript HIDL Adaptation: IRenderScriptDevice::getService()
09-22 13:40:52.630 12242 12242 D RenderScript HIDL Adaptation: IRenderScriptDevice::getService() returned 0x0
09-22 13:40:52.630 12242 12242 D RenderScript HIDL Adaptation: Using Fallback Path.
09-22 13:40:52.643 12242 12242 D         : Successfully queried cache dir: /data/user_de/0/so.onekey.app.wallet.dev/code_cache
09-22 13:40:52.643 12242 12242 D RenderScript: Setting cache dir: /data/user_de/0/so.onekey.app.wallet.dev/code_cache
09-22 13:40:52.677 12242 12242 W .app.wallet.de: Accessing hidden field Landroid/widget/ScrollView;->mScroller:Landroid/widget/OverScroller; (greylist, reflection, allowed)
09-22 13:40:52.723 12242 12242 I ReactNative: [GESTURE HANDLER] Gesture handler is already enabled for a parent view
09-22 13:40:52.733 12242 12242 W .app.wallet.de: Accessing hidden method Lsun/misc/Unsafe;->getObject(Ljava/lang/Object;J)Ljava/lang/Object; (greylist, linking, allowed)
09-22 13:40:52.734 12242 12376 W .app.wallet.de: Accessing hidden method Lsun/misc/Unsafe;->getInt(Ljava/lang/Object;J)I (greylist, linking, allowed)
09-22 13:40:52.734 12242 12376 W .app.wallet.de: Accessing hidden method Lsun/misc/Unsafe;->getObject(Ljava/lang/Object;J)Ljava/lang/Object; (greylist, linking, allowed)
09-22 13:40:52.734 12242 12376 W .app.wallet.de: Accessing hidden method Lsun/misc/Unsafe;->putInt(Ljava/lang/Object;JI)V (greylist, linking, allowed)
09-22 13:40:52.734 12242 12242 W .app.wallet.de: Accessing hidden method Lsun/misc/Unsafe;->getObject(Ljava/lang/Object;J)Ljava/lang/Object; (greylist, linking, allowed)
09-22 13:40:52.734 12242 12376 W .app.wallet.de: Accessing hidden method Lsun/misc/Unsafe;->getObject(Ljava/lang/Object;J)Ljava/lang/Object; (greylist, linking, allowed)
09-22 13:40:52.734 12242 12242 W .app.wallet.de: Accessing hidden method Lsun/misc/Unsafe;->getObject(Ljava/lang/Object;J)Ljava/lang/Object; (greylist, linking, allowed)
09-22 13:40:52.734 12242 12242 W .app.wallet.de: Accessing hidden method Lsun/misc/Unsafe;->getObject(Ljava/lang/Object;J)Ljava/lang/Object; (greylist, linking, allowed)
09-22 13:40:52.735 12242 12376 W .app.wallet.de: Accessing hidden method Lsun/misc/Unsafe;->getInt(Ljava/lang/Object;J)I (greylist, linking, allowed)
09-22 13:40:52.735 12242 12376 W .app.wallet.de: Accessing hidden method Lsun/misc/Unsafe;->getObject(Ljava/lang/Object;J)Ljava/lang/Object; (greylist, linking, allowed)
09-22 13:40:52.736 12242 12376 I chatty  : uid=10159(so.onekey.app.wallet.dev) pool-3-thread-1 identical 4 lines
09-22 13:40:52.736 12242 12376 W .app.wallet.de: Accessing hidden method Lsun/misc/Unsafe;->getObject(Ljava/lang/Object;J)Ljava/lang/Object; (greylist, linking, allowed)
09-22 13:40:52.790 12242 12400 W JIGUANG-JPush: [AndroidUtil] AndroidManifest.xml missing FileProvider: cn.jiguang.union.ads.service.JAdFileProvider, it necessary for inapp message
09-22 13:40:52.790 12242 12400 W JIGUANG-JPush: [AndroidUtil] The fileprovider required for inapp-message is incorrectly configured, please check AndroidManifest.xml
09-22 13:40:52.797 12242 12429 W JIGUANG-JPush: [AndroidUtil] AndroidManifest.xml missing FileProvider: cn.jiguang.union.ads.service.JAdFileProvider, it necessary for inapp message
09-22 13:40:52.798 12242 12429 W JIGUANG-JPush: [AndroidUtil] The fileprovider required for inapp-message is incorrectly configured, please check AndroidManifest.xml
09-22 13:40:52.798 12242 12454 E JIGUANG-JCore: [CheckManifestHelper] errorcode:1008,Invalid appKey : 1, Please get your Appkey from JIGUANG web console!
09-22 13:40:52.798 12242 12400 W JIGUANG-JCore: [JCoreManager] [requestPermission] context must instanceof Activity
09-22 13:40:52.801 12242 12454 E JIGUANG-JCore: [CheckManifestHelper] errorcode:1008,Invalid appKey : 1, Please get your Appkey from JIGUANG web console!
09-22 13:40:52.801 12242 12454 E JIGUANG-JCore: [CheckManifestHelper] errorcode:1008,Invalid appKey : 1, Please get your Appkey from JIGUANG web console!
09-22 13:40:52.804 12242 12429 W JIGUANG-JUnionAd: [InAppHelper] not allowed install apk by system
09-22 13:40:52.804 12242 12454 E JIGUANG-JCore: [CheckManifestHelper] errorcode:1008,Invalid appKey : 1, Please get your Appkey from JIGUANG web console!
09-22 13:40:52.819 12242 12429 W JIGUANG-JPush: [AsusPushHelper] AndroidManifest.xml missing receiver extends asus's AsusPushMessageReceiver
09-22 13:40:52.833 12242 12257 W System  : A resource failed to call destroy. 
09-22 13:40:53.052 12242 12477 W .app.wallet.de: Accessing hidden method Lsun/misc/Unsafe;->getObject(Ljava/lang/Object;J)Ljava/lang/Object; (greylist, linking, allowed)
09-22 13:40:53.053 12242 12376 W .app.wallet.de: Accessing hidden method Lsun/misc/Unsafe;->getObject(Ljava/lang/Object;J)Ljava/lang/Object; (greylist, linking, allowed)
09-22 13:40:53.053 12242 12376 W .app.wallet.de: Accessing hidden method Lsun/misc/Unsafe;->getObject(Ljava/lang/Object;J)Ljava/lang/Object; (greylist, linking, allowed)
09-22 13:40:53.256 12242 12242 W UiControllerImpl: Waiting for: DYNAMIC_TASKS_HAVE_IDLED for 300 iterations.
09-22 13:40:53.550 12242 12476 W .app.wallet.de: Accessing hidden method Lsun/misc/Unsafe;->getObject(Ljava/lang/Object;J)Ljava/lang/Object; (greylist, linking, allowed)
09-22 13:40:53.551 12242 12376 W .app.wallet.de: Accessing hidden method Lsun/misc/Unsafe;->getObject(Ljava/lang/Object;J)Ljava/lang/Object; (greylist, linking, allowed)
09-22 13:40:53.551 12242 12376 I chatty  : uid=10159(so.onekey.app.wallet.dev) pool-3-thread-1 identical 1 line
09-22 13:40:53.552 12242 12376 W .app.wallet.de: Accessing hidden method Lsun/misc/Unsafe;->getObject(Ljava/lang/Object;J)Ljava/lang/Object; (greylist, linking, allowed)
09-22 13:40:53.552 12242 12376 W .app.wallet.de: Accessing hidden method Lsun/misc/Unsafe;->getLong(Ljava/lang/Object;J)J (greylist,core-platform-api, linking, allowed)
09-22 13:40:53.552 12242 12376 W .app.wallet.de: Accessing hidden method Lsun/misc/Unsafe;->getObject(Ljava/lang/Object;J)Ljava/lang/Object; (greylist, linking, allowed)
09-22 13:40:53.553 12242 12376 W .app.wallet.de: Accessing hidden method Lsun/misc/Unsafe;->getLong(Ljava/lang/Object;J)J (greylist,core-platform-api, linking, allowed)
09-22 13:40:53.553 12242 12376 W .app.wallet.de: Accessing hidden method Lsun/misc/Unsafe;->putInt(Ljava/lang/Object;JI)V (greylist, linking, allowed)
09-22 13:40:53.580 12242 12242 I Detox   : Network is busy, with 3 in-flight calls
09-22 13:40:53.957 12242 12242 I chatty  : uid=10159(so.onekey.app.wallet.dev) identical 23 lines
09-22 13:40:53.977 12242 12242 I Detox   : Network is busy, with 3 in-flight calls
09-22 13:40:53.980 12242 12464 W .app.wallet.de: Accessing hidden method Lsun/misc/Unsafe;->getObject(Ljava/lang/Object;J)Ljava/lang/Object; (greylist, linking, allowed)
09-22 13:40:53.981 12242 12376 W .app.wallet.de: Accessing hidden method Lsun/misc/Unsafe;->getObject(Ljava/lang/Object;J)Ljava/lang/Object; (greylist, linking, allowed)
09-22 13:40:53.981 12242 12376 W .app.wallet.de: Accessing hidden method Lsun/misc/Unsafe;->putInt(Ljava/lang/Object;JI)V (greylist, linking, allowed)
09-22 13:40:53.981 12242 12376 W .app.wallet.de: Accessing hidden method Lsun/misc/Unsafe;->getObject(Ljava/lang/Object;J)Ljava/lang/Object; (greylist, linking, allowed)
09-22 13:40:53.989 12242 12242 I Detox   : Network is busy, with 2 in-flight calls
09-22 13:40:54.189 12242 12242 I chatty  : uid=10159(so.onekey.app.wallet.dev) identical 12 lines
09-22 13:40:54.206 12242 12242 I Detox   : Network is busy, with 2 in-flight calls
09-22 13:40:54.222 12242 12242 I Detox   : Network is busy, with 2 in-flight calls
09-22 13:40:54.223 12242 12242 W UiControllerImpl: Waiting for: DYNAMIC_TASKS_HAVE_IDLED for 100 iterations.
09-22 13:40:54.239 12242 12242 I Detox   : Network is busy, with 2 in-flight calls
