--------- beginning of main
09-22 13:39:21.820 11693 11693 I .app.wallet.de: Late-enabling -Xcheck:jni
09-22 13:39:21.831 11693 11693 E .app.wallet.de: Unknown bits set in runtime_flags: 0x8000
--------- beginning of system
09-22 13:39:21.854 11693 11693 W ActivityThread: Package uses different ABI(s) than its instrumentation: package[so.onekey.app.wallet.dev]: arm64-v8a, null instrumentation[so.onekey.app.wallet.dev.test]: null, null
09-22 13:39:21.855 11693 11693 I .app.wallet.de: The ClassLoaderContext is a special shared library.
09-22 13:39:22.351 11693 11693 I chatty  : uid=10157(so.onekey.app.wallet.dev) identical 2 lines
09-22 13:39:22.351 11693 11693 I .app.wallet.de: The ClassLoaderContext is a special shared library.
09-22 13:39:22.860 11693 11693 W .app.wallet.de: Accessing hidden method Landroid/app/Instrumentation;->execStartActivity(Landroid/content/Context;Landroid/os/IBinder;Landroid/os/IBinder;Landroid/app/Activity;Landroid/content/Intent;ILandroid/os/Bundle;)Landroid/app/Instrumentation$ActivityResult; (greylist, linking, allowed)
09-22 13:39:22.860 11693 11693 W .app.wallet.de: Accessing hidden method Landroid/app/Instrumentation;->execStartActivity(Landroid/content/Context;Landroid/os/IBinder;Landroid/os/IBinder;Ljava/lang/String;Landroid/content/Intent;ILandroid/os/Bundle;)Landroid/app/Instrumentation$ActivityResult; (greylist, linking, allowed)
09-22 13:39:22.862 11693 11693 I MonitoringInstr: newApplication called!
09-22 13:39:22.898 11693 11693 I FirebaseApp: Device unlocked: initializing all Firebase APIs for app [DEFAULT]
09-22 13:39:22.917 11693 11693 I FirebaseCrashlytics: Initializing Firebase Crashlytics 18.3.6 for so.onekey.app.wallet.dev
09-22 13:39:22.928 11693 11727 I DynamiteModule: Considering local module com.google.android.gms.measurement.dynamite:88 and remote module com.google.android.gms.measurement.dynamite:15
09-22 13:39:22.928 11693 11727 I DynamiteModule: Selected local version of com.google.android.gms.measurement.dynamite
09-22 13:39:22.947 11693 11730 D libcrashlytics: Initializing libcrashlytics version 3.2.0
09-22 13:39:22.950 11693 11693 I FirebaseInitProvider: FirebaseApp initialization successful
09-22 13:39:22.951 11693 11693 D ReactNativeFirebaseApp: received application context.
09-22 13:39:22.972 11693 11693 D RNFBCrashlyticsInit: isCrashlyticsCollectionEnabled via RNFBMeta: true
09-22 13:39:22.972 11693 11693 D RNFBCrashlyticsInit: isCrashlyticsCollectionEnabled after checking crashlytics_debug_enabled: false
09-22 13:39:22.972 11693 11693 D RNFBCrashlyticsInit: isCrashlyticsCollectionEnabled final value: false
09-22 13:39:22.972 11693 11693 I RNFBCrashlyticsInit: initialization successful
09-22 13:39:22.976 11693 11730 D libcrashlytics: Initializing native crash handling successful.
09-22 13:39:22.984 11693 11746 D NetworkSecurityConfig: Using Network Security Config from resource network_security_config debugBuild: true
09-22 13:39:22.992 11693 11693 I MonitoringInstr: Instrumentation started!
09-22 13:39:22.994 11693 11693 I AndroidJUnitRunner: onCreate Bundle[{debug=false, detoxServer=ws://localhost:53284, detoxSessionId=db4788e7-b760-4a42-52db-806a8e57ce5a}]
09-22 13:39:22.995 11693 11693 V TestEventClient: No service name argument was given (testDiscoveryService, testRunEventService or orchestratorService)
09-22 13:39:22.995 11693 11693 W .app.wallet.de: Accessing hidden field Landroid/database/CursorWindow;->sCursorWindowSize:I (greylist, reflection, allowed)
09-22 13:39:22.995 11693 11753 D AndroidJUnitRunner: onStart is called.
09-22 13:39:22.997 11693 11693 W .app.wallet.de: Accessing hidden method Ldalvik/system/BaseDexClassLoader;->getLdLibraryPath()Ljava/lang/String; (greylist,core-platform-api, reflection, allowed)
09-22 13:39:23.011 11693 11733 I FA      : App measurement initialized, version: 76003
09-22 13:39:23.011 11693 11733 I FA      : To enable debug logging run: adb shell setprop log.tag.FA VERBOSE
09-22 13:39:23.011 11693 11733 I FA      : To enable faster debug mode event logging run:
09-22 13:39:23.011 11693 11733 I FA      :   adb shell setprop debug.firebase.analytics.app so.onekey.app.wallet.dev
09-22 13:39:23.053 11693 11763 V SoLoader: libfbjni.so not found on /data/app/so.onekey.app.wallet.dev-TuoWGKACrV7IwmP7Qprpyg==/lib/arm64
09-22 13:39:23.055 11693 11763 V SoLoader: libandroid.so not found on /data/app/so.onekey.app.wallet.dev-TuoWGKACrV7IwmP7Qprpyg==/lib/arm64
09-22 13:39:23.055 11693 11763 V SoLoader: libandroid.so not found on /data/app/so.onekey.app.wallet.dev.test-FAUZ0WCQYhnKO8rNqPQ3-w==/base.apk!/lib/arm64-v8a
09-22 13:39:23.055 11693 11763 V SoLoader: libandroid.so not found on /data/app/so.onekey.app.wallet.dev-TuoWGKACrV7IwmP7Qprpyg==/base.apk!/lib/arm64-v8a
09-22 13:39:23.055 11693 11763 D SoLoader: libandroid.so found on /system/lib64
09-22 13:39:23.055 11693 11763 D SoLoader: libandroid.so loaded implicitly
09-22 13:39:23.055 11693 11763 V SoLoader: liblog.so not found on /data/app/so.onekey.app.wallet.dev-TuoWGKACrV7IwmP7Qprpyg==/lib/arm64
09-22 13:39:23.055 11693 11763 V SoLoader: liblog.so not found on /data/app/so.onekey.app.wallet.dev.test-FAUZ0WCQYhnKO8rNqPQ3-w==/base.apk!/lib/arm64-v8a
09-22 13:39:23.055 11693 11763 V SoLoader: liblog.so not found on /data/app/so.onekey.app.wallet.dev-TuoWGKACrV7IwmP7Qprpyg==/base.apk!/lib/arm64-v8a
09-22 13:39:23.055 11693 11763 D SoLoader: liblog.so found on /system/lib64
09-22 13:39:23.055 11693 11763 D SoLoader: liblog.so loaded implicitly
09-22 13:39:23.055 11693 11763 V SoLoader: libm.so not found on /data/app/so.onekey.app.wallet.dev-TuoWGKACrV7IwmP7Qprpyg==/lib/arm64
09-22 13:39:23.055 11693 11763 V SoLoader: libm.so not found on /data/app/so.onekey.app.wallet.dev.test-FAUZ0WCQYhnKO8rNqPQ3-w==/base.apk!/lib/arm64-v8a
09-22 13:39:23.055 11693 11763 V SoLoader: libm.so not found on /data/app/so.onekey.app.wallet.dev-TuoWGKACrV7IwmP7Qprpyg==/base.apk!/lib/arm64-v8a
09-22 13:39:23.055 11693 11763 D SoLoader: libm.so found on /system/lib64
09-22 13:39:23.055 11693 11763 D SoLoader: libm.so loaded implicitly
09-22 13:39:23.055 11693 11763 V SoLoader: libdl.so not found on /data/app/so.onekey.app.wallet.dev-TuoWGKACrV7IwmP7Qprpyg==/lib/arm64
09-22 13:39:23.055 11693 11763 V SoLoader: libdl.so not found on /data/app/so.onekey.app.wallet.dev.test-FAUZ0WCQYhnKO8rNqPQ3-w==/base.apk!/lib/arm64-v8a
09-22 13:39:23.055 11693 11763 V SoLoader: libdl.so not found on /data/app/so.onekey.app.wallet.dev-TuoWGKACrV7IwmP7Qprpyg==/base.apk!/lib/arm64-v8a
09-22 13:39:23.055 11693 11763 D SoLoader: libdl.so found on /system/lib64
09-22 13:39:23.055 11693 11763 D SoLoader: libdl.so loaded implicitly
09-22 13:39:23.055 11693 11763 V SoLoader: libc.so not found on /data/app/so.onekey.app.wallet.dev-TuoWGKACrV7IwmP7Qprpyg==/lib/arm64
09-22 13:39:23.055 11693 11763 V SoLoader: libc.so not found on /data/app/so.onekey.app.wallet.dev.test-FAUZ0WCQYhnKO8rNqPQ3-w==/base.apk!/lib/arm64-v8a
09-22 13:39:23.055 11693 11763 V SoLoader: libc.so not found on /data/app/so.onekey.app.wallet.dev-TuoWGKACrV7IwmP7Qprpyg==/base.apk!/lib/arm64-v8a
09-22 13:39:23.055 11693 11763 D SoLoader: libc.so found on /system/lib64
09-22 13:39:23.055 11693 11763 D SoLoader: libc.so loaded implicitly
09-22 13:39:23.056 11693 11763 W SoLoader: libfbjni.so not found on /data/app/so.onekey.app.wallet.dev.test-FAUZ0WCQYhnKO8rNqPQ3-w==/base.apk!/lib/arm64-v8a flag: 4
09-22 13:39:23.056 11693 11763 W SoLoader: java.lang.UnsatisfiedLinkError: dlopen failed: library "/data/app/so.onekey.app.wallet.dev.test-FAUZ0WCQYhnKO8rNqPQ3-w==/base.apk!/lib/arm64-v8a/libfbjni.so" not found
09-22 13:39:23.056 11693 11763 W SoLoader: 	at java.lang.Runtime.load0(Runtime.java:938)
09-22 13:39:23.056 11693 11763 W SoLoader: 	at java.lang.System.load(System.java:1631)
09-22 13:39:23.056 11693 11763 W SoLoader: 	at com.facebook.soloader.SoLoader$1.load(SoLoader.java:558)
09-22 13:39:23.056 11693 11763 W SoLoader: 	at com.facebook.soloader.DirectApkSoSource.loadLibrary(DirectApkSoSource.java:81)
09-22 13:39:23.056 11693 11763 W SoLoader: 	at com.facebook.soloader.SoLoader.doLoadLibraryBySoName(SoLoader.java:1067)
09-22 13:39:23.056 11693 11763 W SoLoader: 	at com.facebook.soloader.SoLoader.loadLibraryBySoNameImpl(SoLoader.java:943)
09-22 13:39:23.056 11693 11763 W SoLoader: 	at com.facebook.soloader.SoLoader.loadLibraryBySoName(SoLoader.java:855)
09-22 13:39:23.056 11693 11763 W SoLoader: 	at com.facebook.soloader.SoLoader.loadLibrary(SoLoader.java:802)
09-22 13:39:23.056 11693 11763 W SoLoader: 	at com.facebook.soloader.NativeLoaderToSoLoaderDelegate.loadLibrary(NativeLoaderToSoLoaderDelegate.java:29)
09-22 13:39:23.056 11693 11763 W SoLoader: 	at com.facebook.soloader.nativeloader.NativeLoader.loadLibrary(NativeLoader.java:51)
09-22 13:39:23.056 11693 11763 W SoLoader: 	at com.facebook.soloader.nativeloader.NativeLoader.loadLibrary(NativeLoader.java:30)
09-22 13:39:23.056 11693 11763 W SoLoader: 	at com.facebook.jni.HybridData.<clinit>(HybridData.java:34)
09-22 13:39:23.056 11693 11763 W SoLoader: 	at com.facebook.flipper.android.FlipperThread.run(FlipperThread.java:25)
09-22 13:39:23.058 11693 11763 W linker  : Warning: "/data/app/so.onekey.app.wallet.dev-TuoWGKACrV7IwmP7Qprpyg==/base.apk!/lib/arm64-v8a/libc++_shared.so" unused DT entry: unknown processor-specific (type 0x70000001 arg 0x0) (ignoring)
09-22 13:39:23.059 11693 11763 D SoLoader: libfbjni.so found on /data/app/so.onekey.app.wallet.dev-TuoWGKACrV7IwmP7Qprpyg==/base.apk!/lib/arm64-v8a
09-22 13:39:23.059 11693 11763 V SoLoader: libflipper.so not found on /data/app/so.onekey.app.wallet.dev-TuoWGKACrV7IwmP7Qprpyg==/lib/arm64
09-22 13:39:23.060 11693 11763 W SoLoader: libflipper.so not found on /data/app/so.onekey.app.wallet.dev.test-FAUZ0WCQYhnKO8rNqPQ3-w==/base.apk!/lib/arm64-v8a flag: 4
09-22 13:39:23.060 11693 11763 W SoLoader: java.lang.UnsatisfiedLinkError: dlopen failed: library "/data/app/so.onekey.app.wallet.dev.test-FAUZ0WCQYhnKO8rNqPQ3-w==/base.apk!/lib/arm64-v8a/libflipper.so" not found
09-22 13:39:23.060 11693 11763 W SoLoader: 	at java.lang.Runtime.load0(Runtime.java:938)
09-22 13:39:23.060 11693 11763 W SoLoader: 	at java.lang.System.load(System.java:1631)
09-22 13:39:23.060 11693 11763 W SoLoader: 	at com.facebook.soloader.SoLoader$1.load(SoLoader.java:558)
09-22 13:39:23.060 11693 11763 W SoLoader: 	at com.facebook.soloader.DirectApkSoSource.loadLibrary(DirectApkSoSource.java:81)
09-22 13:39:23.060 11693 11763 W SoLoader: 	at com.facebook.soloader.SoLoader.doLoadLibraryBySoName(SoLoader.java:1067)
09-22 13:39:23.060 11693 11763 W SoLoader: 	at com.facebook.soloader.SoLoader.loadLibraryBySoNameImpl(SoLoader.java:943)
09-22 13:39:23.060 11693 11763 W SoLoader: 	at com.facebook.soloader.SoLoader.loadLibraryBySoName(SoLoader.java:855)
09-22 13:39:23.060 11693 11763 W SoLoader: 	at com.facebook.soloader.SoLoader.loadLibrary(SoLoader.java:802)
09-22 13:39:23.060 11693 11763 W SoLoader: 	at com.facebook.soloader.SoLoader.loadLibrary(SoLoader.java:772)
09-22 13:39:23.060 11693 11763 W SoLoader: 	at com.facebook.flipper.android.EventBase.<clinit>(EventBase.java:19)
09-22 13:39:23.060 11693 11763 W SoLoader: 	at com.facebook.flipper.android.FlipperThread.run(FlipperThread.java:25)
09-22 13:39:23.081 11693 11765 W unknown:InspectorPackagerConnection: Couldn't connect to packager, will silently retry
09-22 13:39:23.081 11693 11764 W unknown:ReconnectingWebSocket: Couldn't connect to "ws://localhost:8081/message?device=Android%20SDK%20built%20for%20arm64%20-%2010%20-%20API%2029&app=so.onekey.app.wallet.dev&clientid=BridgeDevSupportManager", will silently retry
09-22 13:39:23.089 11693 11763 D SoLoader: libflipper.so found on /data/app/so.onekey.app.wallet.dev-TuoWGKACrV7IwmP7Qprpyg==/base.apk!/lib/arm64-v8a
09-22 13:39:23.108 11693 11693 W .app.wallet.de: Accessing hidden field Landroid/view/View;->mKeyedTags:Landroid/util/SparseArray; (greylist, reflection, allowed)
09-22 13:39:23.109 11693 11693 W .app.wallet.de: Accessing hidden field Landroid/view/View;->mListenerInfo:Landroid/view/View$ListenerInfo; (greylist, reflection, allowed)
09-22 13:39:23.109 11693 11693 W .app.wallet.de: Accessing hidden field Landroid/view/View$ListenerInfo;->mOnClickListener:Landroid/view/View$OnClickListener; (greylist, reflection, allowed)
09-22 13:39:23.110 11693 11693 I flipper : flipper: FlipperClient::addPlugin Inspector
09-22 13:39:23.111 11693 11693 I flipper : flipper: FlipperClient::addPlugin Databases
09-22 13:39:23.111 11693 11693 I flipper : flipper: FlipperClient::addPlugin Preferences
09-22 13:39:23.111 11693 11693 I flipper : flipper: FlipperClient::addPlugin rn-perf-monitor
09-22 13:39:23.111 11693 11693 I flipper : flipper: FlipperClient::addPlugin CrashReporter
09-22 13:39:23.112 11693 11693 I flipper : flipper: FlipperClient::addPlugin Network
09-22 13:39:23.118 11693 11762 W .app.wallet.de: Accessing hidden method Landroid/app/AppGlobals;->getInitialApplication()Landroid/app/Application; (greylist, reflection, allowed)
09-22 13:39:23.122 11693 11693 I WebViewFactory: Loading com.google.android.webview version 91.0.4472.114 (code 447211484)
09-22 13:39:23.124 11693 11693 I .app.wallet.de: The ClassLoaderContext is a special shared library.
09-22 13:39:23.126 11693 11693 I .app.wallet.de: The ClassLoaderContext is a special shared library.
09-22 13:39:23.176 11693 11693 W .app.wallet.de: Accessing hidden method Landroid/os/Trace;->isTagEnabled(J)Z (greylist, reflection, allowed)
09-22 13:39:23.177 11693 11693 W .app.wallet.de: Accessing hidden method Landroid/os/Trace;->traceBegin(JLjava/lang/String;)V (greylist, reflection, allowed)
09-22 13:39:23.177 11693 11693 W .app.wallet.de: Accessing hidden method Landroid/os/Trace;->traceEnd(J)V (greylist, reflection, allowed)
09-22 13:39:23.177 11693 11693 W .app.wallet.de: Accessing hidden method Landroid/os/Trace;->asyncTraceBegin(JLjava/lang/String;I)V (greylist, reflection, allowed)
09-22 13:39:23.177 11693 11693 W .app.wallet.de: Accessing hidden method Landroid/os/Trace;->asyncTraceEnd(JLjava/lang/String;I)V (greylist, reflection, allowed)
09-22 13:39:23.191 11693 11693 I cr_LibraryLoader: Loaded native library version number "91.0.4472.114"
09-22 13:39:23.192 11693 11693 I cr_CachingUmaRecorder: Flushed 6 samples from 6 histograms.
09-22 13:39:23.293 11693 11829 W .app.wallet.de: Accessing hidden method Llibcore/io/Memory;->peekLong(JZ)J (greylist, reflection, allowed)
09-22 13:39:23.293 11693 11829 W .app.wallet.de: Accessing hidden method Llibcore/io/Memory;->pokeLong(JJZ)V (greylist, reflection, allowed)
09-22 13:39:23.293 11693 11829 W .app.wallet.de: Accessing hidden method Llibcore/io/Memory;->pokeInt(JIZ)V (greylist, reflection, allowed)
09-22 13:39:23.293 11693 11829 W .app.wallet.de: Accessing hidden method Llibcore/io/Memory;->peekInt(JZ)I (greylist, reflection, allowed)
09-22 13:39:23.293 11693 11829 W .app.wallet.de: Accessing hidden method Llibcore/io/Memory;->pokeByte(JB)V (greylist, reflection, allowed)
09-22 13:39:23.293 11693 11829 W .app.wallet.de: Accessing hidden method Llibcore/io/Memory;->peekByte(J)B (greylist, reflection, allowed)
09-22 13:39:23.293 11693 11829 W .app.wallet.de: Accessing hidden method Llibcore/io/Memory;->pokeByteArray(J[BII)V (greylist, reflection, allowed)
09-22 13:39:23.293 11693 11829 W .app.wallet.de: Accessing hidden method Llibcore/io/Memory;->peekByteArray(J[BII)V (greylist, reflection, allowed)
09-22 13:39:23.293 11693 11829 W .app.wallet.de: Accessing hidden method Lsun/misc/Unsafe;->objectFieldOffset(Ljava/lang/reflect/Field;)J (greylist,core-platform-api, reflection, allowed)
09-22 13:39:23.293 11693 11829 W .app.wallet.de: Accessing hidden method Lsun/misc/Unsafe;->getLong(Ljava/lang/Object;J)J (greylist,core-platform-api, reflection, allowed)
09-22 13:39:23.293 11693 11829 W .app.wallet.de: Accessing hidden field Ljava/nio/Buffer;->address:J (greylist, reflection, allowed)
09-22 13:39:23.293 11693 11829 W .app.wallet.de: Accessing hidden method Lsun/misc/Unsafe;->arrayBaseOffset(Ljava/lang/Class;)I (greylist,core-platform-api, reflection, allowed)
09-22 13:39:23.293 11693 11829 W .app.wallet.de: Accessing hidden method Lsun/misc/Unsafe;->arrayIndexScale(Ljava/lang/Class;)I (greylist, reflection, allowed)
09-22 13:39:23.293 11693 11829 W .app.wallet.de: Accessing hidden method Lsun/misc/Unsafe;->getInt(Ljava/lang/Object;J)I (greylist, reflection, allowed)
09-22 13:39:23.293 11693 11829 W .app.wallet.de: Accessing hidden method Lsun/misc/Unsafe;->putInt(Ljava/lang/Object;JI)V (greylist, reflection, allowed)
09-22 13:39:23.293 11693 11829 W .app.wallet.de: Accessing hidden method Lsun/misc/Unsafe;->getLong(Ljava/lang/Object;J)J (greylist,core-platform-api, reflection, allowed)
09-22 13:39:23.293 11693 11829 W .app.wallet.de: Accessing hidden method Lsun/misc/Unsafe;->putLong(Ljava/lang/Object;JJ)V (greylist, reflection, allowed)
09-22 13:39:23.293 11693 11829 W .app.wallet.de: Accessing hidden method Lsun/misc/Unsafe;->getObject(Ljava/lang/Object;J)Ljava/lang/Object; (greylist, reflection, allowed)
09-22 13:39:23.293 11693 11829 W .app.wallet.de: Accessing hidden method Lsun/misc/Unsafe;->putObject(Ljava/lang/Object;JLjava/lang/Object;)V (greylist, reflection, allowed)
09-22 13:39:23.295 11693 11753 D TestRequestBuilder: Using class path scanning to discover tests
09-22 13:39:23.295 11693 11753 I TestRequestBuilder: Scanning classpath to find tests in paths [/data/app/so.onekey.app.wallet.dev.test-FAUZ0WCQYhnKO8rNqPQ3-w==/base.apk]
09-22 13:39:23.296 11693 11753 W .app.wallet.de: Opening an oat file without a class loader. Are you using the deprecated DexFile APIs?
09-22 13:39:23.425 11693 11753 D AndroidJUnitRunner: Use the raw file system for managing file I/O.
09-22 13:39:23.426 11693 11753 D TestExecutor: Adding listener androidx.test.internal.runner.listener.LogRunListener
09-22 13:39:23.426 11693 11753 D TestExecutor: Adding listener androidx.test.internal.runner.listener.InstrumentationResultPrinter
09-22 13:39:23.426 11693 11753 D TestExecutor: Adding listener androidx.test.internal.runner.listener.ActivityFinisherRunListener
09-22 13:39:23.426 11693 11753 D TestExecutor: Adding listener androidx.test.internal.runner.listener.TraceRunListener
09-22 13:39:23.427 11693 11753 I TestRunner: run started: 1 tests
09-22 13:39:23.427 11693 11753 I TestRunner: started: runDetoxTests(so.onekey.app.wallet.DetoxTest)
09-22 13:39:23.433 11693 11753 D EventInjectionStrategy: Creating injection strategy with input manager.
09-22 13:39:23.433 11693 11753 W .app.wallet.de: Accessing hidden method Landroid/hardware/input/InputManager;->getInstance()Landroid/hardware/input/InputManager; (greylist, reflection, allowed)
09-22 13:39:23.433 11693 11753 W .app.wallet.de: Accessing hidden method Landroid/hardware/input/InputManager;->injectInputEvent(Landroid/view/InputEvent;I)Z (greylist, reflection, allowed)
09-22 13:39:23.433 11693 11753 W .app.wallet.de: Accessing hidden field Landroid/hardware/input/InputManager;->INJECT_INPUT_EVENT_MODE_WAIT_FOR_FINISH:I (greylist, reflection, allowed)
09-22 13:39:23.435 11693 11753 W .app.wallet.de: Accessing hidden field Ljava/lang/reflect/Field;->accessFlags:I (greylist, reflection, allowed)
09-22 13:39:23.452 11693 11693 W ActivityThread: handleWindowVisibility: no activity for token android.os.BinderProxy@73d8aa4
09-22 13:39:23.494 11693 11693 D LifecycleMonitor: Lifecycle status change: so.onekey.app.wallet.MainActivity@fa1e11a in: PRE_ON_CREATE
09-22 13:39:23.489 11693 11693 W RenderThread: type=1400 audit(0.0:76): avc: denied { write } for name="property_service" dev="tmpfs" ino=7379 scontext=u:r:untrusted_app:s0:c157,c256,c512,c768 tcontext=u:object_r:property_socket:s0 tclass=sock_file permissive=0
09-22 13:39:23.495 11693 11848 D libEGL  : Emulator has host GPU support, qemu.gles is set to 1.
09-22 13:39:23.495 11693 11848 W libc    : Unable to set property "qemu.gles" to "1": connection failed; errno=13 (Permission denied)
09-22 13:39:23.509 11693 11848 D libEGL  : loaded /vendor/lib64/egl/libEGL_emulation.so
09-22 13:39:23.513 11693 11848 D libEGL  : loaded /vendor/lib64/egl/libGLESv1_CM_emulation.so
09-22 13:39:23.515 11693 11848 D libEGL  : loaded /vendor/lib64/egl/libGLESv2_emulation.so
09-22 13:39:23.518 11693 11849 W .app.wallet.de: Accessing hidden method Lsun/misc/Unsafe;->getInt(Ljava/lang/Object;J)I (greylist, linking, allowed)
09-22 13:39:23.518 11693 11849 W .app.wallet.de: Accessing hidden method Lsun/misc/Unsafe;->getObject(Ljava/lang/Object;J)Ljava/lang/Object; (greylist, linking, allowed)
09-22 13:39:23.518 11693 11849 W .app.wallet.de: Accessing hidden method Lsun/misc/Unsafe;->putInt(Ljava/lang/Object;JI)V (greylist, linking, allowed)
09-22 13:39:23.518 11693 11849 W .app.wallet.de: Accessing hidden method Lsun/misc/Unsafe;->getLong(Ljava/lang/Object;J)J (greylist,core-platform-api, linking, allowed)
09-22 13:39:23.520 11693 11849 W .app.wallet.de: Accessing hidden method Lsun/misc/Unsafe;->putObject(Ljava/lang/Object;JLjava/lang/Object;)V (greylist, linking, allowed)
09-22 13:39:23.520 11693 11693 W .app.wallet.de: Accessing hidden method Landroid/view/View;->computeFitSystemWindows(Landroid/graphics/Rect;Landroid/graphics/Rect;)Z (greylist, reflection, allowed)
09-22 13:39:23.520 11693 11849 W .app.wallet.de: Accessing hidden method Lsun/misc/Unsafe;->putLong(Ljava/lang/Object;JJ)V (greylist, linking, allowed)
09-22 13:39:23.520 11693 11693 W .app.wallet.de: Accessing hidden method Landroid/view/ViewGroup;->makeOptionalFitsSystemWindows()V (greylist, reflection, allowed)
09-22 13:39:23.520 11693 11849 W .app.wallet.de: Accessing hidden method Lsun/misc/Unsafe;->getLong(Ljava/lang/Object;J)J (greylist,core-platform-api, linking, allowed)
09-22 13:39:23.521 11693 11849 W .app.wallet.de: Accessing hidden method Lsun/misc/Unsafe;->allocateInstance(Ljava/lang/Class;)Ljava/lang/Object; (greylist, linking, allowed)
09-22 13:39:23.521 11693 11693 D LifecycleMonitor: Lifecycle status change: so.onekey.app.wallet.MainActivity@fa1e11a in: CREATED
09-22 13:39:23.521 11693 11849 W .app.wallet.de: Accessing hidden method Llibcore/io/Memory;->pokeByte(JB)V (greylist, reflection, allowed)
09-22 13:39:23.521 11693 11849 W .app.wallet.de: Accessing hidden method Llibcore/io/Memory;->peekByte(J)B (greylist, reflection, allowed)
09-22 13:39:23.521 11693 11849 W .app.wallet.de: Accessing hidden method Lsun/misc/Unsafe;->getInt(Ljava/lang/Object;J)I (greylist, reflection, allowed)
09-22 13:39:23.521 11693 11849 W .app.wallet.de: Accessing hidden method Lsun/misc/Unsafe;->putInt(Ljava/lang/Object;JI)V (greylist, reflection, allowed)
09-22 13:39:23.521 11693 11849 W .app.wallet.de: Accessing hidden method Lsun/misc/Unsafe;->getLong(Ljava/lang/Object;J)J (greylist,core-platform-api, reflection, allowed)
09-22 13:39:23.521 11693 11849 W .app.wallet.de: Accessing hidden method Lsun/misc/Unsafe;->putLong(Ljava/lang/Object;JJ)V (greylist, reflection, allowed)
09-22 13:39:23.521 11693 11849 W .app.wallet.de: Accessing hidden method Lsun/misc/Unsafe;->getObject(Ljava/lang/Object;J)Ljava/lang/Object; (greylist, reflection, allowed)
09-22 13:39:23.521 11693 11849 W .app.wallet.de: Accessing hidden method Lsun/misc/Unsafe;->putObject(Ljava/lang/Object;JLjava/lang/Object;)V (greylist, reflection, allowed)
09-22 13:39:23.526 11693 11849 W .app.wallet.de: Accessing hidden method Lsun/misc/Unsafe;->getObject(Ljava/lang/Object;J)Ljava/lang/Object; (greylist, linking, allowed)
09-22 13:39:23.526 11693 11849 W .app.wallet.de: Accessing hidden method Lsun/misc/Unsafe;->putObject(Ljava/lang/Object;JLjava/lang/Object;)V (greylist, linking, allowed)
09-22 13:39:23.526 11693 11849 W unknown:ReactNative: The packager does not seem to be running as we got an IOException requesting its status: Failed to connect to localhost/127.0.0.1:8081
09-22 13:39:23.527 11693 11693 D LifecycleMonitor: Lifecycle status change: so.onekey.app.wallet.MainActivity@fa1e11a in: STARTED
09-22 13:39:23.529 11693 11693 D LifecycleMonitor: Lifecycle status change: so.onekey.app.wallet.MainActivity@fa1e11a in: RESUMED
09-22 13:39:23.547 11693 11850 W .app.wallet.de: Accessing hidden method Lsun/misc/Unsafe;->getObject(Ljava/lang/Object;J)Ljava/lang/Object; (greylist, linking, allowed)
09-22 13:39:23.547 11693 11850 W .app.wallet.de: Accessing hidden method Lsun/misc/Unsafe;->putObject(Ljava/lang/Object;JLjava/lang/Object;)V (greylist, linking, allowed)
09-22 13:39:23.547 11693 11850 W .app.wallet.de: Accessing hidden method Lsun/misc/Unsafe;->getInt(Ljava/lang/Object;J)I (greylist, linking, allowed)
09-22 13:39:23.547 11693 11850 W .app.wallet.de: Accessing hidden method Lsun/misc/Unsafe;->getObject(Ljava/lang/Object;J)Ljava/lang/Object; (greylist, linking, allowed)
09-22 13:39:23.547 11693 11850 W .app.wallet.de: Accessing hidden method Lsun/misc/Unsafe;->putInt(Ljava/lang/Object;JI)V (greylist, linking, allowed)
09-22 13:39:23.562 11693 11733 I FA      : Tag Manager is not found and thus will not be used
09-22 13:39:23.608 11693 11854 V SoLoader: libv8executor.so not found on /data/app/so.onekey.app.wallet.dev-TuoWGKACrV7IwmP7Qprpyg==/lib/arm64
09-22 13:39:23.609 11693 11693 W unknown:ReactNative: Packager connection already open, nooping.
09-22 13:39:23.609 11693 11854 W SoLoader: libv8executor.so not found on /data/app/so.onekey.app.wallet.dev.test-FAUZ0WCQYhnKO8rNqPQ3-w==/base.apk!/lib/arm64-v8a flag: 4
09-22 13:39:23.609 11693 11854 W SoLoader: java.lang.UnsatisfiedLinkError: dlopen failed: library "/data/app/so.onekey.app.wallet.dev.test-FAUZ0WCQYhnKO8rNqPQ3-w==/base.apk!/lib/arm64-v8a/libv8executor.so" not found
09-22 13:39:23.609 11693 11854 W SoLoader: 	at java.lang.Runtime.load0(Runtime.java:938)
09-22 13:39:23.609 11693 11854 W SoLoader: 	at java.lang.System.load(System.java:1631)
09-22 13:39:23.609 11693 11854 W SoLoader: 	at com.facebook.soloader.SoLoader$1.load(SoLoader.java:558)
09-22 13:39:23.609 11693 11854 W SoLoader: 	at com.facebook.soloader.DirectApkSoSource.loadLibrary(DirectApkSoSource.java:81)
09-22 13:39:23.609 11693 11854 W SoLoader: 	at com.facebook.soloader.SoLoader.doLoadLibraryBySoName(SoLoader.java:1067)
09-22 13:39:23.609 11693 11854 W SoLoader: 	at com.facebook.soloader.SoLoader.loadLibraryBySoNameImpl(SoLoader.java:943)
09-22 13:39:23.609 11693 11854 W SoLoader: 	at com.facebook.soloader.SoLoader.loadLibraryBySoName(SoLoader.java:855)
09-22 13:39:23.609 11693 11854 W SoLoader: 	at com.facebook.soloader.SoLoader.loadLibrary(SoLoader.java:802)
09-22 13:39:23.609 11693 11854 W SoLoader: 	at com.facebook.soloader.SoLoader.loadLibrary(SoLoader.java:772)
09-22 13:39:23.609 11693 11854 W SoLoader: 	at io.csie.kudo.reactnative.v8.executor.V8Executor.<clinit>(V8Executor.java:22)
09-22 13:39:23.609 11693 11854 W SoLoader: 	at io.csie.kudo.reactnative.v8.executor.V8ExecutorFactory.create(V8ExecutorFactory.java:50)
09-22 13:39:23.609 11693 11854 W SoLoader: 	at com.facebook.react.ReactInstanceManager$5.run(ReactInstanceManager.java:1110)
09-22 13:39:23.609 11693 11854 W SoLoader: 	at java.lang.Thread.run(Thread.java:919)
09-22 13:39:23.610 11693 11693 W .app.wallet.de: Accessing hidden method Landroid/view/WindowInsets$Type;->ime()I (blacklist, linking, denied)
09-22 13:39:23.617 11693 11854 W linker  : Warning: "/data/app/so.onekey.app.wallet.dev-TuoWGKACrV7IwmP7Qprpyg==/base.apk!/lib/arm64-v8a/libruntimeexecutor.so" unused DT entry: unknown processor-specific (type 0x70000001 arg 0x0) (ignoring)
09-22 13:39:23.618 11693 11854 I chatty  : uid=10157(so.onekey.app.wallet.dev) create_react_co identical 1 line
09-22 13:39:23.618 11693 11854 W linker  : Warning: "/data/app/so.onekey.app.wallet.dev-TuoWGKACrV7IwmP7Qprpyg==/base.apk!/lib/arm64-v8a/libruntimeexecutor.so" unused DT entry: unknown processor-specific (type 0x70000001 arg 0x0) (ignoring)
09-22 13:39:23.631 11693 11854 D SoLoader: libv8executor.so found on /data/app/so.onekey.app.wallet.dev-TuoWGKACrV7IwmP7Qprpyg==/base.apk!/lib/arm64-v8a
09-22 13:39:23.632 11693 11846 D HostConnection: HostConnection::get() New Host Connection established 0x703a157d60, tid 11846
09-22 13:39:23.632 11693 11846 D HostConnection: HostComposition ext ANDROID_EMU_CHECKSUM_HELPER_v1 ANDROID_EMU_native_sync_v2 ANDROID_EMU_native_sync_v3 ANDROID_EMU_native_sync_v4 ANDROID_EMU_dma_v1 ANDROID_EMU_direct_mem ANDROID_EMU_vulkan ANDROID_EMU_deferred_vulkan_commands ANDROID_EMU_vulkan_null_optional_strings ANDROID_EMU_vulkan_create_resources_with_requirements ANDROID_EMU_YUV_Cache ANDROID_EMU_vulkan_ignored_handles ANDROID_EMU_vulkan_free_memory_sync ANDROID_EMU_vulkan_shader_float16_int8 ANDROID_EMU_vulkan_async_queue_submit ANDROID_EMU_sync_buffer_data ANDROID_EMU_vulkan_async_qsri GL_OES_EGL_image_external_essl3 GL_OES_vertex_array_object GL_KHR_texture_compression_astc_ldr ANDROID_EMU_host_side_tracing ANDROID_EMU_gles_max_version_3_0 
09-22 13:39:23.635 11693 11846 W OpenGLRenderer: Failed to choose config with EGL_SWAP_BEHAVIOR_PRESERVED, retrying without...
09-22 13:39:23.636 11693 11846 D EGL_emulation: eglCreateContext: 0x703a158800: maj 3 min 0 rcv 3
09-22 13:39:23.636 11693 11846 D EGL_emulation: eglMakeCurrent: 0x703a158800: ver 3 0 (tinfo 0x7039eb7580)
09-22 13:39:23.637 11693 11854 V AsyncStorageExpoMigration: No scoped database found
09-22 13:39:23.639 11693 11846 W Gralloc3: mapper 3.x is not supported
09-22 13:39:23.642 11693 11846 D HostConnection: createUnique: call
09-22 13:39:23.642 11693 11846 D HostConnection: HostConnection::get() New Host Connection established 0x703a158940, tid 11846
09-22 13:39:23.642 11693 11846 D HostConnection: HostComposition ext ANDROID_EMU_CHECKSUM_HELPER_v1 ANDROID_EMU_native_sync_v2 ANDROID_EMU_native_sync_v3 ANDROID_EMU_native_sync_v4 ANDROID_EMU_dma_v1 ANDROID_EMU_direct_mem ANDROID_EMU_vulkan ANDROID_EMU_deferred_vulkan_commands ANDROID_EMU_vulkan_null_optional_strings ANDROID_EMU_vulkan_create_resources_with_requirements ANDROID_EMU_YUV_Cache ANDROID_EMU_vulkan_ignored_handles ANDROID_EMU_vulkan_free_memory_sync ANDROID_EMU_vulkan_shader_float16_int8 ANDROID_EMU_vulkan_async_queue_submit ANDROID_EMU_sync_buffer_data ANDROID_EMU_vulkan_async_qsri GL_OES_EGL_image_external_essl3 GL_OES_vertex_array_object GL_KHR_texture_compression_astc_ldr ANDROID_EMU_host_side_tracing ANDROID_EMU_gles_max_version_3_0 
09-22 13:39:23.642 11693 11846 D eglCodecCommon: allocate: Ask for block of size 0x1000
09-22 13:39:23.642 11693 11846 D eglCodecCommon: allocate: ioctl allocate returned offset 0x1fffe0000 size 0x8000
09-22 13:39:23.644 11693 11846 D EGL_emulation: eglMakeCurrent: 0x703a158800: ver 3 0 (tinfo 0x7039eb7580)
09-22 13:39:23.710 11693 11753 I Detox   : Detox server connection details: url=ws://localhost:53284, sessionId=db4788e7-b760-4a42-52db-806a8e57ce5a
09-22 13:39:23.725 11693 11865 I DetoxDispatcher: Handling action '_init' (ID #0)...
09-22 13:39:23.725 11693 11865 I Detox   : Connecting to server...
09-22 13:39:23.725 11693 11865 I DetoxWSClient: At connectToServer
09-22 13:39:23.732 11693 11854 I ExpoModulesCore: ✅ AppContext was initialized
09-22 13:39:23.745 11693 11854 D ReactNativeBleManager: BleManager created
09-22 13:39:23.770 11693 11693 D InstallReferrerState: OK
09-22 13:39:23.773 11693 11867 D DetoxWSClient: At onOpen
09-22 13:39:23.773 11693 11867 I DetoxWSClient: Sending out action 'login' (ID #0)
09-22 13:39:23.774 11693 11867 I Detox   : Connected to server!
09-22 13:39:23.780 11693 11867 D DetoxWSClient: Received action 'loginSuccess' (ID #0, params={"testerConnected":true,"appConnected":true})
09-22 13:39:23.786 11693 11854 V SoLoader: libreactnativejni.so not found on /data/app/so.onekey.app.wallet.dev-TuoWGKACrV7IwmP7Qprpyg==/lib/arm64
09-22 13:39:23.789 11693 11854 W SoLoader: libreactnativejni.so not found on /data/app/so.onekey.app.wallet.dev.test-FAUZ0WCQYhnKO8rNqPQ3-w==/base.apk!/lib/arm64-v8a flag: 4
09-22 13:39:23.789 11693 11854 W SoLoader: java.lang.UnsatisfiedLinkError: dlopen failed: library "/data/app/so.onekey.app.wallet.dev.test-FAUZ0WCQYhnKO8rNqPQ3-w==/base.apk!/lib/arm64-v8a/libreactnativejni.so" not found
09-22 13:39:23.789 11693 11854 W SoLoader: 	at java.lang.Runtime.load0(Runtime.java:938)
09-22 13:39:23.789 11693 11854 W SoLoader: 	at java.lang.System.load(System.java:1631)
09-22 13:39:23.789 11693 11854 W SoLoader: 	at com.facebook.soloader.SoLoader$1.load(SoLoader.java:558)
09-22 13:39:23.789 11693 11854 W SoLoader: 	at com.facebook.soloader.DirectApkSoSource.loadLibrary(DirectApkSoSource.java:81)
09-22 13:39:23.789 11693 11854 W SoLoader: 	at com.facebook.soloader.SoLoader.doLoadLibraryBySoName(SoLoader.java:1067)
09-22 13:39:23.789 11693 11854 W SoLoader: 	at com.facebook.soloader.SoLoader.loadLibraryBySoNameImpl(SoLoader.java:943)
09-22 13:39:23.789 11693 11854 W SoLoader: 	at com.facebook.soloader.SoLoader.loadLibraryBySoName(SoLoader.java:855)
09-22 13:39:23.789 11693 11854 W SoLoader: 	at com.facebook.soloader.SoLoader.loadLibrary(SoLoader.java:802)
09-22 13:39:23.789 11693 11854 W SoLoader: 	at com.facebook.soloader.SoLoader.loadLibrary(SoLoader.java:772)
09-22 13:39:23.789 11693 11854 W SoLoader: 	at com.facebook.react.bridge.ReactBridge.staticInit(ReactBridge.java:34)
09-22 13:39:23.789 11693 11854 W SoLoader: 	at com.facebook.react.bridge.CatalystInstanceImpl.<clinit>(CatalystInstanceImpl.java:49)
09-22 13:39:23.789 11693 11854 W SoLoader: 	at com.facebook.react.bridge.CatalystInstanceImpl$Builder.build(CatalystInstanceImpl.java:705)
09-22 13:39:23.789 11693 11854 W SoLoader: 	at com.facebook.react.ReactInstanceManager.createReactContext(ReactInstanceManager.java:1353)
09-22 13:39:23.789 11693 11854 W SoLoader: 	at com.facebook.react.ReactInstanceManager.access$1200(ReactInstanceManager.java:135)
09-22 13:39:23.789 11693 11854 W SoLoader: 	at com.facebook.react.ReactInstanceManager$5.run(ReactInstanceManager.java:1109)
09-22 13:39:23.789 11693 11854 W SoLoader: 	at java.lang.Thread.run(Thread.java:919)
09-22 13:39:23.793 11693 11854 D SoLoader: libreactnativejni.so found on /data/app/so.onekey.app.wallet.dev-TuoWGKACrV7IwmP7Qprpyg==/base.apk!/lib/arm64-v8a
09-22 13:39:23.811 11693 11854 W unknown:ReactContext: initializeMessageQueueThreads() is called.
09-22 13:39:23.820 11693 11867 D DetoxWSClient: Received action 'isReady' (ID #-1000, params={})
09-22 13:39:24.008 11693 11693 W unknown:ReactNative: Packager connection already open, nooping.
09-22 13:39:24.048 11693 11880 I .app.wallet.de: Waiting for a blocking GC ClassLinker
09-22 13:39:24.049 11693 11879 I ReactNativeJNI: Cannot load codecache file: /data/user/0/so.onekey.app.wallet.dev/code_cache/index.android.bundle
09-22 13:39:24.073 11693 11880 I .app.wallet.de: WaitForGcToComplete blocked ClassLinker on ClassLinker for 25.504ms
09-22 13:39:24.076 11693 11880 W unknown:ViewManagerPropertyUpdater: Could not find generated setter for class com.facebook.react.views.drawer.ReactDrawerLayoutManager
09-22 13:39:24.080 11693 11880 W unknown:ViewManagerPropertyUpdater: Could not find generated setter for class com.facebook.react.uimanager.LayoutShadowNode
09-22 13:39:24.082 11693 11880 W unknown:ViewManagerPropertyUpdater: Could not find generated setter for class com.facebook.react.views.scroll.ReactHorizontalScrollViewManager
09-22 13:39:24.083 11693 11880 W unknown:ViewManagerPropertyUpdater: Could not find generated setter for class com.facebook.react.views.scroll.ReactHorizontalScrollContainerViewManager
09-22 13:39:24.083 11693 11880 W unknown:ViewManagerPropertyUpdater: Could not find generated setter for class com.facebook.react.views.progressbar.ReactProgressBarViewManager
09-22 13:39:24.084 11693 11880 W unknown:ViewManagerPropertyUpdater: Could not find generated setter for class com.facebook.react.views.progressbar.ProgressBarShadowNode
09-22 13:39:24.084 11693 11880 W unknown:ViewManagerPropertyUpdater: Could not find generated setter for class com.facebook.react.views.scroll.ReactScrollViewManager
09-22 13:39:24.085 11693 11880 W unknown:ViewManagerPropertyUpdater: Could not find generated setter for class com.facebook.react.views.slider.ReactSliderManager
09-22 13:39:24.086 11693 11880 W unknown:ViewManagerPropertyUpdater: Could not find generated setter for class com.facebook.react.views.slider.ReactSliderManager$ReactSliderShadowNode
09-22 13:39:24.086 11693 11880 W unknown:ViewManagerPropertyUpdater: Could not find generated setter for class com.facebook.react.views.switchview.ReactSwitchManager
09-22 13:39:24.086 11693 11880 W unknown:ViewManagerPropertyUpdater: Could not find generated setter for class com.facebook.react.views.switchview.ReactSwitchManager$ReactSwitchShadowNode
09-22 13:39:24.087 11693 11880 W unknown:ViewManagerPropertyUpdater: Could not find generated setter for class com.facebook.react.views.swiperefresh.SwipeRefreshLayoutManager
09-22 13:39:24.087 11693 11880 W unknown:ViewManagerPropertyUpdater: Could not find generated setter for class com.facebook.react.views.text.frescosupport.FrescoBasedReactTextInlineImageViewManager
09-22 13:39:24.087 11693 11880 W unknown:ViewManagerPropertyUpdater: Could not find generated setter for class com.facebook.react.views.text.frescosupport.FrescoBasedReactTextInlineImageShadowNode
09-22 13:39:24.088 11693 11880 W unknown:ViewManagerPropertyUpdater: Could not find generated setter for class com.facebook.react.views.image.ReactImageManager
09-22 13:39:24.088 11693 11880 W unknown:ViewManagerPropertyUpdater: Could not find generated setter for class com.facebook.react.views.modal.ReactModalHostManager
09-22 13:39:24.089 11693 11880 W unknown:ViewManagerPropertyUpdater: Could not find generated setter for class com.facebook.react.views.modal.ModalHostShadowNode
09-22 13:39:24.089 11693 11880 W unknown:ViewManagerPropertyUpdater: Could not find generated setter for class com.facebook.react.views.text.ReactRawTextManager
09-22 13:39:24.089 11693 11880 W unknown:ViewManagerPropertyUpdater: Could not find generated setter for class com.facebook.react.views.text.ReactRawTextShadowNode
09-22 13:39:24.089 11693 11880 W unknown:ViewManagerPropertyUpdater: Could not find generated setter for class com.facebook.react.views.textinput.ReactTextInputManager
09-22 13:39:24.091 11693 11880 W unknown:ViewManagerPropertyUpdater: Could not find generated setter for class com.facebook.react.views.textinput.ReactTextInputShadowNode
09-22 13:39:24.091 11693 11880 W unknown:ViewManagerPropertyUpdater: Could not find generated setter for class com.facebook.react.views.text.ReactTextViewManager
09-22 13:39:24.091 11693 11880 W unknown:ViewManagerPropertyUpdater: Could not find generated setter for class com.facebook.react.views.text.ReactTextShadowNode
09-22 13:39:24.092 11693 11880 W unknown:ViewManagerPropertyUpdater: Could not find generated setter for class com.facebook.react.views.view.ReactViewManager
09-22 13:39:24.092 11693 11880 W unknown:ViewManagerPropertyUpdater: Could not find generated setter for class com.facebook.react.views.text.ReactVirtualTextViewManager
09-22 13:39:24.092 11693 11880 W unknown:ViewManagerPropertyUpdater: Could not find generated setter for class com.facebook.react.views.text.ReactVirtualTextShadowNode
09-22 13:39:24.092 11693 11880 W unknown:ViewManagerPropertyUpdater: Could not find generated setter for class com.facebook.react.views.unimplementedview.ReactUnimplementedViewManager
09-22 13:39:24.093 11693 11880 W unknown:ViewManagerPropertyUpdater: Could not find generated setter for class com.reactnativegooglesignin.RNGoogleSigninButtonViewManager
09-22 13:39:24.093 11693 11880 W unknown:ViewManagerPropertyUpdater: Could not find generated setter for class com.reactnativecommunity.slider.ReactSliderManager
09-22 13:39:24.094 11693 11880 W unknown:ViewManagerPropertyUpdater: Could not find generated setter for class com.reactnativecommunity.slider.ReactSliderManager$ReactSliderShadowNode
09-22 13:39:24.094 11693 11880 W unknown:ViewManagerPropertyUpdater: Could not find generated setter for class expo.modules.kotlin.views.GroupViewManagerWrapper
09-22 13:39:24.094 11693 11880 W unknown:ViewManagerPropertyUpdater: Could not find generated setter for class expo.modules.kotlin.views.SimpleViewManagerWrapper
09-22 13:39:24.095 11693 11880 W unknown:ViewManagerPropertyUpdater: Could not find generated setter for class com.airbnb.android.react.lottie.LottieAnimationViewManager
09-22 13:39:24.095 11693 11880 W unknown:ViewManagerPropertyUpdater: Could not find generated setter for class com.rncamerakit.CKCameraManager
09-22 13:39:24.095 11693 11880 W unknown:ViewManagerPropertyUpdater: Could not find generated setter for class com.dylanvann.fastimage.FastImageViewManager
09-22 13:39:24.095 11693 11880 W unknown:ViewManagerPropertyUpdater: Could not find generated setter for class com.swmansion.gesturehandler.react.RNGestureHandlerRootViewManager
09-22 13:39:24.095 11693 11880 W unknown:ViewManagerPropertyUpdater: Could not find generated setter for class com.swmansion.gesturehandler.react.RNGestureHandlerButtonViewManager
09-22 13:39:24.096 11693 11880 W unknown:ViewManagerPropertyUpdater: Could not find generated setter for class com.rnnestedscrollview.ReactNestedScrollViewManager
09-22 13:39:24.096 11693 11880 W unknown:ViewManagerPropertyUpdater: Could not find generated setter for class com.rnnestedscrollview.ReactHorizontalNestedScrollViewManager
09-22 13:39:24.097 11693 11880 W unknown:ViewManagerPropertyUpdater: Could not find generated setter for class com.rnnestedscrollview.ReactHorizontalNestedScrollContainerViewManager
09-22 13:39:24.097 11693 11880 W unknown:ViewManagerPropertyUpdater: Could not find generated setter for class com.reactnativepagerview.PagerViewViewManager
09-22 13:39:24.097 11693 11880 W unknown:ViewManagerPropertyUpdater: Could not find generated setter for class com.th3rdwave.safeareacontext.SafeAreaProviderManager
09-22 13:39:24.097 11693 11880 W unknown:ViewManagerPropertyUpdater: Could not find generated setter for class com.th3rdwave.safeareacontext.SafeAreaViewManager
09-22 13:39:24.097 11693 11880 W unknown:ViewManagerPropertyUpdater: Could not find generated setter for class com.th3rdwave.safeareacontext.SafeAreaViewShadowNode
09-22 13:39:24.098 11693 11880 W unknown:ViewManagerPropertyUpdater: Could not find generated setter for class com.swmansion.rnscreens.ScreenContainerViewManager
09-22 13:39:24.098 11693 11880 W unknown:ViewManagerPropertyUpdater: Could not find generated setter for class com.swmansion.rnscreens.ScreenViewManager
09-22 13:39:24.098 11693 11880 W unknown:ViewManagerPropertyUpdater: Could not find generated setter for class com.swmansion.rnscreens.ScreenStackViewManager
09-22 13:39:24.098 11693 11880 W unknown:ViewManagerPropertyUpdater: Could not find generated setter for class com.swmansion.rnscreens.ScreenStackHeaderConfigViewManager
09-22 13:39:24.098 11693 11880 W unknown:ViewManagerPropertyUpdater: Could not find generated setter for class com.swmansion.rnscreens.ScreenStackHeaderSubviewManager
09-22 13:39:24.098 11693 11880 W unknown:ViewManagerPropertyUpdater: Could not find generated setter for class com.swmansion.rnscreens.SearchBarManager
09-22 13:39:24.099 11693 11880 W unknown:ViewManagerPropertyUpdater: Could not find generated setter for class com.horcrux.svg.RenderableViewManager$DefsViewManager
09-22 13:39:24.099 11693 11880 W unknown:ViewManagerPropertyUpdater: Could not find generated setter for class com.horcrux.svg.VirtualViewManager$RenderableShadowNode
09-22 13:39:24.099 11693 11880 W unknown:ViewManagerPropertyUpdater: Could not find generated setter for class com.horcrux.svg.RenderableViewManager$MarkerManager
09-22 13:39:24.100 11693 11880 W unknown:ViewManagerPropertyUpdater: Could not find generated setter for class com.horcrux.svg.RenderableViewManager$ForeignObjectManager
09-22 13:39:24.101 11693 11880 W unknown:ViewManagerPropertyUpdater: Could not find generated setter for class com.horcrux.svg.RenderableViewManager$EllipseViewManager
09-22 13:39:24.101 11693 11880 W unknown:ViewManagerPropertyUpdater: Could not find generated setter for class com.horcrux.svg.RenderableViewManager$LineViewManager
09-22 13:39:24.101 11693 11880 W unknown:ViewManagerPropertyUpdater: Could not find generated setter for class com.horcrux.svg.RenderableViewManager$LinearGradientManager
09-22 13:39:24.102 11693 11880 W unknown:ViewManagerPropertyUpdater: Could not find generated setter for class com.horcrux.svg.RenderableViewManager$GroupViewManager
09-22 13:39:24.102 11693 11880 W unknown:ViewManagerPropertyUpdater: Could not find generated setter for class com.horcrux.svg.RenderableViewManager$TextViewManager
09-22 13:39:24.103 11693 11880 W unknown:ViewManagerPropertyUpdater: Could not find generated setter for class com.horcrux.svg.RenderableViewManager$ImageViewManager
09-22 13:39:24.103 11693 11880 W unknown:ViewManagerPropertyUpdater: Could not find generated setter for class com.horcrux.svg.RenderableViewManager$ClipPathViewManager
09-22 13:39:24.104 11693 11880 W unknown:ViewManagerPropertyUpdater: Could not find generated setter for class com.horcrux.svg.RenderableViewManager$RadialGradientManager
09-22 13:39:24.104 11693 11880 W unknown:ViewManagerPropertyUpdater: Could not find generated setter for class com.horcrux.svg.RenderableViewManager$MaskManager
09-22 13:39:24.105 11693 11880 W unknown:ViewManagerPropertyUpdater: Could not find generated setter for class com.horcrux.svg.RenderableViewManager$SymbolManager
09-22 13:39:24.106 11693 11880 W unknown:ViewManagerPropertyUpdater: Could not find generated setter for class com.horcrux.svg.RenderableViewManager$PatternManager
09-22 13:39:24.107 11693 11880 W unknown:ViewManagerPropertyUpdater: Could not find generated setter for class com.horcrux.svg.RenderableViewManager$RectViewManager
09-22 13:39:24.111 11693 11880 W unknown:ViewManagerPropertyUpdater: Could not find generated setter for class com.horcrux.svg.RenderableViewManager$TextPathViewManager
09-22 13:39:24.112 11693 11880 W unknown:ViewManagerPropertyUpdater: Could not find generated setter for class com.horcrux.svg.SvgViewManager
09-22 13:39:24.113 11693 11880 W unknown:ViewManagerPropertyUpdater: Could not find generated setter for class com.horcrux.svg.RenderableViewManager$PathViewManager
09-22 13:39:24.113 11693 11880 W unknown:ViewManagerPropertyUpdater: Could not find generated setter for class com.horcrux.svg.RenderableViewManager$UseViewManager
09-22 13:39:24.113 11693 11880 W unknown:ViewManagerPropertyUpdater: Could not find generated setter for class com.horcrux.svg.RenderableViewManager$CircleViewManager
09-22 13:39:24.114 11693 11880 W unknown:ViewManagerPropertyUpdater: Could not find generated setter for class com.horcrux.svg.RenderableViewManager$TSpanViewManager
09-22 13:39:24.114 11693 11880 W unknown:ViewManagerPropertyUpdater: Could not find generated setter for class com.reactnativecommunity.webview.RNCWebViewManager
09-22 13:39:24.116 11693 11880 W unknown:ViewManagerPropertyUpdater: Could not find generated setter for class so.onekey.app.wallet.viewManager.homePage.HomePageManager
09-22 13:39:24.121 11693 11880 W unknown:ReactContext: initializeMessageQueueThreads() is called.
09-22 13:39:24.122 11693 11880 V SoLoader: libyoga.so not found on /data/app/so.onekey.app.wallet.dev-TuoWGKACrV7IwmP7Qprpyg==/lib/arm64
09-22 13:39:24.127 11693 11880 W SoLoader: libyoga.so not found on /data/app/so.onekey.app.wallet.dev.test-FAUZ0WCQYhnKO8rNqPQ3-w==/base.apk!/lib/arm64-v8a flag: 4
09-22 13:39:24.127 11693 11880 W SoLoader: java.lang.UnsatisfiedLinkError: dlopen failed: library "/data/app/so.onekey.app.wallet.dev.test-FAUZ0WCQYhnKO8rNqPQ3-w==/base.apk!/lib/arm64-v8a/libyoga.so" not found
09-22 13:39:24.127 11693 11880 W SoLoader: 	at java.lang.Runtime.load0(Runtime.java:938)
09-22 13:39:24.127 11693 11880 W SoLoader: 	at java.lang.System.load(System.java:1631)
09-22 13:39:24.127 11693 11880 W SoLoader: 	at com.facebook.soloader.SoLoader$1.load(SoLoader.java:558)
09-22 13:39:24.127 11693 11880 W SoLoader: 	at com.facebook.soloader.DirectApkSoSource.loadLibrary(DirectApkSoSource.java:81)
09-22 13:39:24.127 11693 11880 W SoLoader: 	at com.facebook.soloader.SoLoader.doLoadLibraryBySoName(SoLoader.java:1067)
09-22 13:39:24.127 11693 11880 W SoLoader: 	at com.facebook.soloader.SoLoader.loadLibraryBySoNameImpl(SoLoader.java:943)
09-22 13:39:24.127 11693 11880 W SoLoader: 	at com.facebook.soloader.SoLoader.loadLibraryBySoName(SoLoader.java:855)
09-22 13:39:24.127 11693 11880 W SoLoader: 	at com.facebook.soloader.SoLoader.loadLibrary(SoLoader.java:802)
09-22 13:39:24.127 11693 11880 W SoLoader: 	at com.facebook.soloader.SoLoader.loadLibrary(SoLoader.java:772)
09-22 13:39:24.127 11693 11880 W SoLoader: 	at com.facebook.yoga.YogaNative.<clinit>(YogaNative.java:16)
09-22 13:39:24.127 11693 11880 W SoLoader: 	at com.facebook.yoga.YogaNative.jni_YGConfigNewJNI(Native Method)
09-22 13:39:24.127 11693 11880 W SoLoader: 	at com.facebook.yoga.YogaConfigJNIBase.<init>(YogaConfigJNIBase.java:23)
09-22 13:39:24.127 11693 11880 W SoLoader: 	at com.facebook.yoga.YogaConfigJNIFinalizer.<init>(YogaConfigJNIFinalizer.java:12)
09-22 13:39:24.127 11693 11880 W SoLoader: 	at com.facebook.yoga.YogaConfigFactory.create(YogaConfigFactory.java:12)
09-22 13:39:24.127 11693 11880 W SoLoader: 	at com.facebook.react.uimanager.ReactYogaConfigProvider.get(ReactYogaConfigProvider.java:19)
09-22 13:39:24.127 11693 11880 W SoLoader: 	at com.facebook.react.uimanager.ReactShadowNodeImpl.<clinit>(ReactShadowNodeImpl.java:62)
09-22 13:39:24.127 11693 11880 W SoLoader: 	at com.facebook.react.uimanager.UIImplementation.createRootShadowNode(UIImplementation.java:96)
09-22 13:39:24.127 11693 11880 W SoLoader: 	at com.facebook.react.uimanager.UIImplementation.registerRootView(UIImplementation.java:150)
09-22 13:39:24.127 11693 11880 W SoLoader: 	at com.facebook.react.uimanager.UIManagerModule.addRootView(UIManagerModule.java:405)
