09-22 13:39:24.127 11693 11880 W SoLoader: 	at com.facebook.react.ReactInstanceManager.attachRootViewToInstance(ReactInstanceManager.java:1267)
09-22 13:39:24.127 11693 11880 W SoLoader: 	at com.facebook.react.ReactInstanceManager.setupReactContext(ReactInstanceManager.java:1183)
09-22 13:39:24.127 11693 11880 W SoLoader: 	at com.facebook.react.ReactInstanceManager.access$1600(ReactInstanceManager.java:135)
09-22 13:39:24.127 11693 11880 W SoLoader: 	at com.facebook.react.ReactInstanceManager$5$2.run(ReactInstanceManager.java:1137)
09-22 13:39:24.127 11693 11880 W SoLoader: 	at android.os.Handler.handleCallback(Handler.java:883)
09-22 13:39:24.127 11693 11880 W SoLoader: 	at android.os.Handler.dispatchMessage(Handler.java:100)
09-22 13:39:24.127 11693 11880 W SoLoader: 	at com.facebook.react.bridge.queue.MessageQueueThreadHandler.dispatchMessage(MessageQueueThreadHandler.java:27)
09-22 13:39:24.127 11693 11880 W SoLoader: 	at android.os.Looper.loop(Looper.java:214)
09-22 13:39:24.127 11693 11880 W SoLoader: 	at com.facebook.react.bridge.queue.MessageQueueThreadImpl$4.run(MessageQueueThreadImpl.java:228)
09-22 13:39:24.127 11693 11880 W SoLoader: 	at java.lang.Thread.run(Thread.java:919)
09-22 13:39:24.136 11693 11880 D SoLoader: libyoga.so found on /data/app/so.onekey.app.wallet.dev-TuoWGKACrV7IwmP7Qprpyg==/base.apk!/lib/arm64-v8a
09-22 13:39:24.152 11693 11864 I .app.wallet.de: Waiting for a blocking GC ClassLinker
09-22 13:39:24.152 11693 11693 D DetoxRNLoading: Listener-proxy method called: onReactContextInitialized
09-22 13:39:24.152 11693 11693 I DetoxRNLoading: Got new RN-context async'ly through listener
09-22 13:39:24.152 11693 11693 D DetoxRNLoading: Listener-proxy method called: equals
09-22 13:39:24.153 11693 11865 I DetoxRNIdleRes: Setting up Espresso Idling Resources for React Native
09-22 13:39:24.179 11693 11865 D AsyncStorageIR: Checking whether a custom IR for Async-Storage is required... (legacy=false)
09-22 13:39:24.179 11693 11865 D AsyncStorageIR: IR for Async-Storage is required! (legacy=false)
09-22 13:39:24.179 11693 11865 D AsyncStorageIR: Checking whether a custom IR for Async-Storage is required... (legacy=true)
09-22 13:39:24.179 11693 11865 D DetoxRNHelpers: Native RN module resolution (class com.facebook.react.modules.storage.AsyncStorageModule): no such class
09-22 13:39:24.180 11693 11693 D AsyncStorageIR: Async-storage is busy!
09-22 13:39:24.182 11693 11865 I DetoxDispatcher: Done with action '_init'
09-22 13:39:24.182 11693 11865 I DetoxDispatcher: Handling action 'isReady' (ID #-1000)...
09-22 13:39:24.185 11693 11864 I .app.wallet.de: WaitForGcToComplete blocked ClassLinker on ClassLinker for 32.691ms
09-22 13:39:24.185 11693 11693 W .app.wallet.de: Accessing hidden method Landroid/os/MessageQueue;->next()Landroid/os/Message; (greylist, reflection, allowed)
09-22 13:39:24.185 11693 11693 W .app.wallet.de: Accessing hidden field Landroid/os/MessageQueue;->mMessages:Landroid/os/Message; (greylist, reflection, allowed)
09-22 13:39:24.185 11693 11693 W .app.wallet.de: Accessing hidden method Landroid/os/Message;->recycleUnchecked()V (greylist, reflection, allowed)
09-22 13:39:24.186 11693 11693 V NFC     : this device does not have NFC support
09-22 13:39:24.186 11693 11693 D OKLiteManager: NFC starting success
09-22 13:39:24.209 11693 11880 I flipper : flipper: FlipperClient::addPlugin Fresco
09-22 13:39:25.137 11693 11749 E FirebaseMessaging: Topic sync or token retrieval failed on hard failure exceptions: java.util.concurrent.ExecutionException: java.io.IOException: SERVICE_NOT_AVAILABLE. Won't retry the operation.
09-22 13:39:25.539 11693 11693 W UiControllerImpl: Waiting for: DYNAMIC_TASKS_HAVE_IDLED for 100 iterations.
09-22 13:39:25.899 11693 11879 I v8      : index.android.bundle:23253773: Invalid asm.js: Type mismatch in assignment
09-22 13:39:26.014 11693 11879 V SoLoader: libexpo-modules-core.so not found on /data/app/so.onekey.app.wallet.dev-TuoWGKACrV7IwmP7Qprpyg==/lib/arm64
09-22 13:39:26.019 11693 11879 W SoLoader: libexpo-modules-core.so not found on /data/app/so.onekey.app.wallet.dev.test-FAUZ0WCQYhnKO8rNqPQ3-w==/base.apk!/lib/arm64-v8a flag: 4
09-22 13:39:26.019 11693 11879 W SoLoader: java.lang.UnsatisfiedLinkError: dlopen failed: library "/data/app/so.onekey.app.wallet.dev.test-FAUZ0WCQYhnKO8rNqPQ3-w==/base.apk!/lib/arm64-v8a/libexpo-modules-core.so" not found
09-22 13:39:26.019 11693 11879 W SoLoader: 	at java.lang.Runtime.load0(Runtime.java:938)
09-22 13:39:26.019 11693 11879 W SoLoader: 	at java.lang.System.load(System.java:1631)
09-22 13:39:26.019 11693 11879 W SoLoader: 	at com.facebook.soloader.SoLoader$1.load(SoLoader.java:558)
09-22 13:39:26.019 11693 11879 W SoLoader: 	at com.facebook.soloader.DirectApkSoSource.loadLibrary(DirectApkSoSource.java:81)
09-22 13:39:26.019 11693 11879 W SoLoader: 	at com.facebook.soloader.SoLoader.doLoadLibraryBySoName(SoLoader.java:1067)
09-22 13:39:26.019 11693 11879 W SoLoader: 	at com.facebook.soloader.SoLoader.loadLibraryBySoNameImpl(SoLoader.java:943)
09-22 13:39:26.019 11693 11879 W SoLoader: 	at com.facebook.soloader.SoLoader.loadLibraryBySoName(SoLoader.java:855)
09-22 13:39:26.019 11693 11879 W SoLoader: 	at com.facebook.soloader.SoLoader.loadLibrary(SoLoader.java:802)
09-22 13:39:26.019 11693 11879 W SoLoader: 	at com.facebook.soloader.SoLoader.loadLibrary(SoLoader.java:772)
09-22 13:39:26.019 11693 11879 W SoLoader: 	at expo.modules.kotlin.jni.JSIInteropModuleRegistry.<clinit>(JSIInteropModuleRegistry.kt:120)
09-22 13:39:26.019 11693 11879 W SoLoader: 	at expo.modules.kotlin.AppContext.installJSIInterop(AppContext.kt:127)
09-22 13:39:26.019 11693 11879 W SoLoader: 	at expo.modules.kotlin.KotlinInteropModuleRegistry.installJSIInterop(KotlinInteropModuleRegistry.kt:127)
09-22 13:39:26.019 11693 11879 W SoLoader: 	at expo.modules.adapters.react.NativeModulesProxy.getConstants(NativeModulesProxy.java:102)
09-22 13:39:26.019 11693 11879 W SoLoader: 	at com.facebook.react.bridge.JavaModuleWrapper.getConstants(JavaModuleWrapper.java:142)
09-22 13:39:26.019 11693 11879 W SoLoader: 	at com.facebook.jni.NativeRunnable.run(Native Method)
09-22 13:39:26.019 11693 11879 W SoLoader: 	at android.os.Handler.handleCallback(Handler.java:883)
09-22 13:39:26.019 11693 11879 W SoLoader: 	at android.os.Handler.dispatchMessage(Handler.java:100)
09-22 13:39:26.019 11693 11879 W SoLoader: 	at com.facebook.react.bridge.queue.MessageQueueThreadHandler.dispatchMessage(MessageQueueThreadHandler.java:27)
09-22 13:39:26.019 11693 11879 W SoLoader: 	at android.os.Looper.loop(Looper.java:214)
09-22 13:39:26.019 11693 11879 W SoLoader: 	at com.facebook.react.bridge.queue.MessageQueueThreadImpl$4.run(MessageQueueThreadImpl.java:228)
09-22 13:39:26.019 11693 11879 W SoLoader: 	at java.lang.Thread.run(Thread.java:919)
09-22 13:39:26.027 11693 11879 D SoLoader: libexpo-modules-core.so found on /data/app/so.onekey.app.wallet.dev-TuoWGKACrV7IwmP7Qprpyg==/base.apk!/lib/arm64-v8a
09-22 13:39:26.028 11693 11879 V SoLoader: libturbomodulejsijni.so not found on /data/app/so.onekey.app.wallet.dev-TuoWGKACrV7IwmP7Qprpyg==/lib/arm64
09-22 13:39:26.040 11693 11879 W SoLoader: libturbomodulejsijni.so not found on /data/app/so.onekey.app.wallet.dev.test-FAUZ0WCQYhnKO8rNqPQ3-w==/base.apk!/lib/arm64-v8a flag: 4
09-22 13:39:26.040 11693 11879 W SoLoader: java.lang.UnsatisfiedLinkError: dlopen failed: library "/data/app/so.onekey.app.wallet.dev.test-FAUZ0WCQYhnKO8rNqPQ3-w==/base.apk!/lib/arm64-v8a/libturbomodulejsijni.so" not found
09-22 13:39:26.040 11693 11879 W SoLoader: 	at java.lang.Runtime.load0(Runtime.java:938)
09-22 13:39:26.040 11693 11879 W SoLoader: 	at java.lang.System.load(System.java:1631)
09-22 13:39:26.040 11693 11879 W SoLoader: 	at com.facebook.soloader.SoLoader$1.load(SoLoader.java:558)
09-22 13:39:26.040 11693 11879 W SoLoader: 	at com.facebook.soloader.DirectApkSoSource.loadLibrary(DirectApkSoSource.java:81)
09-22 13:39:26.040 11693 11879 W SoLoader: 	at com.facebook.soloader.SoLoader.doLoadLibraryBySoName(SoLoader.java:1067)
09-22 13:39:26.040 11693 11879 W SoLoader: 	at com.facebook.soloader.SoLoader.loadLibraryBySoNameImpl(SoLoader.java:943)
09-22 13:39:26.040 11693 11879 W SoLoader: 	at com.facebook.soloader.SoLoader.loadLibraryBySoName(SoLoader.java:855)
09-22 13:39:26.040 11693 11879 W SoLoader: 	at com.facebook.soloader.SoLoader.loadLibrary(SoLoader.java:802)
09-22 13:39:26.040 11693 11879 W SoLoader: 	at com.facebook.soloader.SoLoader.loadLibrary(SoLoader.java:772)
09-22 13:39:26.040 11693 11879 W SoLoader: 	at com.facebook.react.turbomodule.core.CallInvokerHolderImpl.maybeLoadSoLibrary(CallInvokerHolderImpl.java:32)
09-22 13:39:26.040 11693 11879 W SoLoader: 	at com.facebook.react.turbomodule.core.CallInvokerHolderImpl.<init>(CallInvokerHolderImpl.java:25)
09-22 13:39:26.040 11693 11879 W SoLoader: 	at com.facebook.react.bridge.CatalystInstanceImpl.getJSCallInvokerHolder(Native Method)
09-22 13:39:26.040 11693 11879 W SoLoader: 	at com.facebook.react.bridge.CatalystInstanceImpl.getJSCallInvokerHolder(CatalystInstanceImpl.java:46)
09-22 13:39:26.040 11693 11879 W SoLoader: 	at expo.modules.adapters.react.services.UIManagerModuleWrapper.getJSCallInvokerHolder(UIManagerModuleWrapper.java:214)
09-22 13:39:26.040 11693 11879 W SoLoader: 	at expo.modules.kotlin.AppContext.installJSIInterop(AppContext.kt:138)
09-22 13:39:26.040 11693 11879 W SoLoader: 	at expo.modules.kotlin.KotlinInteropModuleRegistry.installJSIInterop(KotlinInteropModuleRegistry.kt:127)
09-22 13:39:26.040 11693 11879 W SoLoader: 	at expo.modules.adapters.react.NativeModulesProxy.getConstants(NativeModulesProxy.java:102)
09-22 13:39:26.040 11693 11879 W SoLoader: 	at com.facebook.react.bridge.JavaModuleWrapper.getConstants(JavaModuleWrapper.java:142)
09-22 13:39:26.040 11693 11879 W SoLoader: 	at com.facebook.jni.NativeRunnable.run(Native Method)
09-22 13:39:26.040 11693 11879 W SoLoader: 	at android.os.Handler.handleCallback(Handler.java:883)
09-22 13:39:26.040 11693 11879 W SoLoader: 	at android.os.Handler.dispatchMessage(Handler.java:100)
09-22 13:39:26.040 11693 11879 W SoLoader: 	at com.facebook.react.bridge.queue.MessageQueueThreadHandler.dispatchMessage(MessageQueueThreadHandler.java:27)
09-22 13:39:26.040 11693 11879 W SoLoader: 	at android.os.Looper.loop(Looper.java:214)
09-22 13:39:26.040 11693 11879 W SoLoader: 	at com.facebook.react.bridge.queue.MessageQueueThreadImpl$4.run(MessageQueueThreadImpl.java:228)
09-22 13:39:26.040 11693 11879 W SoLoader: 	at java.lang.Thread.run(Thread.java:919)
09-22 13:39:26.045 11693 11879 D SoLoader: libturbomodulejsijni.so found on /data/app/so.onekey.app.wallet.dev-TuoWGKACrV7IwmP7Qprpyg==/base.apk!/lib/arm64-v8a
09-22 13:39:26.045 11693 11879 I ExpoModulesCore: ✅ JSI interop was installed
09-22 13:39:26.063 11693 11879 I ExpoModulesCore: ✅ Constants were exported
09-22 13:39:26.087 11693 11879 V SoLoader: libreactnativeblob.so not found on /data/app/so.onekey.app.wallet.dev-TuoWGKACrV7IwmP7Qprpyg==/lib/arm64
09-22 13:39:26.089 11693 11879 W SoLoader: libreactnativeblob.so not found on /data/app/so.onekey.app.wallet.dev.test-FAUZ0WCQYhnKO8rNqPQ3-w==/base.apk!/lib/arm64-v8a flag: 4
09-22 13:39:26.089 11693 11879 W SoLoader: java.lang.UnsatisfiedLinkError: dlopen failed: library "/data/app/so.onekey.app.wallet.dev.test-FAUZ0WCQYhnKO8rNqPQ3-w==/base.apk!/lib/arm64-v8a/libreactnativeblob.so" not found
09-22 13:39:26.089 11693 11879 W SoLoader: 	at java.lang.Runtime.load0(Runtime.java:938)
09-22 13:39:26.089 11693 11879 W SoLoader: 	at java.lang.System.load(System.java:1631)
09-22 13:39:26.089 11693 11879 W SoLoader: 	at com.facebook.soloader.SoLoader$1.load(SoLoader.java:558)
09-22 13:39:26.089 11693 11879 W SoLoader: 	at com.facebook.soloader.DirectApkSoSource.loadLibrary(DirectApkSoSource.java:81)
09-22 13:39:26.089 11693 11879 W SoLoader: 	at com.facebook.soloader.SoLoader.doLoadLibraryBySoName(SoLoader.java:1067)
09-22 13:39:26.089 11693 11879 W SoLoader: 	at com.facebook.soloader.SoLoader.loadLibraryBySoNameImpl(SoLoader.java:943)
09-22 13:39:26.089 11693 11879 W SoLoader: 	at com.facebook.soloader.SoLoader.loadLibraryBySoName(SoLoader.java:855)
09-22 13:39:26.089 11693 11879 W SoLoader: 	at com.facebook.soloader.SoLoader.loadLibrary(SoLoader.java:802)
09-22 13:39:26.089 11693 11879 W SoLoader: 	at com.facebook.soloader.SoLoader.loadLibrary(SoLoader.java:772)
09-22 13:39:26.089 11693 11879 W SoLoader: 	at com.facebook.react.modules.blob.BlobCollector.<clinit>(BlobCollector.java:16)
09-22 13:39:26.089 11693 11879 W SoLoader: 	at com.facebook.react.modules.blob.BlobCollector.install(BlobCollector.java:20)
09-22 13:39:26.089 11693 11879 W SoLoader: 	at com.facebook.react.modules.blob.BlobModule.initialize(BlobModule.java:149)
09-22 13:39:26.089 11693 11879 W SoLoader: 	at com.facebook.react.bridge.ModuleHolder.doInitialize(ModuleHolder.java:236)
09-22 13:39:26.089 11693 11879 W SoLoader: 	at com.facebook.react.bridge.ModuleHolder.create(ModuleHolder.java:201)
09-22 13:39:26.089 11693 11879 W SoLoader: 	at com.facebook.react.bridge.ModuleHolder.getModule(ModuleHolder.java:156)
09-22 13:39:26.089 11693 11879 W SoLoader: 	at com.facebook.react.bridge.JavaModuleWrapper.getModule(JavaModuleWrapper.java:58)
09-22 13:39:26.089 11693 11879 W SoLoader: 	at com.facebook.react.bridge.JavaModuleWrapper.getConstants(JavaModuleWrapper.java:139)
09-22 13:39:26.089 11693 11879 W SoLoader: 	at com.facebook.jni.NativeRunnable.run(Native Method)
09-22 13:39:26.089 11693 11879 W SoLoader: 	at android.os.Handler.handleCallback(Handler.java:883)
09-22 13:39:26.089 11693 11879 W SoLoader: 	at android.os.Handler.dispatchMessage(Handler.java:100)
09-22 13:39:26.089 11693 11879 W SoLoader: 	at com.facebook.react.bridge.queue.MessageQueueThreadHandler.dispatchMessage(MessageQueueThreadHandler.java:27)
09-22 13:39:26.089 11693 11879 W SoLoader: 	at android.os.Looper.loop(Looper.java:214)
09-22 13:39:26.089 11693 11879 W SoLoader: 	at com.facebook.react.bridge.queue.MessageQueueThreadImpl$4.run(MessageQueueThreadImpl.java:228)
09-22 13:39:26.089 11693 11879 W SoLoader: 	at java.lang.Thread.run(Thread.java:919)
09-22 13:39:26.091 11693 11879 D SoLoader: libreactnativeblob.so found on /data/app/so.onekey.app.wallet.dev-TuoWGKACrV7IwmP7Qprpyg==/base.apk!/lib/arm64-v8a
09-22 13:39:26.092 11693 11879 I ReactNativeJS: Shims Injected: TextDecoder
09-22 13:39:26.092 11693 11879 I ReactNativeJS: Shims Injected: Buffer
09-22 13:39:26.092 11693 11879 I ReactNativeJS: Shims Injected: crypto
09-22 13:39:26.099 11693 11879 I ReactNativeJS: Shims Injected: atob
09-22 13:39:26.099 11693 11879 I ReactNativeJS: Shims Injected: btoa
09-22 13:39:26.099 11693 11879 I ReactNativeJS: Shims Injected: nextTick
09-22 13:39:26.100 11693 11879 I ReactNativeJS: Shims Injected: FileReader.prototype.readAsArrayBuffer
09-22 13:39:26.100 11693 11879 I ReactNativeJS: polyfillsPlatform.native shim loaded
09-22 13:39:26.110 11693 11879 I MMKV    : Loading C++ library...
09-22 13:39:26.112 11693 11879 I MMKV    : Installing MMKV JSI Bindings for MMKV root directory: /data/user/0/so.onekey.app.wallet.dev/files/mmkv
09-22 13:39:26.112 11693 11879 I MMKV    : <MMKV.cpp:165::initialize> version v1.2.15, page size 4096, arch arm64-v8a
09-22 13:39:26.112 11693 11879 I MMKV    : <MMKV.cpp:176::initialize> armv8 AES instructions is supported
09-22 13:39:26.112 11693 11879 I MMKV    : <MMKV.cpp:184::initialize> armv8 CRC32 instructions is supported
09-22 13:39:26.112 11693 11879 I MMKV    : <MMKV.cpp:208::initializeMMKV> root dir: /data/user/0/so.onekey.app.wallet.dev/files/mmkv
09-22 13:39:26.112 11693 11879 I MMKV    : Successfully installed MMKV JSI Bindings!
09-22 13:39:26.113 11693 11879 I RNMMKV  : Creating MMKV instance "onekey-app-setting"... (Path: , Encryption-Key: )
09-22 13:39:26.113 11693 11879 I MMKV    : <MemoryFile.cpp:97::open> open fd[0xa0], /data/user/0/so.onekey.app.wallet.dev/files/mmkv/onekey-app-setting
09-22 13:39:26.113 11693 11879 I MMKV    : <MemoryFile.cpp:97::open> open fd[0xa1], /data/user/0/so.onekey.app.wallet.dev/files/mmkv/onekey-app-setting.crc
09-22 13:39:26.113 11693 11879 I MMKV    : <MMKV_IO.cpp:81::loadFromFile> loading [onekey-app-setting] with 0 actual size, file size 4096, InterProcess 0, meta info version:0
09-22 13:39:26.113 11693 11879 I MMKV    : <MMKV_IO.cpp:130::loadFromFile> loaded [onekey-app-setting] with 0 key-values
09-22 13:39:26.264 11693 11879 W ReactNativeJS: debugLogger init warning, neither `global.$$onekeyAppStorage` nor `window.localStorage` found.
09-22 13:39:26.267 11693 11880 W System.err: java.lang.Exception: File does not exist
09-22 13:39:26.268 11693 11880 W System.err: 	at com.rnfs.RNFSManager.unlink(RNFSManager.java:654)
09-22 13:39:26.268 11693 11880 W System.err: 	at java.lang.reflect.Method.invoke(Native Method)
09-22 13:39:26.268 11693 11880 W System.err: 	at com.facebook.react.bridge.JavaMethodWrapper.invoke(JavaMethodWrapper.java:372)
09-22 13:39:26.268 11693 11880 W System.err: 	at com.facebook.react.bridge.JavaModuleWrapper.invoke(JavaModuleWrapper.java:188)
09-22 13:39:26.268 11693 11880 W System.err: 	at com.facebook.jni.NativeRunnable.run(Native Method)
09-22 13:39:26.268 11693 11880 W System.err: 	at android.os.Handler.handleCallback(Handler.java:883)
09-22 13:39:26.268 11693 11880 W System.err: 	at android.os.Handler.dispatchMessage(Handler.java:100)
09-22 13:39:26.268 11693 11880 W System.err: 	at com.facebook.react.bridge.queue.MessageQueueThreadHandler.dispatchMessage(MessageQueueThreadHandler.java:27)
09-22 13:39:26.268 11693 11880 W System.err: 	at androidx.test.espresso.base.Interrogator.loopAndInterrogate(Interrogator.java:14)
09-22 13:39:26.268 11693 11880 W System.err: 	at androidx.test.espresso.base.LooperIdlingResourceInterrogationHandler$2.run(LooperIdlingResourceInterrogationHandler.java:3)
09-22 13:39:26.268 11693 11880 W System.err: 	at android.os.Handler.handleCallback(Handler.java:883)
09-22 13:39:26.268 11693 11880 W System.err: 	at android.os.Handler.dispatchMessage(Handler.java:100)
09-22 13:39:26.268 11693 11880 W System.err: 	at android.os.Looper.loop(Looper.java:214)
09-22 13:39:26.268 11693 11880 W System.err: 	at com.facebook.react.bridge.queue.MessageQueueThreadImpl$4.run(MessageQueueThreadImpl.java:228)
09-22 13:39:26.268 11693 11880 W System.err: 	at java.lang.Thread.run(Thread.java:919)
09-22 13:39:26.271 11693 11879 V SoLoader: librealm.so not found on /data/app/so.onekey.app.wallet.dev-TuoWGKACrV7IwmP7Qprpyg==/lib/arm64
09-22 13:39:26.273 11693 11879 V SoLoader: libz.so not found on /data/app/so.onekey.app.wallet.dev-TuoWGKACrV7IwmP7Qprpyg==/lib/arm64
09-22 13:39:26.273 11693 11879 V SoLoader: libz.so not found on /data/app/so.onekey.app.wallet.dev.test-FAUZ0WCQYhnKO8rNqPQ3-w==/base.apk!/lib/arm64-v8a
09-22 13:39:26.273 11693 11879 V SoLoader: libz.so not found on /data/app/so.onekey.app.wallet.dev-TuoWGKACrV7IwmP7Qprpyg==/base.apk!/lib/arm64-v8a
09-22 13:39:26.273 11693 11879 D SoLoader: libz.so found on /system/lib64
09-22 13:39:26.273 11693 11879 D SoLoader: libz.so loaded implicitly
09-22 13:39:26.273 11693 11879 W SoLoader: librealm.so not found on /data/app/so.onekey.app.wallet.dev.test-FAUZ0WCQYhnKO8rNqPQ3-w==/base.apk!/lib/arm64-v8a flag: 4
09-22 13:39:26.273 11693 11879 W SoLoader: java.lang.UnsatisfiedLinkError: dlopen failed: library "/data/app/so.onekey.app.wallet.dev.test-FAUZ0WCQYhnKO8rNqPQ3-w==/base.apk!/lib/arm64-v8a/librealm.so" not found
09-22 13:39:26.273 11693 11879 W SoLoader: 	at java.lang.Runtime.load0(Runtime.java:938)
09-22 13:39:26.273 11693 11879 W SoLoader: 	at java.lang.System.load(System.java:1631)
09-22 13:39:26.273 11693 11879 W SoLoader: 	at com.facebook.soloader.SoLoader$1.load(SoLoader.java:558)
09-22 13:39:26.273 11693 11879 W SoLoader: 	at com.facebook.soloader.DirectApkSoSource.loadLibrary(DirectApkSoSource.java:81)
09-22 13:39:26.273 11693 11879 W SoLoader: 	at com.facebook.soloader.SoLoader.doLoadLibraryBySoName(SoLoader.java:1067)
09-22 13:39:26.273 11693 11879 W SoLoader: 	at com.facebook.soloader.SoLoader.loadLibraryBySoNameImpl(SoLoader.java:943)
09-22 13:39:26.273 11693 11879 W SoLoader: 	at com.facebook.soloader.SoLoader.loadLibraryBySoName(SoLoader.java:855)
09-22 13:39:26.273 11693 11879 W SoLoader: 	at com.facebook.soloader.SoLoader.loadLibrary(SoLoader.java:802)
09-22 13:39:26.273 11693 11879 W SoLoader: 	at com.facebook.soloader.SoLoader.loadLibrary(SoLoader.java:772)
09-22 13:39:26.273 11693 11879 W SoLoader: 	at io.realm.react.RealmReactModule.<clinit>(RealmReactModule.java:57)
09-22 13:39:26.273 11693 11879 W SoLoader: 	at io.realm.react.RealmReactPackage.getModule(RealmReactPackage.java:35)
09-22 13:39:26.273 11693 11879 W SoLoader: 	at com.facebook.react.TurboReactPackage$ModuleHolderProvider.get(TurboReactPackage.java:161)
09-22 13:39:26.273 11693 11879 W SoLoader: 	at com.facebook.react.TurboReactPackage$ModuleHolderProvider.get(TurboReactPackage.java:149)
09-22 13:39:26.273 11693 11879 W SoLoader: 	at com.facebook.react.bridge.ModuleHolder.create(ModuleHolder.java:191)
09-22 13:39:26.273 11693 11879 W SoLoader: 	at com.facebook.react.bridge.ModuleHolder.getModule(ModuleHolder.java:156)
09-22 13:39:26.273 11693 11879 W SoLoader: 	at com.facebook.react.bridge.JavaModuleWrapper.findMethods(JavaModuleWrapper.java:71)
09-22 13:39:26.273 11693 11879 W SoLoader: 	at com.facebook.react.bridge.JavaModuleWrapper.getMethodDescriptors(JavaModuleWrapper.java:111)
09-22 13:39:26.273 11693 11879 W SoLoader: 	at com.facebook.jni.NativeRunnable.run(Native Method)
09-22 13:39:26.273 11693 11879 W SoLoader: 	at android.os.Handler.handleCallback(Handler.java:883)
09-22 13:39:26.273 11693 11879 W SoLoader: 	at android.os.Handler.dispatchMessage(Handler.java:100)
09-22 13:39:26.273 11693 11879 W SoLoader: 	at com.facebook.react.bridge.queue.MessageQueueThreadHandler.dispatchMessage(MessageQueueThreadHandler.java:27)
09-22 13:39:26.273 11693 11879 W SoLoader: 	at android.os.Looper.loop(Looper.java:214)
09-22 13:39:26.273 11693 11879 W SoLoader: 	at com.facebook.react.bridge.queue.MessageQueueThreadImpl$4.run(MessageQueueThreadImpl.java:228)
09-22 13:39:26.273 11693 11879 W SoLoader: 	at java.lang.Thread.run(Thread.java:919)
09-22 13:39:26.291 11693 11879 D SoLoader: librealm.so found on /data/app/so.onekey.app.wallet.dev-TuoWGKACrV7IwmP7Qprpyg==/base.apk!/lib/arm64-v8a
09-22 13:39:26.291 11693 11879 V JSRealm : setDefaultRealmFileDirectory
09-22 13:39:26.291 11693 11879 D JSRealm : Absolute path: /data/data/so.onekey.app.wallet.dev/files
09-22 13:39:26.292 11693 11879 V JSRealm : install
09-22 13:39:26.292 11693 11879 V JSRealm : Building an exports object
09-22 13:39:26.292 11693 11879 V JSRealm : Initializing ...
09-22 13:39:26.331 11693 11879 W ReactNativeJS: @polkadot/api requires direct dependencies exactly matching version 10.7.1.
09-22 13:39:26.331 11693 11879 W ReactNativeJS: Either remove and explicitly install matching versions or dedupe using your package manager.
09-22 13:39:26.331 11693 11879 W ReactNativeJS: The following conflicting packages were found:
09-22 13:39:26.331 11693 11879 W ReactNativeJS: 	10.8.1	@polkadot/rpc-core
09-22 13:39:26.331 11693 11879 W ReactNativeJS: 	10.8.1	@polkadot/types-known
09-22 13:39:26.331 11693 11879 W ReactNativeJS: @polkadot/rpc-augment requires direct dependencies exactly matching version 10.8.1.
09-22 13:39:26.331 11693 11879 W ReactNativeJS: Either remove and explicitly install matching versions or dedupe using your package manager.
09-22 13:39:26.331 11693 11879 W ReactNativeJS: The following conflicting packages were found:
09-22 13:39:26.331 11693 11879 W ReactNativeJS: 	10.7.1	@polkadot/types
09-22 13:39:26.348 11693 11879 W ReactNativeJS: @polkadot/rpc-core requires direct dependencies exactly matching version 10.8.1.
09-22 13:39:26.348 11693 11879 W ReactNativeJS: Either remove and explicitly install matching versions or dedupe using your package manager.
09-22 13:39:26.348 11693 11879 W ReactNativeJS: The following conflicting packages were found:
09-22 13:39:26.348 11693 11879 W ReactNativeJS: 	10.7.1	@polkadot/rpc-provider
09-22 13:39:26.348 11693 11879 W ReactNativeJS: 	10.7.1	@polkadot/types
09-22 13:39:26.348 11693 11879 W ReactNativeJS: @polkadot/types requires direct dependencies exactly matching version 10.7.1.
09-22 13:39:26.348 11693 11879 W ReactNativeJS: Either remove and explicitly install matching versions or dedupe using your package manager.
09-22 13:39:26.348 11693 11879 W ReactNativeJS: The following conflicting packages were found:
09-22 13:39:26.348 11693 11879 W ReactNativeJS: 	10.8.1	@polkadot/types-codec
09-22 13:39:26.348 11693 11879 W ReactNativeJS: 	10.8.1	@polkadot/types-create
09-22 13:39:26.355 11693 11879 W ReactNativeJS: @polkadot/types-known requires direct dependencies exactly matching version 10.8.1.
09-22 13:39:26.355 11693 11879 W ReactNativeJS: Either remove and explicitly install matching versions or dedupe using your package manager.
09-22 13:39:26.355 11693 11879 W ReactNativeJS: The following conflicting packages were found:
09-22 13:39:26.355 11693 11879 W ReactNativeJS: 	10.7.1	@polkadot/types
09-22 13:39:26.386 11693 11879 V SoLoader: libreanimated.so not found on /data/app/so.onekey.app.wallet.dev-TuoWGKACrV7IwmP7Qprpyg==/lib/arm64
09-22 13:39:26.387 11693 11879 W SoLoader: libreanimated.so not found on /data/app/so.onekey.app.wallet.dev.test-FAUZ0WCQYhnKO8rNqPQ3-w==/base.apk!/lib/arm64-v8a flag: 4
09-22 13:39:26.387 11693 11879 W SoLoader: java.lang.UnsatisfiedLinkError: dlopen failed: library "/data/app/so.onekey.app.wallet.dev.test-FAUZ0WCQYhnKO8rNqPQ3-w==/base.apk!/lib/arm64-v8a/libreanimated.so" not found
09-22 13:39:26.387 11693 11879 W SoLoader: 	at java.lang.Runtime.load0(Runtime.java:938)
09-22 13:39:26.387 11693 11879 W SoLoader: 	at java.lang.System.load(System.java:1631)
09-22 13:39:26.387 11693 11879 W SoLoader: 	at com.facebook.soloader.SoLoader$1.load(SoLoader.java:558)
09-22 13:39:26.387 11693 11879 W SoLoader: 	at com.facebook.soloader.DirectApkSoSource.loadLibrary(DirectApkSoSource.java:81)
09-22 13:39:26.387 11693 11879 W SoLoader: 	at com.facebook.soloader.SoLoader.doLoadLibraryBySoName(SoLoader.java:1067)
09-22 13:39:26.387 11693 11879 W SoLoader: 	at com.facebook.soloader.SoLoader.loadLibraryBySoNameImpl(SoLoader.java:943)
09-22 13:39:26.387 11693 11879 W SoLoader: 	at com.facebook.soloader.SoLoader.loadLibraryBySoName(SoLoader.java:855)
09-22 13:39:26.387 11693 11879 W SoLoader: 	at com.facebook.soloader.SoLoader.loadLibrary(SoLoader.java:802)
09-22 13:39:26.387 11693 11879 W SoLoader: 	at com.facebook.soloader.SoLoader.loadLibrary(SoLoader.java:772)
09-22 13:39:26.387 11693 11879 W SoLoader: 	at com.swmansion.reanimated.nativeProxy.NativeProxyCommon.<clinit>(NativeProxyCommon.java:33)
09-22 13:39:26.387 11693 11879 W SoLoader: 	at com.swmansion.reanimated.NodesManager.initWithContext(NodesManager.java:112)
09-22 13:39:26.387 11693 11879 W SoLoader: 	at com.swmansion.reanimated.ReanimatedModule.installTurboModule(ReanimatedModule.java:100)
09-22 13:39:26.387 11693 11879 W SoLoader: 	at com.facebook.jni.NativeRunnable.run(Native Method)
09-22 13:39:26.387 11693 11879 W SoLoader: 	at android.os.Handler.handleCallback(Handler.java:883)
09-22 13:39:26.387 11693 11879 W SoLoader: 	at android.os.Handler.dispatchMessage(Handler.java:100)
09-22 13:39:26.387 11693 11879 W SoLoader: 	at com.facebook.react.bridge.queue.MessageQueueThreadHandler.dispatchMessage(MessageQueueThreadHandler.java:27)
09-22 13:39:26.387 11693 11879 W SoLoader: 	at android.os.Looper.loop(Looper.java:214)
09-22 13:39:26.387 11693 11879 W SoLoader: 	at com.facebook.react.bridge.queue.MessageQueueThreadImpl$4.run(MessageQueueThreadImpl.java:228)
09-22 13:39:26.387 11693 11879 W SoLoader: 	at java.lang.Thread.run(Thread.java:919)
09-22 13:39:26.397 11693 11879 D SoLoader: libreanimated.so found on /data/app/so.onekey.app.wallet.dev-TuoWGKACrV7IwmP7Qprpyg==/base.apk!/lib/arm64-v8a
09-22 13:39:26.472 11693 11879 I RNMMKV  : Creating MMKV instance "obsPersist"... (Path: , Encryption-Key: )
09-22 13:39:26.473 11693 11879 I MMKV    : <MemoryFile.cpp:97::open> open fd[0xb0], /data/user/0/so.onekey.app.wallet.dev/files/mmkv/obsPersist
09-22 13:39:26.473 11693 11879 I MMKV    : <MemoryFile.cpp:97::open> open fd[0xb1], /data/user/0/so.onekey.app.wallet.dev/files/mmkv/obsPersist.crc
09-22 13:39:26.473 11693 11879 I MMKV    : <MMKV_IO.cpp:81::loadFromFile> loading [obsPersist] with 0 actual size, file size 4096, InterProcess 0, meta info version:0
09-22 13:39:26.473 11693 11879 I MMKV    : <MMKV_IO.cpp:130::loadFromFile> loaded [obsPersist] with 0 key-values
09-22 13:39:26.481 11693 11879 W ReactNativeJS: `new NativeEventEmitter()` was called with a non-null argument without the required `addListener` method.
09-22 13:39:26.481 11693 11879 W ReactNativeJS: `new NativeEventEmitter()` was called with a non-null argument without the required `removeListeners` method.
09-22 13:39:26.562 11693 11879 I ReactNativeJS: Running "main
09-22 13:39:26.577 11693 11857 W .app.wallet.de: Accessing hidden method Ljava/io/ObjectStreamClass;->getConstructorId(Ljava/lang/Class;)J (greylist, reflection, allowed)
09-22 13:39:26.577 11693 11857 W .app.wallet.de: Accessing hidden field Lsun/misc/Unsafe;->theUnsafe:Lsun/misc/Unsafe; (greylist, reflection, allowed)
09-22 13:39:26.585 11693 11693 I ReactNative: [GESTURE HANDLER] Initialize gesture handler for root view com.facebook.react.ReactRootView{1b39aad V.E...... ......ID 0,0-1080,2022 #b}
09-22 13:39:26.674 11693 11879 D RNFBCrashlyticsInit: isCrashlyticsCollectionEnabled via RNFBMeta: true
09-22 13:39:26.674 11693 11879 D RNFBCrashlyticsInit: isCrashlyticsCollectionEnabled after checking crashlytics_debug_enabled: false
09-22 13:39:26.674 11693 11879 D RNFBCrashlyticsInit: isCrashlyticsCollectionEnabled final value: false
09-22 13:39:26.674 11693 11879 D RNFBCrashlyticsInit: isErrorGenerationOnJSCrashEnabled via RNFBJSON: true
09-22 13:39:26.674 11693 11879 D RNFBCrashlyticsInit: isErrorGenerationOnJSCrashEnabled final value: true
09-22 13:39:26.674 11693 11879 D RNFBCrashlyticsInit: isCrashlyticsJavascriptExceptionHandlerChainingEnabled via RNFBJSON: true
09-22 13:39:26.674 11693 11879 D RNFBCrashlyticsInit: isCrashlyticsJavascriptExceptionHandlerChainingEnabled final value: true
09-22 13:39:26.677 11693 11880 W .app.wallet.de: Accessing hidden field Landroid/app/ActivityThread;->sCurrentActivityThread:Landroid/app/ActivityThread; (greylist, reflection, allowed)
09-22 13:39:26.677 11693 11880 W .app.wallet.de: Accessing hidden method Landroid/app/ActivityThread;->getApplication()Landroid/app/Application; (greylist, reflection, allowed)
09-22 13:39:26.680 11693 11880 D ActionManager: addAction type:JPUSH,action:cn.jpush.android.helper.b
09-22 13:39:26.683 11693 11880 W .app.wallet.de: Accessing hidden method Landroid/app/ActivityThread;->currentActivityThread()Landroid/app/ActivityThread; (greylist, reflection, allowed)
09-22 13:39:26.683 11693 11880 W .app.wallet.de: Accessing hidden field Landroid/app/ActivityThread;->mActivities:Landroid/util/ArrayMap; (greylist, reflection, allowed)
09-22 13:39:26.683 11693 11880 W .app.wallet.de: Accessing hidden field Landroid/app/ActivityThread$ActivityClientRecord;->paused:Z (greylist, reflection, allowed)
09-22 13:39:26.683 11693 11880 W .app.wallet.de: Accessing hidden field Landroid/app/ActivityThread$ActivityClientRecord;->activity:Landroid/app/Activity; (greylist, reflection, allowed)
09-22 13:39:26.688 11693 11880 W .app.wallet.de: Accessing hidden method Landroid/view/Window;->getInsetsController()Landroid/view/WindowInsetsController; (blacklist, linking, denied)
09-22 13:39:26.688 11693 11912 E JIGUANG-JOperate: [JOperateProccessHelper] The permission should be defined JO- so.onekey.app.wallet.dev.permission.JOPERATE_MESSAGE
09-22 13:39:26.689 11693 11912 E JIGUANG-JOperate: [JOperateProccessHelper] getReceiverPermission:so.onekey.app.wallet.dev.permission.JPUSH_MESSAGE
09-22 13:39:26.697 11693 11880 D RNFBCrashlyticsInit: isCrashlyticsCollectionEnabled via RNFBMeta: true
09-22 13:39:26.697 11693 11880 D RNFBCrashlyticsInit: isCrashlyticsCollectionEnabled after checking crashlytics_debug_enabled: false
09-22 13:39:26.697 11693 11880 D RNFBCrashlyticsInit: isCrashlyticsCollectionEnabled final value: false
09-22 13:39:26.734 11693 11880 W unknown:ViewManagerPropertyUpdater: Could not find generated setter for class com.swmansion.rnscreens.ScreensShadowNode
09-22 13:39:26.754 11693 11931 E JIGUANG-JCore: [CheckManifestHelper] errorcode:1008,Invalid appKey : 1, Please get your Appkey from JIGUANG web console!
09-22 13:39:26.765 11693 11931 I chatty  : uid=10157(so.onekey.app.wallet.dev) jg_mn_pool_thre identical 2 lines
09-22 13:39:26.768 11693 11931 E JIGUANG-JCore: [CheckManifestHelper] errorcode:1008,Invalid appKey : 1, Please get your Appkey from JIGUANG web console!
09-22 13:39:26.769 11693 11932 V SoLoader: libimagepipeline.so not found on /data/app/so.onekey.app.wallet.dev-TuoWGKACrV7IwmP7Qprpyg==/lib/arm64
09-22 13:39:26.771 11693 11932 V SoLoader: libjnigraphics.so not found on /data/app/so.onekey.app.wallet.dev-TuoWGKACrV7IwmP7Qprpyg==/lib/arm64
09-22 13:39:26.771 11693 11932 V SoLoader: libjnigraphics.so not found on /data/app/so.onekey.app.wallet.dev.test-FAUZ0WCQYhnKO8rNqPQ3-w==/base.apk!/lib/arm64-v8a
09-22 13:39:26.771 11693 11932 V SoLoader: libjnigraphics.so not found on /data/app/so.onekey.app.wallet.dev-TuoWGKACrV7IwmP7Qprpyg==/base.apk!/lib/arm64-v8a
09-22 13:39:26.771 11693 11932 D SoLoader: libjnigraphics.so found on /system/lib64
09-22 13:39:26.771 11693 11932 D SoLoader: libjnigraphics.so loaded implicitly
09-22 13:39:26.773 11693 11932 W SoLoader: libimagepipeline.so not found on /data/app/so.onekey.app.wallet.dev.test-FAUZ0WCQYhnKO8rNqPQ3-w==/base.apk!/lib/arm64-v8a flag: 4
09-22 13:39:26.773 11693 11932 W SoLoader: java.lang.UnsatisfiedLinkError: dlopen failed: library "/data/app/so.onekey.app.wallet.dev.test-FAUZ0WCQYhnKO8rNqPQ3-w==/base.apk!/lib/arm64-v8a/libimagepipeline.so" not found
09-22 13:39:26.773 11693 11932 W SoLoader: 	at java.lang.Runtime.load0(Runtime.java:938)
09-22 13:39:26.773 11693 11932 W SoLoader: 	at java.lang.System.load(System.java:1631)
09-22 13:39:26.773 11693 11932 W SoLoader: 	at com.facebook.soloader.SoLoader$1.load(SoLoader.java:558)
09-22 13:39:26.773 11693 11932 W SoLoader: 	at com.facebook.soloader.DirectApkSoSource.loadLibrary(DirectApkSoSource.java:81)
09-22 13:39:26.773 11693 11932 W SoLoader: 	at com.facebook.soloader.SoLoader.doLoadLibraryBySoName(SoLoader.java:1067)
09-22 13:39:26.773 11693 11932 W SoLoader: 	at com.facebook.soloader.SoLoader.loadLibraryBySoNameImpl(SoLoader.java:943)
09-22 13:39:26.773 11693 11932 W SoLoader: 	at com.facebook.soloader.SoLoader.loadLibraryBySoName(SoLoader.java:855)
09-22 13:39:26.773 11693 11932 W SoLoader: 	at com.facebook.soloader.SoLoader.loadLibrary(SoLoader.java:802)
09-22 13:39:26.773 11693 11932 W SoLoader: 	at com.facebook.soloader.NativeLoaderToSoLoaderDelegate.loadLibrary(NativeLoaderToSoLoaderDelegate.java:29)
09-22 13:39:26.773 11693 11932 W SoLoader: 	at com.facebook.soloader.nativeloader.NativeLoader.loadLibrary(NativeLoader.java:51)
09-22 13:39:26.773 11693 11932 W SoLoader: 	at com.facebook.soloader.nativeloader.NativeLoader.loadLibrary(NativeLoader.java:30)
09-22 13:39:26.773 11693 11932 W SoLoader: 	at com.facebook.imagepipeline.memory.NativeMemoryChunk.<clinit>(NativeMemoryChunk.java:33)
09-22 13:39:26.773 11693 11932 W SoLoader: 	at com.facebook.imagepipeline.memory.NativeMemoryChunkPool.alloc(NativeMemoryChunkPool.java:31)
09-22 13:39:26.773 11693 11932 W SoLoader: 	at com.facebook.imagepipeline.memory.NativeMemoryChunkPool.alloc(NativeMemoryChunkPool.java:16)
09-22 13:39:26.773 11693 11932 W SoLoader: 	at com.facebook.imagepipeline.memory.BasePool.get(BasePool.java:256)
09-22 13:39:26.773 11693 11932 W SoLoader: 	at com.facebook.imagepipeline.memory.MemoryPooledByteBufferOutputStream.<init>(MemoryPooledByteBufferOutputStream.java:55)
09-22 13:39:26.773 11693 11932 W SoLoader: 	at com.facebook.imagepipeline.memory.MemoryPooledByteBufferFactory.newByteBuffer(MemoryPooledByteBufferFactory.java:75)
09-22 13:39:26.773 11693 11932 W SoLoader: 	at com.facebook.imagepipeline.memory.MemoryPooledByteBufferFactory.newByteBuffer(MemoryPooledByteBufferFactory.java:25)
09-22 13:39:26.773 11693 11932 W SoLoader: 	at com.facebook.imagepipeline.producers.LocalFetchProducer.getByteBufferBackedEncodedImage(LocalFetchProducer.java:83)
09-22 13:39:26.773 11693 11932 W SoLoader: 	at com.facebook.imagepipeline.producers.LocalFetchProducer.getEncodedImage(LocalFetchProducer.java:93)
09-22 13:39:26.773 11693 11932 W SoLoader: 	at com.facebook.imagepipeline.producers.LocalResourceFetchProducer.getEncodedImage(LocalResourceFetchProducer.java:37)
09-22 13:39:26.773 11693 11932 W SoLoader: 	at com.facebook.imagepipeline.producers.LocalFetchProducer$1.getResult(LocalFetchProducer.java:47)
09-22 13:39:26.773 11693 11932 W SoLoader: 	at com.facebook.imagepipeline.producers.LocalFetchProducer$1.getResult(LocalFetchProducer.java:43)
09-22 13:39:26.773 11693 11932 W SoLoader: 	at com.facebook.common.executors.StatefulRunnable.run(StatefulRunnable.java:46)
09-22 13:39:26.773 11693 11932 W SoLoader: 	at java.util.concurrent.ThreadPoolExecutor.runWorker(ThreadPoolExecutor.java:1167)
09-22 13:39:26.773 11693 11932 W SoLoader: 	at java.util.concurrent.ThreadPoolExecutor$Worker.run(ThreadPoolExecutor.java:641)
09-22 13:39:26.773 11693 11932 W SoLoader: 	at com.facebook.imagepipeline.core.PriorityThreadFactory$1.run(PriorityThreadFactory.java:52)
09-22 13:39:26.773 11693 11932 W SoLoader: 	at java.lang.Thread.run(Thread.java:919)
09-22 13:39:26.774 11693 11931 E JIGUANG-JCore: [CheckManifestHelper] errorcode:1008,Invalid appKey : 1, Please get your Appkey from JIGUANG web console!
09-22 13:39:26.775 11693 11931 E JIGUANG-JCore: [CheckManifestHelper] errorcode:1008,Invalid appKey : 1, Please get your Appkey from JIGUANG web console!
09-22 13:39:26.788 11693 11932 D SoLoader: libimagepipeline.so found on /data/app/so.onekey.app.wallet.dev-TuoWGKACrV7IwmP7Qprpyg==/base.apk!/lib/arm64-v8a
09-22 13:39:26.798 11693 11706 I .app.wallet.de: Background concurrent copying GC freed 69035(3512KB) AllocSpace objects, 8(352KB) LOS objects, 23% free, 19MB/25MB, paused 1.899ms total 102.845ms
09-22 13:39:26.975 11693 11879 I ReactNativeJS: 'LazyRenderWhenFocus >>>>>>>>>> ', { shouldFreeze: true,
09-22 13:39:26.975 11693 11879 I ReactNativeJS:   freezeWhenBlur: undefined,
09-22 13:39:26.975 11693 11879 I ReactNativeJS:   rootTabName: 'market' }
09-22 13:39:26.991 11693 11879 I ReactNativeJS: 'LazyRenderWhenFocus >>>>>>>>>> ', { shouldFreeze: true,
09-22 13:39:26.991 11693 11879 I ReactNativeJS:   freezeWhenBlur: undefined,
09-22 13:39:26.991 11693 11879 I ReactNativeJS:   rootTabName: 'swap' }
09-22 13:39:27.006 11693 11879 I ReactNativeJS: 'LazyRenderWhenFocus >>>>>>>>>> ', { shouldFreeze: true,
09-22 13:39:27.006 11693 11879 I ReactNativeJS:   freezeWhenBlur: undefined,
09-22 13:39:27.006 11693 11879 I ReactNativeJS:   rootTabName: 'discover' }
09-22 13:39:27.029 11693 11879 I ReactNativeJS: 'LazyRenderWhenFocus >>>>>>>>>> ', { shouldFreeze: true,
09-22 13:39:27.029 11693 11879 I ReactNativeJS:   freezeWhenBlur: undefined,
09-22 13:39:27.029 11693 11879 I ReactNativeJS:   rootTabName: 'me' }
09-22 13:39:27.083 11693 11879 W ReactNativeJS: `new NativeEventEmitter()` was called with a non-null argument without the required `addListener` method.
09-22 13:39:27.083 11693 11879 W ReactNativeJS: `new NativeEventEmitter()` was called with a non-null argument without the required `removeListeners` method.
09-22 13:39:27.132 11693 11880 D RNFBCrashlyticsInit: isCrashlyticsCollectionEnabled via RNFBMeta: true
09-22 13:39:27.132 11693 11880 D RNFBCrashlyticsInit: isCrashlyticsCollectionEnabled after checking crashlytics_debug_enabled: false
09-22 13:39:27.132 11693 11880 D RNFBCrashlyticsInit: isCrashlyticsCollectionEnabled final value: false
09-22 13:39:27.162 11693 11880 D RNFBCrashlyticsInit: isCrashlyticsCollectionEnabled via RNFBMeta: true
09-22 13:39:27.162 11693 11880 D RNFBCrashlyticsInit: isCrashlyticsCollectionEnabled after checking crashlytics_debug_enabled: false
09-22 13:39:27.162 11693 11880 D RNFBCrashlyticsInit: isCrashlyticsCollectionEnabled final value: false
09-22 13:39:27.175 11693 11693 W .app.wallet.de: Accessing hidden method Lsun/misc/Unsafe;->getObject(Ljava/lang/Object;J)Ljava/lang/Object; (greylist, linking, allowed)
09-22 13:39:27.177 11693 11850 W .app.wallet.de: Accessing hidden method Lsun/misc/Unsafe;->getInt(Ljava/lang/Object;J)I (greylist, linking, allowed)
09-22 13:39:27.177 11693 11850 W .app.wallet.de: Accessing hidden method Lsun/misc/Unsafe;->getObject(Ljava/lang/Object;J)Ljava/lang/Object; (greylist, linking, allowed)
09-22 13:39:27.177 11693 11850 I chatty  : uid=10157(so.onekey.app.wallet.dev) pool-3-thread-1 identical 1 line
09-22 13:39:27.180 11693 11850 W .app.wallet.de: Accessing hidden method Lsun/misc/Unsafe;->getObject(Ljava/lang/Object;J)Ljava/lang/Object; (greylist, linking, allowed)
09-22 13:39:27.182 11693 11850 W .app.wallet.de: Accessing hidden method Lsun/misc/Unsafe;->getLong(Ljava/lang/Object;J)J (greylist,core-platform-api, linking, allowed)
09-22 13:39:27.183 11693 11850 W .app.wallet.de: Accessing hidden method Lsun/misc/Unsafe;->getObject(Ljava/lang/Object;J)Ljava/lang/Object; (greylist, linking, allowed)
09-22 13:39:27.183 11693 11850 W .app.wallet.de: Accessing hidden method Lsun/misc/Unsafe;->putInt(Ljava/lang/Object;JI)V (greylist, linking, allowed)
09-22 13:39:27.389 11693 11693 D RenderScript HIDL Adaptation: IRenderScriptDevice::getService()
09-22 13:39:27.390 11693 11693 D RenderScript HIDL Adaptation: IRenderScriptDevice::getService() returned 0x0
09-22 13:39:27.390 11693 11693 D RenderScript HIDL Adaptation: Using Fallback Path.
09-22 13:39:27.405 11693 11693 D         : Successfully queried cache dir: /data/user_de/0/so.onekey.app.wallet.dev/code_cache
09-22 13:39:27.405 11693 11693 D RenderScript: Setting cache dir: /data/user_de/0/so.onekey.app.wallet.dev/code_cache
09-22 13:39:27.440 11693 11693 W .app.wallet.de: Accessing hidden field Landroid/widget/ScrollView;->mScroller:Landroid/widget/OverScroller; (greylist, reflection, allowed)
09-22 13:39:27.483 11693 11693 I ReactNative: [GESTURE HANDLER] Gesture handler is already enabled for a parent view
09-22 13:39:27.490 11693 11693 W .app.wallet.de: Accessing hidden method Lsun/misc/Unsafe;->getObject(Ljava/lang/Object;J)Ljava/lang/Object; (greylist, linking, allowed)
09-22 13:39:27.490 11693 11693 W .app.wallet.de: Accessing hidden method Lsun/misc/Unsafe;->getObject(Ljava/lang/Object;J)Ljava/lang/Object; (greylist, linking, allowed)
09-22 13:39:27.490 11693 11850 W .app.wallet.de: Accessing hidden method Lsun/misc/Unsafe;->getInt(Ljava/lang/Object;J)I (greylist, linking, allowed)
09-22 13:39:27.490 11693 11850 W .app.wallet.de: Accessing hidden method Lsun/misc/Unsafe;->putInt(Ljava/lang/Object;JI)V (greylist, linking, allowed)
09-22 13:39:27.490 11693 11850 W .app.wallet.de: Accessing hidden method Lsun/misc/Unsafe;->getObject(Ljava/lang/Object;J)Ljava/lang/Object; (greylist, linking, allowed)
09-22 13:39:27.490 11693 11693 W .app.wallet.de: Accessing hidden method Lsun/misc/Unsafe;->getObject(Ljava/lang/Object;J)Ljava/lang/Object; (greylist, linking, allowed)
09-22 13:39:27.490 11693 11693 W .app.wallet.de: Accessing hidden method Lsun/misc/Unsafe;->getObject(Ljava/lang/Object;J)Ljava/lang/Object; (greylist, linking, allowed)
09-22 13:39:27.491 11693 11850 W .app.wallet.de: Accessing hidden method Lsun/misc/Unsafe;->getInt(Ljava/lang/Object;J)I (greylist, linking, allowed)
09-22 13:39:27.491 11693 11850 W .app.wallet.de: Accessing hidden method Lsun/misc/Unsafe;->getObject(Ljava/lang/Object;J)Ljava/lang/Object; (greylist, linking, allowed)
09-22 13:39:27.491 11693 11850 I chatty  : uid=10157(so.onekey.app.wallet.dev) pool-3-thread-1 identical 4 lines
09-22 13:39:27.491 11693 11850 W .app.wallet.de: Accessing hidden method Lsun/misc/Unsafe;->getObject(Ljava/lang/Object;J)Ljava/lang/Object; (greylist, linking, allowed)
09-22 13:39:27.540 11693 11708 W System  : A resource failed to call destroy. 
09-22 13:39:27.557 11693 11880 W JIGUANG-JPush: [AndroidUtil] AndroidManifest.xml missing FileProvider: cn.jiguang.union.ads.service.JAdFileProvider, it necessary for inapp message
09-22 13:39:27.557 11693 11880 W JIGUANG-JPush: [AndroidUtil] The fileprovider required for inapp-message is incorrectly configured, please check AndroidManifest.xml
09-22 13:39:27.558 11693 11931 E JIGUANG-JCore: [CheckManifestHelper] errorcode:1008,Invalid appKey : 1, Please get your Appkey from JIGUANG web console!
09-22 13:39:27.560 11693 11880 W JIGUANG-JCore: [JCoreManager] [requestPermission] context must instanceof Activity
09-22 13:39:27.560 11693 11931 E JIGUANG-JCore: [CheckManifestHelper] errorcode:1008,Invalid appKey : 1, Please get your Appkey from JIGUANG web console!
09-22 13:39:27.561 11693 11931 E JIGUANG-JCore: [CheckManifestHelper] errorcode:1008,Invalid appKey : 1, Please get your Appkey from JIGUANG web console!
09-22 13:39:27.562 11693 11906 W JIGUANG-JPush: [AndroidUtil] AndroidManifest.xml missing FileProvider: cn.jiguang.union.ads.service.JAdFileProvider, it necessary for inapp message
09-22 13:39:27.562 11693 11906 W JIGUANG-JPush: [AndroidUtil] The fileprovider required for inapp-message is incorrectly configured, please check AndroidManifest.xml
09-22 13:39:27.569 11693 11906 W JIGUANG-JUnionAd: [InAppHelper] not allowed install apk by system
09-22 13:39:27.570 11693 11931 E JIGUANG-JCore: [CheckManifestHelper] errorcode:1008,Invalid appKey : 1, Please get your Appkey from JIGUANG web console!
09-22 13:39:27.572 11693 11942 W .app.wallet.de: Accessing hidden method Lsun/misc/Unsafe;->getObject(Ljava/lang/Object;J)Ljava/lang/Object; (greylist, linking, allowed)
09-22 13:39:27.572 11693 11850 W .app.wallet.de: Accessing hidden method Lsun/misc/Unsafe;->getObject(Ljava/lang/Object;J)Ljava/lang/Object; (greylist, linking, allowed)
09-22 13:39:27.572 11693 11850 W .app.wallet.de: Accessing hidden method Lsun/misc/Unsafe;->getObject(Ljava/lang/Object;J)Ljava/lang/Object; (greylist, linking, allowed)
09-22 13:39:27.584 11693 11906 W JIGUANG-JPush: [AsusPushHelper] AndroidManifest.xml missing receiver extends asus's AsusPushMessageReceiver
09-22 13:39:28.330 11693 11693 I Detox   : Network is busy, with 4 in-flight calls
09-22 13:39:28.475 11693 11693 I chatty  : uid=10157(so.onekey.app.wallet.dev) identical 9 lines
09-22 13:39:28.489 11693 11693 I Detox   : Network is busy, with 4 in-flight calls
09-22 13:39:28.499 11693 11950 W .app.wallet.de: Accessing hidden method Lsun/misc/Unsafe;->getObject(Ljava/lang/Object;J)Ljava/lang/Object; (greylist, linking, allowed)
09-22 13:39:28.503 11693 11850 W .app.wallet.de: Accessing hidden method Lsun/misc/Unsafe;->getObject(Ljava/lang/Object;J)Ljava/lang/Object; (greylist, linking, allowed)
09-22 13:39:28.503 11693 11850 I chatty  : uid=10157(so.onekey.app.wallet.dev) pool-3-thread-1 identical 1 line
09-22 13:39:28.504 11693 11850 W .app.wallet.de: Accessing hidden method Lsun/misc/Unsafe;->getObject(Ljava/lang/Object;J)Ljava/lang/Object; (greylist, linking, allowed)
09-22 13:39:28.504 11693 11850 W .app.wallet.de: Accessing hidden method Lsun/misc/Unsafe;->getLong(Ljava/lang/Object;J)J (greylist,core-platform-api, linking, allowed)
09-22 13:39:28.504 11693 11850 W .app.wallet.de: Accessing hidden method Lsun/misc/Unsafe;->getObject(Ljava/lang/Object;J)Ljava/lang/Object; (greylist, linking, allowed)
09-22 13:39:28.504 11693 11850 W .app.wallet.de: Accessing hidden method Lsun/misc/Unsafe;->getLong(Ljava/lang/Object;J)J (greylist,core-platform-api, linking, allowed)
09-22 13:39:28.504 11693 11850 W .app.wallet.de: Accessing hidden method Lsun/misc/Unsafe;->putInt(Ljava/lang/Object;JI)V (greylist, linking, allowed)
09-22 13:39:28.507 11693 11693 I Detox   : Network is busy, with 4 in-flight calls
09-22 13:39:28.523 11693 11693 I Detox   : Network is busy, with 3 in-flight calls
09-22 13:39:28.524 11693 11743 W System  : Ignoring header If-None-Match because its value was null.
09-22 13:39:28.529 11693 11952 W .app.wallet.de: Accessing hidden method Lsun/misc/Unsafe;->getObject(Ljava/lang/Object;J)Ljava/lang/Object; (greylist, linking, allowed)
09-22 13:39:28.529 11693 11850 W .app.wallet.de: Accessing hidden method Lsun/misc/Unsafe;->getObject(Ljava/lang/Object;J)Ljava/lang/Object; (greylist, linking, allowed)
09-22 13:39:28.529 11693 11850 W .app.wallet.de: Accessing hidden method Lsun/misc/Unsafe;->putInt(Ljava/lang/Object;JI)V (greylist, linking, allowed)
09-22 13:39:28.529 11693 11850 W .app.wallet.de: Accessing hidden method Lsun/misc/Unsafe;->getObject(Ljava/lang/Object;J)Ljava/lang/Object; (greylist, linking, allowed)
09-22 13:39:28.530 11693 11850 W .app.wallet.de: Accessing hidden method Lsun/misc/Unsafe;->getObject(Ljava/lang/Object;J)Ljava/lang/Object; (greylist, linking, allowed)
09-22 13:39:28.530 11693 11850 W .app.wallet.de: Accessing hidden method Lsun/misc/Unsafe;->getLong(Ljava/lang/Object;J)J (greylist,core-platform-api, linking, allowed)
09-22 13:39:28.530 11693 11850 W .app.wallet.de: Accessing hidden method Lsun/misc/Unsafe;->getObject(Ljava/lang/Object;J)Ljava/lang/Object; (greylist, linking, allowed)
09-22 13:39:28.530 11693 11850 W .app.wallet.de: Accessing hidden method Lsun/misc/Unsafe;->putInt(Ljava/lang/Object;JI)V (greylist, linking, allowed)
09-22 13:39:28.539 11693 11693 I Detox   : Network is busy, with 2 in-flight calls
09-22 13:39:28.556 11693 11693 I Detox   : Network is busy, with 2 in-flight calls
09-22 13:39:28.722 11693 11693 I chatty  : uid=10157(so.onekey.app.wallet.dev) identical 10 lines
