09-22 13:39:28.739 11693 11693 I Detox   : Network is busy, with 2 in-flight calls
09-22 13:39:28.749 11693 11976 D ProfileInstaller: Installing profile for so.onekey.app.wallet.dev
09-22 13:39:28.756 11693 11693 I Detox   : Network is busy, with 2 in-flight calls
09-22 13:39:28.761 11693 11942 W .app.wallet.de: Accessing hidden method Lsun/misc/Unsafe;->getObject(Ljava/lang/Object;J)Ljava/lang/Object; (greylist, linking, allowed)
09-22 13:39:28.762 11693 11850 W .app.wallet.de: Accessing hidden method Lsun/misc/Unsafe;->getObject(Ljava/lang/Object;J)Ljava/lang/Object; (greylist, linking, allowed)
09-22 13:39:28.762 11693 11850 W .app.wallet.de: Accessing hidden method Lsun/misc/Unsafe;->putInt(Ljava/lang/Object;JI)V (greylist, linking, allowed)
09-22 13:39:28.762 11693 11850 W .app.wallet.de: Accessing hidden method Lsun/misc/Unsafe;->getObject(Ljava/lang/Object;J)Ljava/lang/Object; (greylist, linking, allowed)
09-22 13:39:28.773 11693 11693 I Detox   : Network is busy, with 1 in-flight calls
09-22 13:39:28.856 11693 11693 I chatty  : uid=10157(so.onekey.app.wallet.dev) identical 5 lines
09-22 13:39:28.873 11693 11693 I Detox   : Network is busy, with 1 in-flight calls
09-22 13:39:28.889 11693 11948 W .app.wallet.de: Accessing hidden method Lsun/misc/Unsafe;->getObject(Ljava/lang/Object;J)Ljava/lang/Object; (greylist, linking, allowed)
09-22 13:39:28.889 11693 11693 I Detox   : Network is busy, with 1 in-flight calls
09-22 13:39:28.896 11693 11850 W .app.wallet.de: Accessing hidden method Lsun/misc/Unsafe;->getObject(Ljava/lang/Object;J)Ljava/lang/Object; (greylist, linking, allowed)
09-22 13:39:28.896 11693 11850 I chatty  : uid=10157(so.onekey.app.wallet.dev) pool-3-thread-1 identical 1 line
09-22 13:39:28.896 11693 11850 W .app.wallet.de: Accessing hidden method Lsun/misc/Unsafe;->getObject(Ljava/lang/Object;J)Ljava/lang/Object; (greylist, linking, allowed)
09-22 13:39:28.896 11693 11850 W .app.wallet.de: Accessing hidden method Lsun/misc/Unsafe;->getLong(Ljava/lang/Object;J)J (greylist,core-platform-api, linking, allowed)
09-22 13:39:28.896 11693 11850 W .app.wallet.de: Accessing hidden method Lsun/misc/Unsafe;->getObject(Ljava/lang/Object;J)Ljava/lang/Object; (greylist, linking, allowed)
09-22 13:39:28.896 11693 11850 W .app.wallet.de: Accessing hidden method Lsun/misc/Unsafe;->putInt(Ljava/lang/Object;JI)V (greylist, linking, allowed)
09-22 13:39:28.906 11693 11693 I Detox   : Network is busy, with 1 in-flight calls
09-22 13:39:29.084 11693 11708 W System  : A resource failed to call destroy. 
09-22 13:39:29.161 11693 11693 I Detox   : Network is busy, with 1 in-flight calls
09-22 13:39:29.844 11693 11693 I chatty  : uid=10157(so.onekey.app.wallet.dev) identical 41 lines
09-22 13:39:29.858 11693 11693 I Detox   : Network is busy, with 1 in-flight calls
09-22 13:39:29.858 11693 11693 W UiControllerImpl: Waiting for: DYNAMIC_TASKS_HAVE_IDLED for 100 iterations.
09-22 13:39:29.873 11693 11693 I Detox   : Network is busy, with 1 in-flight calls
09-22 13:39:30.659 11693 11693 I chatty  : uid=10157(so.onekey.app.wallet.dev) identical 47 lines
09-22 13:39:30.675 11693 11693 I Detox   : Network is busy, with 1 in-flight calls
09-22 13:39:30.676 11693 11693 W UiControllerImpl: Waiting for: DYNAMIC_TASKS_HAVE_IDLED for 200 iterations.
09-22 13:39:30.690 11693 11693 I Detox   : Network is busy, with 1 in-flight calls
09-22 13:39:31.122 11693 11693 I chatty  : uid=10157(so.onekey.app.wallet.dev) identical 26 lines
09-22 13:39:31.141 11693 11693 I Detox   : Network is busy, with 1 in-flight calls
09-22 13:39:31.155 11693 11693 I Detox   : Network is busy, with 1 in-flight calls
09-22 13:39:31.476 11693 11693 I chatty  : uid=10157(so.onekey.app.wallet.dev) identical 19 lines
09-22 13:39:31.492 11693 11693 I Detox   : Network is busy, with 1 in-flight calls
09-22 13:39:31.492 11693 11693 W UiControllerImpl: Waiting for: DYNAMIC_TASKS_HAVE_IDLED for 300 iterations.
09-22 13:39:31.505 11693 11693 I Detox   : Network is busy, with 1 in-flight calls
09-22 13:39:32.292 11693 11693 I chatty  : uid=10157(so.onekey.app.wallet.dev) identical 47 lines
09-22 13:39:32.308 11693 11693 I Detox   : Network is busy, with 1 in-flight calls
09-22 13:39:32.309 11693 11693 W UiControllerImpl: Waiting for: DYNAMIC_TASKS_HAVE_IDLED for 400 iterations.
09-22 13:39:32.323 11693 11693 I Detox   : Network is busy, with 1 in-flight calls
09-22 13:39:33.075 11693 11693 I chatty  : uid=10157(so.onekey.app.wallet.dev) identical 45 lines
09-22 13:39:33.092 11693 11693 I Detox   : Network is busy, with 1 in-flight calls
09-22 13:39:33.092 11693 11693 W UiControllerImpl: Waiting for: DYNAMIC_TASKS_HAVE_IDLED for 500 iterations.
09-22 13:39:33.105 11693 11693 I Detox   : Network is busy, with 1 in-flight calls
09-22 13:39:33.141 11693 11693 I chatty  : uid=10157(so.onekey.app.wallet.dev) identical 2 lines
09-22 13:39:33.158 11693 11693 I Detox   : Network is busy, with 1 in-flight calls
09-22 13:39:33.173 11693 11693 I Detox   : Network is busy, with 1 in-flight calls
09-22 13:39:33.342 11693 11693 I chatty  : uid=10157(so.onekey.app.wallet.dev) identical 10 lines
09-22 13:39:33.355 11693 11693 I Detox   : Network is busy, with 1 in-flight calls
09-22 13:39:33.373 11693 11693 I Detox   : Network is busy, with 1 in-flight calls
09-22 13:39:33.389 11693 11693 I Detox   : Network is busy, with 1 in-flight calls
09-22 13:39:33.391 11693 11879 E ReactNativeJS: { context: 'core' }, { context: 'core/relayer' }, [Error: socket stalled]
09-22 13:39:33.397 11693 11879 E ReactNativeJS: 'WalletConnect V2 Core ERROR: relayer_transport_closed >>>>>> ', undefined
09-22 13:39:33.398 11693 11879 E ReactNativeJS: { context: 'core' }, 'closeTransport called before connection was established'
09-22 13:39:33.398 11693 11879 E ReactNativeJS: { context: 'client' }, 'closeTransport called before connection was established'
09-22 13:39:33.398 11693 11879 E ReactNativeJS: { context: 'core' }, 'closeTransport called before connection was established'
09-22 13:39:33.399 11693 11879 E ReactNativeJS: 'createWeb3WalletV2 ERROR:', [Error: closeTransport called before connection was established]
09-22 13:39:33.399 11693 11880 E unknown:ReactNative: console.error: {"context":"core"} {"context":"core/relayer"} Error: socket stalled, js engine: v8, stack:
09-22 13:39:33.399 11693 11880 E unknown:ReactNative: p@50:240
09-22 13:39:33.399 11693 11880 E unknown:ReactNative: p@50:355
09-22 13:39:33.399 11693 11880 E unknown:ReactNative: new s@48:362
09-22 13:39:33.399 11693 11880 E unknown:ReactNative: f.<anonymous>@42:1043
09-22 13:39:33.399 11693 11880 E unknown:ReactNative: new f@42:1221
09-22 13:39:33.399 11693 11880 E unknown:ReactNative: b@42:2420
09-22 13:39:33.399 11693 11880 E unknown:ReactNative: Object.error@512:1745
09-22 13:39:33.399 11693 11880 E unknown:ReactNative: Object.error@8067:3297
09-22 13:39:33.399 11693 11880 E unknown:ReactNative: Object.error@8067:4311
09-22 13:39:33.399 11693 11880 E unknown:ReactNative: Object.error@8067:4311
09-22 13:39:33.405 11693 11693 I Detox   : Network is busy, with 1 in-flight calls
09-22 13:39:33.406 11693 11880 E unknown:ReactNative: console.error: WalletConnect V2 Core ERROR: relayer_transport_closed >>>>>>  undefined, js engine: v8, stack:
09-22 13:39:33.406 11693 11880 E unknown:ReactNative: p@50:240
09-22 13:39:33.406 11693 11880 E unknown:ReactNative: p@50:355
09-22 13:39:33.406 11693 11880 E unknown:ReactNative: new s@48:362
09-22 13:39:33.406 11693 11880 E unknown:ReactNative: f.<anonymous>@42:1043
09-22 13:39:33.406 11693 11880 E unknown:ReactNative: new f@42:1221
09-22 13:39:33.406 11693 11880 E unknown:ReactNative: b@42:2420
09-22 13:39:33.406 11693 11880 E unknown:ReactNative: Object.error@512:1745
09-22 13:39:33.406 11693 11880 E unknown:ReactNative: s.<anonymous>@8050:2248
09-22 13:39:33.406 11693 11880 E unknown:ReactNative: Object.p@627:1873
09-22 13:39:33.406 11693 11880 E unknown:ReactNative: s.emit@627:4098
09-22 13:39:33.409 11693 11880 E unknown:ReactNative: console.error: {"context":"core"} closeTransport called before connection was established, js engine: v8, stack:
09-22 13:39:33.409 11693 11880 E unknown:ReactNative: p@50:240
09-22 13:39:33.409 11693 11880 E unknown:ReactNative: p@50:355
09-22 13:39:33.409 11693 11880 E unknown:ReactNative: new s@48:362
09-22 13:39:33.409 11693 11880 E unknown:ReactNative: f.<anonymous>@42:1043
09-22 13:39:33.409 11693 11880 E unknown:ReactNative: new f@42:1221
09-22 13:39:33.409 11693 11880 E unknown:ReactNative: b@42:2420
09-22 13:39:33.409 11693 11880 E unknown:ReactNative: Object.error@512:1745
09-22 13:39:33.409 11693 11880 E unknown:ReactNative: Object.error@8067:3297
09-22 13:39:33.409 11693 11880 E unknown:ReactNative: Object.error@8067:4311
09-22 13:39:33.409 11693 11880 E unknown:ReactNative: s.<anonymous>@8052:68629
09-22 13:39:33.410 11693 11880 E unknown:ReactNative: console.error: {"context":"client"} closeTransport called before connection was established, js engine: v8, stack:
09-22 13:39:33.410 11693 11880 E unknown:ReactNative: p@50:240
09-22 13:39:33.410 11693 11880 E unknown:ReactNative: p@50:355
09-22 13:39:33.410 11693 11880 E unknown:ReactNative: new s@48:362
09-22 13:39:33.410 11693 11880 E unknown:ReactNative: f.<anonymous>@42:1043
09-22 13:39:33.410 11693 11880 E unknown:ReactNative: new f@42:1221
09-22 13:39:33.410 11693 11880 E unknown:ReactNative: b@42:2420
09-22 13:39:33.410 11693 11880 E unknown:ReactNative: Object.error@512:1745
09-22 13:39:33.410 11693 11880 E unknown:ReactNative: Object.error@8067:3297
09-22 13:39:33.410 11693 11880 E unknown:ReactNative: Object.error@8067:4311
09-22 13:39:33.410 11693 11880 E unknown:ReactNative: d.<anonymous>@8113:32589
09-22 13:39:33.412 11693 11880 E unknown:ReactNative: console.error: {"context":"core"} closeTransport called before connection was established, js engine: v8, stack:
09-22 13:39:33.412 11693 11880 E unknown:ReactNative: p@50:240
09-22 13:39:33.412 11693 11880 E unknown:ReactNative: p@50:355
09-22 13:39:33.412 11693 11880 E unknown:ReactNative: new s@48:362
09-22 13:39:33.412 11693 11880 E unknown:ReactNative: f.<anonymous>@42:1043
09-22 13:39:33.412 11693 11880 E unknown:ReactNative: new f@42:1221
09-22 13:39:33.412 11693 11880 E unknown:ReactNative: b@42:2420
09-22 13:39:33.412 11693 11880 E unknown:ReactNative: Object.error@512:1745
09-22 13:39:33.412 11693 11880 E unknown:ReactNative: Object.error@8067:3297
09-22 13:39:33.412 11693 11880 E unknown:ReactNative: Object.error@8067:4311
09-22 13:39:33.412 11693 11880 E unknown:ReactNative: l.<anonymous>@8106:12485
09-22 13:39:33.413 11693 11880 E unknown:ReactNative: console.error: createWeb3WalletV2 ERROR: Error: closeTransport called before connection was established, js engine: v8, stack:
09-22 13:39:33.413 11693 11880 E unknown:ReactNative: p@50:240
09-22 13:39:33.413 11693 11880 E unknown:ReactNative: p@50:355
09-22 13:39:33.413 11693 11880 E unknown:ReactNative: new s@48:362
09-22 13:39:33.413 11693 11880 E unknown:ReactNative: f.<anonymous>@42:1043
09-22 13:39:33.413 11693 11880 E unknown:ReactNative: new f@42:1221
09-22 13:39:33.413 11693 11880 E unknown:ReactNative: b@42:2420
09-22 13:39:33.413 11693 11880 E unknown:ReactNative: Object.error@512:1745
09-22 13:39:33.413 11693 11880 E unknown:ReactNative: s.<anonymous>@8050:1585
09-22 13:39:33.413 11693 11880 E unknown:ReactNative: Generator.throw@-1
09-22 13:39:33.413 11693 11880 E unknown:ReactNative: n@353:69
09-22 13:39:33.424 11693 11693 I Detox   : Network is busy, with 1 in-flight calls
09-22 13:39:33.756 11693 11693 I chatty  : uid=10157(so.onekey.app.wallet.dev) identical 20 lines
09-22 13:39:33.776 11693 11693 I Detox   : Network is busy, with 1 in-flight calls
09-22 13:39:33.789 11693 11693 I Detox   : Network is busy, with 1 in-flight calls
09-22 13:39:33.793 11693 11867 D DetoxWSClient: Received action 'currentStatus' (ID #1, params={})
09-22 13:39:33.794 11693 11866 I DetoxDispatcher: Handling action 'currentStatus' (ID #1)...
09-22 13:39:33.796 11693 11693 I Detox   : Network is busy, with 1 in-flight calls
09-22 13:39:33.800 11693 11866 I DetoxWSClient: Sending out action 'currentStatusResult' (ID #1)
09-22 13:39:33.800 11693 11866 I DetoxDispatcher: Done with action 'currentStatus'
09-22 13:39:33.805 11693 11693 I Detox   : Network is busy, with 1 in-flight calls
09-22 13:39:33.822 11693 11693 I chatty  : uid=10157(so.onekey.app.wallet.dev) identical 2 lines
09-22 13:39:33.822 11693 11693 I Detox   : Network is busy, with 1 in-flight calls
09-22 13:39:33.822 11693 11693 W UiControllerImpl: Waiting for: DYNAMIC_TASKS_HAVE_IDLED for 600 iterations.
09-22 13:39:33.839 11693 11693 I Detox   : Network is busy, with 1 in-flight calls
09-22 13:39:33.909 11693 11693 I chatty  : uid=10157(so.onekey.app.wallet.dev) identical 8 lines
09-22 13:39:33.909 11693 11693 I Detox   : Network is busy, with 1 in-flight calls
09-22 13:39:33.912 11693 11942 W .app.wallet.de: Accessing hidden method Lsun/misc/Unsafe;->getObject(Ljava/lang/Object;J)Ljava/lang/Object; (greylist, linking, allowed)
09-22 13:39:33.914 11693 11850 W .app.wallet.de: Accessing hidden method Lsun/misc/Unsafe;->getObject(Ljava/lang/Object;J)Ljava/lang/Object; (greylist, linking, allowed)
09-22 13:39:33.914 11693 11850 W .app.wallet.de: Accessing hidden method Lsun/misc/Unsafe;->putInt(Ljava/lang/Object;JI)V (greylist, linking, allowed)
09-22 13:39:33.914 11693 11850 W .app.wallet.de: Accessing hidden method Lsun/misc/Unsafe;->getObject(Ljava/lang/Object;J)Ljava/lang/Object; (greylist, linking, allowed)
09-22 13:39:33.922 11693 11693 I Detox   : Network is busy, with 1 in-flight calls
09-22 13:39:33.922 11693 11693 I Detox   : Network is busy, with 1 in-flight calls
09-22 13:39:33.939 11693 11693 I Detox   : Network is busy, with 1 in-flight calls
09-22 13:39:34.155 11693 11693 I chatty  : uid=10157(so.onekey.app.wallet.dev) identical 27 lines
09-22 13:39:34.162 11693 11693 I Detox   : Network is busy, with 1 in-flight calls
09-22 13:39:34.164 11693 11693 W IdlingPolicy: These resources are not idle: [com.wix.detox.reactnative.idlingresources.NetworkIdlingResource]
09-22 13:39:34.173 11693 11693 I Detox   : Network is busy, with 1 in-flight calls
09-22 13:39:34.609 11693 11693 I chatty  : uid=10157(so.onekey.app.wallet.dev) identical 79 lines
09-22 13:39:34.609 11693 11693 I Detox   : Network is busy, with 1 in-flight calls
09-22 13:39:34.609 11693 11693 W UiControllerImpl: Waiting for: DYNAMIC_TASKS_HAVE_IDLED for 700 iterations.
09-22 13:39:34.622 11693 11693 I Detox   : Network is busy, with 1 in-flight calls
09-22 13:39:35.172 11693 11693 I chatty  : uid=10157(so.onekey.app.wallet.dev) identical 100 lines
09-22 13:39:35.172 11693 11693 I Detox   : Network is busy, with 1 in-flight calls
09-22 13:39:35.189 11693 11693 I Detox   : Network is busy, with 1 in-flight calls
09-22 13:39:35.423 11693 11693 I chatty  : uid=10157(so.onekey.app.wallet.dev) identical 43 lines
09-22 13:39:35.423 11693 11693 I Detox   : Network is busy, with 1 in-flight calls
09-22 13:39:35.423 11693 11693 W UiControllerImpl: Waiting for: DYNAMIC_TASKS_HAVE_IDLED for 800 iterations.
09-22 13:39:35.439 11693 11693 I Detox   : Network is busy, with 1 in-flight calls
09-22 13:39:35.458 11693 11693 I chatty  : uid=10157(so.onekey.app.wallet.dev) identical 4 lines
09-22 13:39:35.458 11693 11693 I Detox   : Network is busy, with 1 in-flight calls
09-22 13:39:35.469 11693 11942 W .app.wallet.de: Accessing hidden method Lsun/misc/Unsafe;->getObject(Ljava/lang/Object;J)Ljava/lang/Object; (greylist, linking, allowed)
09-22 13:39:35.470 11693 11850 W .app.wallet.de: Accessing hidden method Lsun/misc/Unsafe;->getObject(Ljava/lang/Object;J)Ljava/lang/Object; (greylist, linking, allowed)
09-22 13:39:35.470 11693 11850 W .app.wallet.de: Accessing hidden method Lsun/misc/Unsafe;->getObject(Ljava/lang/Object;J)Ljava/lang/Object; (greylist, linking, allowed)
09-22 13:39:35.473 11693 11693 I Detox   : Network is busy, with 1 in-flight calls
09-22 13:39:36.173 11693 11693 I chatty  : uid=10157(so.onekey.app.wallet.dev) identical 127 lines
09-22 13:39:36.173 11693 11693 I Detox   : Network is busy, with 1 in-flight calls
09-22 13:39:36.173 11693 11693 W UiControllerImpl: Waiting for: DYNAMIC_TASKS_HAVE_IDLED for 900 iterations.
09-22 13:39:36.189 11693 11693 I Detox   : Network is busy, with 1 in-flight calls
09-22 13:39:36.990 11693 11693 I chatty  : uid=10157(so.onekey.app.wallet.dev) identical 145 lines
09-22 13:39:36.990 11693 11693 I Detox   : Network is busy, with 1 in-flight calls
09-22 13:39:36.991 11693 11693 W UiControllerImpl: Waiting for: DYNAMIC_TASKS_HAVE_IDLED for 1000 iterations.
09-22 13:39:37.006 11693 11693 I Detox   : Network is busy, with 1 in-flight calls
09-22 13:39:37.175 11693 11693 I chatty  : uid=10157(so.onekey.app.wallet.dev) identical 31 lines
09-22 13:39:37.175 11693 11693 I Detox   : Network is busy, with 1 in-flight calls
09-22 13:39:37.189 11693 11693 I Detox   : Network is busy, with 1 in-flight calls
09-22 13:39:37.805 11693 11693 I chatty  : uid=10157(so.onekey.app.wallet.dev) identical 112 lines
09-22 13:39:37.805 11693 11693 I Detox   : Network is busy, with 1 in-flight calls
09-22 13:39:37.806 11693 11693 W UiControllerImpl: Waiting for: DYNAMIC_TASKS_HAVE_IDLED for 1100 iterations.
09-22 13:39:37.822 11693 11693 I Detox   : Network is busy, with 1 in-flight calls
09-22 13:39:38.624 11693 11693 I chatty  : uid=10157(so.onekey.app.wallet.dev) identical 145 lines
09-22 13:39:38.624 11693 11693 I Detox   : Network is busy, with 1 in-flight calls
09-22 13:39:38.624 11693 11693 W UiControllerImpl: Waiting for: DYNAMIC_TASKS_HAVE_IDLED for 1200 iterations.
09-22 13:39:38.639 11693 11693 I Detox   : Network is busy, with 1 in-flight calls
09-22 13:39:38.909 11693 11693 I chatty  : uid=10157(so.onekey.app.wallet.dev) identical 49 lines
09-22 13:39:38.909 11693 11693 I Detox   : Network is busy, with 1 in-flight calls
09-22 13:39:38.917 11693 11879 E ReactNativeJS: 'WalletConnect V2 Core ERROR: WebSocket ERROR > register_error  >>>>>> ', 'WebSocket connection failed for URL: wss://relay.walletconnect.com?auth=eyJhbGciOiJFZERTQSIsInR5cCI6'
09-22 13:39:38.919 11693 11879 E ReactNativeJS: 'WalletConnect V2 doReconnect close connection ERROR: ', [Error: Connection already closed]
09-22 13:39:38.926 11693 11880 E unknown:ReactNative: console.error: WalletConnect V2 Core ERROR: WebSocket ERROR > register_error  >>>>>>  WebSocket connection failed for URL: wss://relay.walletconnect.com?auth=eyJhbGciOiJFZERTQSIsInR5cCI6, js engine: v8, stack:
09-22 13:39:38.926 11693 11880 E unknown:ReactNative: p@50:240
09-22 13:39:38.926 11693 11880 E unknown:ReactNative: p@50:355
09-22 13:39:38.926 11693 11880 E unknown:ReactNative: new s@48:362
09-22 13:39:38.926 11693 11880 E unknown:ReactNative: f.<anonymous>@42:1043
09-22 13:39:38.926 11693 11880 E unknown:ReactNative: new f@42:1221
09-22 13:39:38.926 11693 11880 E unknown:ReactNative: b@42:2420
09-22 13:39:38.926 11693 11880 E unknown:ReactNative: Object.error@512:1745
09-22 13:39:38.926 11693 11880 E unknown:ReactNative: s.<anonymous>@8050:3300
09-22 13:39:38.926 11693 11880 E unknown:ReactNative: Object.p@627:1905
09-22 13:39:38.926 11693 11880 E unknown:ReactNative: s.emit@627:4041
09-22 13:39:38.928 11693 11693 I Detox   : Network is busy, with 1 in-flight calls
09-22 13:39:38.928 11693 11693 I chatty  : uid=10157(so.onekey.app.wallet.dev) identical 1 line
09-22 13:39:38.928 11693 11693 I Detox   : Network is busy, with 1 in-flight calls
09-22 13:39:38.930 11693 11880 E unknown:ReactNative: console.error: WalletConnect V2 doReconnect close connection ERROR:  Error: Connection already closed, js engine: v8, stack:
09-22 13:39:38.930 11693 11880 E unknown:ReactNative: p@50:240
09-22 13:39:38.930 11693 11880 E unknown:ReactNative: p@50:355
09-22 13:39:38.930 11693 11880 E unknown:ReactNative: new s@48:362
09-22 13:39:38.930 11693 11880 E unknown:ReactNative: f.<anonymous>@42:1043
09-22 13:39:38.930 11693 11880 E unknown:ReactNative: new f@42:1221
09-22 13:39:38.930 11693 11880 E unknown:ReactNative: b@42:2420
09-22 13:39:38.930 11693 11880 E unknown:ReactNative: Object.error@512:1745
09-22 13:39:38.930 11693 11880 E unknown:ReactNative: <unknown>@8050:2541
09-22 13:39:38.930 11693 11880 E unknown:ReactNative: Generator.throw@-1
09-22 13:39:38.930 11693 11880 E unknown:ReactNative: n@353:69
09-22 13:39:38.939 11693 11693 I Detox   : Network is busy, with 1 in-flight calls
09-22 13:39:39.158 11693 11693 I chatty  : uid=10157(so.onekey.app.wallet.dev) identical 41 lines
09-22 13:39:39.165 11693 11693 I Detox   : Network is busy, with 1 in-flight calls
09-22 13:39:39.165 11693 11693 W IdlingPolicy: These resources are not idle: [com.wix.detox.reactnative.idlingresources.NetworkIdlingResource]
09-22 13:39:39.173 11693 11693 I Detox   : Network is busy, with 1 in-flight calls
09-22 13:39:39.191 11693 11693 I chatty  : uid=10157(so.onekey.app.wallet.dev) identical 6 lines
09-22 13:39:39.191 11693 11693 I Detox   : Network is busy, with 1 in-flight calls
09-22 13:39:39.205 11693 11693 I Detox   : Network is busy, with 1 in-flight calls
09-22 13:39:39.390 11693 11693 I chatty  : uid=10157(so.onekey.app.wallet.dev) identical 46 lines
09-22 13:39:39.390 11693 11693 I Detox   : Network is busy, with 1 in-flight calls
09-22 13:39:39.390 11693 11693 W UiControllerImpl: Waiting for: DYNAMIC_TASKS_HAVE_IDLED for 1300 iterations.
09-22 13:39:39.405 11693 11693 I Detox   : Network is busy, with 1 in-flight calls
09-22 13:39:39.476 11693 11693 I chatty  : uid=10157(so.onekey.app.wallet.dev) identical 18 lines
09-22 13:39:39.476 11693 11693 I Detox   : Network is busy, with 1 in-flight calls
09-22 13:39:39.489 11693 11693 I Detox   : Network is busy, with 1 in-flight calls
09-22 13:39:39.909 11693 11693 I chatty  : uid=10157(so.onekey.app.wallet.dev) identical 102 lines
09-22 13:39:39.909 11693 11693 I Detox   : Network is busy, with 1 in-flight calls
09-22 13:39:39.922 11693 11693 I Detox   : Network is busy, with 1 in-flight calls
09-22 13:39:40.209 11693 11693 I chatty  : uid=10157(so.onekey.app.wallet.dev) identical 70 lines
09-22 13:39:40.209 11693 11693 I Detox   : Network is busy, with 1 in-flight calls
09-22 13:39:40.209 11693 11693 W UiControllerImpl: Waiting for: DYNAMIC_TASKS_HAVE_IDLED for 1400 iterations.
09-22 13:39:40.222 11693 11693 I Detox   : Network is busy, with 1 in-flight calls
09-22 13:39:40.809 11693 11693 I chatty  : uid=10157(so.onekey.app.wallet.dev) identical 142 lines
09-22 13:39:40.809 11693 11693 I Detox   : Network is busy, with 1 in-flight calls
09-22 13:39:40.824 11693 11948 W .app.wallet.de: Accessing hidden method Lsun/misc/Unsafe;->getObject(Ljava/lang/Object;J)Ljava/lang/Object; (greylist, linking, allowed)
09-22 13:39:40.826 11693 11850 W .app.wallet.de: Accessing hidden method Lsun/misc/Unsafe;->getObject(Ljava/lang/Object;J)Ljava/lang/Object; (greylist, linking, allowed)
09-22 13:39:40.826 11693 11850 W .app.wallet.de: Accessing hidden method Lsun/misc/Unsafe;->getObject(Ljava/lang/Object;J)Ljava/lang/Object; (greylist, linking, allowed)
09-22 13:39:40.830 11693 11693 I Detox   : UIManagerModule is busy
09-22 13:39:40.842 11693 11693 I Detox   : Wait is over: App is now idle!
09-22 13:39:40.842 11693 11865 I DetoxWSClient: Sending out action 'ready' (ID #-1000)
09-22 13:39:40.842 11693 11865 I DetoxDispatcher: Done with action 'isReady'
09-22 13:39:40.842 11693 11865 I DetoxDispatcher: Handling action 'loginSuccess' (ID #0)...
09-22 13:39:40.842 11693 11865 I DetoxDispatcher: Done with action 'loginSuccess'
09-22 13:39:40.842 11693 11865 I DetoxDispatcher: Handling action 'isReady' (ID #-1000)...
09-22 13:39:40.846 11693 11693 I Detox   : Wait is over: App is now idle!
09-22 13:39:40.846 11693 11865 I DetoxWSClient: Sending out action 'ready' (ID #-1000)
09-22 13:39:40.846 11693 11865 I DetoxDispatcher: Done with action 'isReady'
