09-22 19:37:02.664 13313 13313 I Detox   : Network is busy, with 2 in-flight calls
09-22 19:37:02.670 13313 13313 W UiControllerImpl: Waiting for: DYNAMIC_TASKS_HAVE_IDLED for 3600 iterations.
09-22 19:37:02.679 13313 13313 I Detox   : Network is busy, with 2 in-flight calls
09-22 19:37:03.198 13313 13313 I chatty  : uid=10157(so.onekey.app.wallet.dev) identical 286 lines
09-22 19:37:03.198 13313 13313 I Detox   : Network is busy, with 2 in-flight calls
09-22 19:37:03.205 13313 13577 W .app.wallet.de: Accessing hidden method Lsun/misc/Unsafe;->getObject(Ljava/lang/Object;J)Ljava/lang/Object; (greylist, linking, allowed)
09-22 19:37:03.212 13313 13611 W .app.wallet.de: Accessing hidden method Lsun/misc/Unsafe;->getObject(Ljava/lang/Object;J)Ljava/lang/Object; (greylist, linking, allowed)
09-22 19:37:03.212 13313 13611 W .app.wallet.de: Accessing hidden method Lsun/misc/Unsafe;->putInt(Ljava/lang/Object;JI)V (greylist, linking, allowed)
09-22 19:37:03.212 13313 13611 W .app.wallet.de: Accessing hidden method Lsun/misc/Unsafe;->getObject(Ljava/lang/Object;J)Ljava/lang/Object; (greylist, linking, allowed)
09-22 19:37:03.213 13313 13313 I Detox   : Network is busy, with 2 in-flight calls
09-22 19:37:03.246 13313 13313 I chatty  : uid=10157(so.onekey.app.wallet.dev) identical 25 lines
09-22 19:37:03.246 13313 13313 I Detox   : Network is busy, with 2 in-flight calls
09-22 19:37:03.263 13313 13313 I Detox   : Network is busy, with 2 in-flight calls
09-22 19:37:03.332 13313 13313 I chatty  : uid=10157(so.onekey.app.wallet.dev) identical 44 lines
09-22 19:37:03.344 13313 13313 I Detox   : Network is busy, with 2 in-flight calls
09-22 19:37:03.345 13313 13313 W IdlingPolicy: These resources are not idle: [com.wix.detox.reactnative.idlingresources.NetworkIdlingResource]
09-22 19:37:03.346 13313 13313 I Detox   : Network is busy, with 2 in-flight calls
09-22 19:37:04.165 13313 13313 I chatty  : uid=10157(so.onekey.app.wallet.dev) identical 498 lines
09-22 19:37:04.165 13313 13313 I Detox   : Network is busy, with 2 in-flight calls
09-22 19:37:04.165 13313 13313 W UiControllerImpl: Waiting for: DYNAMIC_TASKS_HAVE_IDLED for 3800 iterations.
09-22 19:37:04.180 13313 13313 I Detox   : Network is busy, with 2 in-flight calls
09-22 19:37:04.649 13313 13313 I chatty  : uid=10157(so.onekey.app.wallet.dev) identical 288 lines
09-22 19:37:04.649 13313 13313 I Detox   : Network is busy, with 2 in-flight calls
09-22 19:37:04.654 13313 13467 D DetoxWSClient: Received action 'currentStatus' (ID #4, params={})
09-22 19:37:04.654 13313 13466 I DetoxDispatcher: Handling action 'currentStatus' (ID #4)...
09-22 19:37:04.655 13313 13313 I Detox   : Network is busy, with 2 in-flight calls
09-22 19:37:04.657 13313 13466 I DetoxWSClient: Sending out action 'currentStatusResult' (ID #4)
09-22 19:37:04.657 13313 13466 I DetoxDispatcher: Done with action 'currentStatus'
09-22 19:37:04.663 13313 13313 I Detox   : Network is busy, with 2 in-flight calls
09-22 19:37:05.263 13313 13313 I chatty  : uid=10157(so.onekey.app.wallet.dev) identical 405 lines
09-22 19:37:05.263 13313 13313 I Detox   : Network is busy, with 2 in-flight calls
09-22 19:37:05.280 13313 13313 I Detox   : Network is busy, with 2 in-flight calls
09-22 19:37:05.748 13313 13313 I chatty  : uid=10157(so.onekey.app.wallet.dev) identical 317 lines
09-22 19:37:05.748 13313 13313 I Detox   : Network is busy, with 2 in-flight calls
09-22 19:37:05.750 13313 13313 W UiControllerImpl: Waiting for: DYNAMIC_TASKS_HAVE_IDLED for 4000 iterations.
09-22 19:37:05.764 13313 13313 I Detox   : Network is busy, with 2 in-flight calls
09-22 19:37:06.580 13313 13313 I chatty  : uid=10157(so.onekey.app.wallet.dev) identical 548 lines
09-22 19:37:06.580 13313 13313 I Detox   : Network is busy, with 2 in-flight calls
09-22 19:37:06.580 13313 13313 W UiControllerImpl: Waiting for: DYNAMIC_TASKS_HAVE_IDLED for 4100 iterations.
09-22 19:37:06.597 13313 13313 I Detox   : Network is busy, with 2 in-flight calls
09-22 19:37:06.981 13313 13313 I chatty  : uid=10157(so.onekey.app.wallet.dev) identical 262 lines
09-22 19:37:06.981 13313 13313 I Detox   : Network is busy, with 2 in-flight calls
09-22 19:37:06.996 13313 13313 I Detox   : Network is busy, with 2 in-flight calls
09-22 19:37:07.265 13313 13313 I chatty  : uid=10157(so.onekey.app.wallet.dev) identical 185 lines
09-22 19:37:07.265 13313 13313 I Detox   : Network is busy, with 2 in-flight calls
09-22 19:37:07.280 13313 13313 I Detox   : Network is busy, with 2 in-flight calls
09-22 19:37:07.714 13313 13313 I chatty  : uid=10157(so.onekey.app.wallet.dev) identical 295 lines
09-22 19:37:07.714 13313 13313 I Detox   : Network is busy, with 2 in-flight calls
09-22 19:37:07.724 13313 13555 W .app.wallet.de: Accessing hidden method Lsun/misc/Unsafe;->getObject(Ljava/lang/Object;J)Ljava/lang/Object; (greylist, linking, allowed)
09-22 19:37:07.725 13313 13611 W .app.wallet.de: Accessing hidden method Lsun/misc/Unsafe;->getObject(Ljava/lang/Object;J)Ljava/lang/Object; (greylist, linking, allowed)
09-22 19:37:07.725 13313 13611 W .app.wallet.de: Accessing hidden method Lsun/misc/Unsafe;->getObject(Ljava/lang/Object;J)Ljava/lang/Object; (greylist, linking, allowed)
09-22 19:37:07.730 13313 13313 I Detox   : Network is busy, with 2 in-flight calls
09-22 19:37:08.164 13313 13313 I chatty  : uid=10157(so.onekey.app.wallet.dev) identical 295 lines
09-22 19:37:08.164 13313 13313 I Detox   : Network is busy, with 2 in-flight calls
09-22 19:37:08.164 13313 13313 W UiControllerImpl: Waiting for: DYNAMIC_TASKS_HAVE_IDLED for 4300 iterations.
09-22 19:37:08.179 13313 13313 I Detox   : Network is busy, with 2 in-flight calls
09-22 19:37:08.332 13313 13313 I chatty  : uid=10157(so.onekey.app.wallet.dev) identical 109 lines
09-22 19:37:08.348 13313 13313 I Detox   : Network is busy, with 2 in-flight calls
09-22 19:37:08.349 13313 13313 W IdlingPolicy: These resources are not idle: [com.wix.detox.reactnative.idlingresources.NetworkIdlingResource]
09-22 19:37:08.349 13313 13313 I Detox   : Network is busy, with 2 in-flight calls
09-22 19:37:08.981 13313 13313 I chatty  : uid=10157(so.onekey.app.wallet.dev) identical 466 lines
09-22 19:37:08.981 13313 13313 I Detox   : Network is busy, with 2 in-flight calls
09-22 19:37:08.981 13313 13313 W UiControllerImpl: Waiting for: DYNAMIC_TASKS_HAVE_IDLED for 4400 iterations.
09-22 19:37:08.996 13313 13313 I Detox   : Network is busy, with 2 in-flight calls
09-22 19:37:09.265 13313 13313 I chatty  : uid=10157(so.onekey.app.wallet.dev) identical 202 lines
09-22 19:37:09.265 13313 13313 I Detox   : Network is busy, with 2 in-flight calls
09-22 19:37:09.279 13313 13313 I Detox   : Network is busy, with 2 in-flight calls
09-22 19:37:09.783 13313 13313 I chatty  : uid=10157(so.onekey.app.wallet.dev) identical 370 lines
09-22 19:37:09.783 13313 13313 I Detox   : Network is busy, with 2 in-flight calls
09-22 19:37:09.783 13313 13313 W UiControllerImpl: Waiting for: DYNAMIC_TASKS_HAVE_IDLED for 4500 iterations.
09-22 19:37:09.796 13313 13313 I Detox   : Network is busy, with 2 in-flight calls
09-22 19:37:11.283 13313 13313 I chatty  : uid=10157(so.onekey.app.wallet.dev) identical 1078 lines
09-22 19:37:11.283 13313 13313 I Detox   : Network is busy, with 2 in-flight calls
09-22 19:37:11.296 13313 13313 I Detox   : Network is busy, with 2 in-flight calls
09-22 19:37:13.298 13313 13313 I chatty  : uid=10157(so.onekey.app.wallet.dev) identical 1450 lines
09-22 19:37:13.298 13313 13313 I Detox   : Network is busy, with 2 in-flight calls
09-22 19:37:13.313 13313 13313 I Detox   : Network is busy, with 2 in-flight calls
09-22 19:37:13.349 13313 13313 I chatty  : uid=10157(so.onekey.app.wallet.dev) identical 35 lines
09-22 19:37:13.350 13313 13313 I Detox   : Network is busy, with 2 in-flight calls
09-22 19:37:13.350 13313 13313 W IdlingPolicy: These resources are not idle: [com.wix.detox.reactnative.idlingresources.NetworkIdlingResource]
09-22 19:37:13.363 13313 13313 I Detox   : Network is busy, with 2 in-flight calls
09-22 19:37:14.663 13313 13313 I chatty  : uid=10157(so.onekey.app.wallet.dev) identical 1025 lines
09-22 19:37:14.663 13313 13313 I Detox   : Network is busy, with 2 in-flight calls
09-22 19:37:14.665 13313 13467 D DetoxWSClient: Received action 'currentStatus' (ID #5, params={})
09-22 19:37:14.665 13313 13466 I DetoxDispatcher: Handling action 'currentStatus' (ID #5)...
09-22 19:37:14.666 13313 13313 I Detox   : Network is busy, with 2 in-flight calls
09-22 19:37:14.669 13313 13466 I DetoxWSClient: Sending out action 'currentStatusResult' (ID #5)
09-22 19:37:14.669 13313 13466 I DetoxDispatcher: Done with action 'currentStatus'
09-22 19:37:14.679 13313 13313 I Detox   : Network is busy, with 2 in-flight calls
09-22 19:37:15.300 13313 13313 I chatty  : uid=10157(so.onekey.app.wallet.dev) identical 530 lines
09-22 19:37:15.300 13313 13313 I Detox   : Network is busy, with 2 in-flight calls
09-22 19:37:15.312 13313 13313 I Detox   : Network is busy, with 2 in-flight calls
09-22 19:37:15.613 13313 13313 I chatty  : uid=10157(so.onekey.app.wallet.dev) identical 264 lines
09-22 19:37:15.613 13313 13313 I Detox   : Network is busy, with 2 in-flight calls
09-22 19:37:15.613 13313 13313 W UiControllerImpl: Waiting for: DYNAMIC_TASKS_HAVE_IDLED for 5200 iterations.
09-22 19:37:15.629 13313 13313 I Detox   : Network is busy, with 2 in-flight calls
09-22 19:37:17.265 13313 13313 I chatty  : uid=10157(so.onekey.app.wallet.dev) identical 1384 lines
09-22 19:37:17.265 13313 13313 I Detox   : Network is busy, with 2 in-flight calls
09-22 19:37:17.265 13313 13313 W UiControllerImpl: Waiting for: DYNAMIC_TASKS_HAVE_IDLED for 5400 iterations.
09-22 19:37:17.280 13313 13313 I Detox   : Network is busy, with 2 in-flight calls
09-22 19:37:17.314 13313 13313 I chatty  : uid=10157(so.onekey.app.wallet.dev) identical 40 lines
09-22 19:37:17.314 13313 13313 I Detox   : Network is busy, with 2 in-flight calls
09-22 19:37:17.330 13313 13313 I Detox   : Network is busy, with 2 in-flight calls
09-22 19:37:18.063 13313 13313 I chatty  : uid=10157(so.onekey.app.wallet.dev) identical 628 lines
09-22 19:37:18.063 13313 13313 I Detox   : Network is busy, with 2 in-flight calls
09-22 19:37:18.064 13313 13313 W UiControllerImpl: Waiting for: DYNAMIC_TASKS_HAVE_IDLED for 5500 iterations.
09-22 19:37:18.079 13313 13313 I Detox   : Network is busy, with 2 in-flight calls
09-22 19:37:18.349 13313 13313 I chatty  : uid=10157(so.onekey.app.wallet.dev) identical 237 lines
09-22 19:37:18.350 13313 13313 I Detox   : Network is busy, with 2 in-flight calls
09-22 19:37:18.350 13313 13313 W IdlingPolicy: These resources are not idle: [com.wix.detox.reactnative.idlingresources.NetworkIdlingResource]
09-22 19:37:18.364 13313 13313 I Detox   : Network is busy, with 2 in-flight calls
09-22 19:37:18.513 13313 13313 I chatty  : uid=10157(so.onekey.app.wallet.dev) identical 148 lines
09-22 19:37:18.514 13313 13313 I Detox   : Network is busy, with 2 in-flight calls
09-22 19:37:18.530 13313 13313 I Detox   : Network is busy, with 2 in-flight calls
09-22 19:37:19.317 13313 13313 I chatty  : uid=10157(so.onekey.app.wallet.dev) identical 718 lines
09-22 19:37:19.317 13313 13313 I Detox   : Network is busy, with 2 in-flight calls
09-22 19:37:19.329 13313 13313 I Detox   : Network is busy, with 2 in-flight calls
09-22 19:37:19.449 13313 13313 I chatty  : uid=10157(so.onekey.app.wallet.dev) identical 118 lines
09-22 19:37:19.449 13313 13313 I Detox   : Network is busy, with 2 in-flight calls
09-22 19:37:19.463 13313 13313 I Detox   : Network is busy, with 2 in-flight calls
09-22 19:37:19.680 13313 13313 I chatty  : uid=10157(so.onekey.app.wallet.dev) identical 208 lines
09-22 19:37:19.680 13313 13313 I Detox   : Network is busy, with 2 in-flight calls
09-22 19:37:19.680 13313 13313 W UiControllerImpl: Waiting for: DYNAMIC_TASKS_HAVE_IDLED for 5700 iterations.
09-22 19:37:19.696 13313 13313 I Detox   : Network is busy, with 2 in-flight calls
09-22 19:37:21.330 13313 13313 I chatty  : uid=10157(so.onekey.app.wallet.dev) identical 1483 lines
09-22 19:37:21.330 13313 13313 I Detox   : Network is busy, with 2 in-flight calls
09-22 19:37:21.330 13313 13313 W UiControllerImpl: Waiting for: DYNAMIC_TASKS_HAVE_IDLED for 5900 iterations.
09-22 19:37:21.347 13313 13313 I Detox   : Network is busy, with 2 in-flight calls
09-22 19:37:22.963 13313 13313 I chatty  : uid=10157(so.onekey.app.wallet.dev) identical 1468 lines
09-22 19:37:22.963 13313 13313 I Detox   : Network is busy, with 2 in-flight calls
09-22 19:37:22.963 13313 13313 W UiControllerImpl: Waiting for: DYNAMIC_TASKS_HAVE_IDLED for 6100 iterations.
09-22 19:37:22.979 13313 13313 I Detox   : Network is busy, with 2 in-flight calls
09-22 19:37:23.330 13313 13313 I chatty  : uid=10157(so.onekey.app.wallet.dev) identical 328 lines
09-22 19:37:23.330 13313 13313 I Detox   : Network is busy, with 2 in-flight calls
09-22 19:37:23.346 13313 13313 I Detox   : Network is busy, with 2 in-flight calls
09-22 19:37:23.346 13313 13313 I chatty  : uid=10157(so.onekey.app.wallet.dev) identical 14 lines
09-22 19:37:23.350 13313 13313 I Detox   : Network is busy, with 2 in-flight calls
09-22 19:37:23.350 13313 13313 W IdlingPolicy: These resources are not idle: [com.wix.detox.reactnative.idlingresources.NetworkIdlingResource]
09-22 19:37:23.363 13313 13313 I Detox   : Network is busy, with 2 in-flight calls
09-22 19:37:24.582 13313 13313 I chatty  : uid=10157(so.onekey.app.wallet.dev) identical 1182 lines
09-22 19:37:24.582 13313 13313 I Detox   : Network is busy, with 2 in-flight calls
09-22 19:37:24.583 13313 13313 W UiControllerImpl: Waiting for: DYNAMIC_TASKS_HAVE_IDLED for 6300 iterations.
09-22 19:37:24.596 13313 13313 I Detox   : Network is busy, with 2 in-flight calls
09-22 19:37:24.665 13313 13313 I chatty  : uid=10157(so.onekey.app.wallet.dev) identical 79 lines
09-22 19:37:24.679 13313 13313 I Detox   : Network is busy, with 2 in-flight calls
09-22 19:37:24.679 13313 13467 D DetoxWSClient: Received action 'currentStatus' (ID #6, params={})
09-22 19:37:24.679 13313 13313 I Detox   : Network is busy, with 2 in-flight calls
09-22 19:37:24.680 13313 13313 I chatty  : uid=10157(so.onekey.app.wallet.dev) identical 13 lines
09-22 19:37:24.680 13313 13313 I Detox   : Network is busy, with 2 in-flight calls
09-22 19:37:24.680 13313 13466 I DetoxDispatcher: Handling action 'currentStatus' (ID #6)...
09-22 19:37:24.680 13313 13313 I Detox   : Network is busy, with 2 in-flight calls
09-22 19:37:24.682 13313 13466 I DetoxWSClient: Sending out action 'currentStatusResult' (ID #6)
09-22 19:37:24.682 13313 13466 I DetoxDispatcher: Done with action 'currentStatus'
09-22 19:37:24.696 13313 13313 I Detox   : Network is busy, with 2 in-flight calls
09-22 19:37:25.347 13313 13313 I chatty  : uid=10157(so.onekey.app.wallet.dev) identical 678 lines
09-22 19:37:25.347 13313 13313 I Detox   : Network is busy, with 2 in-flight calls
09-22 19:37:25.363 13313 13313 I Detox   : Network is busy, with 2 in-flight calls
09-22 19:37:26.181 13313 13313 I chatty  : uid=10157(so.onekey.app.wallet.dev) identical 848 lines
09-22 19:37:26.181 13313 13313 I Detox   : Network is busy, with 2 in-flight calls
09-22 19:37:26.181 13313 13313 W UiControllerImpl: Waiting for: DYNAMIC_TASKS_HAVE_IDLED for 6500 iterations.
09-22 19:37:26.196 13313 13313 I Detox   : Network is busy, with 2 in-flight calls
09-22 19:37:27.363 13313 13313 I chatty  : uid=10157(so.onekey.app.wallet.dev) identical 1205 lines
09-22 19:37:27.363 13313 13313 I Detox   : Network is busy, with 2 in-flight calls
09-22 19:37:27.380 13313 13313 I Detox   : Network is busy, with 2 in-flight calls
09-22 19:37:28.347 13313 13313 I chatty  : uid=10157(so.onekey.app.wallet.dev) identical 1002 lines
09-22 19:37:28.351 13313 13313 I Detox   : Network is busy, with 2 in-flight calls
09-22 19:37:28.352 13313 13313 W IdlingPolicy: These resources are not idle: [com.wix.detox.reactnative.idlingresources.NetworkIdlingResource]
09-22 19:37:28.363 13313 13313 I Detox   : Network is busy, with 2 in-flight calls
09-22 19:37:29.365 13313 13313 I chatty  : uid=10157(so.onekey.app.wallet.dev) identical 1096 lines
09-22 19:37:29.365 13313 13313 I Detox   : Network is busy, with 2 in-flight calls
09-22 19:37:29.379 13313 13313 I Detox   : Network is busy, with 2 in-flight calls
09-22 19:37:29.451 13313 13313 I chatty  : uid=10157(so.onekey.app.wallet.dev) identical 88 lines
09-22 19:37:29.451 13313 13313 I Detox   : Network is busy, with 2 in-flight calls
09-22 19:37:29.451 13313 13313 W UiControllerImpl: Waiting for: DYNAMIC_TASKS_HAVE_IDLED for 6900 iterations.
09-22 19:37:29.463 13313 13313 I Detox   : Network is busy, with 2 in-flight calls
09-22 19:37:31.081 13313 13313 I chatty  : uid=10157(so.onekey.app.wallet.dev) identical 1762 lines
09-22 19:37:31.081 13313 13313 I Detox   : Network is busy, with 2 in-flight calls
09-22 19:37:31.081 13313 13313 W UiControllerImpl: Waiting for: DYNAMIC_TASKS_HAVE_IDLED for 7100 iterations.
09-22 19:37:31.096 13313 13313 I Detox   : Network is busy, with 2 in-flight calls
09-22 19:37:31.382 13313 13313 I chatty  : uid=10157(so.onekey.app.wallet.dev) identical 322 lines
09-22 19:37:31.382 13313 13313 I Detox   : Network is busy, with 2 in-flight calls
09-22 19:37:31.396 13313 13313 I Detox   : Network is busy, with 2 in-flight calls
09-22 19:37:31.900 13313 13313 I chatty  : uid=10157(so.onekey.app.wallet.dev) identical 556 lines
09-22 19:37:31.900 13313 13313 I Detox   : Network is busy, with 2 in-flight calls
09-22 19:37:31.900 13313 13313 W UiControllerImpl: Waiting for: DYNAMIC_TASKS_HAVE_IDLED for 7200 iterations.
09-22 19:37:31.913 13313 13313 I Detox   : Network is busy, with 2 in-flight calls
09-22 19:37:33.218 13313 13313 I chatty  : uid=10157(so.onekey.app.wallet.dev) identical 1420 lines
09-22 19:37:33.218 13313 13313 I Detox   : Network is busy, with 2 in-flight calls
09-22 19:37:33.223 13313 13577 W .app.wallet.de: Accessing hidden method Lsun/misc/Unsafe;->getObject(Ljava/lang/Object;J)Ljava/lang/Object; (greylist, linking, allowed)
09-22 19:37:33.224 13313 13645 W .app.wallet.de: Accessing hidden method Lsun/misc/Unsafe;->getObject(Ljava/lang/Object;J)Ljava/lang/Object; (greylist, linking, allowed)
09-22 19:37:33.224 13313 13645 W .app.wallet.de: Accessing hidden method Lsun/misc/Unsafe;->getObject(Ljava/lang/Object;J)Ljava/lang/Object; (greylist, linking, allowed)
09-22 19:37:33.230 13313 13313 I Detox   : Network is busy, with 2 in-flight calls
09-22 19:37:33.333 13313 13313 I chatty  : uid=10157(so.onekey.app.wallet.dev) identical 125 lines
09-22 19:37:33.337 13313 13313 I Detox   : Network is busy, with 2 in-flight calls
09-22 19:37:33.338 13313 13313 I Detox   : Wait is over: App is now idle!
--------- beginning of crash
09-22 19:37:33.343 13313 13465 E AndroidRuntime: FATAL EXCEPTION: detox.primary
09-22 19:37:33.343 13313 13465 E AndroidRuntime: Process: so.onekey.app.wallet.dev, PID: 13313
09-22 19:37:33.343 13313 13465 E AndroidRuntime: java.lang.RuntimeException: java.util.concurrent.ExecutionException: androidx.test.espresso.IdlingResourceTimeoutException: Wait for [com.wix.detox.reactnative.idlingresources.NetworkIdlingResource] to become idle timed out
09-22 19:37:33.343 13313 13465 E AndroidRuntime: 	at androidx.test.espresso.Espresso.onIdle(Espresso.java:15)
09-22 19:37:33.343 13313 13465 E AndroidRuntime: 	at com.wix.detox.TestEngineFacade.awaitIdle(TestEngineFacade.kt:12)
09-22 19:37:33.343 13313 13465 E AndroidRuntime: 	at com.wix.detox.adapters.server.ReadyActionHandler.handle(DetoxActionHandlers.kt:25)
09-22 19:37:33.343 13313 13465 E AndroidRuntime: 	at com.wix.detox.adapters.server.ActionsExecutor.executeAction$lambda-2$lambda-1(DetoxActionsDispatcher.kt:64)
09-22 19:37:33.343 13313 13465 E AndroidRuntime: 	at com.wix.detox.adapters.server.ActionsExecutor.$r8$lambda$nk3cF8ntnfFqbJOcVqd04vjb5nY(Unknown Source:0)
09-22 19:37:33.343 13313 13465 E AndroidRuntime: 	at com.wix.detox.adapters.server.ActionsExecutor$$ExternalSyntheticLambda0.run(Unknown Source:8)
09-22 19:37:33.343 13313 13465 E AndroidRuntime: 	at android.os.Handler.handleCallback(Handler.java:883)
09-22 19:37:33.343 13313 13465 E AndroidRuntime: 	at android.os.Handler.dispatchMessage(Handler.java:100)
09-22 19:37:33.343 13313 13465 E AndroidRuntime: 	at android.os.Looper.loop(Looper.java:214)
09-22 19:37:33.343 13313 13465 E AndroidRuntime: 	at com.wix.detox.adapters.server.ActionsExecutor._init_$lambda-0(DetoxActionsDispatcher.kt:50)
09-22 19:37:33.343 13313 13465 E AndroidRuntime: 	at com.wix.detox.adapters.server.ActionsExecutor.$r8$lambda$Hi5vyewqQiQqk57AkJy_cHqNGKY(Unknown Source:0)
09-22 19:37:33.343 13313 13465 E AndroidRuntime: 	at com.wix.detox.adapters.server.ActionsExecutor$$ExternalSyntheticLambda1.run(Unknown Source:4)
09-22 19:37:33.343 13313 13465 E AndroidRuntime: 	at java.lang.Thread.run(Thread.java:919)
09-22 19:37:33.343 13313 13465 E AndroidRuntime: Caused by: java.util.concurrent.ExecutionException: androidx.test.espresso.IdlingResourceTimeoutException: Wait for [com.wix.detox.reactnative.idlingresources.NetworkIdlingResource] to become idle timed out
09-22 19:37:33.343 13313 13465 E AndroidRuntime: 	at java.util.concurrent.FutureTask.report(FutureTask.java:123)
09-22 19:37:33.343 13313 13465 E AndroidRuntime: 	at java.util.concurrent.FutureTask.get(FutureTask.java:193)
09-22 19:37:33.343 13313 13465 E AndroidRuntime: 	at androidx.test.espresso.Espresso.onIdle(Espresso.java:10)
09-22 19:37:33.343 13313 13465 E AndroidRuntime: 	... 12 more
09-22 19:37:33.343 13313 13465 E AndroidRuntime: Caused by: androidx.test.espresso.IdlingResourceTimeoutException: Wait for [com.wix.detox.reactnative.idlingresources.NetworkIdlingResource] to become idle timed out
09-22 19:37:33.343 13313 13465 E AndroidRuntime: 	at androidx.test.espresso.IdlingPolicy.handleTimeout(IdlingPolicy.java:4)
09-22 19:37:33.343 13313 13465 E AndroidRuntime: 	at androidx.test.espresso.base.UiControllerImpl$5.resourcesHaveTimedOut(UiControllerImpl.java:1)
09-22 19:37:33.343 13313 13465 E AndroidRuntime: 	at androidx.test.espresso.base.IdlingResourceRegistry$Dispatcher.handleTimeout(IdlingResourceRegistry.java:4)
09-22 19:37:33.343 13313 13465 E AndroidRuntime: 	at androidx.test.espresso.base.IdlingResourceRegistry$Dispatcher.handleMessage(IdlingResourceRegistry.java:6)
09-22 19:37:33.343 13313 13465 E AndroidRuntime: 	at android.os.Handler.dispatchMessage(Handler.java:103)
09-22 19:37:33.343 13313 13465 E AndroidRuntime: 	at androidx.test.espresso.base.Interrogator.loopAndInterrogate(Interrogator.java:14)
09-22 19:37:33.343 13313 13465 E AndroidRuntime: 	at androidx.test.espresso.base.UiControllerImpl.loopUntil(UiControllerImpl.java:8)
09-22 19:37:33.343 13313 13465 E AndroidRuntime: 	at androidx.test.espresso.base.UiControllerImpl.loopMainThreadUntilIdle(UiControllerImpl.java:17)
09-22 19:37:33.343 13313 13465 E AndroidRuntime: 	at androidx.test.espresso.Espresso$1.run(Espresso.java:1)
09-22 19:37:33.343 13313 13465 E AndroidRuntime: 	at java.util.concurrent.Executors$RunnableAdapter.call(Executors.java:462)
09-22 19:37:33.343 13313 13465 E AndroidRuntime: 	at java.util.concurrent.FutureTask.run(FutureTask.java:266)
09-22 19:37:33.343 13313 13465 E AndroidRuntime: 	at android.os.Handler.handleCallback(Handler.java:883)
09-22 19:37:33.343 13313 13465 E AndroidRuntime: 	at android.os.Handler.dispatchMessage(Handler.java:100)
09-22 19:37:33.343 13313 13465 E AndroidRuntime: 	at android.os.Looper.loop(Looper.java:214)
09-22 19:37:33.343 13313 13465 E AndroidRuntime: 	at android.app.ActivityThread.main(ActivityThread.java:7356)
09-22 19:37:33.343 13313 13465 E AndroidRuntime: 	at java.lang.reflect.Method.invoke(Native Method)
09-22 19:37:33.343 13313 13465 E AndroidRuntime: 	at com.android.internal.os.RuntimeInit$MethodAndArgsCaller.run(RuntimeInit.java:492)
09-22 19:37:33.343 13313 13465 E AndroidRuntime: 	at com.android.internal.os.ZygoteInit.main(ZygoteInit.java:930)
09-22 19:37:33.346 13313 13313 I Detox   : Network is busy, with 2 in-flight calls
09-22 19:37:33.346 13313 13313 I chatty  : uid=10157(so.onekey.app.wallet.dev) identical 17 lines
09-22 19:37:33.346 13313 13313 I Detox   : Network is busy, with 2 in-flight calls
09-22 19:37:33.348 13313 13646 E JIGUANG-JCore: [ReportUtils] wrap data failed
09-22 19:37:33.363 13313 13313 I Detox   : Network is busy, with 2 in-flight calls
09-22 19:37:33.380 13313 13313 I chatty  : uid=10157(so.onekey.app.wallet.dev) identical 36 lines
09-22 19:37:33.380 13313 13313 I Detox   : Network is busy, with 2 in-flight calls
09-22 19:37:33.396 13313 13313 I Detox   : Network is busy, with 2 in-flight calls
09-22 19:37:34.683 13313 13313 I chatty  : uid=10157(so.onekey.app.wallet.dev) identical 1480 lines
09-22 19:37:34.683 13313 13313 I Detox   : Network is busy, with 2 in-flight calls
09-22 19:37:34.691 13313 13467 D DetoxWSClient: Received action 'currentStatus' (ID #7, params={})
09-22 19:37:34.691 13313 13466 I DetoxDispatcher: Handling action 'currentStatus' (ID #7)...
09-22 19:37:34.692 13313 13313 I Detox   : Network is busy, with 2 in-flight calls
09-22 19:37:34.693 13313 13466 I DetoxWSClient: Sending out action 'currentStatusResult' (ID #7)
09-22 19:37:34.694 13313 13466 I DetoxDispatcher: Done with action 'currentStatus'
09-22 19:37:34.696 13313 13313 I Detox   : Network is busy, with 2 in-flight calls
09-22 19:37:35.331 13313 13313 I chatty  : uid=10157(so.onekey.app.wallet.dev) identical 778 lines
09-22 19:37:35.331 13313 13313 I Detox   : Network is busy, with 2 in-flight calls
09-22 19:37:35.349 13313 13465 E DetoxCrashHandler: Crash detected!!! thread=detox.primary (693)
09-22 19:37:35.349 13313 13465 E DetoxCrashHandler: java.lang.RuntimeException: java.util.concurrent.ExecutionException: androidx.test.espresso.IdlingResourceTimeoutException: Wait for [com.wix.detox.reactnative.idlingresources.NetworkIdlingResource] to become idle timed out
09-22 19:37:35.349 13313 13465 E DetoxCrashHandler: 	at androidx.test.espresso.Espresso.onIdle(Espresso.java:15)
09-22 19:37:35.349 13313 13465 E DetoxCrashHandler: 	at com.wix.detox.TestEngineFacade.awaitIdle(TestEngineFacade.kt:12)
09-22 19:37:35.349 13313 13465 E DetoxCrashHandler: 	at com.wix.detox.adapters.server.ReadyActionHandler.handle(DetoxActionHandlers.kt:25)
09-22 19:37:35.349 13313 13465 E DetoxCrashHandler: 	at com.wix.detox.adapters.server.ActionsExecutor.executeAction$lambda-2$lambda-1(DetoxActionsDispatcher.kt:64)
09-22 19:37:35.349 13313 13465 E DetoxCrashHandler: 	at com.wix.detox.adapters.server.ActionsExecutor.$r8$lambda$nk3cF8ntnfFqbJOcVqd04vjb5nY(Unknown Source:0)
09-22 19:37:35.349 13313 13465 E DetoxCrashHandler: 	at com.wix.detox.adapters.server.ActionsExecutor$$ExternalSyntheticLambda0.run(Unknown Source:8)
09-22 19:37:35.349 13313 13465 E DetoxCrashHandler: 	at android.os.Handler.handleCallback(Handler.java:883)
09-22 19:37:35.349 13313 13465 E DetoxCrashHandler: 	at android.os.Handler.dispatchMessage(Handler.java:100)
09-22 19:37:35.349 13313 13465 E DetoxCrashHandler: 	at android.os.Looper.loop(Looper.java:214)
09-22 19:37:35.349 13313 13465 E DetoxCrashHandler: 	at com.wix.detox.adapters.server.ActionsExecutor._init_$lambda-0(DetoxActionsDispatcher.kt:50)
09-22 19:37:35.349 13313 13465 E DetoxCrashHandler: 	at com.wix.detox.adapters.server.ActionsExecutor.$r8$lambda$Hi5vyewqQiQqk57AkJy_cHqNGKY(Unknown Source:0)
09-22 19:37:35.349 13313 13465 E DetoxCrashHandler: 	at com.wix.detox.adapters.server.ActionsExecutor$$ExternalSyntheticLambda1.run(Unknown Source:4)
09-22 19:37:35.349 13313 13465 E DetoxCrashHandler: 	at java.lang.Thread.run(Thread.java:919)
09-22 19:37:35.349 13313 13465 E DetoxCrashHandler: Caused by: java.util.concurrent.ExecutionException: androidx.test.espresso.IdlingResourceTimeoutException: Wait for [com.wix.detox.reactnative.idlingresources.NetworkIdlingResource] to become idle timed out
09-22 19:37:35.349 13313 13465 E DetoxCrashHandler: 	at java.util.concurrent.FutureTask.report(FutureTask.java:123)
09-22 19:37:35.349 13313 13465 E DetoxCrashHandler: 	at java.util.concurrent.FutureTask.get(FutureTask.java:193)
09-22 19:37:35.349 13313 13465 E DetoxCrashHandler: 	at androidx.test.espresso.Espresso.onIdle(Espresso.java:10)
09-22 19:37:35.349 13313 13465 E DetoxCrashHandler: 	... 12 more
09-22 19:37:35.349 13313 13465 E DetoxCrashHandler: Caused by: androidx.test.espresso.IdlingResourceTimeoutException: Wait for [com.wix.detox.reactnative.idlingresources.NetworkIdlingResource] to become idle timed out
09-22 19:37:35.349 13313 13465 E DetoxCrashHandler: 	at androidx.test.espresso.IdlingPolicy.handleTimeout(IdlingPolicy.java:4)
09-22 19:37:35.349 13313 13465 E DetoxCrashHandler: 	at androidx.test.espresso.base.UiControllerImpl$5.resourcesHaveTimedOut(UiControllerImpl.java:1)
09-22 19:37:35.349 13313 13465 E DetoxCrashHandler: 	at androidx.test.espresso.base.IdlingResourceRegistry$Dispatcher.handleTimeout(IdlingResourceRegistry.java:4)
09-22 19:37:35.349 13313 13465 E DetoxCrashHandler: 	at androidx.test.espresso.base.IdlingResourceRegistry$Dispatcher.handleMessage(IdlingResourceRegistry.java:6)
09-22 19:37:35.349 13313 13465 E DetoxCrashHandler: 	at android.os.Handler.dispatchMessage(Handler.java:103)
09-22 19:37:35.349 13313 13465 E DetoxCrashHandler: 	at androidx.test.espresso.base.Interrogator.loopAndInterrogate(Interrogator.java:14)
09-22 19:37:35.349 13313 13465 E DetoxCrashHandler: 	at androidx.test.espresso.base.UiControllerImpl.loopUntil(UiControllerImpl.java:8)
09-22 19:37:35.349 13313 13465 E DetoxCrashHandler: 	at androidx.test.espresso.base.UiControllerImpl.loopMainThreadUntilIdle(UiControllerImpl.java:17)
09-22 19:37:35.349 13313 13465 E DetoxCrashHandler: 	at androidx.test.espresso.Espresso$1.run(Espresso.java:1)
09-22 19:37:35.349 13313 13465 E DetoxCrashHandler: 	at java.util.concurrent.Executors$RunnableAdapter.call(Executors.java:462)
09-22 19:37:35.349 13313 13465 E DetoxCrashHandler: 	at java.util.concurrent.FutureTask.run(FutureTask.java:266)
09-22 19:37:35.349 13313 13465 E DetoxCrashHandler: 	at android.os.Handler.handleCallback(Handler.java:883)
09-22 19:37:35.349 13313 13465 E DetoxCrashHandler: 	at android.os.Handler.dispatchMessage(Handler.java:100)
09-22 19:37:35.349 13313 13465 E DetoxCrashHandler: 	at android.os.Looper.loop(Looper.java:214)
09-22 19:37:35.349 13313 13465 E DetoxCrashHandler: 	at android.app.ActivityThread.main(ActivityThread.java:7356)
09-22 19:37:35.349 13313 13465 E DetoxCrashHandler: 	at java.lang.reflect.Method.invoke(Native Method)
09-22 19:37:35.349 13313 13465 E DetoxCrashHandler: 	at com.android.internal.os.RuntimeInit$MethodAndArgsCaller.run(RuntimeInit.java:492)
09-22 19:37:35.349 13313 13465 E DetoxCrashHandler: 	at com.android.internal.os.ZygoteInit.main(ZygoteInit.java:930)
09-22 19:37:35.351 13313 13313 I Detox   : Network is busy, with 2 in-flight calls
09-22 19:37:35.351 13313 13313 I chatty  : uid=10157(so.onekey.app.wallet.dev) identical 3 lines
09-22 19:37:35.351 13313 13313 I Detox   : Network is busy, with 2 in-flight calls
09-22 19:37:35.351 13313 13465 I DetoxWSClient: Sending out action 'AppWillTerminateWithError' (ID #-10000)
09-22 19:37:35.351 13313 13313 I Detox   : Network is busy, with 2 in-flight calls
09-22 19:37:35.398 13313 13313 I chatty  : uid=10157(so.onekey.app.wallet.dev) identical 73 lines
09-22 19:37:35.398 13313 13313 I Detox   : Network is busy, with 2 in-flight calls
09-22 19:37:35.413 13313 13313 I Detox   : Network is busy, with 2 in-flight calls
09-22 19:37:37.414 13313 13313 I chatty  : uid=10157(so.onekey.app.wallet.dev) identical 2418 lines
09-22 19:37:37.414 13313 13313 I Detox   : Network is busy, with 2 in-flight calls
09-22 19:37:37.430 13313 13313 I Detox   : Network is busy, with 2 in-flight calls
09-22 19:37:37.732 13313 13313 I chatty  : uid=10157(so.onekey.app.wallet.dev) identical 378 lines
09-22 19:37:37.732 13313 13313 I Detox   : Network is busy, with 2 in-flight calls
09-22 19:37:37.742 13313 13559 W .app.wallet.de: Accessing hidden method Lsun/misc/Unsafe;->getObject(Ljava/lang/Object;J)Ljava/lang/Object; (greylist, linking, allowed)
09-22 19:37:37.744 13313 13645 W .app.wallet.de: Accessing hidden method Lsun/misc/Unsafe;->getObject(Ljava/lang/Object;J)Ljava/lang/Object; (greylist, linking, allowed)
09-22 19:37:37.744 13313 13645 W .app.wallet.de: Accessing hidden method Lsun/misc/Unsafe;->getObject(Ljava/lang/Object;J)Ljava/lang/Object; (greylist, linking, allowed)
09-22 19:37:37.747 13313 13313 I Detox   : Network is busy, with 2 in-flight calls
09-22 19:37:37.748 13313 13313 I chatty  : uid=10157(so.onekey.app.wallet.dev) identical 18 lines
09-22 19:37:37.748 13313 13313 I Detox   : Network is busy, with 2 in-flight calls
09-22 19:37:37.765 13313 13313 I Detox   : Network is busy, with 2 in-flight calls
09-22 19:37:37.782 13313 13313 I chatty  : uid=10157(so.onekey.app.wallet.dev) identical 38 lines
09-22 19:37:37.782 13313 13313 I Detox   : Network is busy, with 2 in-flight calls
09-22 19:37:37.797 13313 13313 I Detox   : Network is busy, with 2 in-flight calls
09-22 19:37:37.797 13313 13313 I chatty  : uid=10157(so.onekey.app.wallet.dev) identical 18 lines
09-22 19:37:37.797 13313 13313 I Detox   : Network is busy, with 2 in-flight calls
09-22 19:37:37.813 13313 13313 I Detox   : Network is busy, with 2 in-flight calls
09-22 19:37:37.813 13313 13313 I chatty  : uid=10157(so.onekey.app.wallet.dev) identical 18 lines
09-22 19:37:37.813 13313 13313 I Detox   : Network is busy, with 2 in-flight calls
09-22 19:37:37.830 13313 13313 I Detox   : Network is busy, with 2 in-flight calls
09-22 19:37:37.949 13313 13313 I chatty  : uid=10157(so.onekey.app.wallet.dev) identical 158 lines
09-22 19:37:37.949 13313 13313 I Detox   : Network is busy, with 2 in-flight calls
09-22 19:37:37.963 13313 13313 I Detox   : Network is busy, with 2 in-flight calls
09-22 19:37:37.963 13313 13313 I chatty  : uid=10157(so.onekey.app.wallet.dev) identical 18 lines
09-22 19:37:37.963 13313 13313 I Detox   : Network is busy, with 2 in-flight calls
09-22 19:37:37.979 13313 13313 I Detox   : Network is busy, with 2 in-flight calls
09-22 19:37:38.766 13313 13313 I chatty  : uid=10157(so.onekey.app.wallet.dev) identical 958 lines
09-22 19:37:38.766 13313 13313 I Detox   : Network is busy, with 2 in-flight calls
09-22 19:37:38.780 13313 13313 I Detox   : Network is busy, with 2 in-flight calls
09-22 19:37:38.981 13313 13313 I chatty  : uid=10157(so.onekey.app.wallet.dev) identical 258 lines
09-22 19:37:38.981 13313 13313 I Detox   : Network is busy, with 2 in-flight calls
09-22 19:37:38.996 13313 13313 I Detox   : Network is busy, with 2 in-flight calls
09-22 19:37:39.413 13313 13313 I chatty  : uid=10157(so.onekey.app.wallet.dev) identical 518 lines
09-22 19:37:39.413 13313 13313 I Detox   : Network is busy, with 2 in-flight calls
09-22 19:37:39.429 13313 13313 I Detox   : Network is busy, with 2 in-flight calls
09-22 19:37:40.413 13313 13313 I chatty  : uid=10157(so.onekey.app.wallet.dev) .app.wallet.dev identical 1198 lines
09-22 19:37:40.413 13313 13313 I Detox   : Network is busy, with 2 in-flight calls
