09-22 19:36:30.506 13313 13475 V SoLoader: libz.so not found on /data/app/so.onekey.app.wallet.dev-YxcKICWTsFcM5Qeko7Vr_g==/base.apk!/lib/arm64-v8a
09-22 19:36:30.506 13313 13475 V SoLoader: libz.so not found on /data/app/so.onekey.app.wallet.dev.test-AC2VSb9pyNh5WIh4-9foqQ==/base.apk!/lib/arm64-v8a
09-22 19:36:30.506 13313 13475 D SoLoader: libz.so found on /system/lib64
09-22 19:36:30.506 13313 13475 D SoLoader: libz.so loaded implicitly
09-22 19:36:30.535 13313 13475 D SoLoader: librealm.so found on /data/app/so.onekey.app.wallet.dev-YxcKICWTsFcM5Qeko7Vr_g==/base.apk!/lib/arm64-v8a
09-22 19:36:30.535 13313 13475 V JSRealm : setDefaultRealmFileDirectory
09-22 19:36:30.536 13313 13475 D JSRealm : Absolute path: /data/data/so.onekey.app.wallet.dev/files
09-22 19:36:30.537 13313 13475 V JSRealm : install
09-22 19:36:30.537 13313 13475 V JSRealm : Building an exports object
09-22 19:36:30.537 13313 13475 V JSRealm : Initializing ...
09-22 19:36:30.629 13313 13475 W ReactNativeJS: @polkadot/api requires direct dependencies exactly matching version 10.7.1.
09-22 19:36:30.629 13313 13475 W ReactNativeJS: Either remove and explicitly install matching versions or dedupe using your package manager.
09-22 19:36:30.629 13313 13475 W ReactNativeJS: The following conflicting packages were found:
09-22 19:36:30.629 13313 13475 W ReactNativeJS: 	10.8.1	@polkadot/rpc-core
09-22 19:36:30.629 13313 13475 W ReactNativeJS: 	10.8.1	@polkadot/types-known
09-22 19:36:30.629 13313 13475 W ReactNativeJS: @polkadot/rpc-augment requires direct dependencies exactly matching version 10.8.1.
09-22 19:36:30.629 13313 13475 W ReactNativeJS: Either remove and explicitly install matching versions or dedupe using your package manager.
09-22 19:36:30.629 13313 13475 W ReactNativeJS: The following conflicting packages were found:
09-22 19:36:30.629 13313 13475 W ReactNativeJS: 	10.7.1	@polkadot/types
09-22 19:36:30.639 13313 13313 W IdlingPolicy: These resources are not idle: [LooperIdlingResource-703-mqt_js]
09-22 19:36:30.670 13313 13475 W ReactNativeJS: @polkadot/rpc-core requires direct dependencies exactly matching version 10.8.1.
09-22 19:36:30.670 13313 13475 W ReactNativeJS: Either remove and explicitly install matching versions or dedupe using your package manager.
09-22 19:36:30.670 13313 13475 W ReactNativeJS: The following conflicting packages were found:
09-22 19:36:30.670 13313 13475 W ReactNativeJS: 	10.7.1	@polkadot/rpc-provider
09-22 19:36:30.670 13313 13475 W ReactNativeJS: 	10.7.1	@polkadot/types
09-22 19:36:30.670 13313 13475 W ReactNativeJS: @polkadot/types requires direct dependencies exactly matching version 10.7.1.
09-22 19:36:30.670 13313 13475 W ReactNativeJS: Either remove and explicitly install matching versions or dedupe using your package manager.
09-22 19:36:30.670 13313 13475 W ReactNativeJS: The following conflicting packages were found:
09-22 19:36:30.670 13313 13475 W ReactNativeJS: 	10.8.1	@polkadot/types-codec
09-22 19:36:30.670 13313 13475 W ReactNativeJS: 	10.8.1	@polkadot/types-create
09-22 19:36:30.687 13313 13475 W ReactNativeJS: @polkadot/types-known requires direct dependencies exactly matching version 10.8.1.
09-22 19:36:30.687 13313 13475 W ReactNativeJS: Either remove and explicitly install matching versions or dedupe using your package manager.
09-22 19:36:30.687 13313 13475 W ReactNativeJS: The following conflicting packages were found:
09-22 19:36:30.687 13313 13475 W ReactNativeJS: 	10.7.1	@polkadot/types
09-22 19:36:30.754 13313 13475 V SoLoader: libreanimated.so not found on /data/app/so.onekey.app.wallet.dev-YxcKICWTsFcM5Qeko7Vr_g==/lib/arm64
09-22 19:36:30.772 13313 13475 D SoLoader: libreanimated.so found on /data/app/so.onekey.app.wallet.dev-YxcKICWTsFcM5Qeko7Vr_g==/base.apk!/lib/arm64-v8a
09-22 19:36:30.936 13313 13475 I RNMMKV  : Creating MMKV instance "obsPersist"... (Path: , Encryption-Key: )
09-22 19:36:30.936 13313 13475 I MMKV    : <MemoryFile.cpp:97::open> open fd[0xb0], /data/user/0/so.onekey.app.wallet.dev/files/mmkv/obsPersist
09-22 19:36:30.936 13313 13475 I MMKV    : <MemoryFile.cpp:97::open> open fd[0xb1], /data/user/0/so.onekey.app.wallet.dev/files/mmkv/obsPersist.crc
09-22 19:36:30.936 13313 13475 I MMKV    : <MMKV_IO.cpp:81::loadFromFile> loading [obsPersist] with 0 actual size, file size 4096, InterProcess 0, meta info version:0
09-22 19:36:30.936 13313 13475 I MMKV    : <MMKV_IO.cpp:130::loadFromFile> loaded [obsPersist] with 0 key-values
09-22 19:36:30.952 13313 13475 W ReactNativeJS: `new NativeEventEmitter()` was called with a non-null argument without the required `addListener` method.
09-22 19:36:30.952 13313 13475 W ReactNativeJS: `new NativeEventEmitter()` was called with a non-null argument without the required `removeListeners` method.
09-22 19:36:31.099 13313 13475 I ReactNativeJS: Running "main
09-22 19:36:31.131 13313 13455 W .app.wallet.de: Accessing hidden method Ljava/io/ObjectStreamClass;->getConstructorId(Ljava/lang/Class;)J (greylist, reflection, allowed)
09-22 19:36:31.131 13313 13455 W .app.wallet.de: Accessing hidden field Lsun/misc/Unsafe;->theUnsafe:Lsun/misc/Unsafe; (greylist, reflection, allowed)
09-22 19:36:31.151 13313 13313 I ReactNative: [GESTURE HANDLER] Initialize gesture handler for root view com.facebook.react.ReactRootView{7109030 V.E...... ......ID 0,0-1080,2022 #b}
09-22 19:36:31.226 13313 13360 W System  : Ignoring header If-None-Match because its value was null.
09-22 19:36:31.348 13313 13475 D RNFBCrashlyticsInit: isCrashlyticsCollectionEnabled via RNFBMeta: true
09-22 19:36:31.348 13313 13475 D RNFBCrashlyticsInit: isCrashlyticsCollectionEnabled after checking crashlytics_debug_enabled: false
09-22 19:36:31.348 13313 13475 D RNFBCrashlyticsInit: isCrashlyticsCollectionEnabled final value: false
09-22 19:36:31.348 13313 13475 D RNFBCrashlyticsInit: isErrorGenerationOnJSCrashEnabled via RNFBJSON: true
09-22 19:36:31.348 13313 13475 D RNFBCrashlyticsInit: isErrorGenerationOnJSCrashEnabled final value: true
09-22 19:36:31.348 13313 13475 D RNFBCrashlyticsInit: isCrashlyticsJavascriptExceptionHandlerChainingEnabled via RNFBJSON: true
09-22 19:36:31.348 13313 13475 D RNFBCrashlyticsInit: isCrashlyticsJavascriptExceptionHandlerChainingEnabled final value: true
09-22 19:36:31.352 13313 13476 W .app.wallet.de: Accessing hidden field Landroid/app/ActivityThread;->sCurrentActivityThread:Landroid/app/ActivityThread; (greylist, reflection, allowed)
09-22 19:36:31.352 13313 13476 W .app.wallet.de: Accessing hidden method Landroid/app/ActivityThread;->getApplication()Landroid/app/Application; (greylist, reflection, allowed)
09-22 19:36:31.362 13313 13476 D ActionManager: addAction type:JPUSH,action:cn.jpush.android.helper.b
09-22 19:36:31.368 13313 13476 W .app.wallet.de: Accessing hidden method Landroid/app/ActivityThread;->currentActivityThread()Landroid/app/ActivityThread; (greylist, reflection, allowed)
09-22 19:36:31.368 13313 13476 W .app.wallet.de: Accessing hidden field Landroid/app/ActivityThread;->mActivities:Landroid/util/ArrayMap; (greylist, reflection, allowed)
09-22 19:36:31.368 13313 13476 W .app.wallet.de: Accessing hidden field Landroid/app/ActivityThread$ActivityClientRecord;->paused:Z (greylist, reflection, allowed)
09-22 19:36:31.368 13313 13476 W .app.wallet.de: Accessing hidden field Landroid/app/ActivityThread$ActivityClientRecord;->activity:Landroid/app/Activity; (greylist, reflection, allowed)
09-22 19:36:31.377 13313 13476 W .app.wallet.de: Accessing hidden method Landroid/view/Window;->getInsetsController()Landroid/view/WindowInsetsController; (blacklist, linking, denied)
09-22 19:36:31.383 13313 13476 D RNFBCrashlyticsInit: isCrashlyticsCollectionEnabled via RNFBMeta: true
09-22 19:36:31.383 13313 13476 D RNFBCrashlyticsInit: isCrashlyticsCollectionEnabled after checking crashlytics_debug_enabled: false
09-22 19:36:31.383 13313 13476 D RNFBCrashlyticsInit: isCrashlyticsCollectionEnabled final value: false
09-22 19:36:31.423 13313 13522 E JIGUANG-JOperate: [JOperateProccessHelper] The permission should be defined JO- so.onekey.app.wallet.dev.permission.JOPERATE_MESSAGE
09-22 19:36:31.427 13313 13522 E JIGUANG-JOperate: [JOperateProccessHelper] getReceiverPermission:so.onekey.app.wallet.dev.permission.JPUSH_MESSAGE
09-22 19:36:31.467 13313 13538 V SoLoader: libimagepipeline.so not found on /data/app/so.onekey.app.wallet.dev-YxcKICWTsFcM5Qeko7Vr_g==/lib/arm64
09-22 19:36:31.485 13313 13538 V SoLoader: libjnigraphics.so not found on /data/app/so.onekey.app.wallet.dev-YxcKICWTsFcM5Qeko7Vr_g==/lib/arm64
09-22 19:36:31.485 13313 13538 V SoLoader: libjnigraphics.so not found on /data/app/so.onekey.app.wallet.dev-YxcKICWTsFcM5Qeko7Vr_g==/base.apk!/lib/arm64-v8a
09-22 19:36:31.486 13313 13538 V SoLoader: libjnigraphics.so not found on /data/app/so.onekey.app.wallet.dev.test-AC2VSb9pyNh5WIh4-9foqQ==/base.apk!/lib/arm64-v8a
09-22 19:36:31.486 13313 13542 E JIGUANG-JCore: [CheckManifestHelper] errorcode:1008,Invalid appKey : 1, Please get your Appkey from JIGUANG web console!
09-22 19:36:31.487 13313 13538 D SoLoader: libjnigraphics.so found on /system/lib64
09-22 19:36:31.488 13313 13538 D SoLoader: libjnigraphics.so loaded implicitly
09-22 19:36:31.491 13313 13542 E JIGUANG-JCore: [CheckManifestHelper] errorcode:1008,Invalid appKey : 1, Please get your Appkey from JIGUANG web console!
09-22 19:36:31.498 13313 13542 I chatty  : uid=10157(so.onekey.app.wallet.dev) jg_mn_pool_thre identical 2 lines
09-22 19:36:31.500 13313 13542 E JIGUANG-JCore: [CheckManifestHelper] errorcode:1008,Invalid appKey : 1, Please get your Appkey from JIGUANG web console!
09-22 19:36:31.501 13313 13476 W unknown:ViewManagerPropertyUpdater: Could not find generated setter for class com.swmansion.rnscreens.ScreensShadowNode
09-22 19:36:31.501 13313 13542 E JIGUANG-JCore: [CheckManifestHelper] errorcode:1008,Invalid appKey : 1, Please get your Appkey from JIGUANG web console!
09-22 19:36:31.516 13313 13538 D SoLoader: libimagepipeline.so found on /data/app/so.onekey.app.wallet.dev-YxcKICWTsFcM5Qeko7Vr_g==/base.apk!/lib/arm64-v8a
09-22 19:36:31.884 13313 13475 I ReactNativeJS: 'LazyRenderWhenFocus >>>>>>>>>> ', { shouldFreeze: true,
09-22 19:36:31.884 13313 13475 I ReactNativeJS:   freezeWhenBlur: undefined,
09-22 19:36:31.884 13313 13475 I ReactNativeJS:   rootTabName: 'market' }
09-22 19:36:31.922 13313 13475 I ReactNativeJS: 'LazyRenderWhenFocus >>>>>>>>>> ', { shouldFreeze: true,
09-22 19:36:31.922 13313 13475 I ReactNativeJS:   freezeWhenBlur: undefined,
09-22 19:36:31.922 13313 13475 I ReactNativeJS:   rootTabName: 'swap' }
09-22 19:36:31.958 13313 13475 I ReactNativeJS: 'LazyRenderWhenFocus >>>>>>>>>> ', { shouldFreeze: true,
09-22 19:36:31.958 13313 13475 I ReactNativeJS:   freezeWhenBlur: undefined,
09-22 19:36:31.958 13313 13475 I ReactNativeJS:   rootTabName: 'discover' }
09-22 19:36:32.018 13313 13475 I ReactNativeJS: 'LazyRenderWhenFocus >>>>>>>>>> ', { shouldFreeze: true,
09-22 19:36:32.018 13313 13475 I ReactNativeJS:   freezeWhenBlur: undefined,
09-22 19:36:32.018 13313 13475 I ReactNativeJS:   rootTabName: 'me' }
09-22 19:36:32.144 13313 13475 W ReactNativeJS: `new NativeEventEmitter()` was called with a non-null argument without the required `addListener` method.
09-22 19:36:32.144 13313 13475 W ReactNativeJS: `new NativeEventEmitter()` was called with a non-null argument without the required `removeListeners` method.
09-22 19:36:32.252 13313 13476 D RNFBCrashlyticsInit: isCrashlyticsCollectionEnabled via RNFBMeta: true
09-22 19:36:32.252 13313 13476 D RNFBCrashlyticsInit: isCrashlyticsCollectionEnabled after checking crashlytics_debug_enabled: false
09-22 19:36:32.252 13313 13476 D RNFBCrashlyticsInit: isCrashlyticsCollectionEnabled final value: false
09-22 19:36:32.300 13313 13313 I Choreographer: Skipped 52 frames!  The application may be doing too much work on its main thread.
09-22 19:36:32.301 13313 13476 D RNFBCrashlyticsInit: isCrashlyticsCollectionEnabled via RNFBMeta: true
09-22 19:36:32.301 13313 13476 D RNFBCrashlyticsInit: isCrashlyticsCollectionEnabled after checking crashlytics_debug_enabled: false
09-22 19:36:32.301 13313 13476 D RNFBCrashlyticsInit: isCrashlyticsCollectionEnabled final value: false
09-22 19:36:32.302 13313 13442 I OpenGLRenderer: Davey! duration=905ms; Flags=1, IntendedVsync=5958442411499, Vsync=5958442411499, OldestInputEvent=9223372036854775807, NewestInputEvent=0, HandleInputStart=5958446693464, AnimationStart=5958446707589, PerformTraversalsStart=5958466687714, DrawStart=5959338448298, SyncQueued=5959339112507, SyncStart=5959339435590, IssueDrawCommandsStart=5959339478007, SwapBuffers=5959340144757, FrameCompleted=5959348433298, DequeueBufferDuration=550000, QueueBufferDuration=3259000, 
09-22 19:36:32.328 13313 13313 W .app.wallet.de: Accessing hidden method Lsun/misc/Unsafe;->getObject(Ljava/lang/Object;J)Ljava/lang/Object; (greylist, linking, allowed)
09-22 19:36:32.331 13313 13448 W .app.wallet.de: Accessing hidden method Lsun/misc/Unsafe;->getInt(Ljava/lang/Object;J)I (greylist, linking, allowed)
09-22 19:36:32.331 13313 13448 W .app.wallet.de: Accessing hidden method Lsun/misc/Unsafe;->getObject(Ljava/lang/Object;J)Ljava/lang/Object; (greylist, linking, allowed)
09-22 19:36:32.331 13313 13448 W .app.wallet.de: Accessing hidden method Lsun/misc/Unsafe;->getObject(Ljava/lang/Object;J)Ljava/lang/Object; (greylist, linking, allowed)
09-22 19:36:32.331 13313 13442 I OpenGLRenderer: Davey! duration=900ms; Flags=0, IntendedVsync=5958475744826, Vsync=5959342411458, OldestInputEvent=9223372036854775807, NewestInputEvent=0, HandleInputStart=5959345633673, AnimationStart=5959345635590, PerformTraversalsStart=5959369394965, DrawStart=5959369729173, SyncQueued=5959369769923, SyncStart=5959370634590, IssueDrawCommandsStart=5959370960090, SwapBuffers=5959371704257, FrameCompleted=5959377295048, DequeueBufferDuration=163000, QueueBufferDuration=303000, 
09-22 19:36:32.336 13313 13448 W .app.wallet.de: Accessing hidden method Lsun/misc/Unsafe;->getObject(Ljava/lang/Object;J)Ljava/lang/Object; (greylist, linking, allowed)
09-22 19:36:32.339 13313 13448 W .app.wallet.de: Accessing hidden method Lsun/misc/Unsafe;->getLong(Ljava/lang/Object;J)J (greylist,core-platform-api, linking, allowed)
09-22 19:36:32.340 13313 13448 W .app.wallet.de: Accessing hidden method Lsun/misc/Unsafe;->getObject(Ljava/lang/Object;J)Ljava/lang/Object; (greylist, linking, allowed)
09-22 19:36:32.340 13313 13448 W .app.wallet.de: Accessing hidden method Lsun/misc/Unsafe;->putInt(Ljava/lang/Object;JI)V (greylist, linking, allowed)
09-22 19:36:32.790 13313 13313 D RenderScript HIDL Adaptation: IRenderScriptDevice::getService()
09-22 19:36:32.791 13313 13313 D RenderScript HIDL Adaptation: IRenderScriptDevice::getService() returned 0x0
09-22 19:36:32.791 13313 13313 D RenderScript HIDL Adaptation: Using Fallback Path.
09-22 19:36:32.808 13313 13313 D         : Successfully queried cache dir: /data/user_de/0/so.onekey.app.wallet.dev/code_cache
09-22 19:36:32.808 13313 13313 D RenderScript: Setting cache dir: /data/user_de/0/so.onekey.app.wallet.dev/code_cache
09-22 19:36:32.891 13313 13313 W .app.wallet.de: Accessing hidden field Landroid/widget/ScrollView;->mScroller:Landroid/widget/OverScroller; (greylist, reflection, allowed)
09-22 19:36:32.998 13313 13313 I ReactNative: [GESTURE HANDLER] Gesture handler is already enabled for a parent view
09-22 19:36:33.018 13313 13313 W .app.wallet.de: Accessing hidden method Lsun/misc/Unsafe;->getObject(Ljava/lang/Object;J)Ljava/lang/Object; (greylist, linking, allowed)
09-22 19:36:33.019 13313 13313 W .app.wallet.de: Accessing hidden method Lsun/misc/Unsafe;->getObject(Ljava/lang/Object;J)Ljava/lang/Object; (greylist, linking, allowed)
09-22 19:36:33.019 13313 13448 W .app.wallet.de: Accessing hidden method Lsun/misc/Unsafe;->getInt(Ljava/lang/Object;J)I (greylist, linking, allowed)
09-22 19:36:33.019 13313 13448 W .app.wallet.de: Accessing hidden method Lsun/misc/Unsafe;->getObject(Ljava/lang/Object;J)Ljava/lang/Object; (greylist, linking, allowed)
09-22 19:36:33.019 13313 13448 W .app.wallet.de: Accessing hidden method Lsun/misc/Unsafe;->putInt(Ljava/lang/Object;JI)V (greylist, linking, allowed)
09-22 19:36:33.019 13313 13448 W .app.wallet.de: Accessing hidden method Lsun/misc/Unsafe;->getObject(Ljava/lang/Object;J)Ljava/lang/Object; (greylist, linking, allowed)
09-22 19:36:33.019 13313 13313 W .app.wallet.de: Accessing hidden method Lsun/misc/Unsafe;->getObject(Ljava/lang/Object;J)Ljava/lang/Object; (greylist, linking, allowed)
09-22 19:36:33.019 13313 13313 W .app.wallet.de: Accessing hidden method Lsun/misc/Unsafe;->getObject(Ljava/lang/Object;J)Ljava/lang/Object; (greylist, linking, allowed)
09-22 19:36:33.020 13313 13448 W .app.wallet.de: Accessing hidden method Lsun/misc/Unsafe;->getInt(Ljava/lang/Object;J)I (greylist, linking, allowed)
09-22 19:36:33.020 13313 13448 W .app.wallet.de: Accessing hidden method Lsun/misc/Unsafe;->getObject(Ljava/lang/Object;J)Ljava/lang/Object; (greylist, linking, allowed)
09-22 19:36:33.021 13313 13448 I chatty  : uid=10157(so.onekey.app.wallet.dev) pool-3-thread-1 identical 4 lines
09-22 19:36:33.021 13313 13448 W .app.wallet.de: Accessing hidden method Lsun/misc/Unsafe;->getObject(Ljava/lang/Object;J)Ljava/lang/Object; (greylist, linking, allowed)
09-22 19:36:33.071 13313 13476 W JIGUANG-JPush: [AndroidUtil] AndroidManifest.xml missing FileProvider: cn.jiguang.union.ads.service.JAdFileProvider, it necessary for inapp message
09-22 19:36:33.071 13313 13476 W JIGUANG-JPush: [AndroidUtil] The fileprovider required for inapp-message is incorrectly configured, please check AndroidManifest.xml
09-22 19:36:33.073 13313 13476 W JIGUANG-JCore: [JCoreManager] [requestPermission] context must instanceof Activity
09-22 19:36:33.073 13313 13542 E JIGUANG-JCore: [CheckManifestHelper] errorcode:1008,Invalid appKey : 1, Please get your Appkey from JIGUANG web console!
09-22 19:36:33.075 13313 13542 I chatty  : uid=10157(so.onekey.app.wallet.dev) jg_mn_pool_thre identical 1 line
09-22 19:36:33.077 13313 13542 E JIGUANG-JCore: [CheckManifestHelper] errorcode:1008,Invalid appKey : 1, Please get your Appkey from JIGUANG web console!
09-22 19:36:33.081 13313 13515 W JIGUANG-JPush: [AndroidUtil] AndroidManifest.xml missing FileProvider: cn.jiguang.union.ads.service.JAdFileProvider, it necessary for inapp message
09-22 19:36:33.081 13313 13515 W JIGUANG-JPush: [AndroidUtil] The fileprovider required for inapp-message is incorrectly configured, please check AndroidManifest.xml
09-22 19:36:33.110 13313 13542 E JIGUANG-JCore: [CheckManifestHelper] errorcode:1008,Invalid appKey : 1, Please get your Appkey from JIGUANG web console!
09-22 19:36:33.110 13313 13515 W JIGUANG-JUnionAd: [InAppHelper] not allowed install apk by system
09-22 19:36:33.155 13313 13442 I OpenGLRenderer: Davey! duration=824ms; Flags=0, IntendedVsync=5959375753808, Vsync=5959792420458, OldestInputEvent=9223372036854775807, NewestInputEvent=0, HandleInputStart=5959807774507, AnimationStart=5959807803507, PerformTraversalsStart=5960106571590, DrawStart=5960117182632, SyncQueued=5960179134049, SyncStart=5960179543507, IssueDrawCommandsStart=5960191056382, SwapBuffers=5960195265757, FrameCompleted=5960200694049, DequeueBufferDuration=155000, QueueBufferDuration=968000, 
09-22 19:36:33.188 13313 13515 W JIGUANG-JPush: [AsusPushHelper] AndroidManifest.xml missing receiver extends asus's AsusPushMessageReceiver
09-22 19:36:33.274 13313 13330 I .app.wallet.de: Background concurrent copying GC freed 41712(2014KB) AllocSpace objects, 26(1288KB) LOS objects, 20% free, 22MB/28MB, paused 486us total 192.575ms
09-22 19:36:33.276 13313 13332 W System  : A resource failed to call destroy. 
09-22 19:36:33.335 13313 13313 I Detox   : Network is busy, with 5 in-flight calls
09-22 19:36:33.414 13313 13313 I chatty  : uid=10157(so.onekey.app.wallet.dev) identical 5 lines
09-22 19:36:33.431 13313 13313 I Detox   : Network is busy, with 5 in-flight calls
09-22 19:36:33.443 13313 13556 W .app.wallet.de: Accessing hidden method Lsun/misc/Unsafe;->getObject(Ljava/lang/Object;J)Ljava/lang/Object; (greylist, linking, allowed)
09-22 19:36:33.443 13313 13448 W .app.wallet.de: Accessing hidden method Lsun/misc/Unsafe;->getObject(Ljava/lang/Object;J)Ljava/lang/Object; (greylist, linking, allowed)
09-22 19:36:33.443 13313 13448 I chatty  : uid=10157(so.onekey.app.wallet.dev) pool-3-thread-1 identical 1 line
09-22 19:36:33.444 13313 13448 W .app.wallet.de: Accessing hidden method Lsun/misc/Unsafe;->getObject(Ljava/lang/Object;J)Ljava/lang/Object; (greylist, linking, allowed)
09-22 19:36:33.444 13313 13448 W .app.wallet.de: Accessing hidden method Lsun/misc/Unsafe;->getLong(Ljava/lang/Object;J)J (greylist,core-platform-api, linking, allowed)
09-22 19:36:33.444 13313 13448 W .app.wallet.de: Accessing hidden method Lsun/misc/Unsafe;->getObject(Ljava/lang/Object;J)Ljava/lang/Object; (greylist, linking, allowed)
09-22 19:36:33.444 13313 13448 W .app.wallet.de: Accessing hidden method Lsun/misc/Unsafe;->getLong(Ljava/lang/Object;J)J (greylist,core-platform-api, linking, allowed)
09-22 19:36:33.444 13313 13448 W .app.wallet.de: Accessing hidden method Lsun/misc/Unsafe;->putInt(Ljava/lang/Object;JI)V (greylist, linking, allowed)
09-22 19:36:33.450 13313 13313 I Detox   : Network is busy, with 4 in-flight calls
09-22 19:36:33.797 13313 13313 I chatty  : uid=10157(so.onekey.app.wallet.dev) identical 21 lines
09-22 19:36:33.813 13313 13313 I Detox   : Network is busy, with 4 in-flight calls
09-22 19:36:33.821 13313 13559 W .app.wallet.de: Accessing hidden method Lsun/misc/Unsafe;->getObject(Ljava/lang/Object;J)Ljava/lang/Object; (greylist, linking, allowed)
09-22 19:36:33.821 13313 13448 W .app.wallet.de: Accessing hidden method Lsun/misc/Unsafe;->getObject(Ljava/lang/Object;J)Ljava/lang/Object; (greylist, linking, allowed)
09-22 19:36:33.821 13313 13448 W .app.wallet.de: Accessing hidden method Lsun/misc/Unsafe;->putInt(Ljava/lang/Object;JI)V (greylist, linking, allowed)
09-22 19:36:33.821 13313 13448 W .app.wallet.de: Accessing hidden method Lsun/misc/Unsafe;->getObject(Ljava/lang/Object;J)Ljava/lang/Object; (greylist, linking, allowed)
09-22 19:36:33.822 13313 13448 W .app.wallet.de: Accessing hidden method Lsun/misc/Unsafe;->getObject(Ljava/lang/Object;J)Ljava/lang/Object; (greylist, linking, allowed)
09-22 19:36:33.822 13313 13448 W .app.wallet.de: Accessing hidden method Lsun/misc/Unsafe;->getLong(Ljava/lang/Object;J)J (greylist,core-platform-api, linking, allowed)
09-22 19:36:33.822 13313 13448 W .app.wallet.de: Accessing hidden method Lsun/misc/Unsafe;->getObject(Ljava/lang/Object;J)Ljava/lang/Object; (greylist, linking, allowed)
09-22 19:36:33.822 13313 13448 W .app.wallet.de: Accessing hidden method Lsun/misc/Unsafe;->putInt(Ljava/lang/Object;JI)V (greylist, linking, allowed)
09-22 19:36:33.830 13313 13313 I Detox   : Network is busy, with 3 in-flight calls
09-22 19:36:34.064 13313 13313 I chatty  : uid=10157(so.onekey.app.wallet.dev) identical 14 lines
09-22 19:36:34.080 13313 13313 I Detox   : Network is busy, with 3 in-flight calls
09-22 19:36:34.080 13313 13313 W UiControllerImpl: Waiting for: DYNAMIC_TASKS_HAVE_IDLED for 100 iterations.
09-22 19:36:34.097 13313 13313 I Detox   : Network is busy, with 3 in-flight calls
09-22 19:36:34.530 13313 13313 I chatty  : uid=10157(so.onekey.app.wallet.dev) identical 26 lines
09-22 19:36:34.548 13313 13313 I Detox   : Network is busy, with 3 in-flight calls
09-22 19:36:34.565 13313 13313 I Detox   : Network is busy, with 3 in-flight calls
09-22 19:36:34.581 13313 13313 I chatty  : uid=10157(so.onekey.app.wallet.dev) identical 1 line
09-22 19:36:34.598 13313 13313 I Detox   : Network is busy, with 3 in-flight calls
09-22 19:36:34.602 13313 13467 D DetoxWSClient: Received action 'currentStatus' (ID #1, params={})
09-22 19:36:34.602 13313 13466 I DetoxDispatcher: Handling action 'currentStatus' (ID #1)...
09-22 19:36:34.604 13313 13313 I Detox   : Network is busy, with 3 in-flight calls
09-22 19:36:34.604 13313 13313 I Detox   : JS Bridge is busy
09-22 19:36:34.606 13313 13466 I DetoxWSClient: Sending out action 'currentStatusResult' (ID #1)
09-22 19:36:34.606 13313 13466 I DetoxDispatcher: Done with action 'currentStatus'
09-22 19:36:34.614 13313 13313 I Detox   : Network is busy, with 3 in-flight calls
09-22 19:36:34.731 13313 13313 I chatty  : uid=10157(so.onekey.app.wallet.dev) identical 14 lines
09-22 19:36:34.731 13313 13313 I Detox   : Network is busy, with 3 in-flight calls
09-22 19:36:34.741 13313 13555 W .app.wallet.de: Accessing hidden method Lsun/misc/Unsafe;->getObject(Ljava/lang/Object;J)Ljava/lang/Object; (greylist, linking, allowed)
09-22 19:36:34.742 13313 13448 W .app.wallet.de: Accessing hidden method Lsun/misc/Unsafe;->getObject(Ljava/lang/Object;J)Ljava/lang/Object; (greylist, linking, allowed)
09-22 19:36:34.742 13313 13448 W .app.wallet.de: Accessing hidden method Lsun/misc/Unsafe;->putInt(Ljava/lang/Object;JI)V (greylist, linking, allowed)
09-22 19:36:34.742 13313 13448 W .app.wallet.de: Accessing hidden method Lsun/misc/Unsafe;->getObject(Ljava/lang/Object;J)Ljava/lang/Object; (greylist, linking, allowed)
09-22 19:36:34.743 13313 13448 W .app.wallet.de: Accessing hidden method Lsun/misc/Unsafe;->getObject(Ljava/lang/Object;J)Ljava/lang/Object; (greylist, linking, allowed)
09-22 19:36:34.743 13313 13448 W .app.wallet.de: Accessing hidden method Lsun/misc/Unsafe;->getLong(Ljava/lang/Object;J)J (greylist,core-platform-api, linking, allowed)
09-22 19:36:34.743 13313 13448 W .app.wallet.de: Accessing hidden method Lsun/misc/Unsafe;->getObject(Ljava/lang/Object;J)Ljava/lang/Object; (greylist, linking, allowed)
09-22 19:36:34.743 13313 13448 W .app.wallet.de: Accessing hidden method Lsun/misc/Unsafe;->putInt(Ljava/lang/Object;JI)V (greylist, linking, allowed)
09-22 19:36:34.747 13313 13313 I Detox   : Network is busy, with 3 in-flight calls
09-22 19:36:34.764 13313 13313 I chatty  : uid=10157(so.onekey.app.wallet.dev) identical 2 lines
09-22 19:36:34.764 13313 13313 I Detox   : Network is busy, with 3 in-flight calls
09-22 19:36:34.780 13313 13313 I Detox   : Network is busy, with 2 in-flight calls
09-22 19:36:34.814 13313 13313 I chatty  : uid=10157(so.onekey.app.wallet.dev) identical 4 lines
09-22 19:36:34.814 13313 13313 I Detox   : Network is busy, with 2 in-flight calls
09-22 19:36:34.828 13313 13332 W System  : A resource failed to call destroy. 
09-22 19:36:34.831 13313 13313 I Detox   : Network is busy, with 2 in-flight calls
09-22 19:36:35.114 13313 13313 I chatty  : uid=10157(so.onekey.app.wallet.dev) identical 34 lines
09-22 19:36:35.114 13313 13313 I Detox   : Network is busy, with 2 in-flight calls
09-22 19:36:35.114 13313 13313 W UiControllerImpl: Waiting for: DYNAMIC_TASKS_HAVE_IDLED for 200 iterations.
09-22 19:36:35.130 13313 13313 I Detox   : Network is busy, with 2 in-flight calls
09-22 19:36:37.132 13313 13313 I chatty  : uid=10157(so.onekey.app.wallet.dev) identical 240 lines
09-22 19:36:37.133 13313 13313 I Detox   : Network is busy, with 2 in-flight calls
09-22 19:36:37.147 13313 13313 I Detox   : Network is busy, with 2 in-flight calls
09-22 19:36:37.530 13313 13313 I chatty  : uid=10157(so.onekey.app.wallet.dev) identical 46 lines
09-22 19:36:37.530 13313 13313 I Detox   : Network is busy, with 2 in-flight calls
09-22 19:36:37.530 13313 13313 W UiControllerImpl: Waiting for: DYNAMIC_TASKS_HAVE_IDLED for 500 iterations.
09-22 19:36:37.546 13313 13313 I Detox   : Network is busy, with 2 in-flight calls
09-22 19:36:38.314 13313 13313 I chatty  : uid=10157(so.onekey.app.wallet.dev) identical 92 lines
09-22 19:36:38.314 13313 13313 I Detox   : Network is busy, with 2 in-flight calls
09-22 19:36:38.314 13313 13313 W UiControllerImpl: Waiting for: DYNAMIC_TASKS_HAVE_IDLED for 600 iterations.
09-22 19:36:38.330 13313 13313 I Detox   : Network is busy, with 2 in-flight calls
09-22 19:36:38.330 13313 13313 I chatty  : uid=10157(so.onekey.app.wallet.dev) identical 1 line
09-22 19:36:38.336 13313 13313 I Detox   : Network is busy, with 2 in-flight calls
09-22 19:36:38.336 13313 13313 W IdlingPolicy: These resources are not idle: [com.wix.detox.reactnative.idlingresources.NetworkIdlingResource]
09-22 19:36:38.347 13313 13313 I Detox   : Network is busy, with 2 in-flight calls
09-22 19:36:38.732 13313 13313 I chatty  : uid=10157(so.onekey.app.wallet.dev) identical 70 lines
09-22 19:36:38.732 13313 13313 I Detox   : Network is busy, with 2 in-flight calls
09-22 19:36:38.734 13313 13475 E ReactNativeJS: { context: 'core' }, { context: 'core/relayer' }, [Error: socket stalled]
09-22 19:36:38.742 13313 13475 E ReactNativeJS: 'WalletConnect V2 Core ERROR: relayer_transport_closed >>>>>> ', undefined
09-22 19:36:38.743 13313 13475 E ReactNativeJS: { context: 'core' }, 'closeTransport called before connection was established'
09-22 19:36:38.743 13313 13475 E ReactNativeJS: { context: 'client' }, 'closeTransport called before connection was established'
09-22 19:36:38.743 13313 13475 E ReactNativeJS: { context: 'core' }, 'closeTransport called before connection was established'
09-22 19:36:38.744 13313 13475 E ReactNativeJS: 'createWeb3WalletV2 ERROR:', [Error: closeTransport called before connection was established]
09-22 19:36:38.744 13313 13476 E unknown:ReactNative: console.error: {"context":"core"} {"context":"core/relayer"} Error: socket stalled, js engine: v8, stack:
09-22 19:36:38.744 13313 13476 E unknown:ReactNative: p@50:240
09-22 19:36:38.744 13313 13476 E unknown:ReactNative: p@50:355
09-22 19:36:38.744 13313 13476 E unknown:ReactNative: new s@48:362
09-22 19:36:38.744 13313 13476 E unknown:ReactNative: f.<anonymous>@42:1043
09-22 19:36:38.744 13313 13476 E unknown:ReactNative: new f@42:1221
09-22 19:36:38.744 13313 13476 E unknown:ReactNative: b@42:2420
09-22 19:36:38.744 13313 13476 E unknown:ReactNative: Object.error@512:1745
09-22 19:36:38.744 13313 13476 E unknown:ReactNative: Object.error@8067:3297
09-22 19:36:38.744 13313 13476 E unknown:ReactNative: Object.error@8067:4311
09-22 19:36:38.744 13313 13476 E unknown:ReactNative: Object.error@8067:4311
09-22 19:36:38.746 13313 13313 I Detox   : Network is busy, with 2 in-flight calls
09-22 19:36:38.746 13313 13313 I chatty  : uid=10157(so.onekey.app.wallet.dev) identical 1 line
09-22 19:36:38.746 13313 13313 I Detox   : Network is busy, with 2 in-flight calls
09-22 19:36:38.748 13313 13476 E unknown:ReactNative: console.error: WalletConnect V2 Core ERROR: relayer_transport_closed >>>>>>  undefined, js engine: v8, stack:
09-22 19:36:38.748 13313 13476 E unknown:ReactNative: p@50:240
09-22 19:36:38.748 13313 13476 E unknown:ReactNative: p@50:355
09-22 19:36:38.748 13313 13476 E unknown:ReactNative: new s@48:362
09-22 19:36:38.748 13313 13476 E unknown:ReactNative: f.<anonymous>@42:1043
09-22 19:36:38.748 13313 13476 E unknown:ReactNative: new f@42:1221
09-22 19:36:38.748 13313 13476 E unknown:ReactNative: b@42:2420
09-22 19:36:38.748 13313 13476 E unknown:ReactNative: Object.error@512:1745
09-22 19:36:38.748 13313 13476 E unknown:ReactNative: s.<anonymous>@8050:2248
09-22 19:36:38.748 13313 13476 E unknown:ReactNative: Object.p@627:1873
09-22 19:36:38.748 13313 13476 E unknown:ReactNative: s.emit@627:4098
09-22 19:36:38.750 13313 13476 E unknown:ReactNative: console.error: {"context":"core"} closeTransport called before connection was established, js engine: v8, stack:
09-22 19:36:38.750 13313 13476 E unknown:ReactNative: p@50:240
09-22 19:36:38.750 13313 13476 E unknown:ReactNative: p@50:355
09-22 19:36:38.750 13313 13476 E unknown:ReactNative: new s@48:362
09-22 19:36:38.750 13313 13476 E unknown:ReactNative: f.<anonymous>@42:1043
09-22 19:36:38.750 13313 13476 E unknown:ReactNative: new f@42:1221
09-22 19:36:38.750 13313 13476 E unknown:ReactNative: b@42:2420
09-22 19:36:38.750 13313 13476 E unknown:ReactNative: Object.error@512:1745
09-22 19:36:38.750 13313 13476 E unknown:ReactNative: Object.error@8067:3297
09-22 19:36:38.750 13313 13476 E unknown:ReactNative: Object.error@8067:4311
09-22 19:36:38.750 13313 13476 E unknown:ReactNative: s.<anonymous>@8052:68629
09-22 19:36:38.751 13313 13476 E unknown:ReactNative: console.error: {"context":"client"} closeTransport called before connection was established, js engine: v8, stack:
09-22 19:36:38.751 13313 13476 E unknown:ReactNative: p@50:240
09-22 19:36:38.751 13313 13476 E unknown:ReactNative: p@50:355
09-22 19:36:38.751 13313 13476 E unknown:ReactNative: new s@48:362
09-22 19:36:38.751 13313 13476 E unknown:ReactNative: f.<anonymous>@42:1043
09-22 19:36:38.751 13313 13476 E unknown:ReactNative: new f@42:1221
09-22 19:36:38.751 13313 13476 E unknown:ReactNative: b@42:2420
09-22 19:36:38.751 13313 13476 E unknown:ReactNative: Object.error@512:1745
09-22 19:36:38.751 13313 13476 E unknown:ReactNative: Object.error@8067:3297
09-22 19:36:38.751 13313 13476 E unknown:ReactNative: Object.error@8067:4311
09-22 19:36:38.751 13313 13476 E unknown:ReactNative: d.<anonymous>@8113:32589
09-22 19:36:38.752 13313 13476 E unknown:ReactNative: console.error: {"context":"core"} closeTransport called before connection was established, js engine: v8, stack:
09-22 19:36:38.752 13313 13476 E unknown:ReactNative: p@50:240
09-22 19:36:38.752 13313 13476 E unknown:ReactNative: p@50:355
09-22 19:36:38.752 13313 13476 E unknown:ReactNative: new s@48:362
09-22 19:36:38.752 13313 13476 E unknown:ReactNative: f.<anonymous>@42:1043
09-22 19:36:38.752 13313 13476 E unknown:ReactNative: new f@42:1221
09-22 19:36:38.752 13313 13476 E unknown:ReactNative: b@42:2420
09-22 19:36:38.752 13313 13476 E unknown:ReactNative: Object.error@512:1745
09-22 19:36:38.752 13313 13476 E unknown:ReactNative: Object.error@8067:3297
09-22 19:36:38.752 13313 13476 E unknown:ReactNative: Object.error@8067:4311
09-22 19:36:38.752 13313 13476 E unknown:ReactNative: l.<anonymous>@8106:12485
09-22 19:36:38.753 13313 13476 E unknown:ReactNative: console.error: createWeb3WalletV2 ERROR: Error: closeTransport called before connection was established, js engine: v8, stack:
09-22 19:36:38.753 13313 13476 E unknown:ReactNative: p@50:240
09-22 19:36:38.753 13313 13476 E unknown:ReactNative: p@50:355
09-22 19:36:38.753 13313 13476 E unknown:ReactNative: new s@48:362
09-22 19:36:38.753 13313 13476 E unknown:ReactNative: f.<anonymous>@42:1043
09-22 19:36:38.753 13313 13476 E unknown:ReactNative: new f@42:1221
09-22 19:36:38.753 13313 13476 E unknown:ReactNative: b@42:2420
09-22 19:36:38.753 13313 13476 E unknown:ReactNative: Object.error@512:1745
09-22 19:36:38.753 13313 13476 E unknown:ReactNative: s.<anonymous>@8050:1585
09-22 19:36:38.753 13313 13476 E unknown:ReactNative: Generator.throw@-1
09-22 19:36:38.753 13313 13476 E unknown:ReactNative: n@353:69
09-22 19:36:38.763 13313 13313 I Detox   : Network is busy, with 2 in-flight calls
09-22 19:36:39.098 13313 13313 I chatty  : uid=10157(so.onekey.app.wallet.dev) identical 61 lines
09-22 19:36:39.098 13313 13313 I Detox   : Network is busy, with 2 in-flight calls
09-22 19:36:39.099 13313 13313 W UiControllerImpl: Waiting for: DYNAMIC_TASKS_HAVE_IDLED for 700 iterations.
09-22 19:36:39.113 13313 13313 I Detox   : Network is busy, with 2 in-flight calls
09-22 19:36:39.148 13313 13313 I chatty  : uid=10157(so.onekey.app.wallet.dev) identical 7 lines
09-22 19:36:39.148 13313 13313 I Detox   : Network is busy, with 2 in-flight calls
09-22 19:36:39.163 13313 13313 I Detox   : Network is busy, with 2 in-flight calls
09-22 19:36:39.896 13313 13313 I chatty  : uid=10157(so.onekey.app.wallet.dev) identical 133 lines
09-22 19:36:39.896 13313 13313 I Detox   : Network is busy, with 2 in-flight calls
09-22 19:36:39.896 13313 13313 W UiControllerImpl: Waiting for: DYNAMIC_TASKS_HAVE_IDLED for 800 iterations.
09-22 19:36:39.913 13313 13313 I Detox   : Network is busy, with 2 in-flight calls
09-22 19:36:40.715 13313 13313 I chatty  : uid=10157(so.onekey.app.wallet.dev) identical 145 lines
09-22 19:36:40.715 13313 13313 I Detox   : Network is busy, with 2 in-flight calls
09-22 19:36:40.715 13313 13313 W UiControllerImpl: Waiting for: DYNAMIC_TASKS_HAVE_IDLED for 900 iterations.
09-22 19:36:40.730 13313 13313 I Detox   : Network is busy, with 2 in-flight calls
09-22 19:36:41.149 13313 13313 I chatty  : uid=10157(so.onekey.app.wallet.dev) identical 76 lines
09-22 19:36:41.149 13313 13313 I Detox   : Network is busy, with 2 in-flight calls
09-22 19:36:41.163 13313 13313 I Detox   : Network is busy, with 2 in-flight calls
09-22 19:36:41.516 13313 13313 I chatty  : uid=10157(so.onekey.app.wallet.dev) identical 64 lines
09-22 19:36:41.516 13313 13313 I Detox   : Network is busy, with 2 in-flight calls
09-22 19:36:41.537 13313 13313 W UiControllerImpl: Waiting for: DYNAMIC_TASKS_HAVE_IDLED for 1000 iterations.
09-22 19:36:41.537 13313 13313 I Detox   : Network is busy, with 2 in-flight calls
09-22 19:36:42.349 13313 13313 I chatty  : uid=10157(so.onekey.app.wallet.dev) identical 148 lines
09-22 19:36:42.349 13313 13313 I Detox   : Network is busy, with 2 in-flight calls
09-22 19:36:42.350 13313 13313 W UiControllerImpl: Waiting for: DYNAMIC_TASKS_HAVE_IDLED for 1100 iterations.
09-22 19:36:42.363 13313 13313 I Detox   : Network is busy, with 2 in-flight calls
09-22 19:36:43.169 13313 13313 I chatty  : uid=10157(so.onekey.app.wallet.dev) identical 145 lines
09-22 19:36:43.169 13313 13313 I Detox   : Network is busy, with 2 in-flight calls
09-22 19:36:43.180 13313 13313 I Detox   : Network is busy, with 2 in-flight calls
09-22 19:36:43.330 13313 13313 I chatty  : uid=10157(so.onekey.app.wallet.dev) identical 29 lines
09-22 19:36:43.338 13313 13313 I Detox   : Network is busy, with 2 in-flight calls
09-22 19:36:43.338 13313 13313 W IdlingPolicy: These resources are not idle: [com.wix.detox.reactnative.idlingresources.NetworkIdlingResource]
09-22 19:36:43.346 13313 13313 I Detox   : Network is busy, with 2 in-flight calls
09-22 19:36:44.616 13313 13313 I chatty  : uid=10157(so.onekey.app.wallet.dev) identical 306 lines
09-22 19:36:44.616 13313 13313 I Detox   : Network is busy, with 2 in-flight calls
09-22 19:36:44.620 13313 13467 D DetoxWSClient: Received action 'currentStatus' (ID #2, params={})
09-22 19:36:44.620 13313 13466 I DetoxDispatcher: Handling action 'currentStatus' (ID #2)...
09-22 19:36:44.621 13313 13313 I Detox   : Network is busy, with 2 in-flight calls
09-22 19:36:44.622 13313 13466 I DetoxWSClient: Sending out action 'currentStatusResult' (ID #2)
09-22 19:36:44.622 13313 13466 I DetoxDispatcher: Done with action 'currentStatus'
09-22 19:36:44.630 13313 13313 I Detox   : Network is busy, with 2 in-flight calls
09-22 19:36:44.750 13313 13313 I chatty  : uid=10157(so.onekey.app.wallet.dev) identical 38 lines
09-22 19:36:44.750 13313 13313 I Detox   : Network is busy, with 2 in-flight calls
09-22 19:36:44.750 13313 13313 W UiControllerImpl: Waiting for: DYNAMIC_TASKS_HAVE_IDLED for 1400 iterations.
09-22 19:36:44.763 13313 13313 I Detox   : Network is busy, with 2 in-flight calls
09-22 19:36:45.081 13313 13313 I chatty  : uid=10157(so.onekey.app.wallet.dev) identical 98 lines
09-22 19:36:45.081 13313 13313 I Detox   : Network is busy, with 2 in-flight calls
09-22 19:36:45.096 13313 13313 I Detox   : Network is busy, with 2 in-flight calls
09-22 19:36:45.166 13313 13313 I chatty  : uid=10157(so.onekey.app.wallet.dev) identical 23 lines
09-22 19:36:45.166 13313 13313 I Detox   : Network is busy, with 2 in-flight calls
09-22 19:36:45.181 13313 13313 I Detox   : Network is busy, with 2 in-flight calls
09-22 19:36:45.349 13313 13313 I chatty  : uid=10157(so.onekey.app.wallet.dev) identical 53 lines
09-22 19:36:45.349 13313 13313 I Detox   : Network is busy, with 2 in-flight calls
09-22 19:36:45.363 13313 13313 I Detox   : Network is busy, with 2 in-flight calls
09-22 19:36:45.548 13313 13313 I chatty  : uid=10157(so.onekey.app.wallet.dev) identical 58 lines
09-22 19:36:45.548 13313 13313 I Detox   : Network is busy, with 2 in-flight calls
09-22 19:36:45.548 13313 13313 W UiControllerImpl: Waiting for: DYNAMIC_TASKS_HAVE_IDLED for 1500 iterations.
09-22 19:36:45.563 13313 13313 I Detox   : Network is busy, with 2 in-flight calls
09-22 19:36:46.383 13313 13313 I chatty  : uid=10157(so.onekey.app.wallet.dev) identical 248 lines
09-22 19:36:46.383 13313 13313 I Detox   : Network is busy, with 2 in-flight calls
09-22 19:36:46.384 13313 13313 W UiControllerImpl: Waiting for: DYNAMIC_TASKS_HAVE_IDLED for 1600 iterations.
09-22 19:36:46.396 13313 13313 I Detox   : Network is busy, with 2 in-flight calls
09-22 19:36:47.180 13313 13313 I chatty  : uid=10157(so.onekey.app.wallet.dev) identical 238 lines
09-22 19:36:47.180 13313 13313 I Detox   : Network is busy, with 2 in-flight calls
09-22 19:36:47.196 13313 13313 I Detox   : Network is busy, with 2 in-flight calls
09-22 19:36:47.213 13313 13313 I chatty  : uid=10157(so.onekey.app.wallet.dev) identical 8 lines
09-22 19:36:47.213 13313 13313 I Detox   : Network is busy, with 2 in-flight calls
09-22 19:36:47.213 13313 13313 W UiControllerImpl: Waiting for: DYNAMIC_TASKS_HAVE_IDLED for 1700 iterations.
09-22 19:36:47.230 13313 13313 I Detox   : Network is busy, with 2 in-flight calls
09-22 19:36:48.331 13313 13313 I chatty  : uid=10157(so.onekey.app.wallet.dev) identical 329 lines
09-22 19:36:48.339 13313 13313 I Detox   : Network is busy, with 2 in-flight calls
09-22 19:36:48.339 13313 13313 W IdlingPolicy: These resources are not idle: [com.wix.detox.reactnative.idlingresources.NetworkIdlingResource]
09-22 19:36:48.346 13313 13313 I Detox   : Network is busy, with 2 in-flight calls
09-22 19:36:49.180 13313 13313 I chatty  : uid=10157(so.onekey.app.wallet.dev) identical 304 lines
09-22 19:36:49.180 13313 13313 I Detox   : Network is busy, with 2 in-flight calls
09-22 19:36:49.196 13313 13313 I Detox   : Network is busy, with 2 in-flight calls
09-22 19:36:49.633 13313 13313 I chatty  : uid=10157(so.onekey.app.wallet.dev) identical 160 lines
09-22 19:36:49.633 13313 13313 I Detox   : Network is busy, with 2 in-flight calls
09-22 19:36:49.633 13313 13313 W UiControllerImpl: Waiting for: DYNAMIC_TASKS_HAVE_IDLED for 2000 iterations.
09-22 19:36:49.647 13313 13313 I Detox   : Network is busy, with 2 in-flight calls
09-22 19:36:50.464 13313 13313 I chatty  : uid=10157(so.onekey.app.wallet.dev) identical 298 lines
09-22 19:36:50.464 13313 13313 I Detox   : Network is busy, with 2 in-flight calls
09-22 19:36:50.464 13313 13313 W UiControllerImpl: Waiting for: DYNAMIC_TASKS_HAVE_IDLED for 2100 iterations.
09-22 19:36:50.480 13313 13313 I Detox   : Network is busy, with 2 in-flight calls
09-22 19:36:51.196 13313 13313 I chatty  : uid=10157(so.onekey.app.wallet.dev) identical 262 lines
09-22 19:36:51.196 13313 13313 I Detox   : Network is busy, with 2 in-flight calls
09-22 19:36:51.213 13313 13313 I Detox   : Network is busy, with 2 in-flight calls
09-22 19:36:52.096 13313 13313 I chatty  : uid=10157(so.onekey.app.wallet.dev) identical 322 lines
09-22 19:36:52.096 13313 13313 I Detox   : Network is busy, with 2 in-flight calls
09-22 19:36:52.096 13313 13313 W UiControllerImpl: Waiting for: DYNAMIC_TASKS_HAVE_IDLED for 2300 iterations.
09-22 19:36:52.113 13313 13313 I Detox   : Network is busy, with 2 in-flight calls
09-22 19:36:52.933 13313 13313 I chatty  : uid=10157(so.onekey.app.wallet.dev) identical 298 lines
09-22 19:36:52.933 13313 13313 I Detox   : Network is busy, with 2 in-flight calls
09-22 19:36:52.933 13313 13313 W UiControllerImpl: Waiting for: DYNAMIC_TASKS_HAVE_IDLED for 2400 iterations.
09-22 19:36:52.947 13313 13313 I Detox   : Network is busy, with 2 in-flight calls
09-22 19:36:53.213 13313 13313 I chatty  : uid=10157(so.onekey.app.wallet.dev) identical 100 lines
09-22 19:36:53.213 13313 13313 I Detox   : Network is busy, with 2 in-flight calls
09-22 19:36:53.230 13313 13313 I Detox   : Network is busy, with 2 in-flight calls
09-22 19:36:53.330 13313 13313 I chatty  : uid=10157(so.onekey.app.wallet.dev) identical 41 lines
09-22 19:36:53.341 13313 13313 I Detox   : Network is busy, with 2 in-flight calls
09-22 19:36:53.341 13313 13313 W IdlingPolicy: These resources are not idle: [com.wix.detox.reactnative.idlingresources.NetworkIdlingResource]
09-22 19:36:53.347 13313 13313 I Detox   : Network is busy, with 2 in-flight calls
09-22 19:36:54.630 13313 13313 I chatty  : uid=10157(so.onekey.app.wallet.dev) identical 544 lines
09-22 19:36:54.630 13313 13313 I Detox   : Network is busy, with 2 in-flight calls
09-22 19:36:54.641 13313 13467 D DetoxWSClient: Received action 'currentStatus' (ID #3, params={})
09-22 19:36:54.641 13313 13466 I DetoxDispatcher: Handling action 'currentStatus' (ID #3)...
09-22 19:36:54.642 13313 13313 I Detox   : Network is busy, with 2 in-flight calls
09-22 19:36:54.644 13313 13466 I DetoxWSClient: Sending out action 'currentStatusResult' (ID #3)
09-22 19:36:54.644 13313 13466 I DetoxDispatcher: Done with action 'currentStatus'
09-22 19:36:54.646 13313 13313 I Detox   : Network is busy, with 2 in-flight calls
09-22 19:36:55.213 13313 13313 I chatty  : uid=10157(so.onekey.app.wallet.dev) identical 278 lines
09-22 19:36:55.213 13313 13313 I Detox   : Network is busy, with 2 in-flight calls
09-22 19:36:55.229 13313 13313 I Detox   : Network is busy, with 2 in-flight calls
09-22 19:36:55.314 13313 13313 I chatty  : uid=10157(so.onekey.app.wallet.dev) identical 46 lines
09-22 19:36:55.314 13313 13313 I Detox   : Network is busy, with 2 in-flight calls
09-22 19:36:55.325 13313 13313 W UiControllerImpl: Waiting for: DYNAMIC_TASKS_HAVE_IDLED for 2700 iterations.
09-22 19:36:55.329 13313 13313 I Detox   : Network is busy, with 2 in-flight calls
09-22 19:36:56.147 13313 13313 I chatty  : uid=10157(so.onekey.app.wallet.dev) identical 398 lines
09-22 19:36:56.147 13313 13313 I Detox   : Network is busy, with 2 in-flight calls
09-22 19:36:56.147 13313 13313 W UiControllerImpl: Waiting for: DYNAMIC_TASKS_HAVE_IDLED for 2800 iterations.
09-22 19:36:56.163 13313 13313 I Detox   : Network is busy, with 2 in-flight calls
09-22 19:36:56.963 13313 13313 I chatty  : uid=10157(so.onekey.app.wallet.dev) identical 390 lines
09-22 19:36:56.963 13313 13313 I Detox   : Network is busy, with 2 in-flight calls
09-22 19:36:56.963 13313 13313 W UiControllerImpl: Waiting for: DYNAMIC_TASKS_HAVE_IDLED for 2900 iterations.
09-22 19:36:56.979 13313 13313 I Detox   : Network is busy, with 2 in-flight calls
09-22 19:36:57.230 13313 13313 I chatty  : uid=10157(so.onekey.app.wallet.dev) identical 126 lines
09-22 19:36:57.230 13313 13313 I Detox   : Network is busy, with 2 in-flight calls
09-22 19:36:57.247 13313 13313 I Detox   : Network is busy, with 2 in-flight calls
09-22 19:36:57.829 13313 13313 I chatty  : uid=10157(so.onekey.app.wallet.dev) identical 286 lines
09-22 19:36:57.829 13313 13313 I Detox   : Network is busy, with 2 in-flight calls
09-22 19:36:57.846 13313 13313 I Detox   : Network is busy, with 2 in-flight calls
09-22 19:36:57.846 13313 13313 I chatty  : uid=10157(so.onekey.app.wallet.dev) identical 6 lines
09-22 19:36:57.846 13313 13313 I Detox   : Network is busy, with 2 in-flight calls
09-22 19:36:57.863 13313 13313 I Detox   : Network is busy, with 2 in-flight calls
09-22 19:36:58.329 13313 13313 I chatty  : uid=10157(so.onekey.app.wallet.dev) identical 231 lines
09-22 19:36:58.343 13313 13313 I Detox   : Network is busy, with 2 in-flight calls
09-22 19:36:58.343 13313 13313 W IdlingPolicy: These resources are not idle: [com.wix.detox.reactnative.idlingresources.NetworkIdlingResource]
09-22 19:36:58.346 13313 13313 I Detox   : Network is busy, with 2 in-flight calls
09-22 19:36:58.596 13313 13313 I chatty  : uid=10157(so.onekey.app.wallet.dev) identical 142 lines
09-22 19:36:58.596 13313 13313 I Detox   : Network is busy, with 2 in-flight calls
09-22 19:36:58.597 13313 13313 W UiControllerImpl: Waiting for: DYNAMIC_TASKS_HAVE_IDLED for 3100 iterations.
09-22 19:36:58.613 13313 13313 I Detox   : Network is busy, with 2 in-flight calls
09-22 19:36:59.232 13313 13313 I chatty  : uid=10157(so.onekey.app.wallet.dev) identical 340 lines
09-22 19:36:59.232 13313 13313 I Detox   : Network is busy, with 2 in-flight calls
09-22 19:36:59.246 13313 13313 I Detox   : Network is busy, with 2 in-flight calls
09-22 19:36:59.649 13313 13313 I chatty  : uid=10157(so.onekey.app.wallet.dev) identical 223 lines
09-22 19:36:59.649 13313 13313 I Detox   : Network is busy, with 2 in-flight calls
09-22 19:36:59.663 13313 13313 I Detox   : Network is busy, with 2 in-flight calls
09-22 19:37:00.213 13313 13313 I chatty  : uid=10157(so.onekey.app.wallet.dev) identical 304 lines
09-22 19:37:00.213 13313 13313 I Detox   : Network is busy, with 2 in-flight calls
09-22 19:37:00.214 13313 13313 W UiControllerImpl: Waiting for: DYNAMIC_TASKS_HAVE_IDLED for 3300 iterations.
09-22 19:37:00.229 13313 13313 I Detox   : Network is busy, with 2 in-flight calls
09-22 19:37:01.247 13313 13313 I chatty  : uid=10157(so.onekey.app.wallet.dev) identical 556 lines
09-22 19:37:01.247 13313 13313 I Detox   : Network is busy, with 2 in-flight calls
09-22 19:37:01.263 13313 13313 I Detox   : Network is busy, with 2 in-flight calls
09-22 19:37:01.549 13313 13313 I chatty  : uid=10157(so.onekey.app.wallet.dev) identical 160 lines
09-22 19:37:01.549 13313 13313 I Detox   : Network is busy, with 2 in-flight calls
09-22 19:37:01.563 13313 13313 I Detox   : Network is busy, with 2 in-flight calls
09-22 19:37:01.850 13313 13313 I chatty  : uid=10157(so.onekey.app.wallet.dev) identical 160 lines
09-22 19:37:01.850 13313 13313 I Detox   : Network is busy, with 2 in-flight calls
09-22 19:37:01.850 13313 13313 W UiControllerImpl: Waiting for: DYNAMIC_TASKS_HAVE_IDLED for 3500 iterations.
09-22 19:37:01.863 13313 13313 I Detox   : Network is busy, with 2 in-flight calls
09-22 19:37:02.664 13313 13313 I chatty  : uid=10157(so.onekey.app.wallet.dev) identical 439 lines
