--------- beginning of main
09-22 19:36:20.117 13313 13313 I .app.wallet.de: Late-enabling -Xcheck:jni
09-22 19:36:20.136 13313 13313 E .app.wallet.de: Unknown bits set in runtime_flags: 0x8000
--------- beginning of system
09-22 19:36:20.181 13313 13313 W ActivityThread: Package uses different ABI(s) than its instrumentation: package[so.onekey.app.wallet.dev]: arm64-v8a, null instrumentation[so.onekey.app.wallet.dev.test]: null, null
09-22 19:36:20.184 13313 13313 I .app.wallet.de: The ClassLoaderContext is a special shared library.
09-22 19:36:21.365 13313 13313 I chatty  : uid=10157(so.onekey.app.wallet.dev) identical 2 lines
09-22 19:36:21.365 13313 13313 I .app.wallet.de: The ClassLoaderContext is a special shared library.
09-22 19:36:22.494 13313 13313 W .app.wallet.de: Accessing hidden method Landroid/app/Instrumentation;->execStartActivity(Landroid/content/Context;Landroid/os/IBinder;Landroid/os/IBinder;Landroid/app/Activity;Landroid/content/Intent;ILandroid/os/Bundle;)Landroid/app/Instrumentation$ActivityResult; (greylist, linking, allowed)
09-22 19:36:22.495 13313 13313 W .app.wallet.de: Accessing hidden method Landroid/app/Instrumentation;->execStartActivity(Landroid/content/Context;Landroid/os/IBinder;Landroid/os/IBinder;Ljava/lang/String;Landroid/content/Intent;ILandroid/os/Bundle;)Landroid/app/Instrumentation$ActivityResult; (greylist, linking, allowed)
09-22 19:36:22.498 13313 13313 I MonitoringInstr: newApplication called!
09-22 19:36:22.586 13313 13313 I FirebaseApp: Device unlocked: initializing all Firebase APIs for app [DEFAULT]
09-22 19:36:22.639 13313 13313 I FirebaseCrashlytics: Initializing Firebase Crashlytics 18.3.6 for so.onekey.app.wallet.dev
09-22 19:36:22.665 13313 13347 I DynamiteModule: Considering local module com.google.android.gms.measurement.dynamite:88 and remote module com.google.android.gms.measurement.dynamite:15
09-22 19:36:22.665 13313 13347 I DynamiteModule: Selected local version of com.google.android.gms.measurement.dynamite
09-22 19:36:22.699 13313 13349 D libcrashlytics: Initializing libcrashlytics version 3.2.0
09-22 19:36:22.703 13313 13313 I FirebaseInitProvider: FirebaseApp initialization successful
09-22 19:36:22.711 13313 13313 D ReactNativeFirebaseApp: received application context.
09-22 19:36:22.760 13313 13313 D RNFBCrashlyticsInit: isCrashlyticsCollectionEnabled via RNFBMeta: true
09-22 19:36:22.760 13313 13313 D RNFBCrashlyticsInit: isCrashlyticsCollectionEnabled after checking crashlytics_debug_enabled: false
09-22 19:36:22.760 13313 13313 D RNFBCrashlyticsInit: isCrashlyticsCollectionEnabled final value: false
09-22 19:36:22.761 13313 13313 I RNFBCrashlyticsInit: initialization successful
09-22 19:36:22.777 13313 13349 D libcrashlytics: Initializing native crash handling successful.
09-22 19:36:22.788 13313 13363 D NetworkSecurityConfig: Using Network Security Config from resource network_security_config debugBuild: true
09-22 19:36:22.819 13313 13313 I MonitoringInstr: Instrumentation started!
09-22 19:36:22.825 13313 13313 I AndroidJUnitRunner: onCreate Bundle[{debug=false, detoxServer=ws://localhost:64041, detoxSessionId=dee4c414-fae5-2856-7380-6a455ef6397e}]
09-22 19:36:22.826 13313 13313 V TestEventClient: No service name argument was given (testDiscoveryService, testRunEventService or orchestratorService)
09-22 19:36:22.827 13313 13313 W .app.wallet.de: Accessing hidden field Landroid/database/CursorWindow;->sCursorWindowSize:I (greylist, reflection, allowed)
09-22 19:36:22.828 13313 13373 D AndroidJUnitRunner: onStart is called.
09-22 19:36:22.834 13313 13313 W .app.wallet.de: Accessing hidden method Ldalvik/system/BaseDexClassLoader;->getLdLibraryPath()Ljava/lang/String; (greylist,core-platform-api, reflection, allowed)
09-22 19:36:22.894 13313 13357 I FA      : App measurement initialized, version: 76003
09-22 19:36:22.894 13313 13357 I FA      : To enable debug logging run: adb shell setprop log.tag.FA VERBOSE
09-22 19:36:22.895 13313 13357 I FA      : To enable faster debug mode event logging run:
09-22 19:36:22.895 13313 13357 I FA      :   adb shell setprop debug.firebase.analytics.app so.onekey.app.wallet.dev
09-22 19:36:22.986 13313 13381 V SoLoader: libfbjni.so not found on /data/app/so.onekey.app.wallet.dev-YxcKICWTsFcM5Qeko7Vr_g==/lib/arm64
09-22 19:36:22.989 13313 13381 V SoLoader: libandroid.so not found on /data/app/so.onekey.app.wallet.dev-YxcKICWTsFcM5Qeko7Vr_g==/lib/arm64
09-22 19:36:22.989 13313 13381 V SoLoader: libandroid.so not found on /data/app/so.onekey.app.wallet.dev-YxcKICWTsFcM5Qeko7Vr_g==/base.apk!/lib/arm64-v8a
09-22 19:36:22.989 13313 13381 V SoLoader: libandroid.so not found on /data/app/so.onekey.app.wallet.dev.test-AC2VSb9pyNh5WIh4-9foqQ==/base.apk!/lib/arm64-v8a
09-22 19:36:22.989 13313 13381 D SoLoader: libandroid.so found on /system/lib64
09-22 19:36:22.989 13313 13381 D SoLoader: libandroid.so loaded implicitly
09-22 19:36:22.989 13313 13381 V SoLoader: liblog.so not found on /data/app/so.onekey.app.wallet.dev-YxcKICWTsFcM5Qeko7Vr_g==/lib/arm64
09-22 19:36:22.989 13313 13381 V SoLoader: liblog.so not found on /data/app/so.onekey.app.wallet.dev-YxcKICWTsFcM5Qeko7Vr_g==/base.apk!/lib/arm64-v8a
09-22 19:36:22.989 13313 13381 V SoLoader: liblog.so not found on /data/app/so.onekey.app.wallet.dev.test-AC2VSb9pyNh5WIh4-9foqQ==/base.apk!/lib/arm64-v8a
09-22 19:36:22.989 13313 13381 D SoLoader: liblog.so found on /system/lib64
09-22 19:36:22.989 13313 13381 D SoLoader: liblog.so loaded implicitly
09-22 19:36:22.989 13313 13381 V SoLoader: libm.so not found on /data/app/so.onekey.app.wallet.dev-YxcKICWTsFcM5Qeko7Vr_g==/lib/arm64
09-22 19:36:22.989 13313 13381 V SoLoader: libm.so not found on /data/app/so.onekey.app.wallet.dev-YxcKICWTsFcM5Qeko7Vr_g==/base.apk!/lib/arm64-v8a
09-22 19:36:22.989 13313 13381 V SoLoader: libm.so not found on /data/app/so.onekey.app.wallet.dev.test-AC2VSb9pyNh5WIh4-9foqQ==/base.apk!/lib/arm64-v8a
09-22 19:36:22.989 13313 13381 D SoLoader: libm.so found on /system/lib64
09-22 19:36:22.989 13313 13381 D SoLoader: libm.so loaded implicitly
09-22 19:36:22.989 13313 13381 V SoLoader: libdl.so not found on /data/app/so.onekey.app.wallet.dev-YxcKICWTsFcM5Qeko7Vr_g==/lib/arm64
09-22 19:36:22.989 13313 13381 V SoLoader: libdl.so not found on /data/app/so.onekey.app.wallet.dev-YxcKICWTsFcM5Qeko7Vr_g==/base.apk!/lib/arm64-v8a
09-22 19:36:22.989 13313 13381 V SoLoader: libdl.so not found on /data/app/so.onekey.app.wallet.dev.test-AC2VSb9pyNh5WIh4-9foqQ==/base.apk!/lib/arm64-v8a
09-22 19:36:22.989 13313 13381 D SoLoader: libdl.so found on /system/lib64
09-22 19:36:22.989 13313 13381 D SoLoader: libdl.so loaded implicitly
09-22 19:36:22.989 13313 13381 V SoLoader: libc.so not found on /data/app/so.onekey.app.wallet.dev-YxcKICWTsFcM5Qeko7Vr_g==/lib/arm64
09-22 19:36:22.989 13313 13381 V SoLoader: libc.so not found on /data/app/so.onekey.app.wallet.dev-YxcKICWTsFcM5Qeko7Vr_g==/base.apk!/lib/arm64-v8a
09-22 19:36:22.989 13313 13381 V SoLoader: libc.so not found on /data/app/so.onekey.app.wallet.dev.test-AC2VSb9pyNh5WIh4-9foqQ==/base.apk!/lib/arm64-v8a
09-22 19:36:22.989 13313 13381 D SoLoader: libc.so found on /system/lib64
09-22 19:36:22.989 13313 13381 D SoLoader: libc.so loaded implicitly
09-22 19:36:22.992 13313 13381 W linker  : Warning: "/data/app/so.onekey.app.wallet.dev-YxcKICWTsFcM5Qeko7Vr_g==/base.apk!/lib/arm64-v8a/libc++_shared.so" unused DT entry: unknown processor-specific (type 0x70000001 arg 0x0) (ignoring)
09-22 19:36:22.997 13313 13381 D SoLoader: libfbjni.so found on /data/app/so.onekey.app.wallet.dev-YxcKICWTsFcM5Qeko7Vr_g==/base.apk!/lib/arm64-v8a
09-22 19:36:22.997 13313 13381 V SoLoader: libflipper.so not found on /data/app/so.onekey.app.wallet.dev-YxcKICWTsFcM5Qeko7Vr_g==/lib/arm64
09-22 19:36:23.020 13313 13384 W unknown:ReconnectingWebSocket: Couldn't connect to "ws://localhost:8081/message?device=Android%20SDK%20built%20for%20arm64%20-%2010%20-%20API%2029&app=so.onekey.app.wallet.dev&clientid=BridgeDevSupportManager", will silently retry
09-22 19:36:23.020 13313 13381 D SoLoader: libflipper.so found on /data/app/so.onekey.app.wallet.dev-YxcKICWTsFcM5Qeko7Vr_g==/base.apk!/lib/arm64-v8a
09-22 19:36:23.020 13313 13383 W unknown:InspectorPackagerConnection: Couldn't connect to packager, will silently retry
09-22 19:36:23.034 13313 13313 W .app.wallet.de: Accessing hidden field Landroid/view/View;->mKeyedTags:Landroid/util/SparseArray; (greylist, reflection, allowed)
09-22 19:36:23.034 13313 13313 W .app.wallet.de: Accessing hidden field Landroid/view/View;->mListenerInfo:Landroid/view/View$ListenerInfo; (greylist, reflection, allowed)
09-22 19:36:23.034 13313 13313 W .app.wallet.de: Accessing hidden field Landroid/view/View$ListenerInfo;->mOnClickListener:Landroid/view/View$OnClickListener; (greylist, reflection, allowed)
09-22 19:36:23.036 13313 13313 I flipper : flipper: FlipperClient::addPlugin Inspector
09-22 19:36:23.037 13313 13313 I flipper : flipper: FlipperClient::addPlugin Databases
09-22 19:36:23.038 13313 13313 I flipper : flipper: FlipperClient::addPlugin Preferences
09-22 19:36:23.038 13313 13313 I flipper : flipper: FlipperClient::addPlugin rn-perf-monitor
09-22 19:36:23.038 13313 13313 I flipper : flipper: FlipperClient::addPlugin CrashReporter
09-22 19:36:23.040 13313 13313 I flipper : flipper: FlipperClient::addPlugin Network
09-22 19:36:23.047 13313 13313 I WebViewFactory: Loading com.google.android.webview version 91.0.4472.114 (code 447211484)
09-22 19:36:23.050 13313 13381 W .app.wallet.de: Accessing hidden method Landroid/app/AppGlobals;->getInitialApplication()Landroid/app/Application; (greylist, reflection, allowed)
09-22 19:36:23.052 13313 13313 I .app.wallet.de: The ClassLoaderContext is a special shared library.
09-22 19:36:23.053 13313 13313 I .app.wallet.de: The ClassLoaderContext is a special shared library.
09-22 19:36:23.094 13313 13313 W .app.wallet.de: Accessing hidden method Landroid/os/Trace;->isTagEnabled(J)Z (greylist, reflection, allowed)
09-22 19:36:23.094 13313 13313 W .app.wallet.de: Accessing hidden method Landroid/os/Trace;->traceBegin(JLjava/lang/String;)V (greylist, reflection, allowed)
09-22 19:36:23.094 13313 13313 W .app.wallet.de: Accessing hidden method Landroid/os/Trace;->traceEnd(J)V (greylist, reflection, allowed)
09-22 19:36:23.094 13313 13313 W .app.wallet.de: Accessing hidden method Landroid/os/Trace;->asyncTraceBegin(JLjava/lang/String;I)V (greylist, reflection, allowed)
09-22 19:36:23.094 13313 13313 W .app.wallet.de: Accessing hidden method Landroid/os/Trace;->asyncTraceEnd(JLjava/lang/String;I)V (greylist, reflection, allowed)
09-22 19:36:23.108 13313 13313 I cr_LibraryLoader: Loaded native library version number "91.0.4472.114"
09-22 19:36:23.109 13313 13313 I cr_CachingUmaRecorder: Flushed 5 samples from 5 histograms.
09-22 19:36:23.272 13313 13433 W .app.wallet.de: Accessing hidden method Llibcore/io/Memory;->peekLong(JZ)J (greylist, reflection, allowed)
09-22 19:36:23.272 13313 13433 W .app.wallet.de: Accessing hidden method Llibcore/io/Memory;->pokeLong(JJZ)V (greylist, reflection, allowed)
09-22 19:36:23.272 13313 13433 W .app.wallet.de: Accessing hidden method Llibcore/io/Memory;->pokeInt(JIZ)V (greylist, reflection, allowed)
09-22 19:36:23.272 13313 13433 W .app.wallet.de: Accessing hidden method Llibcore/io/Memory;->peekInt(JZ)I (greylist, reflection, allowed)
09-22 19:36:23.272 13313 13433 W .app.wallet.de: Accessing hidden method Llibcore/io/Memory;->pokeByte(JB)V (greylist, reflection, allowed)
09-22 19:36:23.272 13313 13433 W .app.wallet.de: Accessing hidden method Llibcore/io/Memory;->peekByte(J)B (greylist, reflection, allowed)
09-22 19:36:23.272 13313 13433 W .app.wallet.de: Accessing hidden method Llibcore/io/Memory;->pokeByteArray(J[BII)V (greylist, reflection, allowed)
09-22 19:36:23.272 13313 13433 W .app.wallet.de: Accessing hidden method Llibcore/io/Memory;->peekByteArray(J[BII)V (greylist, reflection, allowed)
09-22 19:36:23.272 13313 13433 W .app.wallet.de: Accessing hidden method Lsun/misc/Unsafe;->objectFieldOffset(Ljava/lang/reflect/Field;)J (greylist,core-platform-api, reflection, allowed)
09-22 19:36:23.273 13313 13433 W .app.wallet.de: Accessing hidden method Lsun/misc/Unsafe;->getLong(Ljava/lang/Object;J)J (greylist,core-platform-api, reflection, allowed)
09-22 19:36:23.273 13313 13433 W .app.wallet.de: Accessing hidden field Ljava/nio/Buffer;->address:J (greylist, reflection, allowed)
09-22 19:36:23.274 13313 13433 W .app.wallet.de: Accessing hidden method Lsun/misc/Unsafe;->arrayBaseOffset(Ljava/lang/Class;)I (greylist,core-platform-api, reflection, allowed)
09-22 19:36:23.274 13313 13433 W .app.wallet.de: Accessing hidden method Lsun/misc/Unsafe;->arrayIndexScale(Ljava/lang/Class;)I (greylist, reflection, allowed)
09-22 19:36:23.274 13313 13433 W .app.wallet.de: Accessing hidden method Lsun/misc/Unsafe;->getInt(Ljava/lang/Object;J)I (greylist, reflection, allowed)
09-22 19:36:23.274 13313 13433 W .app.wallet.de: Accessing hidden method Lsun/misc/Unsafe;->putInt(Ljava/lang/Object;JI)V (greylist, reflection, allowed)
09-22 19:36:23.274 13313 13433 W .app.wallet.de: Accessing hidden method Lsun/misc/Unsafe;->getLong(Ljava/lang/Object;J)J (greylist,core-platform-api, reflection, allowed)
09-22 19:36:23.275 13313 13433 W .app.wallet.de: Accessing hidden method Lsun/misc/Unsafe;->putLong(Ljava/lang/Object;JJ)V (greylist, reflection, allowed)
09-22 19:36:23.275 13313 13433 W .app.wallet.de: Accessing hidden method Lsun/misc/Unsafe;->getObject(Ljava/lang/Object;J)Ljava/lang/Object; (greylist, reflection, allowed)
09-22 19:36:23.275 13313 13433 W .app.wallet.de: Accessing hidden method Lsun/misc/Unsafe;->putObject(Ljava/lang/Object;JLjava/lang/Object;)V (greylist, reflection, allowed)
09-22 19:36:23.295 13313 13373 D TestRequestBuilder: Using class path scanning to discover tests
09-22 19:36:23.296 13313 13373 I TestRequestBuilder: Scanning classpath to find tests in paths [/data/app/so.onekey.app.wallet.dev.test-AC2VSb9pyNh5WIh4-9foqQ==/base.apk]
09-22 19:36:23.299 13313 13373 W .app.wallet.de: Opening an oat file without a class loader. Are you using the deprecated DexFile APIs?
09-22 19:36:23.632 13313 13373 D AndroidJUnitRunner: Use the raw file system for managing file I/O.
09-22 19:36:23.633 13313 13373 D TestExecutor: Adding listener androidx.test.internal.runner.listener.LogRunListener
09-22 19:36:23.633 13313 13373 D TestExecutor: Adding listener androidx.test.internal.runner.listener.InstrumentationResultPrinter
09-22 19:36:23.633 13313 13373 D TestExecutor: Adding listener androidx.test.internal.runner.listener.ActivityFinisherRunListener
09-22 19:36:23.633 13313 13373 D TestExecutor: Adding listener androidx.test.internal.runner.listener.TraceRunListener
09-22 19:36:23.634 13313 13373 I TestRunner: run started: 1 tests
09-22 19:36:23.635 13313 13373 I TestRunner: started: runDetoxTests(so.onekey.app.wallet.DetoxTest)
09-22 19:36:23.647 13313 13373 D EventInjectionStrategy: Creating injection strategy with input manager.
09-22 19:36:23.647 13313 13373 W .app.wallet.de: Accessing hidden method Landroid/hardware/input/InputManager;->getInstance()Landroid/hardware/input/InputManager; (greylist, reflection, allowed)
09-22 19:36:23.647 13313 13373 W .app.wallet.de: Accessing hidden method Landroid/hardware/input/InputManager;->injectInputEvent(Landroid/view/InputEvent;I)Z (greylist, reflection, allowed)
09-22 19:36:23.647 13313 13373 W .app.wallet.de: Accessing hidden field Landroid/hardware/input/InputManager;->INJECT_INPUT_EVENT_MODE_WAIT_FOR_FINISH:I (greylist, reflection, allowed)
09-22 19:36:23.653 13313 13373 W .app.wallet.de: Accessing hidden field Ljava/lang/reflect/Field;->accessFlags:I (greylist, reflection, allowed)
09-22 19:36:23.674 13313 13313 W ActivityThread: handleWindowVisibility: no activity for token android.os.BinderProxy@3fb7a40
09-22 19:36:23.695 13313 13313 W RenderThread: type=1400 audit(0.0:70): avc: denied { write } for name="property_service" dev="tmpfs" ino=6654 scontext=u:r:untrusted_app:s0:c157,c256,c512,c768 tcontext=u:object_r:property_socket:s0 tclass=sock_file permissive=0
09-22 19:36:23.699 13313 13444 D libEGL  : Emulator has host GPU support, qemu.gles is set to 1.
09-22 19:36:23.699 13313 13444 W libc    : Unable to set property "qemu.gles" to "1": connection failed; errno=13 (Permission denied)
09-22 19:36:23.754 13313 13444 D libEGL  : loaded /vendor/lib64/egl/libEGL_emulation.so
09-22 19:36:23.757 13313 13444 D libEGL  : loaded /vendor/lib64/egl/libGLESv1_CM_emulation.so
09-22 19:36:23.759 13313 13313 I .app.wallet.de: Waiting for a blocking GC ClassLinker
09-22 19:36:23.767 13313 13444 D libEGL  : loaded /vendor/lib64/egl/libGLESv2_emulation.so
09-22 19:36:23.774 13313 13313 I .app.wallet.de: WaitForGcToComplete blocked ClassLinker on ClassLinker for 14.204ms
09-22 19:36:23.815 13313 13313 D LifecycleMonitor: Lifecycle status change: so.onekey.app.wallet.MainActivity@1c9a2b1 in: PRE_ON_CREATE
09-22 19:36:23.925 13313 13445 W .app.wallet.de: Accessing hidden method Lsun/misc/Unsafe;->getInt(Ljava/lang/Object;J)I (greylist, linking, allowed)
09-22 19:36:23.925 13313 13445 W .app.wallet.de: Accessing hidden method Lsun/misc/Unsafe;->getObject(Ljava/lang/Object;J)Ljava/lang/Object; (greylist, linking, allowed)
09-22 19:36:23.926 13313 13445 W .app.wallet.de: Accessing hidden method Lsun/misc/Unsafe;->putInt(Ljava/lang/Object;JI)V (greylist, linking, allowed)
09-22 19:36:23.927 13313 13445 W .app.wallet.de: Accessing hidden method Lsun/misc/Unsafe;->getLong(Ljava/lang/Object;J)J (greylist,core-platform-api, linking, allowed)
09-22 19:36:23.935 13313 13445 W .app.wallet.de: Accessing hidden method Lsun/misc/Unsafe;->putObject(Ljava/lang/Object;JLjava/lang/Object;)V (greylist, linking, allowed)
09-22 19:36:23.936 13313 13445 W .app.wallet.de: Accessing hidden method Lsun/misc/Unsafe;->putLong(Ljava/lang/Object;JJ)V (greylist, linking, allowed)
09-22 19:36:23.936 13313 13313 W .app.wallet.de: Accessing hidden method Landroid/view/View;->computeFitSystemWindows(Landroid/graphics/Rect;Landroid/graphics/Rect;)Z (greylist, reflection, allowed)
09-22 19:36:23.937 13313 13445 W .app.wallet.de: Accessing hidden method Lsun/misc/Unsafe;->getLong(Ljava/lang/Object;J)J (greylist,core-platform-api, linking, allowed)
09-22 19:36:23.938 13313 13313 W .app.wallet.de: Accessing hidden method Landroid/view/ViewGroup;->makeOptionalFitsSystemWindows()V (greylist, reflection, allowed)
09-22 19:36:23.939 13313 13445 W .app.wallet.de: Accessing hidden method Lsun/misc/Unsafe;->allocateInstance(Ljava/lang/Class;)Ljava/lang/Object; (greylist, linking, allowed)
09-22 19:36:23.940 13313 13445 W .app.wallet.de: Accessing hidden method Llibcore/io/Memory;->pokeByte(JB)V (greylist, reflection, allowed)
09-22 19:36:23.940 13313 13445 W .app.wallet.de: Accessing hidden method Llibcore/io/Memory;->peekByte(J)B (greylist, reflection, allowed)
09-22 19:36:23.941 13313 13445 W .app.wallet.de: Accessing hidden method Lsun/misc/Unsafe;->getInt(Ljava/lang/Object;J)I (greylist, reflection, allowed)
09-22 19:36:23.941 13313 13445 W .app.wallet.de: Accessing hidden method Lsun/misc/Unsafe;->putInt(Ljava/lang/Object;JI)V (greylist, reflection, allowed)
09-22 19:36:23.941 13313 13445 W .app.wallet.de: Accessing hidden method Lsun/misc/Unsafe;->getLong(Ljava/lang/Object;J)J (greylist,core-platform-api, reflection, allowed)
09-22 19:36:23.941 13313 13445 W .app.wallet.de: Accessing hidden method Lsun/misc/Unsafe;->putLong(Ljava/lang/Object;JJ)V (greylist, reflection, allowed)
09-22 19:36:23.941 13313 13445 W .app.wallet.de: Accessing hidden method Lsun/misc/Unsafe;->getObject(Ljava/lang/Object;J)Ljava/lang/Object; (greylist, reflection, allowed)
09-22 19:36:23.941 13313 13445 W .app.wallet.de: Accessing hidden method Lsun/misc/Unsafe;->putObject(Ljava/lang/Object;JLjava/lang/Object;)V (greylist, reflection, allowed)
09-22 19:36:23.944 13313 13445 W .app.wallet.de: Accessing hidden method Lsun/misc/Unsafe;->getObject(Ljava/lang/Object;J)Ljava/lang/Object; (greylist, linking, allowed)
09-22 19:36:23.944 13313 13445 W .app.wallet.de: Accessing hidden method Lsun/misc/Unsafe;->putObject(Ljava/lang/Object;JLjava/lang/Object;)V (greylist, linking, allowed)
09-22 19:36:23.944 13313 13313 D LifecycleMonitor: Lifecycle status change: so.onekey.app.wallet.MainActivity@1c9a2b1 in: CREATED
09-22 19:36:23.945 13313 13445 W unknown:ReactNative: The packager does not seem to be running as we got an IOException requesting its status: Failed to connect to localhost/127.0.0.1:8081
09-22 19:36:23.952 13313 13313 D LifecycleMonitor: Lifecycle status change: so.onekey.app.wallet.MainActivity@1c9a2b1 in: STARTED
09-22 19:36:23.959 13313 13313 D LifecycleMonitor: Lifecycle status change: so.onekey.app.wallet.MainActivity@1c9a2b1 in: RESUMED
09-22 19:36:23.966 13313 13448 W .app.wallet.de: Accessing hidden method Lsun/misc/Unsafe;->getObject(Ljava/lang/Object;J)Ljava/lang/Object; (greylist, linking, allowed)
09-22 19:36:23.967 13313 13448 W .app.wallet.de: Accessing hidden method Lsun/misc/Unsafe;->putObject(Ljava/lang/Object;JLjava/lang/Object;)V (greylist, linking, allowed)
09-22 19:36:23.967 13313 13448 W .app.wallet.de: Accessing hidden method Lsun/misc/Unsafe;->getInt(Ljava/lang/Object;J)I (greylist, linking, allowed)
09-22 19:36:23.967 13313 13448 W .app.wallet.de: Accessing hidden method Lsun/misc/Unsafe;->getObject(Ljava/lang/Object;J)Ljava/lang/Object; (greylist, linking, allowed)
09-22 19:36:23.967 13313 13448 W .app.wallet.de: Accessing hidden method Lsun/misc/Unsafe;->putInt(Ljava/lang/Object;JI)V (greylist, linking, allowed)
09-22 19:36:24.023 13313 13357 I FA      : Tag Manager is not found and thus will not be used
09-22 19:36:24.221 13313 13313 W unknown:ReactNative: Packager connection already open, nooping.
09-22 19:36:24.223 13313 13452 V SoLoader: libv8executor.so not found on /data/app/so.onekey.app.wallet.dev-YxcKICWTsFcM5Qeko7Vr_g==/lib/arm64
09-22 19:36:24.226 13313 13313 W .app.wallet.de: Accessing hidden method Landroid/view/WindowInsets$Type;->ime()I (blacklist, linking, denied)
09-22 19:36:24.241 13313 13452 W linker  : Warning: "/data/app/so.onekey.app.wallet.dev-YxcKICWTsFcM5Qeko7Vr_g==/base.apk!/lib/arm64-v8a/libruntimeexecutor.so" unused DT entry: unknown processor-specific (type 0x70000001 arg 0x0) (ignoring)
09-22 19:36:24.243 13313 13452 I chatty  : uid=10157(so.onekey.app.wallet.dev) create_react_co identical 1 line
09-22 19:36:24.243 13313 13452 W linker  : Warning: "/data/app/so.onekey.app.wallet.dev-YxcKICWTsFcM5Qeko7Vr_g==/base.apk!/lib/arm64-v8a/libruntimeexecutor.so" unused DT entry: unknown processor-specific (type 0x70000001 arg 0x0) (ignoring)
09-22 19:36:24.281 13313 13452 D SoLoader: libv8executor.so found on /data/app/so.onekey.app.wallet.dev-YxcKICWTsFcM5Qeko7Vr_g==/base.apk!/lib/arm64-v8a
09-22 19:36:24.292 13313 13442 D HostConnection: HostConnection::get() New Host Connection established 0x784a4cb940, tid 13442
09-22 19:36:24.293 13313 13442 D HostConnection: HostComposition ext ANDROID_EMU_CHECKSUM_HELPER_v1 ANDROID_EMU_native_sync_v2 ANDROID_EMU_native_sync_v3 ANDROID_EMU_native_sync_v4 ANDROID_EMU_dma_v1 ANDROID_EMU_direct_mem ANDROID_EMU_vulkan ANDROID_EMU_deferred_vulkan_commands ANDROID_EMU_vulkan_null_optional_strings ANDROID_EMU_vulkan_create_resources_with_requirements ANDROID_EMU_YUV_Cache ANDROID_EMU_vulkan_ignored_handles ANDROID_EMU_vulkan_free_memory_sync ANDROID_EMU_vulkan_shader_float16_int8 ANDROID_EMU_vulkan_async_queue_submit ANDROID_EMU_sync_buffer_data ANDROID_EMU_vulkan_async_qsri GL_OES_EGL_image_external_essl3 GL_OES_vertex_array_object GL_KHR_texture_compression_astc_ldr ANDROID_EMU_host_side_tracing ANDROID_EMU_gles_max_version_3_0 
09-22 19:36:24.299 13313 13442 W OpenGLRenderer: Failed to choose config with EGL_SWAP_BEHAVIOR_PRESERVED, retrying without...
09-22 19:36:24.304 13313 13442 D EGL_emulation: eglCreateContext: 0x784a4cc980: maj 3 min 0 rcv 3
09-22 19:36:24.308 13313 13452 V AsyncStorageExpoMigration: No scoped database found
09-22 19:36:24.309 13313 13442 D EGL_emulation: eglMakeCurrent: 0x784a4cc980: ver 3 0 (tinfo 0x78dfbb0940)
09-22 19:36:24.325 13313 13442 W Gralloc3: mapper 3.x is not supported
09-22 19:36:24.329 13313 13442 D HostConnection: createUnique: call
09-22 19:36:24.329 13313 13442 D HostConnection: HostConnection::get() New Host Connection established 0x784f442360, tid 13442
09-22 19:36:24.330 13313 13442 D HostConnection: HostComposition ext ANDROID_EMU_CHECKSUM_HELPER_v1 ANDROID_EMU_native_sync_v2 ANDROID_EMU_native_sync_v3 ANDROID_EMU_native_sync_v4 ANDROID_EMU_dma_v1 ANDROID_EMU_direct_mem ANDROID_EMU_vulkan ANDROID_EMU_deferred_vulkan_commands ANDROID_EMU_vulkan_null_optional_strings ANDROID_EMU_vulkan_create_resources_with_requirements ANDROID_EMU_YUV_Cache ANDROID_EMU_vulkan_ignored_handles ANDROID_EMU_vulkan_free_memory_sync ANDROID_EMU_vulkan_shader_float16_int8 ANDROID_EMU_vulkan_async_queue_submit ANDROID_EMU_sync_buffer_data ANDROID_EMU_vulkan_async_qsri GL_OES_EGL_image_external_essl3 GL_OES_vertex_array_object GL_KHR_texture_compression_astc_ldr ANDROID_EMU_host_side_tracing ANDROID_EMU_gles_max_version_3_0 
09-22 19:36:24.330 13313 13442 D eglCodecCommon: allocate: Ask for block of size 0x1000
09-22 19:36:24.330 13313 13442 D eglCodecCommon: allocate: ioctl allocate returned offset 0x1ff69c000 size 0x8000
09-22 19:36:24.336 13313 13442 D EGL_emulation: eglMakeCurrent: 0x784a4cc980: ver 3 0 (tinfo 0x78dfbb0940)
09-22 19:36:24.483 13313 13373 I Detox   : Detox server connection details: url=ws://localhost:64041, sessionId=dee4c414-fae5-2856-7380-6a455ef6397e
09-22 19:36:24.511 13313 13465 I DetoxDispatcher: Handling action '_init' (ID #0)...
09-22 19:36:24.511 13313 13465 I Detox   : Connecting to server...
09-22 19:36:24.511 13313 13465 I DetoxWSClient: At connectToServer
09-22 19:36:24.551 13313 13452 I ExpoModulesCore: ✅ AppContext was initialized
09-22 19:36:24.555 13313 13452 D ReactNativeBleManager: BleManager created
09-22 19:36:24.575 13313 13467 D DetoxWSClient: At onOpen
09-22 19:36:24.575 13313 13467 I DetoxWSClient: Sending out action 'login' (ID #0)
09-22 19:36:24.576 13313 13313 D InstallReferrerState: OK
09-22 19:36:24.577 13313 13467 I Detox   : Connected to server!
09-22 19:36:24.588 13313 13467 D DetoxWSClient: Received action 'loginSuccess' (ID #0, params={"testerConnected":true,"appConnected":true})
09-22 19:36:24.611 13313 13452 I .app.wallet.de: Waiting for a blocking GC ClassLinker
09-22 19:36:24.621 13313 13452 I .app.wallet.de: WaitForGcToComplete blocked ClassLinker on ClassLinker for 9.459ms
09-22 19:36:24.623 13313 13452 I .app.wallet.de: Waiting for a blocking GC ClassLinker
09-22 19:36:24.631 13313 13467 D DetoxWSClient: Received action 'isReady' (ID #-1000, params={})
09-22 19:36:24.656 13313 13452 I .app.wallet.de: WaitForGcToComplete blocked ClassLinker on ClassLinker for 33.797ms
09-22 19:36:24.665 13313 13452 V SoLoader: libreactnativejni.so not found on /data/app/so.onekey.app.wallet.dev-YxcKICWTsFcM5Qeko7Vr_g==/lib/arm64
09-22 19:36:24.681 13313 13452 D SoLoader: libreactnativejni.so found on /data/app/so.onekey.app.wallet.dev-YxcKICWTsFcM5Qeko7Vr_g==/base.apk!/lib/arm64-v8a
09-22 19:36:24.712 13313 13452 W unknown:ReactContext: initializeMessageQueueThreads() is called.
09-22 19:36:25.263 13313 13313 W unknown:ReactNative: Packager connection already open, nooping.
09-22 19:36:25.437 13313 13330 I .app.wallet.de: NativeAlloc concurrent copying GC freed 62028(2989KB) AllocSpace objects, 6(1116KB) LOS objects, 36% free, 10MB/16MB, paused 1.021ms total 163.302ms
09-22 19:36:25.437 13313 13483 W .app.wallet.de: Accessing hidden method Landroid/os/WorkSource;->add(I)Z (greylist, reflection, allowed)
09-22 19:36:25.437 13313 13483 W .app.wallet.de: Accessing hidden method Landroid/os/WorkSource;->add(ILjava/lang/String;)Z (greylist, reflection, allowed)
09-22 19:36:25.437 13313 13483 W .app.wallet.de: Accessing hidden method Landroid/os/WorkSource;->size()I (greylist, reflection, allowed)
09-22 19:36:25.437 13313 13483 W .app.wallet.de: Accessing hidden method Landroid/os/WorkSource;->get(I)I (greylist, reflection, allowed)
09-22 19:36:25.437 13313 13483 W .app.wallet.de: Accessing hidden method Landroid/os/WorkSource;->getName(I)Ljava/lang/String; (greylist, reflection, allowed)
09-22 19:36:25.438 13313 13483 W .app.wallet.de: Accessing hidden method Landroid/os/WorkSource;->isEmpty()Z (greylist-max-o, reflection, denied)
09-22 19:36:25.457 13313 13476 W unknown:ViewManagerPropertyUpdater: Could not find generated setter for class com.facebook.react.views.drawer.ReactDrawerLayoutManager
09-22 19:36:25.465 13313 13475 I ReactNativeJNI: Cannot load codecache file: /data/user/0/so.onekey.app.wallet.dev/code_cache/index.android.bundle
09-22 19:36:25.467 13313 13476 W unknown:ViewManagerPropertyUpdater: Could not find generated setter for class com.facebook.react.uimanager.LayoutShadowNode
09-22 19:36:25.470 13313 13476 W unknown:ViewManagerPropertyUpdater: Could not find generated setter for class com.facebook.react.views.scroll.ReactHorizontalScrollViewManager
09-22 19:36:25.473 13313 13476 W unknown:ViewManagerPropertyUpdater: Could not find generated setter for class com.facebook.react.views.scroll.ReactHorizontalScrollContainerViewManager
09-22 19:36:25.474 13313 13476 W unknown:ViewManagerPropertyUpdater: Could not find generated setter for class com.facebook.react.views.progressbar.ReactProgressBarViewManager
09-22 19:36:25.476 13313 13476 W unknown:ViewManagerPropertyUpdater: Could not find generated setter for class com.facebook.react.views.progressbar.ProgressBarShadowNode
09-22 19:36:25.478 13313 13476 W unknown:ViewManagerPropertyUpdater: Could not find generated setter for class com.facebook.react.views.scroll.ReactScrollViewManager
09-22 19:36:25.483 13313 13476 W unknown:ViewManagerPropertyUpdater: Could not find generated setter for class com.facebook.react.views.slider.ReactSliderManager
09-22 19:36:25.487 13313 13476 W unknown:ViewManagerPropertyUpdater: Could not find generated setter for class com.facebook.react.views.slider.ReactSliderManager$ReactSliderShadowNode
09-22 19:36:25.491 13313 13476 W unknown:ViewManagerPropertyUpdater: Could not find generated setter for class com.facebook.react.views.switchview.ReactSwitchManager
09-22 19:36:25.494 13313 13476 W unknown:ViewManagerPropertyUpdater: Could not find generated setter for class com.facebook.react.views.switchview.ReactSwitchManager$ReactSwitchShadowNode
09-22 19:36:25.495 13313 13476 W unknown:ViewManagerPropertyUpdater: Could not find generated setter for class com.facebook.react.views.swiperefresh.SwipeRefreshLayoutManager
09-22 19:36:25.497 13313 13476 W unknown:ViewManagerPropertyUpdater: Could not find generated setter for class com.facebook.react.views.text.frescosupport.FrescoBasedReactTextInlineImageViewManager
09-22 19:36:25.497 13313 13476 W unknown:ViewManagerPropertyUpdater: Could not find generated setter for class com.facebook.react.views.text.frescosupport.FrescoBasedReactTextInlineImageShadowNode
09-22 19:36:25.500 13313 13476 W unknown:ViewManagerPropertyUpdater: Could not find generated setter for class com.facebook.react.views.image.ReactImageManager
09-22 19:36:25.503 13313 13476 W unknown:ViewManagerPropertyUpdater: Could not find generated setter for class com.facebook.react.views.modal.ReactModalHostManager
09-22 19:36:25.505 13313 13476 W unknown:ViewManagerPropertyUpdater: Could not find generated setter for class com.facebook.react.views.modal.ModalHostShadowNode
09-22 19:36:25.506 13313 13476 W unknown:ViewManagerPropertyUpdater: Could not find generated setter for class com.facebook.react.views.text.ReactRawTextManager
09-22 19:36:25.506 13313 13476 W unknown:ViewManagerPropertyUpdater: Could not find generated setter for class com.facebook.react.views.text.ReactRawTextShadowNode
09-22 19:36:25.507 13313 13476 W unknown:ViewManagerPropertyUpdater: Could not find generated setter for class com.facebook.react.views.textinput.ReactTextInputManager
09-22 19:36:25.511 13313 13476 W unknown:ViewManagerPropertyUpdater: Could not find generated setter for class com.facebook.react.views.textinput.ReactTextInputShadowNode
09-22 19:36:25.513 13313 13476 W unknown:ViewManagerPropertyUpdater: Could not find generated setter for class com.facebook.react.views.text.ReactTextViewManager
09-22 19:36:25.514 13313 13476 W unknown:ViewManagerPropertyUpdater: Could not find generated setter for class com.facebook.react.views.text.ReactTextShadowNode
09-22 19:36:25.515 13313 13476 W unknown:ViewManagerPropertyUpdater: Could not find generated setter for class com.facebook.react.views.view.ReactViewManager
09-22 19:36:25.518 13313 13476 W unknown:ViewManagerPropertyUpdater: Could not find generated setter for class com.facebook.react.views.text.ReactVirtualTextViewManager
09-22 19:36:25.519 13313 13476 W unknown:ViewManagerPropertyUpdater: Could not find generated setter for class com.facebook.react.views.text.ReactVirtualTextShadowNode
09-22 19:36:25.519 13313 13476 W unknown:ViewManagerPropertyUpdater: Could not find generated setter for class com.facebook.react.views.unimplementedview.ReactUnimplementedViewManager
09-22 19:36:25.520 13313 13476 W unknown:ViewManagerPropertyUpdater: Could not find generated setter for class com.reactnativegooglesignin.RNGoogleSigninButtonViewManager
09-22 19:36:25.523 13313 13476 W unknown:ViewManagerPropertyUpdater: Could not find generated setter for class com.reactnativecommunity.slider.ReactSliderManager
09-22 19:36:25.525 13313 13476 W unknown:ViewManagerPropertyUpdater: Could not find generated setter for class com.reactnativecommunity.slider.ReactSliderManager$ReactSliderShadowNode
09-22 19:36:25.526 13313 13476 W unknown:ViewManagerPropertyUpdater: Could not find generated setter for class expo.modules.kotlin.views.GroupViewManagerWrapper
09-22 19:36:25.527 13313 13465 D DetoxRNLoading: Got new RN-context explicitly while polling (#iteration=1)
09-22 19:36:25.527 13313 13476 W unknown:ViewManagerPropertyUpdater: Could not find generated setter for class expo.modules.kotlin.views.SimpleViewManagerWrapper
09-22 19:36:25.527 13313 13465 I DetoxRNIdleRes: Setting up Espresso Idling Resources for React Native
09-22 19:36:25.528 13313 13476 W unknown:ViewManagerPropertyUpdater: Could not find generated setter for class com.airbnb.android.react.lottie.LottieAnimationViewManager
09-22 19:36:25.532 13313 13476 W unknown:ViewManagerPropertyUpdater: Could not find generated setter for class com.rncamerakit.CKCameraManager
09-22 19:36:25.537 13313 13476 W unknown:ViewManagerPropertyUpdater: Could not find generated setter for class com.dylanvann.fastimage.FastImageViewManager
09-22 19:36:25.538 13313 13476 W unknown:ViewManagerPropertyUpdater: Could not find generated setter for class com.swmansion.gesturehandler.react.RNGestureHandlerRootViewManager
09-22 19:36:25.539 13313 13476 W unknown:ViewManagerPropertyUpdater: Could not find generated setter for class com.swmansion.gesturehandler.react.RNGestureHandlerButtonViewManager
09-22 19:36:25.541 13313 13476 W unknown:ViewManagerPropertyUpdater: Could not find generated setter for class com.rnnestedscrollview.ReactNestedScrollViewManager
09-22 19:36:25.547 13313 13476 W unknown:ViewManagerPropertyUpdater: Could not find generated setter for class com.rnnestedscrollview.ReactHorizontalNestedScrollViewManager
09-22 19:36:25.549 13313 13476 W unknown:ViewManagerPropertyUpdater: Could not find generated setter for class com.rnnestedscrollview.ReactHorizontalNestedScrollContainerViewManager
09-22 19:36:25.549 13313 13476 W unknown:ViewManagerPropertyUpdater: Could not find generated setter for class com.reactnativepagerview.PagerViewViewManager
09-22 19:36:25.550 13313 13476 W unknown:ViewManagerPropertyUpdater: Could not find generated setter for class com.th3rdwave.safeareacontext.SafeAreaProviderManager
09-22 19:36:25.551 13313 13476 W unknown:ViewManagerPropertyUpdater: Could not find generated setter for class com.th3rdwave.safeareacontext.SafeAreaViewManager
09-22 19:36:25.551 13313 13476 W unknown:ViewManagerPropertyUpdater: Could not find generated setter for class com.th3rdwave.safeareacontext.SafeAreaViewShadowNode
09-22 19:36:25.551 13313 13465 D AsyncStorageIR: Checking whether a custom IR for Async-Storage is required... (legacy=false)
09-22 19:36:25.552 13313 13465 D AsyncStorageIR: IR for Async-Storage is required! (legacy=false)
09-22 19:36:25.552 13313 13476 W unknown:ViewManagerPropertyUpdater: Could not find generated setter for class com.swmansion.rnscreens.ScreenContainerViewManager
09-22 19:36:25.552 13313 13465 D AsyncStorageIR: Checking whether a custom IR for Async-Storage is required... (legacy=true)
09-22 19:36:25.552 13313 13465 D DetoxRNHelpers: Native RN module resolution (class com.facebook.react.modules.storage.AsyncStorageModule): no such class
09-22 19:36:25.552 13313 13476 W unknown:ViewManagerPropertyUpdater: Could not find generated setter for class com.swmansion.rnscreens.ScreenViewManager
09-22 19:36:25.554 13313 13476 W unknown:ViewManagerPropertyUpdater: Could not find generated setter for class com.swmansion.rnscreens.ScreenStackViewManager
09-22 19:36:25.555 13313 13476 W unknown:ViewManagerPropertyUpdater: Could not find generated setter for class com.swmansion.rnscreens.ScreenStackHeaderConfigViewManager
09-22 19:36:25.556 13313 13476 W unknown:ViewManagerPropertyUpdater: Could not find generated setter for class com.swmansion.rnscreens.ScreenStackHeaderSubviewManager
09-22 19:36:25.557 13313 13476 W unknown:ViewManagerPropertyUpdater: Could not find generated setter for class com.swmansion.rnscreens.SearchBarManager
09-22 19:36:25.559 13313 13476 W unknown:ViewManagerPropertyUpdater: Could not find generated setter for class com.horcrux.svg.RenderableViewManager$DefsViewManager
09-22 19:36:25.560 13313 13476 W unknown:ViewManagerPropertyUpdater: Could not find generated setter for class com.horcrux.svg.VirtualViewManager$RenderableShadowNode
09-22 19:36:25.562 13313 13476 W unknown:ViewManagerPropertyUpdater: Could not find generated setter for class com.horcrux.svg.RenderableViewManager$MarkerManager
09-22 19:36:25.565 13313 13476 W unknown:ViewManagerPropertyUpdater: Could not find generated setter for class com.horcrux.svg.RenderableViewManager$ForeignObjectManager
09-22 19:36:25.566 13313 13476 W unknown:ViewManagerPropertyUpdater: Could not find generated setter for class com.horcrux.svg.RenderableViewManager$EllipseViewManager
09-22 19:36:25.569 13313 13476 W unknown:ViewManagerPropertyUpdater: Could not find generated setter for class com.horcrux.svg.RenderableViewManager$LineViewManager
09-22 19:36:25.573 13313 13476 W unknown:ViewManagerPropertyUpdater: Could not find generated setter for class com.horcrux.svg.RenderableViewManager$LinearGradientManager
09-22 19:36:25.577 13313 13476 W unknown:ViewManagerPropertyUpdater: Could not find generated setter for class com.horcrux.svg.RenderableViewManager$GroupViewManager
09-22 19:36:25.579 13313 13476 W unknown:ViewManagerPropertyUpdater: Could not find generated setter for class com.horcrux.svg.RenderableViewManager$TextViewManager
09-22 19:36:25.582 13313 13476 W unknown:ViewManagerPropertyUpdater: Could not find generated setter for class com.horcrux.svg.RenderableViewManager$ImageViewManager
09-22 19:36:25.584 13313 13476 W unknown:ViewManagerPropertyUpdater: Could not find generated setter for class com.horcrux.svg.RenderableViewManager$ClipPathViewManager
09-22 19:36:25.585 13313 13476 W unknown:ViewManagerPropertyUpdater: Could not find generated setter for class com.horcrux.svg.RenderableViewManager$RadialGradientManager
09-22 19:36:25.590 13313 13476 W unknown:ViewManagerPropertyUpdater: Could not find generated setter for class com.horcrux.svg.RenderableViewManager$MaskManager
09-22 19:36:25.594 13313 13476 W unknown:ViewManagerPropertyUpdater: Could not find generated setter for class com.horcrux.svg.RenderableViewManager$SymbolManager
09-22 19:36:25.596 13313 13476 W unknown:ViewManagerPropertyUpdater: Could not find generated setter for class com.horcrux.svg.RenderableViewManager$PatternManager
09-22 19:36:25.599 13313 13476 W unknown:ViewManagerPropertyUpdater: Could not find generated setter for class com.horcrux.svg.RenderableViewManager$RectViewManager
09-22 19:36:25.601 13313 13476 W unknown:ViewManagerPropertyUpdater: Could not find generated setter for class com.horcrux.svg.RenderableViewManager$TextPathViewManager
09-22 19:36:25.603 13313 13476 W unknown:ViewManagerPropertyUpdater: Could not find generated setter for class com.horcrux.svg.SvgViewManager
09-22 19:36:25.605 13313 13476 W unknown:ViewManagerPropertyUpdater: Could not find generated setter for class com.horcrux.svg.RenderableViewManager$PathViewManager
09-22 19:36:25.606 13313 13476 W unknown:ViewManagerPropertyUpdater: Could not find generated setter for class com.horcrux.svg.RenderableViewManager$UseViewManager
09-22 19:36:25.607 13313 13476 W unknown:ViewManagerPropertyUpdater: Could not find generated setter for class com.horcrux.svg.RenderableViewManager$CircleViewManager
09-22 19:36:25.609 13313 13476 W unknown:ViewManagerPropertyUpdater: Could not find generated setter for class com.horcrux.svg.RenderableViewManager$TSpanViewManager
09-22 19:36:25.613 13313 13476 W unknown:ViewManagerPropertyUpdater: Could not find generated setter for class com.reactnativecommunity.webview.RNCWebViewManager
09-22 19:36:25.615 13313 13476 W unknown:ViewManagerPropertyUpdater: Could not find generated setter for class so.onekey.app.wallet.viewManager.homePage.HomePageManager
09-22 19:36:25.631 13313 13476 W unknown:ReactContext: initializeMessageQueueThreads() is called.
09-22 19:36:25.631 13313 13313 D AsyncStorageIR: Async-storage is busy!
09-22 19:36:25.635 13313 13476 V SoLoader: libyoga.so not found on /data/app/so.onekey.app.wallet.dev-YxcKICWTsFcM5Qeko7Vr_g==/lib/arm64
09-22 19:36:25.636 13313 13465 I DetoxDispatcher: Done with action '_init'
09-22 19:36:25.637 13313 13465 I DetoxDispatcher: Handling action 'isReady' (ID #-1000)...
09-22 19:36:25.644 13313 13313 W .app.wallet.de: Accessing hidden method Landroid/os/MessageQueue;->next()Landroid/os/Message; (greylist, reflection, allowed)
09-22 19:36:25.644 13313 13313 W .app.wallet.de: Accessing hidden field Landroid/os/MessageQueue;->mMessages:Landroid/os/Message; (greylist, reflection, allowed)
09-22 19:36:25.644 13313 13313 W .app.wallet.de: Accessing hidden method Landroid/os/Message;->recycleUnchecked()V (greylist, reflection, allowed)
09-22 19:36:25.645 13313 13476 D SoLoader: libyoga.so found on /data/app/so.onekey.app.wallet.dev-YxcKICWTsFcM5Qeko7Vr_g==/base.apk!/lib/arm64-v8a
09-22 19:36:25.669 13313 13461 I .app.wallet.de: Waiting for a blocking GC ClassLinker
09-22 19:36:25.669 13313 13313 D DetoxRNLoading: Listener-proxy method called: onReactContextInitialized
09-22 19:36:25.669 13313 13313 I DetoxRNLoading: Got new RN-context async'ly through listener
09-22 19:36:25.669 13313 13313 D DetoxRNLoading: Listener-proxy method called: equals
09-22 19:36:25.728 13313 13330 I .app.wallet.de: NativeAlloc concurrent copying GC freed 66520(4656KB) AllocSpace objects, 3(124KB) LOS objects, 34% free, 11MB/17MB, paused 38us total 118.018ms
09-22 19:36:25.728 13313 13461 I .app.wallet.de: WaitForGcToComplete blocked ClassLinker on ClassLinker for 59.339ms
09-22 19:36:25.751 13313 13313 V NFC     : this device does not have NFC support
09-22 19:36:25.752 13313 13313 D OKLiteManager: NFC starting success
09-22 19:36:25.770 13313 13476 I flipper : flipper: FlipperClient::addPlugin Fresco
09-22 19:36:26.277 13313 13330 I .app.wallet.de: NativeAlloc concurrent copying GC freed 54136(1707KB) AllocSpace objects, 0(0B) LOS objects, 33% free, 11MB/17MB, paused 721us total 150.665ms
09-22 19:36:27.014 13313 13313 W UiControllerImpl: Waiting for: DYNAMIC_TASKS_HAVE_IDLED for 100 iterations.
09-22 19:36:28.647 13313 13313 W UiControllerImpl: Waiting for: DYNAMIC_TASKS_HAVE_IDLED for 200 iterations.
09-22 19:36:28.776 13313 13497 D ProfileInstaller: Installing profile for so.onekey.app.wallet.dev
09-22 19:36:29.471 13313 13475 I v8      : index.android.bundle:23253773: Invalid asm.js: Type mismatch in assignment
09-22 19:36:29.871 13313 13475 V SoLoader: libexpo-modules-core.so not found on /data/app/so.onekey.app.wallet.dev-YxcKICWTsFcM5Qeko7Vr_g==/lib/arm64
09-22 19:36:29.937 13313 13475 D SoLoader: libexpo-modules-core.so found on /data/app/so.onekey.app.wallet.dev-YxcKICWTsFcM5Qeko7Vr_g==/base.apk!/lib/arm64-v8a
09-22 19:36:29.940 13313 13475 V SoLoader: libturbomodulejsijni.so not found on /data/app/so.onekey.app.wallet.dev-YxcKICWTsFcM5Qeko7Vr_g==/lib/arm64
09-22 19:36:29.949 13313 13475 D SoLoader: libturbomodulejsijni.so found on /data/app/so.onekey.app.wallet.dev-YxcKICWTsFcM5Qeko7Vr_g==/base.apk!/lib/arm64-v8a
09-22 19:36:29.950 13313 13475 I ExpoModulesCore: ✅ JSI interop was installed
09-22 19:36:29.987 13313 13475 I ExpoModulesCore: ✅ Constants were exported
09-22 19:36:30.044 13313 13475 V SoLoader: libreactnativeblob.so not found on /data/app/so.onekey.app.wallet.dev-YxcKICWTsFcM5Qeko7Vr_g==/lib/arm64
09-22 19:36:30.050 13313 13475 D SoLoader: libreactnativeblob.so found on /data/app/so.onekey.app.wallet.dev-YxcKICWTsFcM5Qeko7Vr_g==/base.apk!/lib/arm64-v8a
09-22 19:36:30.052 13313 13475 I ReactNativeJS: Shims Injected: TextDecoder
09-22 19:36:30.052 13313 13475 I ReactNativeJS: Shims Injected: Buffer
09-22 19:36:30.052 13313 13475 I ReactNativeJS: Shims Injected: crypto
09-22 19:36:30.070 13313 13475 I ReactNativeJS: Shims Injected: atob
09-22 19:36:30.070 13313 13475 I ReactNativeJS: Shims Injected: btoa
09-22 19:36:30.070 13313 13475 I ReactNativeJS: Shims Injected: nextTick
09-22 19:36:30.071 13313 13475 I ReactNativeJS: Shims Injected: FileReader.prototype.readAsArrayBuffer
09-22 19:36:30.071 13313 13475 I ReactNativeJS: polyfillsPlatform.native shim loaded
09-22 19:36:30.094 13313 13475 I MMKV    : Loading C++ library...
09-22 19:36:30.099 13313 13475 I MMKV    : Installing MMKV JSI Bindings for MMKV root directory: /data/user/0/so.onekey.app.wallet.dev/files/mmkv
09-22 19:36:30.100 13313 13475 I MMKV    : <MMKV.cpp:165::initialize> version v1.2.15, page size 4096, arch arm64-v8a
09-22 19:36:30.100 13313 13475 I MMKV    : <MMKV.cpp:176::initialize> armv8 AES instructions is supported
09-22 19:36:30.100 13313 13475 I MMKV    : <MMKV.cpp:184::initialize> armv8 CRC32 instructions is supported
09-22 19:36:30.100 13313 13475 I MMKV    : <MMKV.cpp:208::initializeMMKV> root dir: /data/user/0/so.onekey.app.wallet.dev/files/mmkv
09-22 19:36:30.100 13313 13475 I MMKV    : Successfully installed MMKV JSI Bindings!
09-22 19:36:30.100 13313 13475 I RNMMKV  : Creating MMKV instance "onekey-app-setting"... (Path: , Encryption-Key: )
09-22 19:36:30.100 13313 13475 I MMKV    : <MemoryFile.cpp:97::open> open fd[0xa0], /data/user/0/so.onekey.app.wallet.dev/files/mmkv/onekey-app-setting
09-22 19:36:30.100 13313 13475 I MMKV    : <MemoryFile.cpp:97::open> open fd[0xa1], /data/user/0/so.onekey.app.wallet.dev/files/mmkv/onekey-app-setting.crc
09-22 19:36:30.100 13313 13475 I MMKV    : <MMKV_IO.cpp:81::loadFromFile> loading [onekey-app-setting] with 0 actual size, file size 4096, InterProcess 0, meta info version:0
09-22 19:36:30.100 13313 13475 I MMKV    : <MMKV_IO.cpp:130::loadFromFile> loaded [onekey-app-setting] with 0 key-values
09-22 19:36:30.165 13313 13313 W UiControllerImpl: Waiting for: DYNAMIC_TASKS_HAVE_IDLED for 300 iterations.
09-22 19:36:30.486 13313 13475 W ReactNativeJS: debugLogger init warning, neither `global.$$onekeyAppStorage` nor `window.localStorage` found.
09-22 19:36:30.493 13313 13476 W System.err: java.lang.Exception: File does not exist
09-22 19:36:30.497 13313 13476 W System.err: 	at com.rnfs.RNFSManager.unlink(RNFSManager.java:654)
09-22 19:36:30.497 13313 13476 W System.err: 	at java.lang.reflect.Method.invoke(Native Method)
09-22 19:36:30.497 13313 13476 W System.err: 	at com.facebook.react.bridge.JavaMethodWrapper.invoke(JavaMethodWrapper.java:372)
09-22 19:36:30.498 13313 13476 W System.err: 	at com.facebook.react.bridge.JavaModuleWrapper.invoke(JavaModuleWrapper.java:188)
09-22 19:36:30.498 13313 13476 W System.err: 	at com.facebook.jni.NativeRunnable.run(Native Method)
09-22 19:36:30.498 13313 13476 W System.err: 	at android.os.Handler.handleCallback(Handler.java:883)
09-22 19:36:30.498 13313 13476 W System.err: 	at android.os.Handler.dispatchMessage(Handler.java:100)
09-22 19:36:30.498 13313 13476 W System.err: 	at com.facebook.react.bridge.queue.MessageQueueThreadHandler.dispatchMessage(MessageQueueThreadHandler.java:27)
09-22 19:36:30.498 13313 13476 W System.err: 	at androidx.test.espresso.base.Interrogator.loopAndInterrogate(Interrogator.java:14)
09-22 19:36:30.498 13313 13476 W System.err: 	at androidx.test.espresso.base.LooperIdlingResourceInterrogationHandler$2.run(LooperIdlingResourceInterrogationHandler.java:3)
09-22 19:36:30.498 13313 13476 W System.err: 	at android.os.Handler.handleCallback(Handler.java:883)
09-22 19:36:30.498 13313 13476 W System.err: 	at android.os.Handler.dispatchMessage(Handler.java:100)
09-22 19:36:30.498 13313 13476 W System.err: 	at android.os.Looper.loop(Looper.java:214)
09-22 19:36:30.498 13313 13476 W System.err: 	at com.facebook.react.bridge.queue.MessageQueueThreadImpl$4.run(MessageQueueThreadImpl.java:228)
09-22 19:36:30.498 13313 13476 W System.err: 	at java.lang.Thread.run(Thread.java:919)
09-22 19:36:30.503 13313 13475 V SoLoader: librealm.so not found on /data/app/so.onekey.app.wallet.dev-YxcKICWTsFcM5Qeko7Vr_g==/lib/arm64
09-22 19:36:30.506 13313 13475 V SoLoader: libz.so not found on /data/app/so.onekey.app.wallet.dev-YxcKICWTsFcM5Qeko7Vr_g==/lib/arm64
