09-22 17:59:27.679  6943  7139 D SoLoader: libz.so found on /system/lib64
09-22 17:59:27.679  6943  7139 D SoLoader: libz.so loaded implicitly
09-22 17:59:27.762  6943  7139 D SoLoader: librealm.so found on /data/app/so.onekey.app.wallet.dev-f6l0H0G5szwSNgZk9mJM7Q==/base.apk!/lib/arm64-v8a
09-22 17:59:27.762  6943  7139 V JSRealm : setDefaultRealmFileDirectory
09-22 17:59:27.762  6943  7139 D JSRealm : Absolute path: /data/data/so.onekey.app.wallet.dev/files
09-22 17:59:27.763  6943  7139 V JSRealm : install
09-22 17:59:27.763  6943  7139 V JSRealm : Building an exports object
09-22 17:59:27.763  6943  7139 V JSRealm : Initializing ...
09-22 17:59:27.959  6943  7139 W ReactNativeJS: @polkadot/api requires direct dependencies exactly matching version 10.7.1.
09-22 17:59:27.959  6943  7139 W ReactNativeJS: Either remove and explicitly install matching versions or dedupe using your package manager.
09-22 17:59:27.959  6943  7139 W ReactNativeJS: The following conflicting packages were found:
09-22 17:59:27.959  6943  7139 W ReactNativeJS: 	10.8.1	@polkadot/rpc-core
09-22 17:59:27.959  6943  7139 W ReactNativeJS: 	10.8.1	@polkadot/types-known
09-22 17:59:27.959  6943  7139 W ReactNativeJS: @polkadot/rpc-augment requires direct dependencies exactly matching version 10.8.1.
09-22 17:59:27.959  6943  7139 W ReactNativeJS: Either remove and explicitly install matching versions or dedupe using your package manager.
09-22 17:59:27.959  6943  7139 W ReactNativeJS: The following conflicting packages were found:
09-22 17:59:27.959  6943  7139 W ReactNativeJS: 	10.7.1	@polkadot/types
09-22 17:59:28.010  6943  7139 W ReactNativeJS: @polkadot/rpc-core requires direct dependencies exactly matching version 10.8.1.
09-22 17:59:28.010  6943  7139 W ReactNativeJS: Either remove and explicitly install matching versions or dedupe using your package manager.
09-22 17:59:28.010  6943  7139 W ReactNativeJS: The following conflicting packages were found:
09-22 17:59:28.010  6943  7139 W ReactNativeJS: 	10.7.1	@polkadot/rpc-provider
09-22 17:59:28.010  6943  7139 W ReactNativeJS: 	10.7.1	@polkadot/types
09-22 17:59:28.013  6943  7139 W ReactNativeJS: @polkadot/types requires direct dependencies exactly matching version 10.7.1.
09-22 17:59:28.013  6943  7139 W ReactNativeJS: Either remove and explicitly install matching versions or dedupe using your package manager.
09-22 17:59:28.013  6943  7139 W ReactNativeJS: The following conflicting packages were found:
09-22 17:59:28.013  6943  7139 W ReactNativeJS: 	10.8.1	@polkadot/types-codec
09-22 17:59:28.013  6943  7139 W ReactNativeJS: 	10.8.1	@polkadot/types-create
09-22 17:59:28.045  6943  7139 W ReactNativeJS: @polkadot/types-known requires direct dependencies exactly matching version 10.8.1.
09-22 17:59:28.045  6943  7139 W ReactNativeJS: Either remove and explicitly install matching versions or dedupe using your package manager.
09-22 17:59:28.045  6943  7139 W ReactNativeJS: The following conflicting packages were found:
09-22 17:59:28.045  6943  7139 W ReactNativeJS: 	10.7.1	@polkadot/types
09-22 17:59:28.226  6943  7139 V SoLoader: libreanimated.so not found on /data/app/so.onekey.app.wallet.dev-f6l0H0G5szwSNgZk9mJM7Q==/lib/arm64
09-22 17:59:28.285  6943  7199 D ProfileInstaller: Installing profile for so.onekey.app.wallet.dev
09-22 17:59:28.289  6943  7139 D SoLoader: libreanimated.so found on /data/app/so.onekey.app.wallet.dev-f6l0H0G5szwSNgZk9mJM7Q==/base.apk!/lib/arm64-v8a
09-22 17:59:28.713  6943  7139 I RNMMKV  : Creating MMKV instance "obsPersist"... (Path: , Encryption-Key: )
09-22 17:59:28.713  6943  7139 I MMKV    : <MemoryFile.cpp:97::open> open fd[0xb0], /data/user/0/so.onekey.app.wallet.dev/files/mmkv/obsPersist
09-22 17:59:28.713  6943  7139 I MMKV    : <MemoryFile.cpp:97::open> open fd[0xb1], /data/user/0/so.onekey.app.wallet.dev/files/mmkv/obsPersist.crc
09-22 17:59:28.713  6943  7139 I MMKV    : <MMKV_IO.cpp:81::loadFromFile> loading [obsPersist] with 0 actual size, file size 4096, InterProcess 0, meta info version:0
09-22 17:59:28.713  6943  7139 I MMKV    : <MMKV_IO.cpp:130::loadFromFile> loaded [obsPersist] with 0 key-values
09-22 17:59:28.753  6943  7139 W ReactNativeJS: `new NativeEventEmitter()` was called with a non-null argument without the required `addListener` method.
09-22 17:59:28.753  6943  7139 W ReactNativeJS: `new NativeEventEmitter()` was called with a non-null argument without the required `removeListeners` method.
09-22 17:59:29.121  6943  6943 I Choreographer: Skipped 48 frames!  The application may be doing too much work on its main thread.
09-22 17:59:29.139  6943  7139 I ReactNativeJS: Running "main
09-22 17:59:29.244  6943  6943 I ReactNative: [GESTURE HANDLER] Initialize gesture handler for root view com.facebook.react.ReactRootView{f406560 V.E...... ......ID 0,0-1080,2022 #b}
09-22 17:59:29.401  6943  6943 I Detox   : UIManagerModule is busy
09-22 17:59:29.425  6943  7122 W .app.wallet.de: Accessing hidden method Ljava/io/ObjectStreamClass;->getConstructorId(Ljava/lang/Class;)J (greylist, reflection, allowed)
09-22 17:59:29.426  6943  7122 W .app.wallet.de: Accessing hidden field Lsun/misc/Unsafe;->theUnsafe:Lsun/misc/Unsafe; (greylist, reflection, allowed)
09-22 17:59:29.491  6943  6956 I .app.wallet.de: Background young concurrent copying GC freed 86271(4023KB) AllocSpace objects, 0(0B) LOS objects, 16% free, 18MB/22MB, paused 2.813ms total 192.331ms
09-22 17:59:29.916  6943  7140 W .app.wallet.de: Accessing hidden field Landroid/app/ActivityThread;->sCurrentActivityThread:Landroid/app/ActivityThread; (greylist, reflection, allowed)
09-22 17:59:29.916  6943  7140 W .app.wallet.de: Accessing hidden method Landroid/app/ActivityThread;->getApplication()Landroid/app/Application; (greylist, reflection, allowed)
09-22 17:59:29.977  6943  7140 D ActionManager: addAction type:JPUSH,action:cn.jpush.android.helper.b
09-22 17:59:29.988  6943  7139 D RNFBCrashlyticsInit: isCrashlyticsCollectionEnabled via RNFBMeta: true
09-22 17:59:29.988  6943  7139 D RNFBCrashlyticsInit: isCrashlyticsCollectionEnabled after checking crashlytics_debug_enabled: false
09-22 17:59:29.988  6943  7139 D RNFBCrashlyticsInit: isCrashlyticsCollectionEnabled final value: false
09-22 17:59:29.988  6943  7139 D RNFBCrashlyticsInit: isErrorGenerationOnJSCrashEnabled via RNFBJSON: true
09-22 17:59:29.988  6943  7139 D RNFBCrashlyticsInit: isErrorGenerationOnJSCrashEnabled final value: true
09-22 17:59:29.988  6943  7139 D RNFBCrashlyticsInit: isCrashlyticsJavascriptExceptionHandlerChainingEnabled via RNFBJSON: true
09-22 17:59:29.988  6943  7139 D RNFBCrashlyticsInit: isCrashlyticsJavascriptExceptionHandlerChainingEnabled final value: true
09-22 17:59:29.991  6943  7140 W .app.wallet.de: Accessing hidden method Landroid/app/ActivityThread;->currentActivityThread()Landroid/app/ActivityThread; (greylist, reflection, allowed)
09-22 17:59:29.991  6943  7140 W .app.wallet.de: Accessing hidden field Landroid/app/ActivityThread;->mActivities:Landroid/util/ArrayMap; (greylist, reflection, allowed)
09-22 17:59:29.991  6943  7140 W .app.wallet.de: Accessing hidden field Landroid/app/ActivityThread$ActivityClientRecord;->paused:Z (greylist, reflection, allowed)
09-22 17:59:29.993  6943  7140 W .app.wallet.de: Accessing hidden field Landroid/app/ActivityThread$ActivityClientRecord;->activity:Landroid/app/Activity; (greylist, reflection, allowed)
09-22 17:59:30.012  6943  7140 W .app.wallet.de: Accessing hidden method Landroid/view/Window;->getInsetsController()Landroid/view/WindowInsetsController; (blacklist, linking, denied)
09-22 17:59:30.028  6943  7140 D RNFBCrashlyticsInit: isCrashlyticsCollectionEnabled via RNFBMeta: true
09-22 17:59:30.028  6943  7140 D RNFBCrashlyticsInit: isCrashlyticsCollectionEnabled after checking crashlytics_debug_enabled: false
09-22 17:59:30.028  6943  7140 D RNFBCrashlyticsInit: isCrashlyticsCollectionEnabled final value: false
09-22 17:59:30.039  6943  7250 E JIGUANG-JOperate: [JOperateProccessHelper] The permission should be defined JO- so.onekey.app.wallet.dev.permission.JOPERATE_MESSAGE
09-22 17:59:30.041  6943  7250 E JIGUANG-JOperate: [JOperateProccessHelper] getReceiverPermission:so.onekey.app.wallet.dev.permission.JPUSH_MESSAGE
09-22 17:59:30.246  6943  7140 W unknown:ViewManagerPropertyUpdater: Could not find generated setter for class com.swmansion.rnscreens.ScreensShadowNode
09-22 17:59:30.342  6943  7279 E JIGUANG-JCore: [CheckManifestHelper] errorcode:1008,Invalid appKey : 1, Please get your Appkey from JIGUANG web console!
09-22 17:59:30.369  6943  7279 E JIGUANG-JCore: [CheckManifestHelper] errorcode:1008,Invalid appKey : 1, Please get your Appkey from JIGUANG web console!
09-22 17:59:30.401  6943  7279 E JIGUANG-JCore: [CheckManifestHelper] errorcode:1008,Invalid appKey : 1, Please get your Appkey from JIGUANG web console!
09-22 17:59:30.439  6943  7279 E JIGUANG-JCore: [CheckManifestHelper] errorcode:1008,Invalid appKey : 1, Please get your Appkey from JIGUANG web console!
09-22 17:59:30.458  6943  7279 E JIGUANG-JCore: [CheckManifestHelper] errorcode:1008,Invalid appKey : 1, Please get your Appkey from JIGUANG web console!
09-22 17:59:30.468  6943  7279 E JIGUANG-JCore: [CheckManifestHelper] errorcode:1008,Invalid appKey : 1, Please get your Appkey from JIGUANG web console!
09-22 17:59:30.577  6943  7305 V SoLoader: libimagepipeline.so not found on /data/app/so.onekey.app.wallet.dev-f6l0H0G5szwSNgZk9mJM7Q==/lib/arm64
09-22 17:59:30.591  6943  6956 I .app.wallet.de: Background concurrent copying GC freed 83494(4203KB) AllocSpace objects, 8(352KB) LOS objects, 23% free, 19MB/25MB, paused 2.026ms total 682.688ms
09-22 17:59:30.634  6943  7305 V SoLoader: libjnigraphics.so not found on /data/app/so.onekey.app.wallet.dev-f6l0H0G5szwSNgZk9mJM7Q==/lib/arm64
09-22 17:59:30.639  6943  7305 V SoLoader: libjnigraphics.so not found on /data/app/so.onekey.app.wallet.dev-f6l0H0G5szwSNgZk9mJM7Q==/base.apk!/lib/arm64-v8a
09-22 17:59:30.639  6943  7305 V SoLoader: libjnigraphics.so not found on /data/app/so.onekey.app.wallet.dev.test-y-MtoPOEPSe4dpu2U3hn8g==/base.apk!/lib/arm64-v8a
09-22 17:59:30.639  6943  7305 D SoLoader: libjnigraphics.so found on /system/lib64
09-22 17:59:30.639  6943  7305 D SoLoader: libjnigraphics.so loaded implicitly
09-22 17:59:30.651  6943  7305 D SoLoader: libimagepipeline.so found on /data/app/so.onekey.app.wallet.dev-f6l0H0G5szwSNgZk9mJM7Q==/base.apk!/lib/arm64-v8a
09-22 17:59:31.312  6943  7139 I ReactNativeJS: 'LazyRenderWhenFocus >>>>>>>>>> ', { shouldFreeze: true,
09-22 17:59:31.312  6943  7139 I ReactNativeJS:   freezeWhenBlur: undefined,
09-22 17:59:31.312  6943  7139 I ReactNativeJS:   rootTabName: 'market' }
09-22 17:59:31.392  6943  7139 I ReactNativeJS: 'LazyRenderWhenFocus >>>>>>>>>> ', { shouldFreeze: true,
09-22 17:59:31.392  6943  7139 I ReactNativeJS:   freezeWhenBlur: undefined,
09-22 17:59:31.392  6943  7139 I ReactNativeJS:   rootTabName: 'swap' }
09-22 17:59:31.446  6943  7139 I ReactNativeJS: 'LazyRenderWhenFocus >>>>>>>>>> ', { shouldFreeze: true,
09-22 17:59:31.446  6943  7139 I ReactNativeJS:   freezeWhenBlur: undefined,
09-22 17:59:31.446  6943  7139 I ReactNativeJS:   rootTabName: 'discover' }
09-22 17:59:31.561  6943  7139 I ReactNativeJS: 'LazyRenderWhenFocus >>>>>>>>>> ', { shouldFreeze: true,
09-22 17:59:31.561  6943  7139 I ReactNativeJS:   freezeWhenBlur: undefined,
09-22 17:59:31.561  6943  7139 I ReactNativeJS:   rootTabName: 'me' }
09-22 17:59:31.777  6943  7139 W ReactNativeJS: `new NativeEventEmitter()` was called with a non-null argument without the required `addListener` method.
09-22 17:59:31.777  6943  7139 W ReactNativeJS: `new NativeEventEmitter()` was called with a non-null argument without the required `removeListeners` method.
09-22 17:59:32.029  6943  7140 D RNFBCrashlyticsInit: isCrashlyticsCollectionEnabled via RNFBMeta: true
09-22 17:59:32.029  6943  7140 D RNFBCrashlyticsInit: isCrashlyticsCollectionEnabled after checking crashlytics_debug_enabled: false
09-22 17:59:32.029  6943  7140 D RNFBCrashlyticsInit: isCrashlyticsCollectionEnabled final value: false
09-22 17:59:32.125  6943  7140 D RNFBCrashlyticsInit: isCrashlyticsCollectionEnabled via RNFBMeta: true
09-22 17:59:32.125  6943  7140 D RNFBCrashlyticsInit: isCrashlyticsCollectionEnabled after checking crashlytics_debug_enabled: false
09-22 17:59:32.125  6943  7140 D RNFBCrashlyticsInit: isCrashlyticsCollectionEnabled final value: false
09-22 17:59:32.128  6943  6943 I Choreographer: Skipped 112 frames!  The application may be doing too much work on its main thread.
09-22 17:59:32.133  6943  7139 I ReactNativeJNI: Memory warning (pressure level: TRIM_MEMORY_RUNNING_MODERATE) received by JS VM, ignoring because it's non-severe
09-22 17:59:32.135  6943  7108 I OpenGLRenderer: Davey! duration=2102ms; Flags=1, IntendedVsync=137075767125, Vsync=137159100455, OldestInputEvent=9223372036854775807, NewestInputEvent=0, HandleInputStart=137162211647, AnimationStart=137168549355, PerformTraversalsStart=137286112564, DrawStart=139164246690, SyncQueued=139165196023, SyncStart=139166365148, IssueDrawCommandsStart=139166514315, SwapBuffers=139168235023, FrameCompleted=139179110606, DequeueBufferDuration=317000, QueueBufferDuration=912000, 
09-22 17:59:32.149  6943  6943 W .app.wallet.de: Accessing hidden method Lsun/misc/Unsafe;->getObject(Ljava/lang/Object;J)Ljava/lang/Object; (greylist, linking, allowed)
09-22 17:59:32.150  6943  7113 W .app.wallet.de: Accessing hidden method Lsun/misc/Unsafe;->getInt(Ljava/lang/Object;J)I (greylist, linking, allowed)
09-22 17:59:32.150  6943  7113 W .app.wallet.de: Accessing hidden method Lsun/misc/Unsafe;->getObject(Ljava/lang/Object;J)Ljava/lang/Object; (greylist, linking, allowed)
09-22 17:59:32.150  6943  7113 I chatty  : uid=10145(so.onekey.app.wallet.dev) pool-3-thread-1 identical 1 line
09-22 17:59:32.153  6943  7113 W .app.wallet.de: Accessing hidden method Lsun/misc/Unsafe;->getObject(Ljava/lang/Object;J)Ljava/lang/Object; (greylist, linking, allowed)
09-22 17:59:32.155  6943  7113 W .app.wallet.de: Accessing hidden method Lsun/misc/Unsafe;->getLong(Ljava/lang/Object;J)J (greylist,core-platform-api, linking, allowed)
09-22 17:59:32.156  6943  7113 W .app.wallet.de: Accessing hidden method Lsun/misc/Unsafe;->getObject(Ljava/lang/Object;J)Ljava/lang/Object; (greylist, linking, allowed)
09-22 17:59:32.156  6943  7113 W .app.wallet.de: Accessing hidden method Lsun/misc/Unsafe;->putInt(Ljava/lang/Object;JI)V (greylist, linking, allowed)
09-22 17:59:32.913  6943  6943 I Choreographer: Skipped 46 frames!  The application may be doing too much work on its main thread.
09-22 17:59:32.948  6943  6943 D RenderScript HIDL Adaptation: IRenderScriptDevice::getService()
09-22 17:59:32.953  6943  6943 D RenderScript HIDL Adaptation: IRenderScriptDevice::getService() returned 0x0
09-22 17:59:32.953  6943  6943 D RenderScript HIDL Adaptation: Using Fallback Path.
09-22 17:59:32.989  6943  6943 D         : Successfully queried cache dir: /data/user_de/0/so.onekey.app.wallet.dev/code_cache
09-22 17:59:32.989  6943  6943 D RenderScript: Setting cache dir: /data/user_de/0/so.onekey.app.wallet.dev/code_cache
09-22 17:59:33.180  6943  6943 W .app.wallet.de: Accessing hidden field Landroid/widget/ScrollView;->mScroller:Landroid/widget/OverScroller; (greylist, reflection, allowed)
09-22 17:59:33.315  6943  6943 I ReactNative: [GESTURE HANDLER] Gesture handler is already enabled for a parent view
09-22 17:59:33.352  6943  6943 W .app.wallet.de: Accessing hidden method Lsun/misc/Unsafe;->getObject(Ljava/lang/Object;J)Ljava/lang/Object; (greylist, linking, allowed)
09-22 17:59:33.353  6943  7113 W .app.wallet.de: Accessing hidden method Lsun/misc/Unsafe;->getInt(Ljava/lang/Object;J)I (greylist, linking, allowed)
09-22 17:59:33.353  6943  7113 W .app.wallet.de: Accessing hidden method Lsun/misc/Unsafe;->getObject(Ljava/lang/Object;J)Ljava/lang/Object; (greylist, linking, allowed)
09-22 17:59:33.353  6943  7113 W .app.wallet.de: Accessing hidden method Lsun/misc/Unsafe;->putInt(Ljava/lang/Object;JI)V (greylist, linking, allowed)
09-22 17:59:33.353  6943  7113 W .app.wallet.de: Accessing hidden method Lsun/misc/Unsafe;->getObject(Ljava/lang/Object;J)Ljava/lang/Object; (greylist, linking, allowed)
09-22 17:59:33.353  6943  7113 W .app.wallet.de: Accessing hidden method Lsun/misc/Unsafe;->getObject(Ljava/lang/Object;J)Ljava/lang/Object; (greylist, linking, allowed)
09-22 17:59:33.353  6943  6943 W .app.wallet.de: Accessing hidden method Lsun/misc/Unsafe;->getObject(Ljava/lang/Object;J)Ljava/lang/Object; (greylist, linking, allowed)
09-22 17:59:33.353  6943  6943 I chatty  : uid=10145(so.onekey.app.wallet.dev) identical 1 line
09-22 17:59:33.353  6943  6943 W .app.wallet.de: Accessing hidden method Lsun/misc/Unsafe;->getObject(Ljava/lang/Object;J)Ljava/lang/Object; (greylist, linking, allowed)
09-22 17:59:33.353  6943  7113 W .app.wallet.de: Accessing hidden method Lsun/misc/Unsafe;->getInt(Ljava/lang/Object;J)I (greylist, linking, allowed)
09-22 17:59:33.353  6943  7113 W .app.wallet.de: Accessing hidden method Lsun/misc/Unsafe;->getObject(Ljava/lang/Object;J)Ljava/lang/Object; (greylist, linking, allowed)
09-22 17:59:33.354  6943  7113 I chatty  : uid=10145(so.onekey.app.wallet.dev) pool-3-thread-1 identical 4 lines
09-22 17:59:33.354  6943  7113 W .app.wallet.de: Accessing hidden method Lsun/misc/Unsafe;->getObject(Ljava/lang/Object;J)Ljava/lang/Object; (greylist, linking, allowed)
09-22 17:59:33.427  6943  7140 W JIGUANG-JPush: [AndroidUtil] AndroidManifest.xml missing FileProvider: cn.jiguang.union.ads.service.JAdFileProvider, it necessary for inapp message
09-22 17:59:33.427  6943  7140 W JIGUANG-JPush: [AndroidUtil] The fileprovider required for inapp-message is incorrectly configured, please check AndroidManifest.xml
09-22 17:59:33.433  6943  7140 W JIGUANG-JCore: [JCoreManager] [requestPermission] context must instanceof Activity
09-22 17:59:33.439  6943  7279 E JIGUANG-JCore: [CheckManifestHelper] errorcode:1008,Invalid appKey : 1, Please get your Appkey from JIGUANG web console!
09-22 17:59:33.445  6943  7279 E JIGUANG-JCore: [CheckManifestHelper] errorcode:1008,Invalid appKey : 1, Please get your Appkey from JIGUANG web console!
09-22 17:59:33.448  6943  7268 W JIGUANG-JPush: [AndroidUtil] AndroidManifest.xml missing FileProvider: cn.jiguang.union.ads.service.JAdFileProvider, it necessary for inapp message
09-22 17:59:33.448  6943  7268 W JIGUANG-JPush: [AndroidUtil] The fileprovider required for inapp-message is incorrectly configured, please check AndroidManifest.xml
09-22 17:59:33.449  6943  7279 E JIGUANG-JCore: [CheckManifestHelper] errorcode:1008,Invalid appKey : 1, Please get your Appkey from JIGUANG web console!
09-22 17:59:33.483  6943  7450 W .app.wallet.de: Accessing hidden method Lsun/misc/Unsafe;->getObject(Ljava/lang/Object;J)Ljava/lang/Object; (greylist, linking, allowed)
09-22 17:59:33.495  6943  7268 W JIGUANG-JUnionAd: [InAppHelper] not allowed install apk by system
09-22 17:59:33.496  6943  7279 E JIGUANG-JCore: [CheckManifestHelper] errorcode:1008,Invalid appKey : 1, Please get your Appkey from JIGUANG web console!
09-22 17:59:33.498  6943  7113 W .app.wallet.de: Accessing hidden method Lsun/misc/Unsafe;->getObject(Ljava/lang/Object;J)Ljava/lang/Object; (greylist, linking, allowed)
09-22 17:59:33.498  6943  7113 W .app.wallet.de: Accessing hidden method Lsun/misc/Unsafe;->getObject(Ljava/lang/Object;J)Ljava/lang/Object; (greylist, linking, allowed)
09-22 17:59:33.507  6943  7113 W .app.wallet.de: Accessing hidden method Lsun/misc/Unsafe;->getObject(Ljava/lang/Object;J)Ljava/lang/Object; (greylist, linking, allowed)
09-22 17:59:33.507  6943  7113 W .app.wallet.de: Accessing hidden method Lsun/misc/Unsafe;->getLong(Ljava/lang/Object;J)J (greylist,core-platform-api, linking, allowed)
09-22 17:59:33.507  6943  7113 W .app.wallet.de: Accessing hidden method Lsun/misc/Unsafe;->getObject(Ljava/lang/Object;J)Ljava/lang/Object; (greylist, linking, allowed)
09-22 17:59:33.507  6943  7113 W .app.wallet.de: Accessing hidden method Lsun/misc/Unsafe;->getLong(Ljava/lang/Object;J)J (greylist,core-platform-api, linking, allowed)
09-22 17:59:33.507  6943  7113 W .app.wallet.de: Accessing hidden method Lsun/misc/Unsafe;->putInt(Ljava/lang/Object;JI)V (greylist, linking, allowed)
09-22 17:59:33.541  6943  7108 I OpenGLRenderer: Davey! duration=1393ms; Flags=0, IntendedVsync=139192467978, Vsync=139959134614, OldestInputEvent=9223372036854775807, NewestInputEvent=0, HandleInputStart=139959209857, AnimationStart=139959297898, PerformTraversalsStart=140452701940, DrawStart=140466929899, SyncQueued=140545110274, SyncStart=140546391315, IssueDrawCommandsStart=140571966649, SwapBuffers=140579295482, FrameCompleted=140587170815, DequeueBufferDuration=291000, QueueBufferDuration=3087000, 
09-22 17:59:33.644  6943  7268 W JIGUANG-JPush: [AsusPushHelper] AndroidManifest.xml missing receiver extends asus's AsusPushMessageReceiver
09-22 17:59:33.660  6943  6956 I .app.wallet.de: NativeAlloc concurrent copying GC freed 117639(5276KB) AllocSpace objects, 10(456KB) LOS objects, 19% free, 24MB/30MB, paused 1.278ms total 493.075ms
09-22 17:59:33.772  6943  7453 W .app.wallet.de: Accessing hidden method Lsun/misc/Unsafe;->getObject(Ljava/lang/Object;J)Ljava/lang/Object; (greylist, linking, allowed)
09-22 17:59:33.773  6943  7113 W .app.wallet.de: Accessing hidden method Lsun/misc/Unsafe;->getObject(Ljava/lang/Object;J)Ljava/lang/Object; (greylist, linking, allowed)
09-22 17:59:33.773  6943  7113 W .app.wallet.de: Accessing hidden method Lsun/misc/Unsafe;->putInt(Ljava/lang/Object;JI)V (greylist, linking, allowed)
09-22 17:59:33.773  6943  7113 W .app.wallet.de: Accessing hidden method Lsun/misc/Unsafe;->getObject(Ljava/lang/Object;J)Ljava/lang/Object; (greylist, linking, allowed)
09-22 17:59:33.773  6943  7113 W .app.wallet.de: Accessing hidden method Lsun/misc/Unsafe;->getObject(Ljava/lang/Object;J)Ljava/lang/Object; (greylist, linking, allowed)
09-22 17:59:33.774  6943  7113 W .app.wallet.de: Accessing hidden method Lsun/misc/Unsafe;->getLong(Ljava/lang/Object;J)J (greylist,core-platform-api, linking, allowed)
09-22 17:59:33.774  6943  7113 W .app.wallet.de: Accessing hidden method Lsun/misc/Unsafe;->getObject(Ljava/lang/Object;J)Ljava/lang/Object; (greylist, linking, allowed)
09-22 17:59:33.774  6943  7113 W .app.wallet.de: Accessing hidden method Lsun/misc/Unsafe;->putInt(Ljava/lang/Object;JI)V (greylist, linking, allowed)
09-22 17:59:33.778  6943  6943 I Detox   : Network is busy, with 4 in-flight calls
09-22 17:59:33.782  6943  6943 I Detox   : Network is busy, with 4 in-flight calls
09-22 17:59:33.798  6943  6943 I Detox   : Network is busy, with 3 in-flight calls
09-22 17:59:33.815  6943  6943 I Detox   : Network is busy, with 3 in-flight calls
09-22 17:59:33.847  6943  6943 I chatty  : uid=10145(so.onekey.app.wallet.dev) identical 2 lines
09-22 17:59:33.865  6943  6943 I Detox   : Network is busy, with 3 in-flight calls
09-22 17:59:33.881  6943  6943 I Detox   : Network is busy, with 3 in-flight calls
09-22 17:59:33.931  6943  6943 I chatty  : uid=10145(so.onekey.app.wallet.dev) identical 3 lines
09-22 17:59:33.949  6943  6943 I Detox   : Network is busy, with 3 in-flight calls
09-22 17:59:33.950  6943  7449 W .app.wallet.de: Accessing hidden method Lsun/misc/Unsafe;->getObject(Ljava/lang/Object;J)Ljava/lang/Object; (greylist, linking, allowed)
09-22 17:59:33.951  6943  7113 W .app.wallet.de: Accessing hidden method Lsun/misc/Unsafe;->getObject(Ljava/lang/Object;J)Ljava/lang/Object; (greylist, linking, allowed)
09-22 17:59:33.951  6943  7113 W .app.wallet.de: Accessing hidden method Lsun/misc/Unsafe;->putInt(Ljava/lang/Object;JI)V (greylist, linking, allowed)
09-22 17:59:33.951  6943  7113 W .app.wallet.de: Accessing hidden method Lsun/misc/Unsafe;->getObject(Ljava/lang/Object;J)Ljava/lang/Object; (greylist, linking, allowed)
09-22 17:59:33.952  6943  7113 W .app.wallet.de: Accessing hidden method Lsun/misc/Unsafe;->getObject(Ljava/lang/Object;J)Ljava/lang/Object; (greylist, linking, allowed)
09-22 17:59:33.952  6943  7113 W .app.wallet.de: Accessing hidden method Lsun/misc/Unsafe;->getLong(Ljava/lang/Object;J)J (greylist,core-platform-api, linking, allowed)
09-22 17:59:33.952  6943  7113 W .app.wallet.de: Accessing hidden method Lsun/misc/Unsafe;->getObject(Ljava/lang/Object;J)Ljava/lang/Object; (greylist, linking, allowed)
09-22 17:59:33.953  6943  7113 W .app.wallet.de: Accessing hidden method Lsun/misc/Unsafe;->putInt(Ljava/lang/Object;JI)V (greylist, linking, allowed)
09-22 17:59:33.962  6943  6956 I .app.wallet.de: Background young concurrent copying GC freed 36450(2629KB) AllocSpace objects, 33(4428KB) LOS objects, 0% free, 31MB/31MB, paused 48us total 102.846ms
09-22 17:59:33.964  6943  6943 I Detox   : Network is busy, with 3 in-flight calls
09-22 17:59:33.983  6943  6943 I Detox   : Network is busy, with 3 in-flight calls
09-22 17:59:33.997  6943  6943 I Detox   : Network is busy, with 2 in-flight calls
09-22 17:59:34.015  6943  6943 I Detox   : Network is busy, with 2 in-flight calls
09-22 17:59:34.031  6943  6943 I Detox   : Network is busy, with 2 in-flight calls
09-22 17:59:34.048  6943  6943 I Detox   : Network is busy, with 2 in-flight calls
09-22 17:59:34.055  6943  6958 W System  : A resource failed to call destroy. 
09-22 17:59:34.055  6943  6958 W System  : A resource failed to call destroy. 
09-22 17:59:34.064  6943  6943 I Detox   : Network is busy, with 2 in-flight calls
09-22 17:59:34.081  6943  6943 I Detox   : Network is busy, with 2 in-flight calls
09-22 17:59:34.097  6943  6943 I Detox   : Network is busy, with 2 in-flight calls
09-22 17:59:34.115  6943  6943 I Detox   : Network is busy, with 2 in-flight calls
09-22 17:59:34.164  6943  6943 I chatty  : uid=10145(so.onekey.app.wallet.dev) identical 3 lines
09-22 17:59:34.181  6943  6943 I Detox   : Network is busy, with 2 in-flight calls
09-22 17:59:34.198  6943  6943 I Detox   : Network is busy, with 2 in-flight calls
09-22 17:59:34.215  6943  6943 I Detox   : Network is busy, with 2 in-flight calls
09-22 17:59:34.231  6943  6943 I Detox   : Network is busy, with 2 in-flight calls
09-22 17:59:34.247  6943  6943 I Detox   : Network is busy, with 2 in-flight calls
09-22 17:59:34.264  6943  6943 I Detox   : Network is busy, with 2 in-flight calls
09-22 17:59:34.281  6943  6943 I Detox   : Network is busy, with 2 in-flight calls
09-22 17:59:34.298  6943  6943 I Detox   : Network is busy, with 2 in-flight calls
09-22 17:59:34.315  6943  6943 I Detox   : Network is busy, with 2 in-flight calls
09-22 17:59:34.332  6943  6943 I Detox   : Network is busy, with 2 in-flight calls
09-22 17:59:34.381  6943  6943 I chatty  : uid=10145(so.onekey.app.wallet.dev) identical 3 lines
09-22 17:59:34.398  6943  6943 I Detox   : Network is busy, with 2 in-flight calls
09-22 17:59:34.415  6943  6943 I Detox   : Network is busy, with 2 in-flight calls
09-22 17:59:34.431  6943  6943 I Detox   : Network is busy, with 2 in-flight calls
09-22 17:59:34.447  6943  6943 I Detox   : Network is busy, with 2 in-flight calls
09-22 17:59:34.464  6943  6943 I chatty  : uid=10145(so.onekey.app.wallet.dev) identical 1 line
09-22 17:59:34.481  6943  6943 I Detox   : Network is busy, with 2 in-flight calls
09-22 17:59:34.498  6943  6943 I Detox   : Network is busy, with 2 in-flight calls
09-22 17:59:34.514  6943  6943 I Detox   : Network is busy, with 2 in-flight calls
09-22 17:59:34.633  6943  6943 I chatty  : uid=10145(so.onekey.app.wallet.dev) identical 7 lines
09-22 17:59:34.648  6943  6943 I Detox   : Network is busy, with 2 in-flight calls
09-22 17:59:34.649  6943  7450 W .app.wallet.de: Accessing hidden method Lsun/misc/Unsafe;->getObject(Ljava/lang/Object;J)Ljava/lang/Object; (greylist, linking, allowed)
09-22 17:59:34.649  6943  7113 W .app.wallet.de: Accessing hidden method Lsun/misc/Unsafe;->getObject(Ljava/lang/Object;J)Ljava/lang/Object; (greylist, linking, allowed)
09-22 17:59:34.649  6943  7113 W .app.wallet.de: Accessing hidden method Lsun/misc/Unsafe;->putInt(Ljava/lang/Object;JI)V (greylist, linking, allowed)
09-22 17:59:34.649  6943  7113 W .app.wallet.de: Accessing hidden method Lsun/misc/Unsafe;->getObject(Ljava/lang/Object;J)Ljava/lang/Object; (greylist, linking, allowed)
09-22 17:59:34.664  6943  6943 I Detox   : Network is busy, with 1 in-flight calls
09-22 17:59:34.831  6943  6943 I chatty  : uid=10145(so.onekey.app.wallet.dev) identical 10 lines
09-22 17:59:34.847  6943  6943 I Detox   : Network is busy, with 1 in-flight calls
09-22 17:59:34.864  6943  6943 I Detox   : Network is busy, with 1 in-flight calls
09-22 17:59:34.964  6943  6943 I chatty  : uid=10145(so.onekey.app.wallet.dev) identical 6 lines
09-22 17:59:34.981  6943  6943 I Detox   : Network is busy, with 1 in-flight calls
09-22 17:59:34.999  6943  6943 I Detox   : Network is busy, with 1 in-flight calls
09-22 17:59:35.000  6943  6943 W UiControllerImpl: Waiting for: DYNAMIC_TASKS_HAVE_IDLED for 100 iterations.
09-22 17:59:35.015  6943  6943 I Detox   : Network is busy, with 1 in-flight calls
09-22 17:59:35.030  6943  6943 I Detox   : Network is busy, with 1 in-flight calls
09-22 17:59:35.048  6943  6943 I Detox   : Network is busy, with 1 in-flight calls
09-22 17:59:35.064  6943  6943 I chatty  : uid=10145(so.onekey.app.wallet.dev) identical 1 line
09-22 17:59:35.083  6943  6943 I Detox   : Network is busy, with 1 in-flight calls
09-22 17:59:35.097  6943  6943 I Detox   : Network is busy, with 1 in-flight calls
09-22 17:59:35.115  6943  6943 I Detox   : Network is busy, with 1 in-flight calls
09-22 17:59:35.131  6943  6943 I Detox   : Network is busy, with 1 in-flight calls
09-22 17:59:35.148  6943  6943 I Detox   : Network is busy, with 1 in-flight calls
09-22 17:59:35.165  6943  6943 I Detox   : Network is busy, with 1 in-flight calls
09-22 17:59:35.183  6943  6943 I Detox   : Network is busy, with 1 in-flight calls
09-22 17:59:35.198  6943  6943 I chatty  : uid=10145(so.onekey.app.wallet.dev) identical 1 line
09-22 17:59:35.215  6943  6943 I Detox   : Network is busy, with 1 in-flight calls
09-22 17:59:35.232  6943  6943 I Detox   : Network is busy, with 1 in-flight calls
09-22 17:59:35.249  6943  6943 I chatty  : uid=10145(so.onekey.app.wallet.dev) identical 1 line
09-22 17:59:35.265  6943  6943 I Detox   : Network is busy, with 1 in-flight calls
09-22 17:59:35.281  6943  6943 I Detox   : Network is busy, with 2 in-flight calls
09-22 17:59:35.397  6943  6943 I chatty  : uid=10145(so.onekey.app.wallet.dev) identical 7 lines
09-22 17:59:35.415  6943  6943 I Detox   : Network is busy, with 2 in-flight calls
09-22 17:59:35.416  6943  6943 W UiControllerImpl: Waiting for: DYNAMIC_TASKS_HAVE_IDLED for 200 iterations.
09-22 17:59:35.431  6943  6943 I Detox   : Network is busy, with 2 in-flight calls
09-22 17:59:35.465  6943  6943 I chatty  : uid=10145(so.onekey.app.wallet.dev) identical 2 lines
09-22 17:59:35.481  6943  6943 I Detox   : Network is busy, with 2 in-flight calls
09-22 17:59:35.497  6943  6943 I Detox   : Network is busy, with 2 in-flight calls
09-22 17:59:35.514  6943  6943 I chatty  : uid=10145(so.onekey.app.wallet.dev) identical 1 line
09-22 17:59:35.531  6943  6943 I Detox   : Network is busy, with 2 in-flight calls
09-22 17:59:35.547  6943  6943 I Detox   : Network is busy, with 2 in-flight calls
09-22 17:59:35.564  6943  6943 I chatty  : uid=10145(so.onekey.app.wallet.dev) identical 1 line
09-22 17:59:35.581  6943  6943 I Detox   : Network is busy, with 2 in-flight calls
09-22 17:59:35.598  6943  6943 I Detox   : Network is busy, with 2 in-flight calls
09-22 17:59:35.615  6943  6943 I Detox   : Network is busy, with 2 in-flight calls
09-22 17:59:35.624  6943  7381 W .app.wallet.de: Accessing hidden method Lsun/misc/Unsafe;->getObject(Ljava/lang/Object;J)Ljava/lang/Object; (greylist, linking, allowed)
09-22 17:59:35.626  6943  7113 W .app.wallet.de: Accessing hidden method Lsun/misc/Unsafe;->getObject(Ljava/lang/Object;J)Ljava/lang/Object; (greylist, linking, allowed)
09-22 17:59:35.626  6943  7113 W .app.wallet.de: Accessing hidden method Lsun/misc/Unsafe;->getObject(Ljava/lang/Object;J)Ljava/lang/Object; (greylist, linking, allowed)
09-22 17:59:35.631  6943  6943 I Detox   : Network is busy, with 1 in-flight calls
09-22 17:59:35.648  6943  6943 I Detox   : Network is busy, with 1 in-flight calls
09-22 17:59:35.666  6943  6943 I Detox   : Network is busy, with 1 in-flight calls
09-22 17:59:35.681  6943  6943 I Detox   : Network is busy, with 1 in-flight calls
09-22 17:59:35.697  6943  6943 I Detox   : Network is busy, with 1 in-flight calls
09-22 17:59:35.710  6943  7000 W System  : Ignoring header If-None-Match because its value was null.
09-22 17:59:35.715  6943  6943 I Detox   : Network is busy, with 1 in-flight calls
09-22 17:59:35.731  6943  6943 I Detox   : Network is busy, with 1 in-flight calls
09-22 17:59:35.747  6943  6943 I Detox   : Network is busy, with 1 in-flight calls
09-22 17:59:35.764  6943  6943 I Detox   : Network is busy, with 1 in-flight calls
09-22 17:59:35.781  6943  6943 I Detox   : Network is busy, with 1 in-flight calls
09-22 17:59:35.798  6943  6943 I Detox   : Network is busy, with 1 in-flight calls
09-22 17:59:35.814  6943  6943 I Detox   : Network is busy, with 1 in-flight calls
09-22 17:59:35.831  6943  6943 I Detox   : Network is busy, with 1 in-flight calls
09-22 17:59:35.847  6943  6943 I Detox   : Network is busy, with 1 in-flight calls
09-22 17:59:35.865  6943  6943 I Detox   : Network is busy, with 1 in-flight calls
09-22 17:59:35.881  6943  6943 I Detox   : Network is busy, with 1 in-flight calls
09-22 17:59:35.898  6943  6943 I Detox   : Network is busy, with 1 in-flight calls
09-22 17:59:35.914  6943  6943 I Detox   : Network is busy, with 1 in-flight calls
09-22 17:59:35.931  6943  6943 I Detox   : Network is busy, with 1 in-flight calls
09-22 17:59:35.948  6943  6943 I Detox   : Network is busy, with 1 in-flight calls
09-22 17:59:35.964  6943  6943 I Detox   : Network is busy, with 1 in-flight calls
09-22 17:59:35.981  6943  6943 I Detox   : Network is busy, with 1 in-flight calls
09-22 17:59:35.997  6943  6943 I chatty  : uid=10145(so.onekey.app.wallet.dev) identical 1 line
09-22 17:59:36.014  6943  6943 I Detox   : Network is busy, with 1 in-flight calls
09-22 17:59:36.031  6943  6943 I Detox   : Network is busy, with 1 in-flight calls
09-22 17:59:36.048  6943  6943 I Detox   : Network is busy, with 1 in-flight calls
09-22 17:59:36.064  6943  6943 I chatty  : uid=10145(so.onekey.app.wallet.dev) identical 1 line
09-22 17:59:36.081  6943  6943 I Detox   : Network is busy, with 1 in-flight calls
09-22 17:59:36.097  6943  6943 I Detox   : Network is busy, with 1 in-flight calls
09-22 17:59:36.114  6943  6943 I Detox   : Network is busy, with 1 in-flight calls
09-22 17:59:36.131  6943  6943 I Detox   : Network is busy, with 1 in-flight calls
09-22 17:59:36.147  6943  6943 I Detox   : Network is busy, with 1 in-flight calls
09-22 17:59:36.164  6943  6943 I Detox   : Network is busy, with 1 in-flight calls
09-22 17:59:36.180  6943  6943 I Detox   : Network is busy, with 1 in-flight calls
09-22 17:59:36.197  6943  6943 I Detox   : Network is busy, with 1 in-flight calls
09-22 17:59:36.214  6943  6943 I Detox   : Network is busy, with 1 in-flight calls
09-22 17:59:36.231  6943  6943 I Detox   : Network is busy, with 1 in-flight calls
09-22 17:59:36.237  6943  7450 W .app.wallet.de: Accessing hidden method Lsun/misc/Unsafe;->getObject(Ljava/lang/Object;J)Ljava/lang/Object; (greylist, linking, allowed)
09-22 17:59:36.237  6943  7113 W .app.wallet.de: Accessing hidden method Lsun/misc/Unsafe;->getObject(Ljava/lang/Object;J)Ljava/lang/Object; (greylist, linking, allowed)
09-22 17:59:36.237  6943  7113 W .app.wallet.de: Accessing hidden method Lsun/misc/Unsafe;->getObject(Ljava/lang/Object;J)Ljava/lang/Object; (greylist, linking, allowed)
09-22 17:59:36.253  6943  6943 I Detox   : UIManagerModule is busy
09-22 17:59:36.266  6943  6943 I Detox   : UIManagerModule is busy
09-22 17:59:36.284  6943  6943 I Detox   : Wait is over: App is now idle!
09-22 17:59:36.284  6943  7130 I DetoxWSClient: Sending out action 'ready' (ID #-1000)
09-22 17:59:36.285  6943  7130 I DetoxDispatcher: Done with action 'isReady'
09-22 17:59:36.285  6943  7130 I DetoxDispatcher: Handling action 'loginSuccess' (ID #0)...
09-22 17:59:36.285  6943  7130 I DetoxDispatcher: Done with action 'loginSuccess'
09-22 17:59:36.285  6943  7130 I DetoxDispatcher: Handling action 'isReady' (ID #-1000)...
09-22 17:59:36.287  6943  6943 I Detox   : Wait is over: App is now idle!
09-22 17:59:36.288  6943  7130 I DetoxWSClient: Sending out action 'ready' (ID #-1000)
09-22 17:59:36.288  6943  7130 I DetoxDispatcher: Done with action 'isReady'
09-22 17:59:36.288  6943  7130 I DetoxDispatcher: Handling action 'loginSuccess' (ID #0)...
09-22 17:59:36.289  6943  7130 I DetoxDispatcher: Done with action 'loginSuccess'
09-22 17:59:38.804  6943  7450 W .app.wallet.de: Accessing hidden method Lsun/misc/Unsafe;->getObject(Ljava/lang/Object;J)Ljava/lang/Object; (greylist, linking, allowed)
09-22 17:59:38.805  6943  7113 W .app.wallet.de: Accessing hidden method Lsun/misc/Unsafe;->getObject(Ljava/lang/Object;J)Ljava/lang/Object; (greylist, linking, allowed)
09-22 17:59:38.805  6943  7113 W .app.wallet.de: Accessing hidden method Lsun/misc/Unsafe;->getObject(Ljava/lang/Object;J)Ljava/lang/Object; (greylist, linking, allowed)
09-22 17:59:38.951  6943  7139 E ReactNativeJS: { context: 'core' }, { context: 'core/relayer' }, [Error: socket stalled]
09-22 17:59:38.964  6943  7140 E unknown:ReactNative: console.error: {"context":"core"} {"context":"core/relayer"} Error: socket stalled, js engine: v8, stack:
09-22 17:59:38.964  6943  7140 E unknown:ReactNative: p@50:240
09-22 17:59:38.964  6943  7140 E unknown:ReactNative: p@50:355
09-22 17:59:38.964  6943  7140 E unknown:ReactNative: new s@48:362
09-22 17:59:38.964  6943  7140 E unknown:ReactNative: f.<anonymous>@42:1043
09-22 17:59:38.964  6943  7140 E unknown:ReactNative: new f@42:1221
09-22 17:59:38.964  6943  7140 E unknown:ReactNative: b@42:2420
09-22 17:59:38.964  6943  7140 E unknown:ReactNative: Object.error@512:1745
09-22 17:59:38.964  6943  7140 E unknown:ReactNative: Object.error@8067:3297
09-22 17:59:38.964  6943  7140 E unknown:ReactNative: Object.error@8067:4311
09-22 17:59:38.964  6943  7140 E unknown:ReactNative: Object.error@8067:4311
09-22 17:59:38.964  6943  7139 E ReactNativeJS: 'WalletConnect V2 Core ERROR: relayer_transport_closed >>>>>> ', undefined
09-22 17:59:38.967  6943  7140 E unknown:ReactNative: console.error: WalletConnect V2 Core ERROR: relayer_transport_closed >>>>>>  undefined, js engine: v8, stack:
09-22 17:59:38.967  6943  7140 E unknown:ReactNative: p@50:240
09-22 17:59:38.967  6943  7140 E unknown:ReactNative: p@50:355
09-22 17:59:38.967  6943  7140 E unknown:ReactNative: new s@48:362
09-22 17:59:38.967  6943  7140 E unknown:ReactNative: f.<anonymous>@42:1043
09-22 17:59:38.967  6943  7140 E unknown:ReactNative: new f@42:1221
09-22 17:59:38.967  6943  7140 E unknown:ReactNative: b@42:2420
09-22 17:59:38.967  6943  7140 E unknown:ReactNative: Object.error@512:1745
09-22 17:59:38.967  6943  7140 E unknown:ReactNative: s.<anonymous>@8050:2248
09-22 17:59:38.967  6943  7140 E unknown:ReactNative: Object.p@627:1873
09-22 17:59:38.967  6943  7140 E unknown:ReactNative: s.emit@627:4098
09-22 17:59:38.968  6943  7139 E ReactNativeJS: { context: 'core' }, 'closeTransport called before connection was established'
09-22 17:59:38.969  6943  7139 E ReactNativeJS: { context: 'client' }, 'closeTransport called before connection was established'
09-22 17:59:38.975  6943  7140 E unknown:ReactNative: console.error: {"context":"core"} closeTransport called before connection was established, js engine: v8, stack:
09-22 17:59:38.975  6943  7140 E unknown:ReactNative: p@50:240
09-22 17:59:38.975  6943  7140 E unknown:ReactNative: p@50:355
09-22 17:59:38.975  6943  7140 E unknown:ReactNative: new s@48:362
09-22 17:59:38.975  6943  7140 E unknown:ReactNative: f.<anonymous>@42:1043
09-22 17:59:38.975  6943  7140 E unknown:ReactNative: new f@42:1221
09-22 17:59:38.975  6943  7140 E unknown:ReactNative: b@42:2420
09-22 17:59:38.975  6943  7140 E unknown:ReactNative: Object.error@512:1745
09-22 17:59:38.975  6943  7140 E unknown:ReactNative: Object.error@8067:3297
09-22 17:59:38.975  6943  7140 E unknown:ReactNative: Object.error@8067:4311
09-22 17:59:38.975  6943  7140 E unknown:ReactNative: s.<anonymous>@8052:68629
09-22 17:59:38.978  6943  7140 E unknown:ReactNative: console.error: {"context":"client"} closeTransport called before connection was established, js engine: v8, stack:
09-22 17:59:38.978  6943  7140 E unknown:ReactNative: p@50:240
09-22 17:59:38.978  6943  7140 E unknown:ReactNative: p@50:355
09-22 17:59:38.978  6943  7140 E unknown:ReactNative: new s@48:362
09-22 17:59:38.978  6943  7140 E unknown:ReactNative: f.<anonymous>@42:1043
09-22 17:59:38.978  6943  7140 E unknown:ReactNative: new f@42:1221
09-22 17:59:38.978  6943  7140 E unknown:ReactNative: b@42:2420
09-22 17:59:38.978  6943  7140 E unknown:ReactNative: Object.error@512:1745
09-22 17:59:38.978  6943  7140 E unknown:ReactNative: Object.error@8067:3297
09-22 17:59:38.978  6943  7140 E unknown:ReactNative: Object.error@8067:4311
09-22 17:59:38.978  6943  7140 E unknown:ReactNative: d.<anonymous>@8113:32589
09-22 17:59:38.979  6943  7139 E ReactNativeJS: { context: 'core' }, 'closeTransport called before connection was established'
09-22 17:59:38.981  6943  7140 E unknown:ReactNative: console.error: {"context":"core"} closeTransport called before connection was established, js engine: v8, stack:
09-22 17:59:38.981  6943  7140 E unknown:ReactNative: p@50:240
09-22 17:59:38.981  6943  7140 E unknown:ReactNative: p@50:355
09-22 17:59:38.981  6943  7140 E unknown:ReactNative: new s@48:362
09-22 17:59:38.981  6943  7140 E unknown:ReactNative: f.<anonymous>@42:1043
09-22 17:59:38.981  6943  7140 E unknown:ReactNative: new f@42:1221
09-22 17:59:38.981  6943  7140 E unknown:ReactNative: b@42:2420
09-22 17:59:38.981  6943  7140 E unknown:ReactNative: Object.error@512:1745
09-22 17:59:38.981  6943  7140 E unknown:ReactNative: Object.error@8067:3297
09-22 17:59:38.981  6943  7140 E unknown:ReactNative: Object.error@8067:4311
09-22 17:59:38.981  6943  7140 E unknown:ReactNative: l.<anonymous>@8106:12485
09-22 17:59:38.982  6943  7139 E ReactNativeJS: 'createWeb3WalletV2 ERROR:', [Error: closeTransport called before connection was established]
09-22 17:59:38.984  6943  7140 E unknown:ReactNative: console.error: createWeb3WalletV2 ERROR: Error: closeTransport called before connection was established, js engine: v8, stack:
09-22 17:59:38.984  6943  7140 E unknown:ReactNative: p@50:240
09-22 17:59:38.984  6943  7140 E unknown:ReactNative: p@50:355
09-22 17:59:38.984  6943  7140 E unknown:ReactNative: new s@48:362
09-22 17:59:38.984  6943  7140 E unknown:ReactNative: f.<anonymous>@42:1043
09-22 17:59:38.984  6943  7140 E unknown:ReactNative: new f@42:1221
09-22 17:59:38.984  6943  7140 E unknown:ReactNative: b@42:2420
09-22 17:59:38.984  6943  7140 E unknown:ReactNative: Object.error@512:1745
09-22 17:59:38.984  6943  7140 E unknown:ReactNative: s.<anonymous>@8050:1585
09-22 17:59:38.984  6943  7140 E unknown:ReactNative: Generator.throw@-1
09-22 17:59:38.984  6943  7140 E unknown:ReactNative: n@353:69
09-22 17:59:39.783  6943  7450 W .app.wallet.de: Accessing hidden method Lsun/misc/Unsafe;->getObject(Ljava/lang/Object;J)Ljava/lang/Object; (greylist, linking, allowed)
09-22 17:59:39.783  6943  7113 W .app.wallet.de: Accessing hidden method Lsun/misc/Unsafe;->getObject(Ljava/lang/Object;J)Ljava/lang/Object; (greylist, linking, allowed)
09-22 17:59:39.783  6943  7113 W .app.wallet.de: Accessing hidden method Lsun/misc/Unsafe;->getObject(Ljava/lang/Object;J)Ljava/lang/Object; (greylist, linking, allowed)
09-22 18:00:33.740  6943  7450 W .app.wallet.de: Accessing hidden method Lsun/misc/Unsafe;->getObject(Ljava/lang/Object;J)Ljava/lang/Object; (greylist, linking, allowed)
09-22 18:00:33.741  6943  7751 W .app.wallet.de: Accessing hidden method Lsun/misc/Unsafe;->getObject(Ljava/lang/Object;J)Ljava/lang/Object; (greylist, linking, allowed)
09-22 18:00:33.742  6943  7751 W .app.wallet.de: Accessing hidden method Lsun/misc/Unsafe;->getObject(Ljava/lang/Object;J)Ljava/lang/Object; (greylist, linking, allowed)
09-22 18:00:34.781  6943  7450 W .app.wallet.de: Accessing hidden method Lsun/misc/Unsafe;->getObject(Ljava/lang/Object;J)Ljava/lang/Object; (greylist, linking, allowed)
09-22 18:00:34.782  6943  7751 W .app.wallet.de: Accessing hidden method Lsun/misc/Unsafe;->getObject(Ljava/lang/Object;J)Ljava/lang/Object; (greylist, linking, allowed)
09-22 18:00:34.782  6943  7751 W .app.wallet.de: Accessing hidden method Lsun/misc/Unsafe;->getObject(Ljava/lang/Object;J)Ljava/lang/Object; (greylist, linking, allowed)
09-22 18:00:56.539  6943  7139 E ReactNativeJS: 'WalletConnect V2 Core ERROR: WebSocket ERROR > register_error  >>>>>> ', 'WebSocket connection failed for URL: wss://relay.walletconnect.com?auth=eyJhbGciOiJFZERTQSIsInR5cCI6'
09-22 18:00:56.548  6943  7139 E ReactNativeJS: 'WalletConnect V2 doReconnect close connection ERROR: ', [Error: Connection already closed]
09-22 18:00:56.548  6943  7140 E unknown:ReactNative: console.error: WalletConnect V2 Core ERROR: WebSocket ERROR > register_error  >>>>>>  WebSocket connection failed for URL: wss://relay.walletconnect.com?auth=eyJhbGciOiJFZERTQSIsInR5cCI6, js engine: v8, stack:
09-22 18:00:56.548  6943  7140 E unknown:ReactNative: p@50:240
09-22 18:00:56.548  6943  7140 E unknown:ReactNative: p@50:355
09-22 18:00:56.548  6943  7140 E unknown:ReactNative: new s@48:362
09-22 18:00:56.548  6943  7140 E unknown:ReactNative: f.<anonymous>@42:1043
09-22 18:00:56.548  6943  7140 E unknown:ReactNative: new f@42:1221
09-22 18:00:56.548  6943  7140 E unknown:ReactNative: b@42:2420
09-22 18:00:56.548  6943  7140 E unknown:ReactNative: Object.error@512:1745
09-22 18:00:56.548  6943  7140 E unknown:ReactNative: s.<anonymous>@8050:3300
09-22 18:00:56.548  6943  7140 E unknown:ReactNative: Object.p@627:1905
09-22 18:00:56.548  6943  7140 E unknown:ReactNative: s.emit@627:4041
09-22 18:00:56.556  6943  7140 E unknown:ReactNative: console.error: WalletConnect V2 doReconnect close connection ERROR:  Error: Connection already closed, js engine: v8, stack:
09-22 18:00:56.556  6943  7140 E unknown:ReactNative: p@50:240
09-22 18:00:56.556  6943  7140 E unknown:ReactNative: p@50:355
09-22 18:00:56.556  6943  7140 E unknown:ReactNative: new s@48:362
09-22 18:00:56.556  6943  7140 E unknown:ReactNative: f.<anonymous>@42:1043
09-22 18:00:56.556  6943  7140 E unknown:ReactNative: new f@42:1221
09-22 18:00:56.556  6943  7140 E unknown:ReactNative: b@42:2420
09-22 18:00:56.556  6943  7140 E unknown:ReactNative: Object.error@512:1745
09-22 18:00:56.556  6943  7140 E unknown:ReactNative: <unknown>@8050:2541
09-22 18:00:56.556  6943  7140 E unknown:ReactNative: Generator.throw@-1
09-22 18:00:56.556  6943  7140 E unknown:ReactNative: n@353:69
09-22 18:01:06.617  6943  7139 E ReactNativeJS: { context: 'core' }, { context: 'core/relayer' }, [Error: socket stalled]
09-22 18:01:06.618  6943  7139 E ReactNativeJS: 'WalletConnect V2 Core ERROR: relayer_transport_closed >>>>>> ', undefined
09-22 18:01:06.619  6943  7139 E ReactNativeJS: { context: 'core' }, 'closeTransport called before connection was established'
09-22 18:01:06.619  6943  7139 E ReactNativeJS: { context: 'client' }, 'closeTransport called before connection was established'
09-22 18:01:06.619  6943  7139 E ReactNativeJS: { context: 'core' }, 'closeTransport called before connection was established'
09-22 18:01:06.636  6943  7140 E unknown:ReactNative: console.error: {"context":"core"} {"context":"core/relayer"} Error: socket stalled, js engine: v8, stack:
09-22 18:01:06.636  6943  7140 E unknown:ReactNative: p@50:240
09-22 18:01:06.636  6943  7140 E unknown:ReactNative: p@50:355
09-22 18:01:06.636  6943  7140 E unknown:ReactNative: new s@48:362
09-22 18:01:06.636  6943  7140 E unknown:ReactNative: f.<anonymous>@42:1043
09-22 18:01:06.636  6943  7140 E unknown:ReactNative: new f@42:1221
09-22 18:01:06.636  6943  7140 E unknown:ReactNative: b@42:2420
09-22 18:01:06.636  6943  7140 E unknown:ReactNative: Object.error@512:1745
09-22 18:01:06.636  6943  7140 E unknown:ReactNative: Object.error@8067:3297
09-22 18:01:06.636  6943  7140 E unknown:ReactNative: Object.error@8067:4311
09-22 18:01:06.636  6943  7140 E unknown:ReactNative: Object.error@8067:4311
09-22 18:01:06.639  6943  7140 E unknown:ReactNative: console.error: WalletConnect V2 Core ERROR: relayer_transport_closed >>>>>>  undefined, js engine: v8, stack:
09-22 18:01:06.639  6943  7140 E unknown:ReactNative: p@50:240
09-22 18:01:06.639  6943  7140 E unknown:ReactNative: p@50:355
09-22 18:01:06.639  6943  7140 E unknown:ReactNative: new s@48:362
09-22 18:01:06.639  6943  7140 E unknown:ReactNative: f.<anonymous>@42:1043
09-22 18:01:06.639  6943  7140 E unknown:ReactNative: new f@42:1221
09-22 18:01:06.639  6943  7140 E unknown:ReactNative: b@42:2420
09-22 18:01:06.639  6943  7140 E unknown:ReactNative: Object.error@512:1745
09-22 18:01:06.639  6943  7140 E unknown:ReactNative: s.<anonymous>@8050:2248
09-22 18:01:06.639  6943  7140 E unknown:ReactNative: Object.p@627:1873
09-22 18:01:06.639  6943  7140 E unknown:ReactNative: s.emit@627:4098
09-22 18:01:06.641  6943  7140 E unknown:ReactNative: console.error: {"context":"core"} closeTransport called before connection was established, js engine: v8, stack:
09-22 18:01:06.641  6943  7140 E unknown:ReactNative: p@50:240
09-22 18:01:06.641  6943  7140 E unknown:ReactNative: p@50:355
09-22 18:01:06.641  6943  7140 E unknown:ReactNative: new s@48:362
