09-22 18:14:56.736  9917 10052 W .app.wallet.de: Accessing hidden method Lsun/misc/Unsafe;->getObject(Ljava/lang/Object;J)Ljava/lang/Object; (greylist, linking, allowed)
09-22 18:14:56.737  9917 10052 W .app.wallet.de: Accessing hidden method Lsun/misc/Unsafe;->getObject(Ljava/lang/Object;J)Ljava/lang/Object; (greylist, linking, allowed)
09-22 18:14:56.737  9917 10052 W .app.wallet.de: Accessing hidden method Lsun/misc/Unsafe;->getLong(Ljava/lang/Object;J)J (greylist,core-platform-api, linking, allowed)
09-22 18:14:56.737  9917 10052 W .app.wallet.de: Accessing hidden method Lsun/misc/Unsafe;->getObject(Ljava/lang/Object;J)Ljava/lang/Object; (greylist, linking, allowed)
09-22 18:14:56.737  9917 10052 W .app.wallet.de: Accessing hidden method Lsun/misc/Unsafe;->putInt(Ljava/lang/Object;JI)V (greylist, linking, allowed)
09-22 18:14:57.135  9917 10173 W .app.wallet.de: Accessing hidden method Lsun/misc/Unsafe;->getObject(Ljava/lang/Object;J)Ljava/lang/Object; (greylist, linking, allowed)
09-22 18:14:57.135  9917 10052 W .app.wallet.de: Accessing hidden method Lsun/misc/Unsafe;->getObject(Ljava/lang/Object;J)Ljava/lang/Object; (greylist, linking, allowed)
09-22 18:14:57.135  9917 10052 W .app.wallet.de: Accessing hidden method Lsun/misc/Unsafe;->putInt(Ljava/lang/Object;JI)V (greylist, linking, allowed)
09-22 18:14:57.135  9917 10052 W .app.wallet.de: Accessing hidden method Lsun/misc/Unsafe;->getObject(Ljava/lang/Object;J)Ljava/lang/Object; (greylist, linking, allowed)
09-22 18:14:57.136  9917 10052 W .app.wallet.de: Accessing hidden method Lsun/misc/Unsafe;->getObject(Ljava/lang/Object;J)Ljava/lang/Object; (greylist, linking, allowed)
09-22 18:14:57.136  9917 10052 W .app.wallet.de: Accessing hidden method Lsun/misc/Unsafe;->getLong(Ljava/lang/Object;J)J (greylist,core-platform-api, linking, allowed)
09-22 18:14:57.136  9917 10052 W .app.wallet.de: Accessing hidden method Lsun/misc/Unsafe;->getObject(Ljava/lang/Object;J)Ljava/lang/Object; (greylist, linking, allowed)
09-22 18:14:57.136  9917 10052 W .app.wallet.de: Accessing hidden method Lsun/misc/Unsafe;->putInt(Ljava/lang/Object;JI)V (greylist, linking, allowed)
09-22 18:14:57.605  9917  9917 I Detox   : UIManagerModule is busy
09-22 18:14:57.615  9917  9917 I Detox   : Network is busy, with 2 in-flight calls
09-22 18:14:58.118  9917  9917 I chatty  : uid=10149(so.onekey.app.wallet.dev) identical 30 lines
09-22 18:14:58.135  9917  9917 I Detox   : Network is busy, with 2 in-flight calls
09-22 18:14:58.148  9917  9917 I Detox   : Network is busy, with 2 in-flight calls
09-22 18:14:59.065  9917  9917 I chatty  : uid=10149(so.onekey.app.wallet.dev) identical 55 lines
09-22 18:14:59.081  9917  9917 I Detox   : Network is busy, with 2 in-flight calls
09-22 18:14:59.081  9917  9917 W UiControllerImpl: Waiting for: DYNAMIC_TASKS_HAVE_IDLED for 200 iterations.
09-22 18:14:59.097  9917  9917 I Detox   : Network is busy, with 2 in-flight calls
09-22 18:14:59.283  9917  9917 I chatty  : uid=10149(so.onekey.app.wallet.dev) identical 11 lines
09-22 18:14:59.302  9917  9917 I Detox   : Network is busy, with 2 in-flight calls
09-22 18:14:59.314  9917  9917 I Detox   : Network is busy, with 2 in-flight calls
09-22 18:14:59.347  9917  9917 I chatty  : uid=10149(so.onekey.app.wallet.dev) identical 2 lines
09-22 18:14:59.364  9917  9917 I Detox   : Network is busy, with 2 in-flight calls
09-22 18:14:59.370  9917 10071 D DetoxWSClient: Received action 'currentStatus' (ID #1, params={})
09-22 18:14:59.371  9917 10070 I DetoxDispatcher: Handling action 'currentStatus' (ID #1)...
09-22 18:14:59.372  9917  9917 I Detox   : Network is busy, with 2 in-flight calls
09-22 18:14:59.373  9917 10070 I DetoxWSClient: Sending out action 'currentStatusResult' (ID #1)
09-22 18:14:59.373  9917 10070 I DetoxDispatcher: Done with action 'currentStatus'
09-22 18:14:59.382  9917  9917 I Detox   : Network is busy, with 2 in-flight calls
09-22 18:14:59.466  9917  9917 I chatty  : uid=10149(so.onekey.app.wallet.dev) identical 10 lines
09-22 18:14:59.466  9917  9917 I Detox   : Network is busy, with 2 in-flight calls
09-22 18:14:59.480  9917  9917 I Detox   : Network is busy, with 2 in-flight calls
09-22 18:15:00.147  9917  9917 I chatty  : uid=10149(so.onekey.app.wallet.dev) identical 80 lines
09-22 18:15:00.147  9917  9917 I Detox   : Network is busy, with 2 in-flight calls
09-22 18:15:00.163  9917  9917 I Detox   : Network is busy, with 2 in-flight calls
09-22 18:15:00.663  9917  9917 I chatty  : uid=10149(so.onekey.app.wallet.dev) identical 60 lines
09-22 18:15:00.663  9917  9917 I Detox   : Network is busy, with 2 in-flight calls
09-22 18:15:00.663  9917  9917 W UiControllerImpl: Waiting for: DYNAMIC_TASKS_HAVE_IDLED for 400 iterations.
09-22 18:15:00.680  9917  9917 I Detox   : Network is busy, with 2 in-flight calls
09-22 18:15:00.898  9917  9917 I chatty  : uid=10149(so.onekey.app.wallet.dev) identical 26 lines
09-22 18:15:00.898  9917  9917 I Detox   : Network is busy, with 2 in-flight calls
09-22 18:15:00.907  9917 10196 W .app.wallet.de: Accessing hidden method Lsun/misc/Unsafe;->getObject(Ljava/lang/Object;J)Ljava/lang/Object; (greylist, linking, allowed)
09-22 18:15:00.909  9917 10052 W .app.wallet.de: Accessing hidden method Lsun/misc/Unsafe;->getObject(Ljava/lang/Object;J)Ljava/lang/Object; (greylist, linking, allowed)
09-22 18:15:00.909  9917 10052 W .app.wallet.de: Accessing hidden method Lsun/misc/Unsafe;->putInt(Ljava/lang/Object;JI)V (greylist, linking, allowed)
09-22 18:15:00.910  9917 10052 W .app.wallet.de: Accessing hidden method Lsun/misc/Unsafe;->getObject(Ljava/lang/Object;J)Ljava/lang/Object; (greylist, linking, allowed)
09-22 18:15:00.913  9917  9917 I Detox   : Network is busy, with 2 in-flight calls
09-22 18:15:00.930  9917  9917 I chatty  : uid=10149(so.onekey.app.wallet.dev) identical 2 lines
09-22 18:15:00.930  9917  9917 I Detox   : Network is busy, with 2 in-flight calls
09-22 18:15:00.939  9917  9967 W System  : Ignoring header If-None-Match because its value was null.
09-22 18:15:00.946  9917  9917 I Detox   : Network is busy, with 2 in-flight calls
09-22 18:15:00.947  9917  9917 I Detox   : Network is busy, with 2 in-flight calls
09-22 18:15:00.965  9917  9917 I Detox   : Network is busy, with 2 in-flight calls
09-22 18:15:01.416  9917  9917 I chatty  : uid=10149(so.onekey.app.wallet.dev) identical 54 lines
09-22 18:15:01.416  9917  9917 I Detox   : Network is busy, with 2 in-flight calls
09-22 18:15:01.417  9917  9917 W UiControllerImpl: Waiting for: DYNAMIC_TASKS_HAVE_IDLED for 500 iterations.
09-22 18:15:01.430  9917  9917 I Detox   : Network is busy, with 2 in-flight calls
09-22 18:15:02.163  9917  9917 I chatty  : uid=10149(so.onekey.app.wallet.dev) identical 88 lines
09-22 18:15:02.163  9917  9917 I Detox   : Network is busy, with 2 in-flight calls
09-22 18:15:02.180  9917  9917 I Detox   : Network is busy, with 2 in-flight calls
09-22 18:15:02.213  9917  9917 I chatty  : uid=10149(so.onekey.app.wallet.dev) identical 4 lines
09-22 18:15:02.213  9917  9917 I Detox   : Network is busy, with 2 in-flight calls
09-22 18:15:02.213  9917  9917 W UiControllerImpl: Waiting for: DYNAMIC_TASKS_HAVE_IDLED for 600 iterations.
09-22 18:15:02.230  9917  9917 I Detox   : Network is busy, with 2 in-flight calls
09-22 18:15:02.613  9917  9917 I chatty  : uid=10149(so.onekey.app.wallet.dev) identical 47 lines
09-22 18:15:02.617  9917  9917 I Detox   : Network is busy, with 2 in-flight calls
09-22 18:15:02.617  9917  9917 W IdlingPolicy: These resources are not idle: [com.wix.detox.reactnative.idlingresources.NetworkIdlingResource]
09-22 18:15:02.630  9917  9917 I Detox   : Network is busy, with 2 in-flight calls
09-22 18:15:02.665  9917  9917 I chatty  : uid=10149(so.onekey.app.wallet.dev) identical 7 lines
09-22 18:15:02.665  9917  9917 I Detox   : Network is busy, with 2 in-flight calls
09-22 18:15:02.669  9917 10080 E ReactNativeJS: { context: 'core' }, { context: 'core/relayer' }, [Error: socket stalled]
09-22 18:15:02.682  9917  9917 I Detox   : Network is busy, with 2 in-flight calls
09-22 18:15:02.683  9917  9917 I chatty  : uid=10149(so.onekey.app.wallet.dev) identical 1 line
09-22 18:15:02.683  9917  9917 I Detox   : Network is busy, with 2 in-flight calls
09-22 18:15:02.688  9917 10080 E ReactNativeJS: 'WalletConnect V2 Core ERROR: relayer_transport_closed >>>>>> ', undefined
09-22 18:15:02.690  9917 10080 E ReactNativeJS: { context: 'core' }, 'closeTransport called before connection was established'
09-22 18:15:02.691  9917 10080 E ReactNativeJS: { context: 'client' }, 'closeTransport called before connection was established'
09-22 18:15:02.691  9917 10080 E ReactNativeJS: { context: 'core' }, 'closeTransport called before connection was established'
09-22 18:15:02.691  9917 10080 E ReactNativeJS: 'createWeb3WalletV2 ERROR:', [Error: closeTransport called before connection was established]
09-22 18:15:02.691  9917 10081 E unknown:ReactNative: console.error: {"context":"core"} {"context":"core/relayer"} Error: socket stalled, js engine: v8, stack:
09-22 18:15:02.691  9917 10081 E unknown:ReactNative: p@50:240
09-22 18:15:02.691  9917 10081 E unknown:ReactNative: p@50:355
09-22 18:15:02.691  9917 10081 E unknown:ReactNative: new s@48:362
09-22 18:15:02.691  9917 10081 E unknown:ReactNative: f.<anonymous>@42:1043
09-22 18:15:02.691  9917 10081 E unknown:ReactNative: new f@42:1221
09-22 18:15:02.691  9917 10081 E unknown:ReactNative: b@42:2420
09-22 18:15:02.691  9917 10081 E unknown:ReactNative: Object.error@512:1745
09-22 18:15:02.691  9917 10081 E unknown:ReactNative: Object.error@8067:3297
09-22 18:15:02.691  9917 10081 E unknown:ReactNative: Object.error@8067:4311
09-22 18:15:02.691  9917 10081 E unknown:ReactNative: Object.error@8067:4311
09-22 18:15:02.695  9917 10081 E unknown:ReactNative: console.error: WalletConnect V2 Core ERROR: relayer_transport_closed >>>>>>  undefined, js engine: v8, stack:
09-22 18:15:02.695  9917 10081 E unknown:ReactNative: p@50:240
09-22 18:15:02.695  9917 10081 E unknown:ReactNative: p@50:355
09-22 18:15:02.695  9917 10081 E unknown:ReactNative: new s@48:362
09-22 18:15:02.695  9917 10081 E unknown:ReactNative: f.<anonymous>@42:1043
09-22 18:15:02.695  9917 10081 E unknown:ReactNative: new f@42:1221
09-22 18:15:02.695  9917 10081 E unknown:ReactNative: b@42:2420
09-22 18:15:02.695  9917 10081 E unknown:ReactNative: Object.error@512:1745
09-22 18:15:02.695  9917 10081 E unknown:ReactNative: s.<anonymous>@8050:2248
09-22 18:15:02.695  9917 10081 E unknown:ReactNative: Object.p@627:1873
09-22 18:15:02.695  9917 10081 E unknown:ReactNative: s.emit@627:4098
09-22 18:15:02.696  9917  9917 I Detox   : Network is busy, with 2 in-flight calls
09-22 18:15:02.696  9917  9917 I chatty  : uid=10149(so.onekey.app.wallet.dev) identical 1 line
09-22 18:15:02.696  9917  9917 I Detox   : Network is busy, with 2 in-flight calls
09-22 18:15:02.697  9917 10081 E unknown:ReactNative: console.error: {"context":"core"} closeTransport called before connection was established, js engine: v8, stack:
09-22 18:15:02.697  9917 10081 E unknown:ReactNative: p@50:240
09-22 18:15:02.697  9917 10081 E unknown:ReactNative: p@50:355
09-22 18:15:02.697  9917 10081 E unknown:ReactNative: new s@48:362
09-22 18:15:02.697  9917 10081 E unknown:ReactNative: f.<anonymous>@42:1043
09-22 18:15:02.697  9917 10081 E unknown:ReactNative: new f@42:1221
09-22 18:15:02.697  9917 10081 E unknown:ReactNative: b@42:2420
09-22 18:15:02.697  9917 10081 E unknown:ReactNative: Object.error@512:1745
09-22 18:15:02.697  9917 10081 E unknown:ReactNative: Object.error@8067:3297
09-22 18:15:02.697  9917 10081 E unknown:ReactNative: Object.error@8067:4311
09-22 18:15:02.697  9917 10081 E unknown:ReactNative: s.<anonymous>@8052:68629
09-22 18:15:02.698  9917 10081 E unknown:ReactNative: console.error: {"context":"client"} closeTransport called before connection was established, js engine: v8, stack:
09-22 18:15:02.698  9917 10081 E unknown:ReactNative: p@50:240
09-22 18:15:02.698  9917 10081 E unknown:ReactNative: p@50:355
09-22 18:15:02.698  9917 10081 E unknown:ReactNative: new s@48:362
09-22 18:15:02.698  9917 10081 E unknown:ReactNative: f.<anonymous>@42:1043
09-22 18:15:02.698  9917 10081 E unknown:ReactNative: new f@42:1221
09-22 18:15:02.698  9917 10081 E unknown:ReactNative: b@42:2420
09-22 18:15:02.698  9917 10081 E unknown:ReactNative: Object.error@512:1745
09-22 18:15:02.698  9917 10081 E unknown:ReactNative: Object.error@8067:3297
09-22 18:15:02.698  9917 10081 E unknown:ReactNative: Object.error@8067:4311
09-22 18:15:02.698  9917 10081 E unknown:ReactNative: d.<anonymous>@8113:32589
09-22 18:15:02.699  9917 10081 E unknown:ReactNative: console.error: {"context":"core"} closeTransport called before connection was established, js engine: v8, stack:
09-22 18:15:02.699  9917 10081 E unknown:ReactNative: p@50:240
09-22 18:15:02.699  9917 10081 E unknown:ReactNative: p@50:355
09-22 18:15:02.699  9917 10081 E unknown:ReactNative: new s@48:362
09-22 18:15:02.699  9917 10081 E unknown:ReactNative: f.<anonymous>@42:1043
09-22 18:15:02.699  9917 10081 E unknown:ReactNative: new f@42:1221
09-22 18:15:02.699  9917 10081 E unknown:ReactNative: b@42:2420
09-22 18:15:02.699  9917 10081 E unknown:ReactNative: Object.error@512:1745
09-22 18:15:02.699  9917 10081 E unknown:ReactNative: Object.error@8067:3297
09-22 18:15:02.699  9917 10081 E unknown:ReactNative: Object.error@8067:4311
09-22 18:15:02.699  9917 10081 E unknown:ReactNative: l.<anonymous>@8106:12485
09-22 18:15:02.700  9917 10081 E unknown:ReactNative: console.error: createWeb3WalletV2 ERROR: Error: closeTransport called before connection was established, js engine: v8, stack:
09-22 18:15:02.700  9917 10081 E unknown:ReactNative: p@50:240
09-22 18:15:02.700  9917 10081 E unknown:ReactNative: p@50:355
09-22 18:15:02.700  9917 10081 E unknown:ReactNative: new s@48:362
09-22 18:15:02.700  9917 10081 E unknown:ReactNative: f.<anonymous>@42:1043
09-22 18:15:02.700  9917 10081 E unknown:ReactNative: new f@42:1221
09-22 18:15:02.700  9917 10081 E unknown:ReactNative: b@42:2420
09-22 18:15:02.700  9917 10081 E unknown:ReactNative: Object.error@512:1745
09-22 18:15:02.700  9917 10081 E unknown:ReactNative: s.<anonymous>@8050:1585
09-22 18:15:02.700  9917 10081 E unknown:ReactNative: Generator.throw@-1
09-22 18:15:02.700  9917 10081 E unknown:ReactNative: n@353:69
09-22 18:15:02.713  9917  9917 I Detox   : Network is busy, with 2 in-flight calls
09-22 18:15:03.015  9917  9917 I chatty  : uid=10149(so.onekey.app.wallet.dev) identical 55 lines
09-22 18:15:03.015  9917  9917 I Detox   : Network is busy, with 2 in-flight calls
09-22 18:15:03.015  9917  9917 W UiControllerImpl: Waiting for: DYNAMIC_TASKS_HAVE_IDLED for 700 iterations.
09-22 18:15:03.030  9917  9917 I Detox   : Network is busy, with 2 in-flight calls
09-22 18:15:03.930  9917  9917 I chatty  : uid=10149(so.onekey.app.wallet.dev) identical 163 lines
09-22 18:15:03.931  9917  9917 I Detox   : Network is busy, with 2 in-flight calls
09-22 18:15:03.947  9917  9917 I Detox   : Network is busy, with 2 in-flight calls
09-22 18:15:03.947  9917  9917 I chatty  : uid=10149(so.onekey.app.wallet.dev) identical 1 line
09-22 18:15:03.947  9917  9917 I Detox   : Network is busy, with 2 in-flight calls
09-22 18:15:03.963  9917  9917 I Detox   : Network is busy, with 2 in-flight calls
09-22 18:15:03.963  9917  9917 I chatty  : uid=10149(so.onekey.app.wallet.dev) identical 1 line
09-22 18:15:03.963  9917  9917 I Detox   : Network is busy, with 2 in-flight calls
09-22 18:15:03.980  9917  9917 I Detox   : Network is busy, with 2 in-flight calls
09-22 18:15:04.164  9917  9917 I chatty  : uid=10149(so.onekey.app.wallet.dev) identical 34 lines
09-22 18:15:04.164  9917  9917 I Detox   : Network is busy, with 2 in-flight calls
09-22 18:15:04.180  9917  9917 I Detox   : Network is busy, with 2 in-flight calls
09-22 18:15:04.680  9917  9917 I chatty  : uid=10149(so.onekey.app.wallet.dev) identical 91 lines
09-22 18:15:04.680  9917  9917 I Detox   : Network is busy, with 2 in-flight calls
09-22 18:15:04.687  9917 10173 W .app.wallet.de: Accessing hidden method Lsun/misc/Unsafe;->getObject(Ljava/lang/Object;J)Ljava/lang/Object; (greylist, linking, allowed)
09-22 18:15:04.689  9917 10052 W .app.wallet.de: Accessing hidden method Lsun/misc/Unsafe;->getObject(Ljava/lang/Object;J)Ljava/lang/Object; (greylist, linking, allowed)
09-22 18:15:04.689  9917 10052 W .app.wallet.de: Accessing hidden method Lsun/misc/Unsafe;->getObject(Ljava/lang/Object;J)Ljava/lang/Object; (greylist, linking, allowed)
09-22 18:15:04.696  9917  9917 I Detox   : Network is busy, with 2 in-flight calls
09-22 18:15:04.765  9917  9917 I chatty  : uid=10149(so.onekey.app.wallet.dev) identical 13 lines
09-22 18:15:04.765  9917  9917 I Detox   : Network is busy, with 2 in-flight calls
09-22 18:15:04.774  9917 10196 W .app.wallet.de: Accessing hidden method Lsun/misc/Unsafe;->getObject(Ljava/lang/Object;J)Ljava/lang/Object; (greylist, linking, allowed)
09-22 18:15:04.775  9917 10052 W .app.wallet.de: Accessing hidden method Lsun/misc/Unsafe;->getObject(Ljava/lang/Object;J)Ljava/lang/Object; (greylist, linking, allowed)
09-22 18:15:04.775  9917 10052 W .app.wallet.de: Accessing hidden method Lsun/misc/Unsafe;->getObject(Ljava/lang/Object;J)Ljava/lang/Object; (greylist, linking, allowed)
09-22 18:15:04.781  9917  9917 I Detox   : Network is busy, with 2 in-flight calls
09-22 18:15:05.349  9917  9917 I chatty  : uid=10149(so.onekey.app.wallet.dev) identical 103 lines
09-22 18:15:05.349  9917  9917 I Detox   : Network is busy, with 2 in-flight calls
09-22 18:15:05.349  9917  9917 W UiControllerImpl: Waiting for: DYNAMIC_TASKS_HAVE_IDLED for 1000 iterations.
09-22 18:15:05.363  9917  9917 I Detox   : Network is busy, with 2 in-flight calls
09-22 18:15:05.948  9917  9917 I chatty  : uid=10149(so.onekey.app.wallet.dev) identical 106 lines
09-22 18:15:05.949  9917  9917 I Detox   : Network is busy, with 2 in-flight calls
09-22 18:15:05.965  9917  9917 I Detox   : Network is busy, with 2 in-flight calls
09-22 18:15:05.965  9917  9917 I chatty  : uid=10149(so.onekey.app.wallet.dev) identical 1 line
09-22 18:15:05.965  9917  9917 I Detox   : Network is busy, with 2 in-flight calls
09-22 18:15:05.979  9917  9917 I Detox   : Network is busy, with 2 in-flight calls
09-22 18:15:06.180  9917  9917 I chatty  : uid=10149(so.onekey.app.wallet.dev) identical 37 lines
09-22 18:15:06.180  9917  9917 I Detox   : Network is busy, with 2 in-flight calls
09-22 18:15:06.196  9917  9917 I Detox   : Network is busy, with 2 in-flight calls
09-22 18:15:06.631  9917  9917 I chatty  : uid=10149(so.onekey.app.wallet.dev) identical 79 lines
09-22 18:15:06.631  9917  9917 I Detox   : Network is busy, with 2 in-flight calls
09-22 18:15:06.648  9917  9917 I Detox   : Network is busy, with 2 in-flight calls
09-22 18:15:06.980  9917  9917 I chatty  : uid=10149(so.onekey.app.wallet.dev) identical 61 lines
09-22 18:15:06.980  9917  9917 I Detox   : Network is busy, with 2 in-flight calls
09-22 18:15:06.981  9917  9917 W UiControllerImpl: Waiting for: DYNAMIC_TASKS_HAVE_IDLED for 1200 iterations.
09-22 18:15:06.997  9917  9917 I Detox   : Network is busy, with 2 in-flight calls
09-22 18:15:07.616  9917  9917 I chatty  : uid=10149(so.onekey.app.wallet.dev) identical 113 lines
09-22 18:15:07.618  9917  9917 I Detox   : Network is busy, with 2 in-flight calls
09-22 18:15:07.619  9917  9917 W IdlingPolicy: These resources are not idle: [com.wix.detox.reactnative.idlingresources.NetworkIdlingResource]
09-22 18:15:07.631  9917  9917 I Detox   : Network is busy, with 2 in-flight calls
09-22 18:15:08.201  9917  9917 I chatty  : uid=10149(so.onekey.app.wallet.dev) identical 138 lines
09-22 18:15:08.201  9917  9917 I Detox   : Network is busy, with 2 in-flight calls
09-22 18:15:08.213  9917  9917 I Detox   : Network is busy, with 2 in-flight calls
09-22 18:15:08.956  9917  9917 I chatty  : uid=10149(so.onekey.app.wallet.dev) identical 178 lines
09-22 18:15:08.956  9917  9917 I Detox   : Network is busy, with 2 in-flight calls
09-22 18:15:08.963  9917  9917 I Detox   : Network is busy, with 2 in-flight calls
09-22 18:15:09.082  9917  9917 I chatty  : uid=10149(so.onekey.app.wallet.dev) identical 30 lines
09-22 18:15:09.082  9917  9917 I Detox   : Network is busy, with 2 in-flight calls
09-22 18:15:09.086  9917 10173 W .app.wallet.de: Accessing hidden method Lsun/misc/Unsafe;->getObject(Ljava/lang/Object;J)Ljava/lang/Object; (greylist, linking, allowed)
09-22 18:15:09.088  9917 10052 W .app.wallet.de: Accessing hidden method Lsun/misc/Unsafe;->getObject(Ljava/lang/Object;J)Ljava/lang/Object; (greylist, linking, allowed)
09-22 18:15:09.088  9917 10052 W .app.wallet.de: Accessing hidden method Lsun/misc/Unsafe;->getObject(Ljava/lang/Object;J)Ljava/lang/Object; (greylist, linking, allowed)
09-22 18:15:09.096  9917  9917 I Detox   : Network is busy, with 1 in-flight calls
09-22 18:15:09.231  9917  9917 I chatty  : uid=10149(so.onekey.app.wallet.dev) identical 34 lines
09-22 18:15:09.231  9917  9917 I Detox   : Network is busy, with 1 in-flight calls
09-22 18:15:09.247  9917  9917 I Detox   : Network is busy, with 1 in-flight calls
09-22 18:15:09.381  9917  9917 I chatty  : uid=10149(so.onekey.app.wallet.dev) identical 34 lines
09-22 18:15:09.381  9917  9917 I Detox   : Network is busy, with 1 in-flight calls
09-22 18:15:09.388  9917 10071 D DetoxWSClient: Received action 'currentStatus' (ID #2, params={})
09-22 18:15:09.388  9917 10070 I DetoxDispatcher: Handling action 'currentStatus' (ID #2)...
09-22 18:15:09.391  9917  9917 I Detox   : Network is busy, with 1 in-flight calls
09-22 18:15:09.393  9917 10070 I DetoxWSClient: Sending out action 'currentStatusResult' (ID #2)
09-22 18:15:09.394  9917 10070 I DetoxDispatcher: Done with action 'currentStatus'
09-22 18:15:09.396  9917  9917 I Detox   : Network is busy, with 1 in-flight calls
09-22 18:15:10.198  9917  9917 I chatty  : uid=10149(so.onekey.app.wallet.dev) identical 243 lines
09-22 18:15:10.198  9917  9917 I Detox   : Network is busy, with 1 in-flight calls
09-22 18:15:10.216  9917  9917 I Detox   : Network is busy, with 1 in-flight calls
09-22 18:15:10.216  9917  9917 I chatty  : uid=10149(so.onekey.app.wallet.dev) identical 3 lines
09-22 18:15:10.216  9917  9917 I Detox   : Network is busy, with 1 in-flight calls
09-22 18:15:10.230  9917  9917 I Detox   : Network is busy, with 1 in-flight calls
09-22 18:15:10.980  9917  9917 I chatty  : uid=10149(so.onekey.app.wallet.dev) identical 228 lines
09-22 18:15:10.980  9917  9917 I Detox   : Network is busy, with 1 in-flight calls
09-22 18:15:10.980  9917  9917 W UiControllerImpl: Waiting for: DYNAMIC_TASKS_HAVE_IDLED for 1700 iterations.
09-22 18:15:10.997  9917  9917 I Detox   : Network is busy, with 1 in-flight calls
09-22 18:15:11.813  9917  9917 I chatty  : uid=10149(so.onekey.app.wallet.dev) identical 248 lines
09-22 18:15:11.813  9917  9917 I Detox   : Network is busy, with 1 in-flight calls
09-22 18:15:11.813  9917  9917 W UiControllerImpl: Waiting for: DYNAMIC_TASKS_HAVE_IDLED for 1800 iterations.
09-22 18:15:11.831  9917  9917 I Detox   : Network is busy, with 1 in-flight calls
09-22 18:15:12.214  9917  9917 I chatty  : uid=10149(so.onekey.app.wallet.dev) identical 118 lines
09-22 18:15:12.214  9917  9917 I Detox   : Network is busy, with 1 in-flight calls
09-22 18:15:12.230  9917  9917 I Detox   : Network is busy, with 1 in-flight calls
09-22 18:15:12.347  9917  9917 I chatty  : uid=10149(so.onekey.app.wallet.dev) identical 38 lines
09-22 18:15:12.347  9917  9917 I Detox   : Network is busy, with 1 in-flight calls
09-22 18:15:12.363  9917  9917 I Detox   : Network is busy, with 1 in-flight calls
09-22 18:15:12.613  9917  9917 I chatty  : uid=10149(so.onekey.app.wallet.dev) identical 79 lines
09-22 18:15:12.620  9917  9917 I Detox   : Network is busy, with 1 in-flight calls
09-22 18:15:12.620  9917  9917 W IdlingPolicy: These resources are not idle: [com.wix.detox.reactnative.idlingresources.NetworkIdlingResource]
09-22 18:15:12.620  9917  9917 W UiControllerImpl: Waiting for: DYNAMIC_TASKS_HAVE_IDLED for 1900 iterations.
09-22 18:15:12.630  9917  9917 I Detox   : Network is busy, with 1 in-flight calls
09-22 18:15:13.447  9917  9917 I chatty  : uid=10149(so.onekey.app.wallet.dev) identical 298 lines
09-22 18:15:13.447  9917  9917 I Detox   : Network is busy, with 1 in-flight calls
09-22 18:15:13.447  9917  9917 W UiControllerImpl: Waiting for: DYNAMIC_TASKS_HAVE_IDLED for 2000 iterations.
09-22 18:15:13.464  9917  9917 I Detox   : Network is busy, with 1 in-flight calls
09-22 18:15:13.964  9917  9917 I chatty  : uid=10149(so.onekey.app.wallet.dev) identical 184 lines
09-22 18:15:13.964  9917  9917 I Detox   : Network is busy, with 1 in-flight calls
09-22 18:15:13.980  9917  9917 I Detox   : Network is busy, with 1 in-flight calls
09-22 18:15:13.996  9917  9917 I chatty  : uid=10149(so.onekey.app.wallet.dev) identical 10 lines
09-22 18:15:13.996  9917  9917 I Detox   : Network is busy, with 1 in-flight calls
09-22 18:15:14.013  9917  9917 I Detox   : Network is busy, with 1 in-flight calls
09-22 18:15:14.013  9917  9917 I chatty  : uid=10149(so.onekey.app.wallet.dev) identical 4 lines
09-22 18:15:14.013  9917  9917 I Detox   : Network is busy, with 1 in-flight calls
09-22 18:15:14.030  9917  9917 I Detox   : Network is busy, with 1 in-flight calls
09-22 18:15:14.214  9917  9917 I chatty  : uid=10149(so.onekey.app.wallet.dev) identical 70 lines
09-22 18:15:14.214  9917  9917 I Detox   : Network is busy, with 1 in-flight calls
09-22 18:15:14.235  9917  9917 I Detox   : Network is busy, with 1 in-flight calls
09-22 18:15:15.064  9917  9917 I chatty  : uid=10149(so.onekey.app.wallet.dev) identical 304 lines
09-22 18:15:15.064  9917  9917 I Detox   : Network is busy, with 1 in-flight calls
09-22 18:15:15.065  9917  9917 W UiControllerImpl: Waiting for: DYNAMIC_TASKS_HAVE_IDLED for 2200 iterations.
09-22 18:15:15.080  9917  9917 I Detox   : Network is busy, with 1 in-flight calls
09-22 18:15:15.230  9917  9917 I chatty  : uid=10149(so.onekey.app.wallet.dev) identical 58 lines
09-22 18:15:15.230  9917  9917 I Detox   : Network is busy, with 1 in-flight calls
09-22 18:15:15.247  9917  9917 I Detox   : Network is busy, with 1 in-flight calls
09-22 18:15:15.464  9917  9917 I chatty  : uid=10149(so.onekey.app.wallet.dev) identical 82 lines
09-22 18:15:15.464  9917  9917 I Detox   : Network is busy, with 1 in-flight calls
09-22 18:15:15.480  9917  9917 I Detox   : Network is busy, with 1 in-flight calls
09-22 18:15:16.231  9917  9917 I chatty  : uid=10149(so.onekey.app.wallet.dev) identical 274 lines
09-22 18:15:16.231  9917  9917 I Detox   : Network is busy, with 1 in-flight calls
09-22 18:15:16.259  9917  9917 I Detox   : Network is busy, with 1 in-flight calls
09-22 18:15:17.264  9917  9917 I chatty  : uid=10149(so.onekey.app.wallet.dev) identical 370 lines
09-22 18:15:17.264  9917  9917 I Detox   : Network is busy, with 1 in-flight calls
09-22 18:15:17.279  9917  9917 I Detox   : Network is busy, with 1 in-flight calls
09-22 18:15:17.280  9917  9917 I chatty  : uid=10149(so.onekey.app.wallet.dev) identical 4 lines
09-22 18:15:17.280  9917  9917 I Detox   : Network is busy, with 1 in-flight calls
09-22 18:15:17.296  9917  9917 I Detox   : Network is busy, with 1 in-flight calls
09-22 18:15:17.533  9917  9917 I chatty  : uid=10149(so.onekey.app.wallet.dev) identical 88 lines
09-22 18:15:17.533  9917  9917 I Detox   : Network is busy, with 1 in-flight calls
09-22 18:15:17.533  9917  9917 W UiControllerImpl: Waiting for: DYNAMIC_TASKS_HAVE_IDLED for 2500 iterations.
09-22 18:15:17.548  9917  9917 I Detox   : Network is busy, with 1 in-flight calls
09-22 18:15:17.615  9917  9917 I chatty  : uid=10149(so.onekey.app.wallet.dev) identical 29 lines
09-22 18:15:17.621  9917  9917 I Detox   : Network is busy, with 1 in-flight calls
09-22 18:15:17.621  9917  9917 W IdlingPolicy: These resources are not idle: [com.wix.detox.reactnative.idlingresources.NetworkIdlingResource]
09-22 18:15:17.631  9917  9917 I Detox   : Network is busy, with 1 in-flight calls
09-22 18:15:17.716  9917  9917 I chatty  : uid=10149(so.onekey.app.wallet.dev) identical 40 lines
09-22 18:15:17.716  9917  9917 I Detox   : Network is busy, with 1 in-flight calls
09-22 18:15:17.730  9917  9917 I Detox   : Network is busy, with 1 in-flight calls
09-22 18:15:18.231  9917  9917 I chatty  : uid=10149(so.onekey.app.wallet.dev) identical 215 lines
09-22 18:15:18.231  9917  9917 I Detox   : Network is busy, with 1 in-flight calls
09-22 18:15:18.249  9917  9917 I Detox   : Network is busy, with 1 in-flight calls
09-22 18:15:18.332  9917  9917 I chatty  : uid=10149(so.onekey.app.wallet.dev) identical 40 lines
09-22 18:15:18.332  9917  9917 I Detox   : Network is busy, with 1 in-flight calls
09-22 18:15:18.332  9917  9917 W UiControllerImpl: Waiting for: DYNAMIC_TASKS_HAVE_IDLED for 2600 iterations.
09-22 18:15:18.347  9917  9917 I Detox   : Network is busy, with 1 in-flight calls
09-22 18:15:19.169  9917  9917 I chatty  : uid=10149(so.onekey.app.wallet.dev) identical 348 lines
09-22 18:15:19.169  9917  9917 I Detox   : Network is busy, with 1 in-flight calls
09-22 18:15:19.169  9917  9917 W UiControllerImpl: Waiting for: DYNAMIC_TASKS_HAVE_IDLED for 2700 iterations.
09-22 18:15:19.180  9917  9917 I Detox   : Network is busy, with 1 in-flight calls
09-22 18:15:19.397  9917  9917 I chatty  : uid=10149(so.onekey.app.wallet.dev) identical 96 lines
09-22 18:15:19.397  9917  9917 I Detox   : Network is busy, with 1 in-flight calls
09-22 18:15:19.406  9917 10071 D DetoxWSClient: Received action 'currentStatus' (ID #3, params={})
09-22 18:15:19.406  9917 10070 I DetoxDispatcher: Handling action 'currentStatus' (ID #3)...
09-22 18:15:19.409  9917  9917 I Detox   : Network is busy, with 1 in-flight calls
09-22 18:15:19.410  9917 10070 I DetoxWSClient: Sending out action 'currentStatusResult' (ID #3)
09-22 18:15:19.411  9917 10070 I DetoxDispatcher: Done with action 'currentStatus'
09-22 18:15:19.413  9917  9917 I Detox   : Network is busy, with 1 in-flight calls
09-22 18:15:19.934  9917  9917 I chatty  : uid=10149(so.onekey.app.wallet.dev) identical 254 lines
09-22 18:15:19.934  9917  9917 I Detox   : Network is busy, with 1 in-flight calls
09-22 18:15:19.934  9917  9917 W UiControllerImpl: Waiting for: DYNAMIC_TASKS_HAVE_IDLED for 2800 iterations.
09-22 18:15:19.947  9917  9917 I Detox   : Network is busy, with 1 in-flight calls
09-22 18:15:20.248  9917  9917 I chatty  : uid=10149(so.onekey.app.wallet.dev) identical 150 lines
09-22 18:15:20.248  9917  9917 I Detox   : Network is busy, with 1 in-flight calls
09-22 18:15:20.265  9917  9917 I Detox   : Network is busy, with 1 in-flight calls
09-22 18:15:20.747  9917  9917 I chatty  : uid=10149(so.onekey.app.wallet.dev) identical 238 lines
09-22 18:15:20.747  9917  9917 I Detox   : Network is busy, with 1 in-flight calls
09-22 18:15:20.748  9917  9917 W UiControllerImpl: Waiting for: DYNAMIC_TASKS_HAVE_IDLED for 2900 iterations.
09-22 18:15:20.765  9917  9917 I Detox   : Network is busy, with 1 in-flight calls
09-22 18:15:21.280  9917  9917 I chatty  : uid=10149(so.onekey.app.wallet.dev) identical 254 lines
09-22 18:15:21.280  9917  9917 I Detox   : Network is busy, with 1 in-flight calls
09-22 18:15:21.296  9917  9917 I Detox   : Network is busy, with 1 in-flight calls
09-22 18:15:21.297  9917  9917 I chatty  : uid=10149(so.onekey.app.wallet.dev) identical 6 lines
09-22 18:15:21.297  9917  9917 I Detox   : Network is busy, with 1 in-flight calls
09-22 18:15:21.313  9917  9917 I Detox   : Network is busy, with 1 in-flight calls
09-22 18:15:21.313  9917  9917 I chatty  : uid=10149(so.onekey.app.wallet.dev) identical 6 lines
09-22 18:15:21.313  9917  9917 I Detox   : Network is busy, with 1 in-flight calls
09-22 18:15:21.330  9917  9917 I Detox   : Network is busy, with 1 in-flight calls
09-22 18:15:22.248  9917  9917 I chatty  : uid=10149(so.onekey.app.wallet.dev) identical 446 lines
09-22 18:15:22.248  9917  9917 I Detox   : Network is busy, with 1 in-flight calls
09-22 18:15:22.263  9917  9917 I Detox   : Network is busy, with 1 in-flight calls
09-22 18:15:22.381  9917  9917 I chatty  : uid=10149(so.onekey.app.wallet.dev) identical 62 lines
09-22 18:15:22.381  9917  9917 I Detox   : Network is busy, with 1 in-flight calls
09-22 18:15:22.381  9917  9917 W UiControllerImpl: Waiting for: DYNAMIC_TASKS_HAVE_IDLED for 3100 iterations.
09-22 18:15:22.397  9917  9917 I Detox   : Network is busy, with 1 in-flight calls
09-22 18:15:22.613  9917  9917 I chatty  : uid=10149(so.onekey.app.wallet.dev) identical 111 lines
09-22 18:15:22.624  9917  9917 I Detox   : Network is busy, with 1 in-flight calls
09-22 18:15:22.624  9917  9917 W IdlingPolicy: These resources are not idle: [com.wix.detox.reactnative.idlingresources.NetworkIdlingResource]
09-22 18:15:22.631  9917  9917 I Detox   : Network is busy, with 1 in-flight calls
09-22 18:15:23.197  9917  9917 I chatty  : uid=10149(so.onekey.app.wallet.dev) identical 313 lines
09-22 18:15:23.197  9917  9917 I Detox   : Network is busy, with 1 in-flight calls
09-22 18:15:23.198  9917  9917 W UiControllerImpl: Waiting for: DYNAMIC_TASKS_HAVE_IDLED for 3200 iterations.
09-22 18:15:23.215  9917  9917 I Detox   : Network is busy, with 1 in-flight calls
09-22 18:15:24.248  9917  9917 I chatty  : uid=10149(so.onekey.app.wallet.dev) identical 565 lines
09-22 18:15:24.248  9917  9917 I Detox   : Network is busy, with 1 in-flight calls
09-22 18:15:24.264  9917  9917 I Detox   : Network is busy, with 1 in-flight calls
09-22 18:15:24.280  9917  9917 I chatty  : uid=10149(so.onekey.app.wallet.dev) identical 16 lines
09-22 18:15:24.280  9917  9917 I Detox   : Network is busy, with 1 in-flight calls
09-22 18:15:24.296  9917  9917 I Detox   : Network is busy, with 1 in-flight calls
09-22 18:15:24.382  9917  9917 I chatty  : uid=10149(so.onekey.app.wallet.dev) identical 52 lines
09-22 18:15:24.382  9917  9917 I Detox   : Network is busy, with 1 in-flight calls
09-22 18:15:24.398  9917  9917 I Detox   : Network is busy, with 1 in-flight calls
09-22 18:15:24.548  9917  9917 I chatty  : uid=10149(so.onekey.app.wallet.dev) identical 88 lines
09-22 18:15:24.548  9917  9917 I Detox   : Network is busy, with 1 in-flight calls
09-22 18:15:24.564  9917  9917 I Detox   : Network is busy, with 1 in-flight calls
09-22 18:15:25.646  9917  9917 I chatty  : uid=10149(so.onekey.app.wallet.dev) identical 592 lines
09-22 18:15:25.646  9917  9917 I Detox   : Network is busy, with 1 in-flight calls
09-22 18:15:25.646  9917  9917 W UiControllerImpl: Waiting for: DYNAMIC_TASKS_HAVE_IDLED for 3500 iterations.
09-22 18:15:25.663  9917  9917 I Detox   : Network is busy, with 1 in-flight calls
09-22 18:15:26.264  9917  9917 I chatty  : uid=10149(so.onekey.app.wallet.dev) identical 331 lines
09-22 18:15:26.264  9917  9917 I Detox   : Network is busy, with 1 in-flight calls
09-22 18:15:26.280  9917  9917 I Detox   : Network is busy, with 1 in-flight calls
09-22 18:15:26.365  9917  9917 I chatty  : uid=10149(so.onekey.app.wallet.dev) identical 52 lines
09-22 18:15:26.365  9917  9917 I Detox   : Network is busy, with 1 in-flight calls
09-22 18:15:26.365  9917  9917 W UiControllerImpl: Waiting for: DYNAMIC_TASKS_HAVE_IDLED for 3600 iterations.
09-22 18:15:26.380  9917  9917 I Detox   : Network is busy, with 1 in-flight calls
09-22 18:15:27.614  9917  9917 I chatty  : uid=10149(so.onekey.app.wallet.dev) identical 674 lines
09-22 18:15:27.627  9917  9917 I Detox   : Network is busy, with 1 in-flight calls
09-22 18:15:27.628  9917  9917 W IdlingPolicy: These resources are not idle: [com.wix.detox.reactnative.idlingresources.NetworkIdlingResource]
09-22 18:15:27.630  9917  9917 I Detox   : Network is busy, with 1 in-flight calls
09-22 18:15:28.013  9917  9917 I chatty  : uid=10149(so.onekey.app.wallet.dev) identical 238 lines
09-22 18:15:28.013  9917  9917 I Detox   : Network is busy, with 1 in-flight calls
09-22 18:15:28.013  9917  9917 W UiControllerImpl: Waiting for: DYNAMIC_TASKS_HAVE_IDLED for 3800 iterations.
09-22 18:15:28.030  9917  9917 I Detox   : Network is busy, with 1 in-flight calls
09-22 18:15:28.264  9917  9917 I chatty  : uid=10149(so.onekey.app.wallet.dev) identical 148 lines
09-22 18:15:28.264  9917  9917 I Detox   : Network is busy, with 1 in-flight calls
09-22 18:15:28.280  9917  9917 I Detox   : Network is busy, with 1 in-flight calls
09-22 18:15:28.830  9917  9917 I chatty  : uid=10149(so.onekey.app.wallet.dev) identical 338 lines
09-22 18:15:28.830  9917  9917 I Detox   : Network is busy, with 1 in-flight calls
09-22 18:15:28.830  9917  9917 W UiControllerImpl: Waiting for: DYNAMIC_TASKS_HAVE_IDLED for 3900 iterations.
09-22 18:15:28.847  9917  9917 I Detox   : Network is busy, with 1 in-flight calls
09-22 18:15:29.416  9917  9917 I chatty  : uid=10149(so.onekey.app.wallet.dev) identical 348 lines
09-22 18:15:29.416  9917  9917 I Detox   : Network is busy, with 1 in-flight calls
09-22 18:15:29.421  9917 10071 D DetoxWSClient: Received action 'currentStatus' (ID #4, params={})
09-22 18:15:29.421  9917 10070 I DetoxDispatcher: Handling action 'currentStatus' (ID #4)...
09-22 18:15:29.423  9917  9917 I Detox   : Network is busy, with 1 in-flight calls
09-22 18:15:29.424  9917 10070 I DetoxWSClient: Sending out action 'currentStatusResult' (ID #4)
09-22 18:15:29.424  9917 10070 I DetoxDispatcher: Done with action 'currentStatus'
09-22 18:15:29.430  9917  9917 I Detox   : Network is busy, with 1 in-flight calls
09-22 18:15:29.600  9917  9917 I chatty  : uid=10149(so.onekey.app.wallet.dev) identical 119 lines
09-22 18:15:29.600  9917  9917 I Detox   : Network is busy, with 1 in-flight calls
09-22 18:15:29.600  9917  9917 W UiControllerImpl: Waiting for: DYNAMIC_TASKS_HAVE_IDLED for 4000 iterations.
09-22 18:15:29.613  9917  9917 I Detox   : Network is busy, with 1 in-flight calls
09-22 18:15:30.280  9917  9917 I chatty  : uid=10149(so.onekey.app.wallet.dev) identical 449 lines
09-22 18:15:30.280  9917  9917 I Detox   : Network is busy, with 1 in-flight calls
09-22 18:15:30.296  9917  9917 I Detox   : Network is busy, with 1 in-flight calls
09-22 18:15:31.214  9917  9917 I chatty  : uid=10149(so.onekey.app.wallet.dev) identical 614 lines
09-22 18:15:31.214  9917  9917 I Detox   : Network is busy, with 1 in-flight calls
09-22 18:15:31.215  9917  9917 W UiControllerImpl: Waiting for: DYNAMIC_TASKS_HAVE_IDLED for 4200 iterations.
09-22 18:15:31.229  9917  9917 I Detox   : Network is busy, with 1 in-flight calls
09-22 18:15:31.314  9917  9917 I chatty  : uid=10149(so.onekey.app.wallet.dev) identical 64 lines
09-22 18:15:31.314  9917  9917 I Detox   : Network is busy, with 1 in-flight calls
09-22 18:15:31.330  9917  9917 I Detox   : Network is busy, with 1 in-flight calls
09-22 18:15:32.281  9917  9917 I chatty  : uid=10149(so.onekey.app.wallet.dev) identical 636 lines
09-22 18:15:32.281  9917  9917 I Detox   : Network is busy, with 1 in-flight calls
09-22 18:15:32.296  9917  9917 I Detox   : Network is busy, with 1 in-flight calls
09-22 18:15:32.565  9917  9917 I chatty  : uid=10149(so.onekey.app.wallet.dev) identical 174 lines
09-22 18:15:32.565  9917  9917 I Detox   : Network is busy, with 1 in-flight calls
09-22 18:15:32.579  9917  9917 I Detox   : Network is busy, with 1 in-flight calls
09-22 18:15:32.615  9917  9917 I chatty  : uid=10149(so.onekey.app.wallet.dev) identical 32 lines
09-22 18:15:32.629  9917  9917 I Detox   : Network is busy, with 1 in-flight calls
09-22 18:15:32.629  9917  9917 W IdlingPolicy: These resources are not idle: [com.wix.detox.reactnative.idlingresources.NetworkIdlingResource]
09-22 18:15:32.629  9917  9917 I Detox   : Network is busy, with 1 in-flight calls
09-22 18:15:32.867  9917  9917 I chatty  : uid=10149(so.onekey.app.wallet.dev) identical 178 lines
09-22 18:15:32.867  9917  9917 I Detox   : Network is busy, with 1 in-flight calls
09-22 18:15:32.867  9917  9917 W UiControllerImpl: Waiting for: DYNAMIC_TASKS_HAVE_IDLED for 4400 iterations.
09-22 18:15:32.880  9917  9917 I Detox   : Network is busy, with 1 in-flight calls
09-22 18:15:34.280  9917  9917 I chatty  : uid=10149(so.onekey.app.wallet.dev) identical 1018 lines
09-22 18:15:34.280  9917  9917 I Detox   : Network is busy, with 1 in-flight calls
09-22 18:15:34.299  9917  9917 I Detox   : Network is busy, with 1 in-flight calls
09-22 18:15:34.482  9917  9917 I chatty  : uid=10149(so.onekey.app.wallet.dev) identical 142 lines
09-22 18:15:34.482  9917  9917 I Detox   : Network is busy, with 1 in-flight calls
09-22 18:15:34.482  9917  9917 W UiControllerImpl: Waiting for: DYNAMIC_TASKS_HAVE_IDLED for 4600 iterations.
09-22 18:15:34.497  9917  9917 I Detox   : Network is busy, with 1 in-flight calls
09-22 18:15:36.266  9917  9917 I chatty  : uid=10149(so.onekey.app.wallet.dev) identical 1282 lines
09-22 18:15:36.266  9917  9917 I Detox   : Network is busy, with 1 in-flight calls
09-22 18:15:36.266  9917  9917 W UiControllerImpl: Waiting for: DYNAMIC_TASKS_HAVE_IDLED for 4800 iterations.
09-22 18:15:36.279  9917  9917 I Detox   : Network is busy, with 1 in-flight calls
09-22 18:15:36.297  9917  9917 I chatty  : uid=10149(so.onekey.app.wallet.dev) identical 22 lines
09-22 18:15:36.297  9917  9917 I Detox   : Network is busy, with 1 in-flight calls
09-22 18:15:36.313  9917  9917 I Detox   : Network is busy, with 1 in-flight calls
09-22 18:15:37.080  9917  9917 I chatty  : uid=10149(so.onekey.app.wallet.dev) identical 562 lines
09-22 18:15:37.080  9917  9917 I Detox   : Network is busy, with 1 in-flight calls
09-22 18:15:37.080  9917  9917 W UiControllerImpl: Waiting for: DYNAMIC_TASKS_HAVE_IDLED for 4900 iterations.
09-22 18:15:37.096  9917  9917 I Detox   : Network is busy, with 1 in-flight calls
09-22 18:15:37.615  9917  9917 I chatty  : uid=10149(so.onekey.app.wallet.dev) identical 383 lines
09-22 18:15:37.632  9917  9917 I Detox   : Network is busy, with 1 in-flight calls
09-22 18:15:37.633  9917  9917 W IdlingPolicy: These resources are not idle: [com.wix.detox.reactnative.idlingresources.NetworkIdlingResource]
09-22 18:15:37.633  9917  9917 I Detox   : Network is busy, with 1 in-flight calls
09-22 18:15:38.297  9917  9917 I chatty  : uid=10149(so.onekey.app.wallet.dev) identical 531 lines
09-22 18:15:38.297  9917  9917 I Detox   : Network is busy, with 1 in-flight calls
09-22 18:15:38.313  9917  9917 I Detox   : Network is busy, with 1 in-flight calls
09-22 18:15:38.732  9917  9917 I chatty  : uid=10149(so.onekey.app.wallet.dev) identical 336 lines
09-22 18:15:38.732  9917  9917 I Detox   : Network is busy, with 1 in-flight calls
09-22 18:15:38.732  9917  9917 W UiControllerImpl: Waiting for: DYNAMIC_TASKS_HAVE_IDLED for 5100 iterations.
09-22 18:15:38.747  9917  9917 I Detox   : Network is busy, with 1 in-flight calls
09-22 18:15:39.430  9917  9917 I chatty  : uid=10149(so.onekey.app.wallet.dev) identical 544 lines
09-22 18:15:39.430  9917  9917 I Detox   : Network is busy, with 1 in-flight calls
09-22 18:15:39.436  9917 10071 D DetoxWSClient: Received action 'currentStatus' (ID #5, params={})
09-22 18:15:39.436  9917 10070 I DetoxDispatcher: Handling action 'currentStatus' (ID #5)...
09-22 18:15:39.438  9917  9917 I Detox   : Network is busy, with 1 in-flight calls
09-22 18:15:39.440  9917 10070 I DetoxWSClient: Sending out action 'currentStatusResult' (ID #5)
09-22 18:15:39.440  9917 10070 I DetoxDispatcher: Done with action 'currentStatus'
09-22 18:15:39.447  9917  9917 I Detox   : Network is busy, with 1 in-flight calls
09-22 18:15:40.315  9917  9917 I chatty  : uid=10149(so.onekey.app.wallet.dev) identical 740 lines
09-22 18:15:40.315  9917  9917 I Detox   : Network is busy, with 1 in-flight calls
09-22 18:15:40.316  9917  9917 W UiControllerImpl: Waiting for: DYNAMIC_TASKS_HAVE_IDLED for 5300 iterations.
09-22 18:15:40.330  9917  9917 I Detox   : Network is busy, with 1 in-flight calls
09-22 18:15:40.581  9917  9917 I chatty  : uid=10149(so.onekey.app.wallet.dev) identical 222 lines
09-22 18:15:40.581  9917  9917 I Detox   : Network is busy, with 1 in-flight calls
09-22 18:15:40.597  9917  9917 I Detox   : Network is busy, with 1 in-flight calls
09-22 18:15:40.597  9917  9917 I chatty  : uid=10149(so.onekey.app.wallet.dev) identical 12 lines
09-22 18:15:40.597  9917  9917 I Detox   : Network is busy, with 1 in-flight calls
09-22 18:15:40.613  9917  9917 I Detox   : Network is busy, with 1 in-flight calls
09-22 18:15:41.130  9917  9917 I chatty  : uid=10149(so.onekey.app.wallet.dev) identical 446 lines
09-22 18:15:41.130  9917  9917 I Detox   : Network is busy, with 1 in-flight calls
09-22 18:15:41.131  9917  9917 W UiControllerImpl: Waiting for: DYNAMIC_TASKS_HAVE_IDLED for 5400 iterations.
09-22 18:15:41.147  9917  9917 I Detox   : Network is busy, with 1 in-flight calls
09-22 18:15:41.964  9917  9917 I chatty  : uid=10149(so.onekey.app.wallet.dev) identical 698 lines
09-22 18:15:41.964  9917  9917 I Detox   : Network is busy, with 1 in-flight calls
09-22 18:15:41.964  9917  9917 W UiControllerImpl: Waiting for: DYNAMIC_TASKS_HAVE_IDLED for 5500 iterations.
09-22 18:15:41.980  9917  9917 I Detox   : Network is busy, with 1 in-flight calls
09-22 18:15:42.315  9917  9917 I chatty  : uid=10149(so.onekey.app.wallet.dev) identical 292 lines
09-22 18:15:42.315  9917  9917 I Detox   : Network is busy, with 1 in-flight calls
09-22 18:15:42.329  9917  9917 I Detox   : Network is busy, with 1 in-flight calls
09-22 18:15:42.633  9917  9917 I chatty  : uid=10149(so.onekey.app.wallet.dev) identical 265 lines
09-22 18:15:42.633  9917  9917 I Detox   : Network is busy, with 1 in-flight calls
09-22 18:15:42.633  9917  9917 W IdlingPolicy: These resources are not idle: [com.wix.detox.reactnative.idlingresources.NetworkIdlingResource]
09-22 18:15:42.646  9917  9917 I Detox   : Network is busy, with 1 in-flight calls
09-22 18:15:42.765  9917  9917 I chatty  : uid=10149(so.onekey.app.wallet.dev) identical 118 lines
09-22 18:15:42.765  9917  9917 I Detox   : Network is busy, with 1 in-flight calls
09-22 18:15:42.765  9917  9917 W UiControllerImpl: Waiting for: DYNAMIC_TASKS_HAVE_IDLED for 5600 iterations.
09-22 18:15:42.780  9917  9917 I Detox   : Network is busy, with 1 in-flight calls
09-22 18:15:44.332  9917  9917 I chatty  : uid=10149(so.onekey.app.wallet.dev) identical 1408 lines
09-22 18:15:44.332  9917  9917 I Detox   : Network is busy, with 1 in-flight calls
09-22 18:15:44.347  9917  9917 I Detox   : Network is busy, with 1 in-flight calls
09-22 18:15:44.381  9917  9917 I chatty  : uid=10149(so.onekey.app.wallet.dev) identical 43 lines
09-22 18:15:44.381  9917  9917 I Detox   : Network is busy, with 1 in-flight calls
09-22 18:15:44.381  9917  9917 W UiControllerImpl: Waiting for: DYNAMIC_TASKS_HAVE_IDLED for 5800 iterations.
09-22 18:15:44.396  9917  9917 I Detox   : Network is busy, with 1 in-flight calls
09-22 18:15:46.330  9917  9917 I chatty  : uid=10149(so.onekey.app.wallet.dev) identical 1753 lines
09-22 18:15:46.330  9917  9917 I Detox   : Network is busy, with 1 in-flight calls
09-22 18:15:46.347  9917  9917 I Detox   : Network is busy, with 1 in-flight calls
09-22 18:15:46.846  9917  9917 I chatty  : uid=10149(so.onekey.app.wallet.dev) identical 463 lines
09-22 18:15:46.846  9917  9917 I Detox   : Network is busy, with 1 in-flight calls
09-22 18:15:46.846  9917  9917 W UiControllerImpl: Waiting for: DYNAMIC_TASKS_HAVE_IDLED for 6100 iterations.
09-22 18:15:46.864  9917  9917 I Detox   : Network is busy, with 1 in-flight calls
09-22 18:15:47.634  9917  9917 I chatty  : uid=10149(so.onekey.app.wallet.dev) identical 704 lines
09-22 18:15:47.634  9917  9917 I Detox   : Network is busy, with 1 in-flight calls
09-22 18:15:47.634  9917  9917 W IdlingPolicy: These resources are not idle: [com.wix.detox.reactnative.idlingresources.NetworkIdlingResource]
09-22 18:15:47.648  9917  9917 I Detox   : Network is busy, with 1 in-flight calls
09-22 18:15:47.665  9917  9917 I chatty  : uid=10149(so.onekey.app.wallet.dev) identical 30 lines
09-22 18:15:47.665  9917  9917 I Detox   : Network is busy, with 1 in-flight calls
09-22 18:15:47.665  9917  9917 W UiControllerImpl: Waiting for: DYNAMIC_TASKS_HAVE_IDLED for 6200 iterations.
09-22 18:15:47.680  9917  9917 I Detox   : Network is busy, with 1 in-flight calls
09-22 18:15:48.347  9917  9917 I chatty  : uid=10149(so.onekey.app.wallet.dev) identical 654 lines
09-22 18:15:48.347  9917  9917 I Detox   : Network is busy, with 1 in-flight calls
09-22 18:15:48.364  9917  9917 I Detox   : Network is busy, with 1 in-flight calls
09-22 18:15:49.280  9917  9917 I chatty  : uid=10149(so.onekey.app.wallet.dev) identical 894 lines
09-22 18:15:49.280  9917  9917 I Detox   : Network is busy, with 1 in-flight calls
09-22 18:15:49.284  9917  9917 W UiControllerImpl: Waiting for: DYNAMIC_TASKS_HAVE_IDLED for 6400 iterations.
09-22 18:15:49.297  9917  9917 I Detox   : Network is busy, with 1 in-flight calls
09-22 18:15:49.449  9917  9917 I chatty  : uid=10149(so.onekey.app.wallet.dev) identical 158 lines
09-22 18:15:49.449  9917  9917 I Detox   : Network is busy, with 1 in-flight calls
09-22 18:15:49.453  9917 10071 D DetoxWSClient: Received action 'currentStatus' (ID #6, params={})
09-22 18:15:49.454  9917 10070 I DetoxDispatcher: Handling action 'currentStatus' (ID #6)...
09-22 18:15:49.455  9917  9917 I Detox   : Network is busy, with 1 in-flight calls
09-22 18:15:49.455  9917 10070 I DetoxWSClient: Sending out action 'currentStatusResult' (ID #6)
09-22 18:15:49.456  9917 10070 I DetoxDispatcher: Done with action 'currentStatus'
09-22 18:15:49.464  9917  9917 I Detox   : Network is busy, with 1 in-flight calls
09-22 18:15:50.080  9917  9917 I chatty  : uid=10149(so.onekey.app.wallet.dev) identical 644 lines
09-22 18:15:50.080  9917  9917 I Detox   : Network is busy, with 1 in-flight calls
