--------- beginning of main
09-22 18:14:46.231  9917  9917 I .app.wallet.de: Late-enabling -Xcheck:jni
09-22 18:14:46.239  9917  9917 E .app.wallet.de: Unknown bits set in runtime_flags: 0x8000
--------- beginning of system
09-22 18:14:46.272  9917  9917 W ActivityThread: Package uses different ABI(s) than its instrumentation: package[so.onekey.app.wallet.dev]: arm64-v8a, null instrumentation[so.onekey.app.wallet.dev.test]: null, null
09-22 18:14:46.276  9917  9917 I .app.wallet.de: The ClassLoaderContext is a special shared library.
09-22 18:14:47.008  9917  9917 I chatty  : uid=10149(so.onekey.app.wallet.dev) identical 2 lines
09-22 18:14:47.008  9917  9917 I .app.wallet.de: The ClassLoaderContext is a special shared library.
09-22 18:14:47.711  9917  9917 W .app.wallet.de: Accessing hidden method Landroid/app/Instrumentation;->execStartActivity(Landroid/content/Context;Landroid/os/IBinder;Landroid/os/IBinder;Landroid/app/Activity;Landroid/content/Intent;ILandroid/os/Bundle;)Landroid/app/Instrumentation$ActivityResult; (greylist, linking, allowed)
09-22 18:14:47.712  9917  9917 W .app.wallet.de: Accessing hidden method Landroid/app/Instrumentation;->execStartActivity(Landroid/content/Context;Landroid/os/IBinder;Landroid/os/IBinder;Ljava/lang/String;Landroid/content/Intent;ILandroid/os/Bundle;)Landroid/app/Instrumentation$ActivityResult; (greylist, linking, allowed)
09-22 18:14:47.715  9917  9917 I MonitoringInstr: newApplication called!
09-22 18:14:47.770  9917  9917 I FirebaseApp: Device unlocked: initializing all Firebase APIs for app [DEFAULT]
09-22 18:14:47.795  9917  9917 I FirebaseCrashlytics: Initializing Firebase Crashlytics 18.3.6 for so.onekey.app.wallet.dev
09-22 18:14:47.806  9917  9951 I DynamiteModule: Considering local module com.google.android.gms.measurement.dynamite:88 and remote module com.google.android.gms.measurement.dynamite:15
09-22 18:14:47.806  9917  9951 I DynamiteModule: Selected local version of com.google.android.gms.measurement.dynamite
09-22 18:14:47.824  9917  9954 D libcrashlytics: Initializing libcrashlytics version 3.2.0
09-22 18:14:47.831  9917  9917 I FirebaseInitProvider: FirebaseApp initialization successful
09-22 18:14:47.832  9917  9917 D ReactNativeFirebaseApp: received application context.
09-22 18:14:47.860  9917  9917 D RNFBCrashlyticsInit: isCrashlyticsCollectionEnabled via RNFBMeta: true
09-22 18:14:47.861  9917  9917 D RNFBCrashlyticsInit: isCrashlyticsCollectionEnabled after checking crashlytics_debug_enabled: false
09-22 18:14:47.861  9917  9917 D RNFBCrashlyticsInit: isCrashlyticsCollectionEnabled final value: false
09-22 18:14:47.861  9917  9917 I RNFBCrashlyticsInit: initialization successful
09-22 18:14:47.866  9917  9954 D libcrashlytics: Initializing native crash handling successful.
09-22 18:14:47.877  9917  9970 D NetworkSecurityConfig: Using Network Security Config from resource network_security_config debugBuild: true
09-22 18:14:47.888  9917  9917 I MonitoringInstr: Instrumentation started!
09-22 18:14:47.891  9917  9917 I AndroidJUnitRunner: onCreate Bundle[{debug=false, detoxServer=ws://localhost:57523, detoxSessionId=f6723f28-a975-c02a-e193-a170946cc024}]
09-22 18:14:47.891  9917  9917 V TestEventClient: No service name argument was given (testDiscoveryService, testRunEventService or orchestratorService)
09-22 18:14:47.892  9917  9917 W .app.wallet.de: Accessing hidden field Landroid/database/CursorWindow;->sCursorWindowSize:I (greylist, reflection, allowed)
09-22 18:14:47.892  9917  9977 D AndroidJUnitRunner: onStart is called.
09-22 18:14:47.894  9917  9917 W .app.wallet.de: Accessing hidden method Ldalvik/system/BaseDexClassLoader;->getLdLibraryPath()Ljava/lang/String; (greylist,core-platform-api, reflection, allowed)
09-22 18:14:47.957  9917  9960 I FA      : App measurement initialized, version: 76003
09-22 18:14:47.957  9917  9960 I FA      : To enable debug logging run: adb shell setprop log.tag.FA VERBOSE
09-22 18:14:47.957  9917  9960 I FA      : To enable faster debug mode event logging run:
09-22 18:14:47.957  9917  9960 I FA      :   adb shell setprop debug.firebase.analytics.app so.onekey.app.wallet.dev
09-22 18:14:48.002  9917  9985 V SoLoader: libfbjni.so not found on /data/app/so.onekey.app.wallet.dev-Js_ewY3u43eh6HSdx4gP7A==/lib/arm64
09-22 18:14:48.005  9917  9985 V SoLoader: libandroid.so not found on /data/app/so.onekey.app.wallet.dev-Js_ewY3u43eh6HSdx4gP7A==/lib/arm64
09-22 18:14:48.005  9917  9985 V SoLoader: libandroid.so not found on /data/app/so.onekey.app.wallet.dev.test-USKf71pu1LJbIztz_kGmQw==/base.apk!/lib/arm64-v8a
09-22 18:14:48.005  9917  9985 V SoLoader: libandroid.so not found on /data/app/so.onekey.app.wallet.dev-Js_ewY3u43eh6HSdx4gP7A==/base.apk!/lib/arm64-v8a
09-22 18:14:48.005  9917  9985 D SoLoader: libandroid.so found on /system/lib64
09-22 18:14:48.005  9917  9985 D SoLoader: libandroid.so loaded implicitly
09-22 18:14:48.005  9917  9985 V SoLoader: liblog.so not found on /data/app/so.onekey.app.wallet.dev-Js_ewY3u43eh6HSdx4gP7A==/lib/arm64
09-22 18:14:48.005  9917  9985 V SoLoader: liblog.so not found on /data/app/so.onekey.app.wallet.dev.test-USKf71pu1LJbIztz_kGmQw==/base.apk!/lib/arm64-v8a
09-22 18:14:48.005  9917  9985 V SoLoader: liblog.so not found on /data/app/so.onekey.app.wallet.dev-Js_ewY3u43eh6HSdx4gP7A==/base.apk!/lib/arm64-v8a
09-22 18:14:48.005  9917  9985 D SoLoader: liblog.so found on /system/lib64
09-22 18:14:48.005  9917  9985 D SoLoader: liblog.so loaded implicitly
09-22 18:14:48.005  9917  9985 V SoLoader: libm.so not found on /data/app/so.onekey.app.wallet.dev-Js_ewY3u43eh6HSdx4gP7A==/lib/arm64
09-22 18:14:48.005  9917  9985 V SoLoader: libm.so not found on /data/app/so.onekey.app.wallet.dev.test-USKf71pu1LJbIztz_kGmQw==/base.apk!/lib/arm64-v8a
09-22 18:14:48.005  9917  9985 V SoLoader: libm.so not found on /data/app/so.onekey.app.wallet.dev-Js_ewY3u43eh6HSdx4gP7A==/base.apk!/lib/arm64-v8a
09-22 18:14:48.005  9917  9985 D SoLoader: libm.so found on /system/lib64
09-22 18:14:48.005  9917  9985 D SoLoader: libm.so loaded implicitly
09-22 18:14:48.005  9917  9985 V SoLoader: libdl.so not found on /data/app/so.onekey.app.wallet.dev-Js_ewY3u43eh6HSdx4gP7A==/lib/arm64
09-22 18:14:48.005  9917  9985 V SoLoader: libdl.so not found on /data/app/so.onekey.app.wallet.dev.test-USKf71pu1LJbIztz_kGmQw==/base.apk!/lib/arm64-v8a
09-22 18:14:48.005  9917  9985 V SoLoader: libdl.so not found on /data/app/so.onekey.app.wallet.dev-Js_ewY3u43eh6HSdx4gP7A==/base.apk!/lib/arm64-v8a
09-22 18:14:48.005  9917  9985 D SoLoader: libdl.so found on /system/lib64
09-22 18:14:48.005  9917  9985 D SoLoader: libdl.so loaded implicitly
09-22 18:14:48.005  9917  9985 V SoLoader: libc.so not found on /data/app/so.onekey.app.wallet.dev-Js_ewY3u43eh6HSdx4gP7A==/lib/arm64
09-22 18:14:48.005  9917  9985 V SoLoader: libc.so not found on /data/app/so.onekey.app.wallet.dev.test-USKf71pu1LJbIztz_kGmQw==/base.apk!/lib/arm64-v8a
09-22 18:14:48.005  9917  9985 V SoLoader: libc.so not found on /data/app/so.onekey.app.wallet.dev-Js_ewY3u43eh6HSdx4gP7A==/base.apk!/lib/arm64-v8a
09-22 18:14:48.005  9917  9985 D SoLoader: libc.so found on /system/lib64
09-22 18:14:48.005  9917  9985 D SoLoader: libc.so loaded implicitly
09-22 18:14:48.006  9917  9985 W SoLoader: libfbjni.so not found on /data/app/so.onekey.app.wallet.dev.test-USKf71pu1LJbIztz_kGmQw==/base.apk!/lib/arm64-v8a flag: 4
09-22 18:14:48.006  9917  9985 W SoLoader: java.lang.UnsatisfiedLinkError: dlopen failed: library "/data/app/so.onekey.app.wallet.dev.test-USKf71pu1LJbIztz_kGmQw==/base.apk!/lib/arm64-v8a/libfbjni.so" not found
09-22 18:14:48.006  9917  9985 W SoLoader: 	at java.lang.Runtime.load0(Runtime.java:938)
09-22 18:14:48.006  9917  9985 W SoLoader: 	at java.lang.System.load(System.java:1631)
09-22 18:14:48.006  9917  9985 W SoLoader: 	at com.facebook.soloader.SoLoader$1.load(SoLoader.java:558)
09-22 18:14:48.006  9917  9985 W SoLoader: 	at com.facebook.soloader.DirectApkSoSource.loadLibrary(DirectApkSoSource.java:81)
09-22 18:14:48.006  9917  9985 W SoLoader: 	at com.facebook.soloader.SoLoader.doLoadLibraryBySoName(SoLoader.java:1067)
09-22 18:14:48.006  9917  9985 W SoLoader: 	at com.facebook.soloader.SoLoader.loadLibraryBySoNameImpl(SoLoader.java:943)
09-22 18:14:48.006  9917  9985 W SoLoader: 	at com.facebook.soloader.SoLoader.loadLibraryBySoName(SoLoader.java:855)
09-22 18:14:48.006  9917  9985 W SoLoader: 	at com.facebook.soloader.SoLoader.loadLibrary(SoLoader.java:802)
09-22 18:14:48.006  9917  9985 W SoLoader: 	at com.facebook.soloader.NativeLoaderToSoLoaderDelegate.loadLibrary(NativeLoaderToSoLoaderDelegate.java:29)
09-22 18:14:48.006  9917  9985 W SoLoader: 	at com.facebook.soloader.nativeloader.NativeLoader.loadLibrary(NativeLoader.java:51)
09-22 18:14:48.006  9917  9985 W SoLoader: 	at com.facebook.soloader.nativeloader.NativeLoader.loadLibrary(NativeLoader.java:30)
09-22 18:14:48.006  9917  9985 W SoLoader: 	at com.facebook.jni.HybridData.<clinit>(HybridData.java:34)
09-22 18:14:48.006  9917  9985 W SoLoader: 	at com.facebook.flipper.android.FlipperThread.run(FlipperThread.java:25)
09-22 18:14:48.009  9917  9985 W linker  : Warning: "/data/app/so.onekey.app.wallet.dev-Js_ewY3u43eh6HSdx4gP7A==/base.apk!/lib/arm64-v8a/libc++_shared.so" unused DT entry: unknown processor-specific (type 0x70000001 arg 0x0) (ignoring)
09-22 18:14:48.010  9917  9985 D SoLoader: libfbjni.so found on /data/app/so.onekey.app.wallet.dev-Js_ewY3u43eh6HSdx4gP7A==/base.apk!/lib/arm64-v8a
09-22 18:14:48.010  9917  9985 V SoLoader: libflipper.so not found on /data/app/so.onekey.app.wallet.dev-Js_ewY3u43eh6HSdx4gP7A==/lib/arm64
09-22 18:14:48.012  9917  9985 W SoLoader: libflipper.so not found on /data/app/so.onekey.app.wallet.dev.test-USKf71pu1LJbIztz_kGmQw==/base.apk!/lib/arm64-v8a flag: 4
09-22 18:14:48.012  9917  9985 W SoLoader: java.lang.UnsatisfiedLinkError: dlopen failed: library "/data/app/so.onekey.app.wallet.dev.test-USKf71pu1LJbIztz_kGmQw==/base.apk!/lib/arm64-v8a/libflipper.so" not found
09-22 18:14:48.012  9917  9985 W SoLoader: 	at java.lang.Runtime.load0(Runtime.java:938)
09-22 18:14:48.012  9917  9985 W SoLoader: 	at java.lang.System.load(System.java:1631)
09-22 18:14:48.012  9917  9985 W SoLoader: 	at com.facebook.soloader.SoLoader$1.load(SoLoader.java:558)
09-22 18:14:48.012  9917  9985 W SoLoader: 	at com.facebook.soloader.DirectApkSoSource.loadLibrary(DirectApkSoSource.java:81)
09-22 18:14:48.012  9917  9985 W SoLoader: 	at com.facebook.soloader.SoLoader.doLoadLibraryBySoName(SoLoader.java:1067)
09-22 18:14:48.012  9917  9985 W SoLoader: 	at com.facebook.soloader.SoLoader.loadLibraryBySoNameImpl(SoLoader.java:943)
09-22 18:14:48.012  9917  9985 W SoLoader: 	at com.facebook.soloader.SoLoader.loadLibraryBySoName(SoLoader.java:855)
09-22 18:14:48.012  9917  9985 W SoLoader: 	at com.facebook.soloader.SoLoader.loadLibrary(SoLoader.java:802)
09-22 18:14:48.012  9917  9985 W SoLoader: 	at com.facebook.soloader.SoLoader.loadLibrary(SoLoader.java:772)
09-22 18:14:48.012  9917  9985 W SoLoader: 	at com.facebook.flipper.android.EventBase.<clinit>(EventBase.java:19)
09-22 18:14:48.012  9917  9985 W SoLoader: 	at com.facebook.flipper.android.FlipperThread.run(FlipperThread.java:25)
09-22 18:14:48.020  9917  9985 D SoLoader: libflipper.so found on /data/app/so.onekey.app.wallet.dev-Js_ewY3u43eh6HSdx4gP7A==/base.apk!/lib/arm64-v8a
09-22 18:14:48.047  9917  9917 W .app.wallet.de: Accessing hidden field Landroid/view/View;->mKeyedTags:Landroid/util/SparseArray; (greylist, reflection, allowed)
09-22 18:14:48.047  9917  9917 W .app.wallet.de: Accessing hidden field Landroid/view/View;->mListenerInfo:Landroid/view/View$ListenerInfo; (greylist, reflection, allowed)
09-22 18:14:48.047  9917  9917 W .app.wallet.de: Accessing hidden field Landroid/view/View$ListenerInfo;->mOnClickListener:Landroid/view/View$OnClickListener; (greylist, reflection, allowed)
09-22 18:14:48.049  9917  9917 I flipper : flipper: FlipperClient::addPlugin Inspector
09-22 18:14:48.050  9917  9917 I flipper : flipper: FlipperClient::addPlugin Databases
09-22 18:14:48.050  9917  9917 I flipper : flipper: FlipperClient::addPlugin Preferences
09-22 18:14:48.051  9917  9917 I flipper : flipper: FlipperClient::addPlugin rn-perf-monitor
09-22 18:14:48.051  9917  9917 I flipper : flipper: FlipperClient::addPlugin CrashReporter
09-22 18:14:48.051  9917  9917 I flipper : flipper: FlipperClient::addPlugin Network
09-22 18:14:48.057  9917  9990 W unknown:InspectorPackagerConnection: Couldn't connect to packager, will silently retry
09-22 18:14:48.057  9917  9991 W unknown:ReconnectingWebSocket: Couldn't connect to "ws://localhost:8081/message?device=Android%20SDK%20built%20for%20arm64%20-%2010%20-%20API%2029&app=so.onekey.app.wallet.dev&clientid=BridgeDevSupportManager", will silently retry
09-22 18:14:48.063  9917  9985 W .app.wallet.de: Accessing hidden method Landroid/app/AppGlobals;->getInitialApplication()Landroid/app/Application; (greylist, reflection, allowed)
09-22 18:14:48.069  9917  9917 I WebViewFactory: Loading com.google.android.webview version 91.0.4472.114 (code 447211484)
09-22 18:14:48.072  9917  9917 I .app.wallet.de: The ClassLoaderContext is a special shared library.
09-22 18:14:48.073  9917  9917 I .app.wallet.de: The ClassLoaderContext is a special shared library.
09-22 18:14:48.126  9917  9917 W .app.wallet.de: Accessing hidden method Landroid/os/Trace;->isTagEnabled(J)Z (greylist, reflection, allowed)
09-22 18:14:48.126  9917  9917 W .app.wallet.de: Accessing hidden method Landroid/os/Trace;->traceBegin(JLjava/lang/String;)V (greylist, reflection, allowed)
09-22 18:14:48.126  9917  9917 W .app.wallet.de: Accessing hidden method Landroid/os/Trace;->traceEnd(J)V (greylist, reflection, allowed)
09-22 18:14:48.126  9917  9917 W .app.wallet.de: Accessing hidden method Landroid/os/Trace;->asyncTraceBegin(JLjava/lang/String;I)V (greylist, reflection, allowed)
09-22 18:14:48.126  9917  9917 W .app.wallet.de: Accessing hidden method Landroid/os/Trace;->asyncTraceEnd(JLjava/lang/String;I)V (greylist, reflection, allowed)
09-22 18:14:48.140  9917  9917 I cr_LibraryLoader: Loaded native library version number "91.0.4472.114"
09-22 18:14:48.141  9917  9917 I cr_CachingUmaRecorder: Flushed 6 samples from 6 histograms.
09-22 18:14:48.290  9917 10026 W .app.wallet.de: Accessing hidden method Llibcore/io/Memory;->peekLong(JZ)J (greylist, reflection, allowed)
09-22 18:14:48.290  9917 10026 W .app.wallet.de: Accessing hidden method Llibcore/io/Memory;->pokeLong(JJZ)V (greylist, reflection, allowed)
09-22 18:14:48.290  9917 10026 W .app.wallet.de: Accessing hidden method Llibcore/io/Memory;->pokeInt(JIZ)V (greylist, reflection, allowed)
09-22 18:14:48.290  9917 10026 W .app.wallet.de: Accessing hidden method Llibcore/io/Memory;->peekInt(JZ)I (greylist, reflection, allowed)
09-22 18:14:48.290  9917 10026 W .app.wallet.de: Accessing hidden method Llibcore/io/Memory;->pokeByte(JB)V (greylist, reflection, allowed)
09-22 18:14:48.290  9917 10026 W .app.wallet.de: Accessing hidden method Llibcore/io/Memory;->peekByte(J)B (greylist, reflection, allowed)
09-22 18:14:48.290  9917 10026 W .app.wallet.de: Accessing hidden method Llibcore/io/Memory;->pokeByteArray(J[BII)V (greylist, reflection, allowed)
09-22 18:14:48.290  9917 10026 W .app.wallet.de: Accessing hidden method Llibcore/io/Memory;->peekByteArray(J[BII)V (greylist, reflection, allowed)
09-22 18:14:48.290  9917 10026 W .app.wallet.de: Accessing hidden method Lsun/misc/Unsafe;->objectFieldOffset(Ljava/lang/reflect/Field;)J (greylist,core-platform-api, reflection, allowed)
09-22 18:14:48.290  9917 10026 W .app.wallet.de: Accessing hidden method Lsun/misc/Unsafe;->getLong(Ljava/lang/Object;J)J (greylist,core-platform-api, reflection, allowed)
09-22 18:14:48.290  9917 10026 W .app.wallet.de: Accessing hidden field Ljava/nio/Buffer;->address:J (greylist, reflection, allowed)
09-22 18:14:48.291  9917 10026 W .app.wallet.de: Accessing hidden method Lsun/misc/Unsafe;->arrayBaseOffset(Ljava/lang/Class;)I (greylist,core-platform-api, reflection, allowed)
09-22 18:14:48.291  9917 10026 W .app.wallet.de: Accessing hidden method Lsun/misc/Unsafe;->arrayIndexScale(Ljava/lang/Class;)I (greylist, reflection, allowed)
09-22 18:14:48.291  9917 10026 W .app.wallet.de: Accessing hidden method Lsun/misc/Unsafe;->getInt(Ljava/lang/Object;J)I (greylist, reflection, allowed)
09-22 18:14:48.291  9917 10026 W .app.wallet.de: Accessing hidden method Lsun/misc/Unsafe;->putInt(Ljava/lang/Object;JI)V (greylist, reflection, allowed)
09-22 18:14:48.291  9917 10026 W .app.wallet.de: Accessing hidden method Lsun/misc/Unsafe;->getLong(Ljava/lang/Object;J)J (greylist,core-platform-api, reflection, allowed)
09-22 18:14:48.291  9917 10026 W .app.wallet.de: Accessing hidden method Lsun/misc/Unsafe;->putLong(Ljava/lang/Object;JJ)V (greylist, reflection, allowed)
09-22 18:14:48.291  9917 10026 W .app.wallet.de: Accessing hidden method Lsun/misc/Unsafe;->getObject(Ljava/lang/Object;J)Ljava/lang/Object; (greylist, reflection, allowed)
09-22 18:14:48.291  9917 10026 W .app.wallet.de: Accessing hidden method Lsun/misc/Unsafe;->putObject(Ljava/lang/Object;JLjava/lang/Object;)V (greylist, reflection, allowed)
09-22 18:14:48.303  9917  9977 D TestRequestBuilder: Using class path scanning to discover tests
09-22 18:14:48.303  9917  9977 I TestRequestBuilder: Scanning classpath to find tests in paths [/data/app/so.onekey.app.wallet.dev.test-USKf71pu1LJbIztz_kGmQw==/base.apk]
09-22 18:14:48.303  9917  9977 W .app.wallet.de: Opening an oat file without a class loader. Are you using the deprecated DexFile APIs?
09-22 18:14:48.523  9917  9977 I .app.wallet.de: Waiting for a blocking GC ClassLinker
09-22 18:14:48.529  9917  9977 I .app.wallet.de: WaitForGcToComplete blocked ClassLinker on ClassLinker for 6.346ms
09-22 18:14:48.532  9917  9977 D AndroidJUnitRunner: Use the raw file system for managing file I/O.
09-22 18:14:48.533  9917  9977 D TestExecutor: Adding listener androidx.test.internal.runner.listener.LogRunListener
09-22 18:14:48.533  9917  9977 D TestExecutor: Adding listener androidx.test.internal.runner.listener.InstrumentationResultPrinter
09-22 18:14:48.533  9917  9977 D TestExecutor: Adding listener androidx.test.internal.runner.listener.ActivityFinisherRunListener
09-22 18:14:48.533  9917  9977 D TestExecutor: Adding listener androidx.test.internal.runner.listener.TraceRunListener
09-22 18:14:48.534  9917  9977 I TestRunner: run started: 1 tests
09-22 18:14:48.534  9917  9977 I TestRunner: started: runDetoxTests(so.onekey.app.wallet.DetoxTest)
09-22 18:14:48.540  9917  9977 D EventInjectionStrategy: Creating injection strategy with input manager.
09-22 18:14:48.540  9917  9977 W .app.wallet.de: Accessing hidden method Landroid/hardware/input/InputManager;->getInstance()Landroid/hardware/input/InputManager; (greylist, reflection, allowed)
09-22 18:14:48.541  9917  9977 W .app.wallet.de: Accessing hidden method Landroid/hardware/input/InputManager;->injectInputEvent(Landroid/view/InputEvent;I)Z (greylist, reflection, allowed)
09-22 18:14:48.541  9917  9977 W .app.wallet.de: Accessing hidden field Landroid/hardware/input/InputManager;->INJECT_INPUT_EVENT_MODE_WAIT_FOR_FINISH:I (greylist, reflection, allowed)
09-22 18:14:48.544  9917  9977 W .app.wallet.de: Accessing hidden field Ljava/lang/reflect/Field;->accessFlags:I (greylist, reflection, allowed)
09-22 18:14:48.575  9917  9917 W ActivityThread: handleWindowVisibility: no activity for token android.os.BinderProxy@8242807
09-22 18:14:48.647  9917  9917 W RenderThread: type=1400 audit(0.0:62): avc: denied { write } for name="property_service" dev="tmpfs" ino=6654 scontext=u:r:untrusted_app:s0:c149,c256,c512,c768 tcontext=u:object_r:property_socket:s0 tclass=sock_file permissive=0
09-22 18:14:48.650  9917 10048 D libEGL  : Emulator has host GPU support, qemu.gles is set to 1.
09-22 18:14:48.652  9917 10048 W libc    : Unable to set property "qemu.gles" to "1": connection failed; errno=13 (Permission denied)
09-22 18:14:48.722  9917 10048 D libEGL  : loaded /vendor/lib64/egl/libEGL_emulation.so
09-22 18:14:48.731  9917 10048 D libEGL  : loaded /vendor/lib64/egl/libGLESv1_CM_emulation.so
09-22 18:14:48.739  9917 10048 D libEGL  : loaded /vendor/lib64/egl/libGLESv2_emulation.so
09-22 18:14:48.772  9917  9917 D LifecycleMonitor: Lifecycle status change: so.onekey.app.wallet.MainActivity@75f1ecc in: PRE_ON_CREATE
09-22 18:14:48.821  9917 10051 W .app.wallet.de: Accessing hidden method Lsun/misc/Unsafe;->getInt(Ljava/lang/Object;J)I (greylist, linking, allowed)
09-22 18:14:48.822  9917 10051 W .app.wallet.de: Accessing hidden method Lsun/misc/Unsafe;->getObject(Ljava/lang/Object;J)Ljava/lang/Object; (greylist, linking, allowed)
09-22 18:14:48.822  9917 10051 W .app.wallet.de: Accessing hidden method Lsun/misc/Unsafe;->putInt(Ljava/lang/Object;JI)V (greylist, linking, allowed)
09-22 18:14:48.822  9917 10051 W .app.wallet.de: Accessing hidden method Lsun/misc/Unsafe;->getLong(Ljava/lang/Object;J)J (greylist,core-platform-api, linking, allowed)
09-22 18:14:48.825  9917 10051 W .app.wallet.de: Accessing hidden method Lsun/misc/Unsafe;->putObject(Ljava/lang/Object;JLjava/lang/Object;)V (greylist, linking, allowed)
09-22 18:14:48.825  9917 10051 W .app.wallet.de: Accessing hidden method Lsun/misc/Unsafe;->putLong(Ljava/lang/Object;JJ)V (greylist, linking, allowed)
09-22 18:14:48.826  9917 10051 W .app.wallet.de: Accessing hidden method Lsun/misc/Unsafe;->getLong(Ljava/lang/Object;J)J (greylist,core-platform-api, linking, allowed)
09-22 18:14:48.827  9917  9917 W .app.wallet.de: Accessing hidden method Landroid/view/View;->computeFitSystemWindows(Landroid/graphics/Rect;Landroid/graphics/Rect;)Z (greylist, reflection, allowed)
09-22 18:14:48.827  9917  9917 W .app.wallet.de: Accessing hidden method Landroid/view/ViewGroup;->makeOptionalFitsSystemWindows()V (greylist, reflection, allowed)
09-22 18:14:48.828  9917 10051 W .app.wallet.de: Accessing hidden method Lsun/misc/Unsafe;->allocateInstance(Ljava/lang/Class;)Ljava/lang/Object; (greylist, linking, allowed)
09-22 18:14:48.829  9917 10051 W .app.wallet.de: Accessing hidden method Llibcore/io/Memory;->pokeByte(JB)V (greylist, reflection, allowed)
09-22 18:14:48.829  9917 10051 W .app.wallet.de: Accessing hidden method Llibcore/io/Memory;->peekByte(J)B (greylist, reflection, allowed)
09-22 18:14:48.829  9917 10051 W .app.wallet.de: Accessing hidden method Lsun/misc/Unsafe;->getInt(Ljava/lang/Object;J)I (greylist, reflection, allowed)
09-22 18:14:48.829  9917 10051 W .app.wallet.de: Accessing hidden method Lsun/misc/Unsafe;->putInt(Ljava/lang/Object;JI)V (greylist, reflection, allowed)
09-22 18:14:48.829  9917 10051 W .app.wallet.de: Accessing hidden method Lsun/misc/Unsafe;->getLong(Ljava/lang/Object;J)J (greylist,core-platform-api, reflection, allowed)
09-22 18:14:48.829  9917 10051 W .app.wallet.de: Accessing hidden method Lsun/misc/Unsafe;->putLong(Ljava/lang/Object;JJ)V (greylist, reflection, allowed)
09-22 18:14:48.829  9917 10051 W .app.wallet.de: Accessing hidden method Lsun/misc/Unsafe;->getObject(Ljava/lang/Object;J)Ljava/lang/Object; (greylist, reflection, allowed)
09-22 18:14:48.829  9917 10051 W .app.wallet.de: Accessing hidden method Lsun/misc/Unsafe;->putObject(Ljava/lang/Object;JLjava/lang/Object;)V (greylist, reflection, allowed)
09-22 18:14:48.830  9917 10051 W .app.wallet.de: Accessing hidden method Lsun/misc/Unsafe;->getObject(Ljava/lang/Object;J)Ljava/lang/Object; (greylist, linking, allowed)
09-22 18:14:48.831  9917 10051 W .app.wallet.de: Accessing hidden method Lsun/misc/Unsafe;->putObject(Ljava/lang/Object;JLjava/lang/Object;)V (greylist, linking, allowed)
09-22 18:14:48.831  9917 10051 W unknown:ReactNative: The packager does not seem to be running as we got an IOException requesting its status: Failed to connect to localhost/127.0.0.1:8081
09-22 18:14:48.833  9917  9917 D LifecycleMonitor: Lifecycle status change: so.onekey.app.wallet.MainActivity@75f1ecc in: CREATED
09-22 18:14:48.837  9917  9917 D LifecycleMonitor: Lifecycle status change: so.onekey.app.wallet.MainActivity@75f1ecc in: STARTED
09-22 18:14:48.841  9917  9917 D LifecycleMonitor: Lifecycle status change: so.onekey.app.wallet.MainActivity@75f1ecc in: RESUMED
09-22 18:14:48.859  9917 10052 W .app.wallet.de: Accessing hidden method Lsun/misc/Unsafe;->getObject(Ljava/lang/Object;J)Ljava/lang/Object; (greylist, linking, allowed)
09-22 18:14:48.859  9917 10052 W .app.wallet.de: Accessing hidden method Lsun/misc/Unsafe;->putObject(Ljava/lang/Object;JLjava/lang/Object;)V (greylist, linking, allowed)
09-22 18:14:48.860  9917 10052 W .app.wallet.de: Accessing hidden method Lsun/misc/Unsafe;->getInt(Ljava/lang/Object;J)I (greylist, linking, allowed)
09-22 18:14:48.860  9917 10052 W .app.wallet.de: Accessing hidden method Lsun/misc/Unsafe;->getObject(Ljava/lang/Object;J)Ljava/lang/Object; (greylist, linking, allowed)
09-22 18:14:48.860  9917 10052 W .app.wallet.de: Accessing hidden method Lsun/misc/Unsafe;->putInt(Ljava/lang/Object;JI)V (greylist, linking, allowed)
09-22 18:14:48.890  9917  9960 I FA      : Tag Manager is not found and thus will not be used
09-22 18:14:49.021  9917 10056 V SoLoader: libv8executor.so not found on /data/app/so.onekey.app.wallet.dev-Js_ewY3u43eh6HSdx4gP7A==/lib/arm64
09-22 18:14:49.022  9917  9917 W unknown:ReactNative: Packager connection already open, nooping.
09-22 18:14:49.024  9917  9917 W .app.wallet.de: Accessing hidden method Landroid/view/WindowInsets$Type;->ime()I (blacklist, linking, denied)
09-22 18:14:49.027  9917 10056 W SoLoader: libv8executor.so not found on /data/app/so.onekey.app.wallet.dev.test-USKf71pu1LJbIztz_kGmQw==/base.apk!/lib/arm64-v8a flag: 4
09-22 18:14:49.027  9917 10056 W SoLoader: java.lang.UnsatisfiedLinkError: dlopen failed: library "/data/app/so.onekey.app.wallet.dev.test-USKf71pu1LJbIztz_kGmQw==/base.apk!/lib/arm64-v8a/libv8executor.so" not found
09-22 18:14:49.027  9917 10056 W SoLoader: 	at java.lang.Runtime.load0(Runtime.java:938)
09-22 18:14:49.027  9917 10056 W SoLoader: 	at java.lang.System.load(System.java:1631)
09-22 18:14:49.027  9917 10056 W SoLoader: 	at com.facebook.soloader.SoLoader$1.load(SoLoader.java:558)
09-22 18:14:49.027  9917 10056 W SoLoader: 	at com.facebook.soloader.DirectApkSoSource.loadLibrary(DirectApkSoSource.java:81)
09-22 18:14:49.027  9917 10056 W SoLoader: 	at com.facebook.soloader.SoLoader.doLoadLibraryBySoName(SoLoader.java:1067)
09-22 18:14:49.027  9917 10056 W SoLoader: 	at com.facebook.soloader.SoLoader.loadLibraryBySoNameImpl(SoLoader.java:943)
09-22 18:14:49.027  9917 10056 W SoLoader: 	at com.facebook.soloader.SoLoader.loadLibraryBySoName(SoLoader.java:855)
09-22 18:14:49.027  9917 10056 W SoLoader: 	at com.facebook.soloader.SoLoader.loadLibrary(SoLoader.java:802)
09-22 18:14:49.027  9917 10056 W SoLoader: 	at com.facebook.soloader.SoLoader.loadLibrary(SoLoader.java:772)
09-22 18:14:49.027  9917 10056 W SoLoader: 	at io.csie.kudo.reactnative.v8.executor.V8Executor.<clinit>(V8Executor.java:22)
09-22 18:14:49.027  9917 10056 W SoLoader: 	at io.csie.kudo.reactnative.v8.executor.V8ExecutorFactory.create(V8ExecutorFactory.java:50)
09-22 18:14:49.027  9917 10056 W SoLoader: 	at com.facebook.react.ReactInstanceManager$5.run(ReactInstanceManager.java:1110)
09-22 18:14:49.027  9917 10056 W SoLoader: 	at java.lang.Thread.run(Thread.java:919)
09-22 18:14:49.034  9917 10046 D HostConnection: HostConnection::get() New Host Connection established 0x784f0276a0, tid 10046
09-22 18:14:49.035  9917 10046 D HostConnection: HostComposition ext ANDROID_EMU_CHECKSUM_HELPER_v1 ANDROID_EMU_native_sync_v2 ANDROID_EMU_native_sync_v3 ANDROID_EMU_native_sync_v4 ANDROID_EMU_dma_v1 ANDROID_EMU_direct_mem ANDROID_EMU_vulkan ANDROID_EMU_deferred_vulkan_commands ANDROID_EMU_vulkan_null_optional_strings ANDROID_EMU_vulkan_create_resources_with_requirements ANDROID_EMU_YUV_Cache ANDROID_EMU_vulkan_ignored_handles ANDROID_EMU_vulkan_free_memory_sync ANDROID_EMU_vulkan_shader_float16_int8 ANDROID_EMU_vulkan_async_queue_submit ANDROID_EMU_sync_buffer_data ANDROID_EMU_vulkan_async_qsri GL_OES_EGL_image_external_essl3 GL_OES_vertex_array_object GL_KHR_texture_compression_astc_ldr ANDROID_EMU_host_side_tracing ANDROID_EMU_gles_max_version_3_0 
09-22 18:14:49.039  9917 10056 W linker  : Warning: "/data/app/so.onekey.app.wallet.dev-Js_ewY3u43eh6HSdx4gP7A==/base.apk!/lib/arm64-v8a/libruntimeexecutor.so" unused DT entry: unknown processor-specific (type 0x70000001 arg 0x0) (ignoring)
09-22 18:14:49.040  9917 10056 I chatty  : uid=10149(so.onekey.app.wallet.dev) create_react_co identical 1 line
09-22 18:14:49.041  9917 10056 W linker  : Warning: "/data/app/so.onekey.app.wallet.dev-Js_ewY3u43eh6HSdx4gP7A==/base.apk!/lib/arm64-v8a/libruntimeexecutor.so" unused DT entry: unknown processor-specific (type 0x70000001 arg 0x0) (ignoring)
09-22 18:14:49.041  9917 10046 W OpenGLRenderer: Failed to choose config with EGL_SWAP_BEHAVIOR_PRESERVED, retrying without...
09-22 18:14:49.043  9917 10046 D EGL_emulation: eglCreateContext: 0x77ed70aa00: maj 3 min 0 rcv 3
09-22 18:14:49.044  9917 10046 D EGL_emulation: eglMakeCurrent: 0x77ed70aa00: ver 3 0 (tinfo 0x784f0de160)
09-22 18:14:49.059  9917 10056 D SoLoader: libv8executor.so found on /data/app/so.onekey.app.wallet.dev-Js_ewY3u43eh6HSdx4gP7A==/base.apk!/lib/arm64-v8a
09-22 18:14:49.062  9917 10046 W Gralloc3: mapper 3.x is not supported
09-22 18:14:49.067  9917 10046 D HostConnection: createUnique: call
09-22 18:14:49.069  9917 10056 V AsyncStorageExpoMigration: No scoped database found
09-22 18:14:49.072  9917 10046 D HostConnection: HostConnection::get() New Host Connection established 0x77ed70ab40, tid 10046
09-22 18:14:49.072  9917 10046 D HostConnection: HostComposition ext ANDROID_EMU_CHECKSUM_HELPER_v1 ANDROID_EMU_native_sync_v2 ANDROID_EMU_native_sync_v3 ANDROID_EMU_native_sync_v4 ANDROID_EMU_dma_v1 ANDROID_EMU_direct_mem ANDROID_EMU_vulkan ANDROID_EMU_deferred_vulkan_commands ANDROID_EMU_vulkan_null_optional_strings ANDROID_EMU_vulkan_create_resources_with_requirements ANDROID_EMU_YUV_Cache ANDROID_EMU_vulkan_ignored_handles ANDROID_EMU_vulkan_free_memory_sync ANDROID_EMU_vulkan_shader_float16_int8 ANDROID_EMU_vulkan_async_queue_submit ANDROID_EMU_sync_buffer_data ANDROID_EMU_vulkan_async_qsri GL_OES_EGL_image_external_essl3 GL_OES_vertex_array_object GL_KHR_texture_compression_astc_ldr ANDROID_EMU_host_side_tracing ANDROID_EMU_gles_max_version_3_0 
09-22 18:14:49.073  9917 10046 D eglCodecCommon: allocate: Ask for block of size 0x1000
09-22 18:14:49.073  9917 10046 D eglCodecCommon: allocate: ioctl allocate returned offset 0x1ff69c000 size 0x8000
09-22 18:14:49.079  9917 10046 D EGL_emulation: eglMakeCurrent: 0x77ed70aa00: ver 3 0 (tinfo 0x784f0de160)
09-22 18:14:49.212  9917  9977 I Detox   : Detox server connection details: url=ws://localhost:57523, sessionId=f6723f28-a975-c02a-e193-a170946cc024
09-22 18:14:49.227  9917 10069 I DetoxDispatcher: Handling action '_init' (ID #0)...
09-22 18:14:49.227  9917 10069 I Detox   : Connecting to server...
09-22 18:14:49.227  9917 10069 I DetoxWSClient: At connectToServer
09-22 18:14:49.237  9917 10056 I ExpoModulesCore: ✅ AppContext was initialized
09-22 18:14:49.244  9917 10056 D ReactNativeBleManager: BleManager created
09-22 18:14:49.308  9917  9917 D InstallReferrerState: OK
09-22 18:14:49.348  9917 10071 D DetoxWSClient: At onOpen
09-22 18:14:49.348  9917 10071 I DetoxWSClient: Sending out action 'login' (ID #0)
09-22 18:14:49.349  9917 10071 I Detox   : Connected to server!
09-22 18:14:49.360  9917 10071 D DetoxWSClient: Received action 'loginSuccess' (ID #0, params={"testerConnected":true,"appConnected":true})
09-22 18:14:49.372  9917 10056 V SoLoader: libreactnativejni.so not found on /data/app/so.onekey.app.wallet.dev-Js_ewY3u43eh6HSdx4gP7A==/lib/arm64
09-22 18:14:49.379  9917 10056 W SoLoader: libreactnativejni.so not found on /data/app/so.onekey.app.wallet.dev.test-USKf71pu1LJbIztz_kGmQw==/base.apk!/lib/arm64-v8a flag: 4
09-22 18:14:49.379  9917 10056 W SoLoader: java.lang.UnsatisfiedLinkError: dlopen failed: library "/data/app/so.onekey.app.wallet.dev.test-USKf71pu1LJbIztz_kGmQw==/base.apk!/lib/arm64-v8a/libreactnativejni.so" not found
09-22 18:14:49.379  9917 10056 W SoLoader: 	at java.lang.Runtime.load0(Runtime.java:938)
09-22 18:14:49.379  9917 10056 W SoLoader: 	at java.lang.System.load(System.java:1631)
09-22 18:14:49.379  9917 10056 W SoLoader: 	at com.facebook.soloader.SoLoader$1.load(SoLoader.java:558)
09-22 18:14:49.379  9917 10056 W SoLoader: 	at com.facebook.soloader.DirectApkSoSource.loadLibrary(DirectApkSoSource.java:81)
09-22 18:14:49.379  9917 10056 W SoLoader: 	at com.facebook.soloader.SoLoader.doLoadLibraryBySoName(SoLoader.java:1067)
09-22 18:14:49.379  9917 10056 W SoLoader: 	at com.facebook.soloader.SoLoader.loadLibraryBySoNameImpl(SoLoader.java:943)
09-22 18:14:49.379  9917 10056 W SoLoader: 	at com.facebook.soloader.SoLoader.loadLibraryBySoName(SoLoader.java:855)
09-22 18:14:49.379  9917 10056 W SoLoader: 	at com.facebook.soloader.SoLoader.loadLibrary(SoLoader.java:802)
09-22 18:14:49.379  9917 10056 W SoLoader: 	at com.facebook.soloader.SoLoader.loadLibrary(SoLoader.java:772)
09-22 18:14:49.379  9917 10056 W SoLoader: 	at com.facebook.react.bridge.ReactBridge.staticInit(ReactBridge.java:34)
09-22 18:14:49.379  9917 10056 W SoLoader: 	at com.facebook.react.bridge.CatalystInstanceImpl.<clinit>(CatalystInstanceImpl.java:49)
09-22 18:14:49.379  9917 10056 W SoLoader: 	at com.facebook.react.bridge.CatalystInstanceImpl$Builder.build(CatalystInstanceImpl.java:705)
09-22 18:14:49.379  9917 10056 W SoLoader: 	at com.facebook.react.ReactInstanceManager.createReactContext(ReactInstanceManager.java:1353)
09-22 18:14:49.379  9917 10056 W SoLoader: 	at com.facebook.react.ReactInstanceManager.access$1200(ReactInstanceManager.java:135)
09-22 18:14:49.379  9917 10056 W SoLoader: 	at com.facebook.react.ReactInstanceManager$5.run(ReactInstanceManager.java:1109)
09-22 18:14:49.379  9917 10056 W SoLoader: 	at java.lang.Thread.run(Thread.java:919)
09-22 18:14:49.392  9917 10056 D SoLoader: libreactnativejni.so found on /data/app/so.onekey.app.wallet.dev-Js_ewY3u43eh6HSdx4gP7A==/base.apk!/lib/arm64-v8a
09-22 18:14:49.402  9917 10071 D DetoxWSClient: Received action 'isReady' (ID #-1000, params={})
09-22 18:14:49.433  9917 10056 W unknown:ReactContext: initializeMessageQueueThreads() is called.
09-22 18:14:49.726  9917  9917 W unknown:ReactNative: Packager connection already open, nooping.
09-22 18:14:49.775  9917 10080 I ReactNativeJNI: Cannot load codecache file: /data/user/0/so.onekey.app.wallet.dev/code_cache/index.android.bundle
09-22 18:14:49.796  9917 10081 I .app.wallet.de: Waiting for a blocking GC ClassLinker
09-22 18:14:49.815  9917  9930 I .app.wallet.de: Background young concurrent copying GC freed 72280(3912KB) AllocSpace objects, 2(40KB) LOS objects, 7% free, 13MB/14MB, paused 82us total 110.141ms
09-22 18:14:49.815  9917 10081 I .app.wallet.de: WaitForGcToComplete blocked ClassLinker on ClassLinker for 19.147ms
09-22 18:14:49.821  9917 10081 W unknown:ViewManagerPropertyUpdater: Could not find generated setter for class com.facebook.react.views.drawer.ReactDrawerLayoutManager
09-22 18:14:49.824  9917 10081 W unknown:ViewManagerPropertyUpdater: Could not find generated setter for class com.facebook.react.uimanager.LayoutShadowNode
09-22 18:14:49.829  9917 10081 W unknown:ViewManagerPropertyUpdater: Could not find generated setter for class com.facebook.react.views.scroll.ReactHorizontalScrollViewManager
09-22 18:14:49.830  9917 10081 W unknown:ViewManagerPropertyUpdater: Could not find generated setter for class com.facebook.react.views.scroll.ReactHorizontalScrollContainerViewManager
09-22 18:14:49.831  9917 10081 W unknown:ViewManagerPropertyUpdater: Could not find generated setter for class com.facebook.react.views.progressbar.ReactProgressBarViewManager
09-22 18:14:49.832  9917 10081 W unknown:ViewManagerPropertyUpdater: Could not find generated setter for class com.facebook.react.views.progressbar.ProgressBarShadowNode
09-22 18:14:49.835  9917 10081 W unknown:ViewManagerPropertyUpdater: Could not find generated setter for class com.facebook.react.views.scroll.ReactScrollViewManager
09-22 18:14:49.838  9917 10081 W unknown:ViewManagerPropertyUpdater: Could not find generated setter for class com.facebook.react.views.slider.ReactSliderManager
09-22 18:14:49.840  9917 10081 W unknown:ViewManagerPropertyUpdater: Could not find generated setter for class com.facebook.react.views.slider.ReactSliderManager$ReactSliderShadowNode
09-22 18:14:49.841  9917 10081 W unknown:ViewManagerPropertyUpdater: Could not find generated setter for class com.facebook.react.views.switchview.ReactSwitchManager
09-22 18:14:49.841  9917 10081 W unknown:ViewManagerPropertyUpdater: Could not find generated setter for class com.facebook.react.views.switchview.ReactSwitchManager$ReactSwitchShadowNode
09-22 18:14:49.841  9917 10081 W unknown:ViewManagerPropertyUpdater: Could not find generated setter for class com.facebook.react.views.swiperefresh.SwipeRefreshLayoutManager
09-22 18:14:49.842  9917 10081 W unknown:ViewManagerPropertyUpdater: Could not find generated setter for class com.facebook.react.views.text.frescosupport.FrescoBasedReactTextInlineImageViewManager
09-22 18:14:49.842  9917 10081 W unknown:ViewManagerPropertyUpdater: Could not find generated setter for class com.facebook.react.views.text.frescosupport.FrescoBasedReactTextInlineImageShadowNode
09-22 18:14:49.848  9917 10081 W unknown:ViewManagerPropertyUpdater: Could not find generated setter for class com.facebook.react.views.image.ReactImageManager
09-22 18:14:49.850  9917 10081 W unknown:ViewManagerPropertyUpdater: Could not find generated setter for class com.facebook.react.views.modal.ReactModalHostManager
09-22 18:14:49.851  9917 10081 W unknown:ViewManagerPropertyUpdater: Could not find generated setter for class com.facebook.react.views.modal.ModalHostShadowNode
09-22 18:14:49.854  9917 10081 W unknown:ViewManagerPropertyUpdater: Could not find generated setter for class com.facebook.react.views.text.ReactRawTextManager
09-22 18:14:49.854  9917 10081 W unknown:ViewManagerPropertyUpdater: Could not find generated setter for class com.facebook.react.views.text.ReactRawTextShadowNode
09-22 18:14:49.855  9917 10081 W unknown:ViewManagerPropertyUpdater: Could not find generated setter for class com.facebook.react.views.textinput.ReactTextInputManager
09-22 18:14:49.858  9917 10081 W unknown:ViewManagerPropertyUpdater: Could not find generated setter for class com.facebook.react.views.textinput.ReactTextInputShadowNode
09-22 18:14:49.859  9917 10081 W unknown:ViewManagerPropertyUpdater: Could not find generated setter for class com.facebook.react.views.text.ReactTextViewManager
09-22 18:14:49.863  9917 10081 W unknown:ViewManagerPropertyUpdater: Could not find generated setter for class com.facebook.react.views.text.ReactTextShadowNode
09-22 18:14:49.863  9917 10081 W unknown:ViewManagerPropertyUpdater: Could not find generated setter for class com.facebook.react.views.view.ReactViewManager
09-22 18:14:49.868  9917 10081 W unknown:ViewManagerPropertyUpdater: Could not find generated setter for class com.facebook.react.views.text.ReactVirtualTextViewManager
09-22 18:14:49.869  9917 10081 W unknown:ViewManagerPropertyUpdater: Could not find generated setter for class com.facebook.react.views.text.ReactVirtualTextShadowNode
09-22 18:14:49.870  9917 10081 W unknown:ViewManagerPropertyUpdater: Could not find generated setter for class com.facebook.react.views.unimplementedview.ReactUnimplementedViewManager
09-22 18:14:49.871  9917 10081 W unknown:ViewManagerPropertyUpdater: Could not find generated setter for class com.reactnativegooglesignin.RNGoogleSigninButtonViewManager
09-22 18:14:49.874  9917 10081 W unknown:ViewManagerPropertyUpdater: Could not find generated setter for class com.reactnativecommunity.slider.ReactSliderManager
09-22 18:14:49.875  9917 10081 W unknown:ViewManagerPropertyUpdater: Could not find generated setter for class com.reactnativecommunity.slider.ReactSliderManager$ReactSliderShadowNode
09-22 18:14:49.875  9917 10081 W unknown:ViewManagerPropertyUpdater: Could not find generated setter for class expo.modules.kotlin.views.GroupViewManagerWrapper
09-22 18:14:49.878  9917 10081 W unknown:ViewManagerPropertyUpdater: Could not find generated setter for class expo.modules.kotlin.views.SimpleViewManagerWrapper
09-22 18:14:49.879  9917 10081 W unknown:ViewManagerPropertyUpdater: Could not find generated setter for class com.airbnb.android.react.lottie.LottieAnimationViewManager
09-22 18:14:49.879  9917 10081 W unknown:ViewManagerPropertyUpdater: Could not find generated setter for class com.rncamerakit.CKCameraManager
09-22 18:14:49.880  9917 10081 W unknown:ViewManagerPropertyUpdater: Could not find generated setter for class com.dylanvann.fastimage.FastImageViewManager
09-22 18:14:49.883  9917 10081 W unknown:ViewManagerPropertyUpdater: Could not find generated setter for class com.swmansion.gesturehandler.react.RNGestureHandlerRootViewManager
09-22 18:14:49.883  9917 10081 W unknown:ViewManagerPropertyUpdater: Could not find generated setter for class com.swmansion.gesturehandler.react.RNGestureHandlerButtonViewManager
09-22 18:14:49.883  9917 10081 W unknown:ViewManagerPropertyUpdater: Could not find generated setter for class com.rnnestedscrollview.ReactNestedScrollViewManager
09-22 18:14:49.884  9917 10081 W unknown:ViewManagerPropertyUpdater: Could not find generated setter for class com.rnnestedscrollview.ReactHorizontalNestedScrollViewManager
09-22 18:14:49.886  9917 10081 W unknown:ViewManagerPropertyUpdater: Could not find generated setter for class com.rnnestedscrollview.ReactHorizontalNestedScrollContainerViewManager
09-22 18:14:49.887  9917 10081 W unknown:ViewManagerPropertyUpdater: Could not find generated setter for class com.reactnativepagerview.PagerViewViewManager
09-22 18:14:49.888  9917 10081 W unknown:ViewManagerPropertyUpdater: Could not find generated setter for class com.th3rdwave.safeareacontext.SafeAreaProviderManager
09-22 18:14:49.889  9917 10081 W unknown:ViewManagerPropertyUpdater: Could not find generated setter for class com.th3rdwave.safeareacontext.SafeAreaViewManager
09-22 18:14:49.894  9917 10081 W unknown:ViewManagerPropertyUpdater: Could not find generated setter for class com.th3rdwave.safeareacontext.SafeAreaViewShadowNode
09-22 18:14:49.895  9917 10081 W unknown:ViewManagerPropertyUpdater: Could not find generated setter for class com.swmansion.rnscreens.ScreenContainerViewManager
09-22 18:14:49.898  9917 10081 W unknown:ViewManagerPropertyUpdater: Could not find generated setter for class com.swmansion.rnscreens.ScreenViewManager
09-22 18:14:49.899  9917 10081 W unknown:ViewManagerPropertyUpdater: Could not find generated setter for class com.swmansion.rnscreens.ScreenStackViewManager
09-22 18:14:49.899  9917 10081 W unknown:ViewManagerPropertyUpdater: Could not find generated setter for class com.swmansion.rnscreens.ScreenStackHeaderConfigViewManager
09-22 18:14:49.899  9917 10081 W unknown:ViewManagerPropertyUpdater: Could not find generated setter for class com.swmansion.rnscreens.ScreenStackHeaderSubviewManager
09-22 18:14:49.900  9917 10081 W unknown:ViewManagerPropertyUpdater: Could not find generated setter for class com.swmansion.rnscreens.SearchBarManager
09-22 18:14:49.900  9917 10081 W unknown:ViewManagerPropertyUpdater: Could not find generated setter for class com.horcrux.svg.RenderableViewManager$DefsViewManager
09-22 18:14:49.901  9917 10081 W unknown:ViewManagerPropertyUpdater: Could not find generated setter for class com.horcrux.svg.VirtualViewManager$RenderableShadowNode
09-22 18:14:49.901  9917 10081 W unknown:ViewManagerPropertyUpdater: Could not find generated setter for class com.horcrux.svg.RenderableViewManager$MarkerManager
09-22 18:14:49.903  9917 10081 W unknown:ViewManagerPropertyUpdater: Could not find generated setter for class com.horcrux.svg.RenderableViewManager$ForeignObjectManager
09-22 18:14:49.906  9917 10081 W unknown:ViewManagerPropertyUpdater: Could not find generated setter for class com.horcrux.svg.RenderableViewManager$EllipseViewManager
09-22 18:14:49.909  9917 10081 W unknown:ViewManagerPropertyUpdater: Could not find generated setter for class com.horcrux.svg.RenderableViewManager$LineViewManager
09-22 18:14:49.910  9917 10081 W unknown:ViewManagerPropertyUpdater: Could not find generated setter for class com.horcrux.svg.RenderableViewManager$LinearGradientManager
09-22 18:14:49.914  9917 10081 W unknown:ViewManagerPropertyUpdater: Could not find generated setter for class com.horcrux.svg.RenderableViewManager$GroupViewManager
09-22 18:14:49.916  9917 10081 W unknown:ViewManagerPropertyUpdater: Could not find generated setter for class com.horcrux.svg.RenderableViewManager$TextViewManager
09-22 18:14:49.918  9917 10081 W unknown:ViewManagerPropertyUpdater: Could not find generated setter for class com.horcrux.svg.RenderableViewManager$ImageViewManager
09-22 18:14:49.919  9917 10081 W unknown:ViewManagerPropertyUpdater: Could not find generated setter for class com.horcrux.svg.RenderableViewManager$ClipPathViewManager
09-22 18:14:49.920  9917 10081 W unknown:ViewManagerPropertyUpdater: Could not find generated setter for class com.horcrux.svg.RenderableViewManager$RadialGradientManager
09-22 18:14:49.924  9917 10081 W unknown:ViewManagerPropertyUpdater: Could not find generated setter for class com.horcrux.svg.RenderableViewManager$MaskManager
09-22 18:14:49.926  9917 10081 W unknown:ViewManagerPropertyUpdater: Could not find generated setter for class com.horcrux.svg.RenderableViewManager$SymbolManager
09-22 18:14:49.927  9917 10081 W unknown:ViewManagerPropertyUpdater: Could not find generated setter for class com.horcrux.svg.RenderableViewManager$PatternManager
09-22 18:14:49.931  9917 10081 W unknown:ViewManagerPropertyUpdater: Could not find generated setter for class com.horcrux.svg.RenderableViewManager$RectViewManager
09-22 18:14:49.932  9917 10081 W unknown:ViewManagerPropertyUpdater: Could not find generated setter for class com.horcrux.svg.RenderableViewManager$TextPathViewManager
09-22 18:14:49.935  9917 10081 W unknown:ViewManagerPropertyUpdater: Could not find generated setter for class com.horcrux.svg.SvgViewManager
09-22 18:14:49.937  9917 10081 W unknown:ViewManagerPropertyUpdater: Could not find generated setter for class com.horcrux.svg.RenderableViewManager$PathViewManager
09-22 18:14:49.939  9917 10081 W unknown:ViewManagerPropertyUpdater: Could not find generated setter for class com.horcrux.svg.RenderableViewManager$UseViewManager
09-22 18:14:49.939  9917 10081 W unknown:ViewManagerPropertyUpdater: Could not find generated setter for class com.horcrux.svg.RenderableViewManager$CircleViewManager
09-22 18:14:49.940  9917 10081 W unknown:ViewManagerPropertyUpdater: Could not find generated setter for class com.horcrux.svg.RenderableViewManager$TSpanViewManager
09-22 18:14:49.941  9917 10081 W unknown:ViewManagerPropertyUpdater: Could not find generated setter for class com.reactnativecommunity.webview.RNCWebViewManager
09-22 18:14:49.942  9917 10081 W unknown:ViewManagerPropertyUpdater: Could not find generated setter for class so.onekey.app.wallet.viewManager.homePage.HomePageManager
09-22 18:14:49.948  9917 10081 W unknown:ReactContext: initializeMessageQueueThreads() is called.
09-22 18:14:49.949  9917 10081 V SoLoader: libyoga.so not found on /data/app/so.onekey.app.wallet.dev-Js_ewY3u43eh6HSdx4gP7A==/lib/arm64
09-22 18:14:49.953  9917 10081 W SoLoader: libyoga.so not found on /data/app/so.onekey.app.wallet.dev.test-USKf71pu1LJbIztz_kGmQw==/base.apk!/lib/arm64-v8a flag: 4
09-22 18:14:49.953  9917 10081 W SoLoader: java.lang.UnsatisfiedLinkError: dlopen failed: library "/data/app/so.onekey.app.wallet.dev.test-USKf71pu1LJbIztz_kGmQw==/base.apk!/lib/arm64-v8a/libyoga.so" not found
09-22 18:14:49.953  9917 10081 W SoLoader: 	at java.lang.Runtime.load0(Runtime.java:938)
09-22 18:14:49.953  9917 10081 W SoLoader: 	at java.lang.System.load(System.java:1631)
09-22 18:14:49.953  9917 10081 W SoLoader: 	at com.facebook.soloader.SoLoader$1.load(SoLoader.java:558)
09-22 18:14:49.953  9917 10081 W SoLoader: 	at com.facebook.soloader.DirectApkSoSource.loadLibrary(DirectApkSoSource.java:81)
09-22 18:14:49.953  9917 10081 W SoLoader: 	at com.facebook.soloader.SoLoader.doLoadLibraryBySoName(SoLoader.java:1067)
09-22 18:14:49.953  9917 10081 W SoLoader: 	at com.facebook.soloader.SoLoader.loadLibraryBySoNameImpl(SoLoader.java:943)
09-22 18:14:49.953  9917 10081 W SoLoader: 	at com.facebook.soloader.SoLoader.loadLibraryBySoName(SoLoader.java:855)
09-22 18:14:49.953  9917 10081 W SoLoader: 	at com.facebook.soloader.SoLoader.loadLibrary(SoLoader.java:802)
09-22 18:14:49.953  9917 10081 W SoLoader: 	at com.facebook.soloader.SoLoader.loadLibrary(SoLoader.java:772)
09-22 18:14:49.953  9917 10081 W SoLoader: 	at com.facebook.yoga.YogaNative.<clinit>(YogaNative.java:16)
09-22 18:14:49.953  9917 10081 W SoLoader: 	at com.facebook.yoga.YogaNative.jni_YGConfigNewJNI(Native Method)
09-22 18:14:49.953  9917 10081 W SoLoader: 	at com.facebook.yoga.YogaConfigJNIBase.<init>(YogaConfigJNIBase.java:23)
09-22 18:14:49.953  9917 10081 W SoLoader: 	at com.facebook.yoga.YogaConfigJNIFinalizer.<init>(YogaConfigJNIFinalizer.java:12)
09-22 18:14:49.953  9917 10081 W SoLoader: 	at com.facebook.yoga.YogaConfigFactory.create(YogaConfigFactory.java:12)
09-22 18:14:49.953  9917 10081 W SoLoader: 	at com.facebook.react.uimanager.ReactYogaConfigProvider.get(ReactYogaConfigProvider.java:19)
09-22 18:14:49.953  9917 10081 W SoLoader: 	at com.facebook.react.uimanager.ReactShadowNodeImpl.<clinit>(ReactShadowNodeImpl.java:62)
